Archive member included because of file (symbol)

d:/ti/ccsv6/tools/compiler/gcc-arm-none-eabi-4_7-2013q3/bin/../lib/gcc/arm-none-eabi/4.7.4/../../../../arm-none-eabi/lib\libc.a(lib_a-__atexit.o)
                              d:/ti/ccsv6/tools/compiler/gcc-arm-none-eabi-4_7-2013q3/bin/../lib/gcc/arm-none-eabi/4.7.4/../../../../arm-none-eabi/lib/crt0.o (__register_exitproc)
d:/ti/ccsv6/tools/compiler/gcc-arm-none-eabi-4_7-2013q3/bin/../lib/gcc/arm-none-eabi/4.7.4/../../../../arm-none-eabi/lib\libc.a(lib_a-exit.o)
                              d:/ti/ccsv6/tools/compiler/gcc-arm-none-eabi-4_7-2013q3/bin/../lib/gcc/arm-none-eabi/4.7.4/../../../../arm-none-eabi/lib/crt0.o (exit)
d:/ti/ccsv6/tools/compiler/gcc-arm-none-eabi-4_7-2013q3/bin/../lib/gcc/arm-none-eabi/4.7.4/../../../../arm-none-eabi/lib\libc.a(lib_a-fini.o)
                              d:/ti/ccsv6/tools/compiler/gcc-arm-none-eabi-4_7-2013q3/bin/../lib/gcc/arm-none-eabi/4.7.4/../../../../arm-none-eabi/lib/crt0.o (__libc_fini_array)
d:/ti/ccsv6/tools/compiler/gcc-arm-none-eabi-4_7-2013q3/bin/../lib/gcc/arm-none-eabi/4.7.4/../../../../arm-none-eabi/lib\libc.a(lib_a-impure.o)
                              d:/ti/ccsv6/tools/compiler/gcc-arm-none-eabi-4_7-2013q3/bin/../lib/gcc/arm-none-eabi/4.7.4/../../../../arm-none-eabi/lib\libc.a(lib_a-__atexit.o) (_global_impure_ptr)
d:/ti/ccsv6/tools/compiler/gcc-arm-none-eabi-4_7-2013q3/bin/../lib/gcc/arm-none-eabi/4.7.4/../../../../arm-none-eabi/lib\libc.a(lib_a-init.o)
                              d:/ti/ccsv6/tools/compiler/gcc-arm-none-eabi-4_7-2013q3/bin/../lib/gcc/arm-none-eabi/4.7.4/../../../../arm-none-eabi/lib/crt0.o (__libc_init_array)
d:/ti/ccsv6/tools/compiler/gcc-arm-none-eabi-4_7-2013q3/bin/../lib/gcc/arm-none-eabi/4.7.4/../../../../arm-none-eabi/lib\libc.a(lib_a-memset.o)
                              d:/ti/ccsv6/tools/compiler/gcc-arm-none-eabi-4_7-2013q3/bin/../lib/gcc/arm-none-eabi/4.7.4/../../../../arm-none-eabi/lib/crt0.o (memset)
d:/ti/ccsv6/tools/compiler/gcc-arm-none-eabi-4_7-2013q3/bin/../lib/gcc/arm-none-eabi/4.7.4/../../../../arm-none-eabi/lib\libc.a(lib_a-__call_atexit.o)
                              d:/ti/ccsv6/tools/compiler/gcc-arm-none-eabi-4_7-2013q3/bin/../lib/gcc/arm-none-eabi/4.7.4/../../../../arm-none-eabi/lib\libc.a(lib_a-exit.o) (__call_exitprocs)
d:/ti/ccsv6/tools/compiler/gcc-arm-none-eabi-4_7-2013q3/bin/../lib/gcc/arm-none-eabi/4.7.4/../../../../arm-none-eabi/lib\libc.a(lib_a-atexit.o)
                              d:/ti/ccsv6/tools/compiler/gcc-arm-none-eabi-4_7-2013q3/bin/../lib/gcc/arm-none-eabi/4.7.4/../../../../arm-none-eabi/lib\libc.a(lib_a-__call_atexit.o) (atexit)
d:/ti/ccsv6/tools/compiler/gcc-arm-none-eabi-4_7-2013q3/bin/../lib/gcc/arm-none-eabi/4.7.4/../../../../arm-none-eabi/lib\libnosys.a(_exit.o)
                              d:/ti/ccsv6/tools/compiler/gcc-arm-none-eabi-4_7-2013q3/bin/../lib/gcc/arm-none-eabi/4.7.4/../../../../arm-none-eabi/lib\libc.a(lib_a-exit.o) (_exit)
D:/Program Files/TI/TivaWare_C_Series-2.1.0.12573/driverlib/gcc\libdriver.a(adc.o)
                              ./MainBoardDriver.o (ADCIntStatus)
D:/Program Files/TI/TivaWare_C_Series-2.1.0.12573/driverlib/gcc\libdriver.a(eeprom.o)
                              ./MainBoardDriver.o (EEPROMInit)
D:/Program Files/TI/TivaWare_C_Series-2.1.0.12573/driverlib/gcc\libdriver.a(gpio.o)
                              ./MainBoardDriver.o (GPIODirModeSet)
D:/Program Files/TI/TivaWare_C_Series-2.1.0.12573/driverlib/gcc\libdriver.a(interrupt.o)
                              ./MainBoardDriver.o (IntMasterEnable)
D:/Program Files/TI/TivaWare_C_Series-2.1.0.12573/driverlib/gcc\libdriver.a(pwm.o)
                              ./MainBoardDriver.o (PWMGenConfigure)
D:/Program Files/TI/TivaWare_C_Series-2.1.0.12573/driverlib/gcc\libdriver.a(ssi.o)
                              ./libnrf24l01/src/TM4C123_nRF24L01.o (SSIConfigSetExpClk)
D:/Program Files/TI/TivaWare_C_Series-2.1.0.12573/driverlib/gcc\libdriver.a(sysctl.o)
                              D:/Program Files/TI/TivaWare_C_Series-2.1.0.12573/driverlib/gcc\libdriver.a(eeprom.o) (SysCtlPeripheralReset)
D:/Program Files/TI/TivaWare_C_Series-2.1.0.12573/driverlib/gcc\libdriver.a(timer.o)
                              ./MainBoardDriver.o (TimerEnable)
D:/Program Files/TI/TivaWare_C_Series-2.1.0.12573/driverlib/gcc\libdriver.a(udma.o)
                              ./MainBoardDriver.o (uDMAEnable)
D:/Program Files/TI/TivaWare_C_Series-2.1.0.12573/driverlib/gcc\libdriver.a(cpu.o)
                              D:/Program Files/TI/TivaWare_C_Series-2.1.0.12573/driverlib/gcc\libdriver.a(interrupt.o) (CPUcpsid)

Allocating common symbols
Common symbol       size              file

g_ui16ADC0Result    0x258             ./main.o
g_ui16ADC1Result    0x258             ./main.o
g_ui32SysTickCount  0x4               ./main.o
TxAddrControlBoard  0x3               ./main.o
g_ui32EEPROMAdderss
[...]
Memory Configuration

Name             Origin             Length             Attributes
FLASH            0x00002000         0x00040000         xr
SRAM             0x20000000         0x00008000         xw
*default*        0x00000000         0xffffffff

Linker script and memory map

LOAD d:/ti/ccsv6/tools/compiler/gcc-arm-none-eabi-4_7-2013q3/bin/../lib/gcc/arm-none-eabi/4.7.4/crti.o
LOAD d:/ti/ccsv6/tools/compiler/gcc-arm-none-eabi-4_7-2013q3/bin/../lib/gcc/arm-none-eabi/4.7.4/crtbegin.o
LOAD d:/ti/ccsv6/tools/compiler/gcc-arm-none-eabi-4_7-2013q3/bin/../lib/gcc/arm-none-eabi/4.7.4/../../../../arm-none-eabi/lib/crt0.o
LOAD ./CustomTivaDrivers.o
LOAD ./MainBoardDriver.o
LOAD ./main.o
LOAD ./tm4c123gh6pm_startup_ccs_gcc.o
LOAD ./libnrf24l01/src/TM4C123_nRF24L01.o
LOAD ./libnrf24l01/src/nRF24L01.o
                0x00002000                PROVIDE (_intvecs_base_address, 0x2000)

.intvecs        0x00002000      0x26c
 *(.intvecs)
 .intvecs       0x00002000      0x26c ./tm4c123gh6pm_startup_ccs_gcc.o
                0x00002000                g_pfnVectors
                0x20000000                PROVIDE (_vtable_base_address, 0x20000000)

.vtable
 *(.vtable)

.text           0x0000226c     0x5bb0
 CREATE_OBJECT_SYMBOLS
 *(.text)
 .text          0x0000226c        0x0 d:/ti/ccsv6/tools/compiler/gcc-arm-none-eabi-4_7-2013q3/bin/../lib/gcc/arm-none-eabi/4.7.4/crti.o
 .text          0x0000226c       0x94 d:/ti/ccsv6/tools/compiler/gcc-arm-none-eabi-4_7-2013q3/bin/../lib/gcc/arm-none-eabi/4.7.4/crtbegin.o
 .text          0x00002300      0x110 d:/ti/ccsv6/tools/compiler/gcc-arm-none-eabi-4_7-2013q3/bin/../lib/gcc/arm-none-eabi/4.7.4/../../../../arm-none-eabi/lib/crt0.o
                0x00002300                _start
                0x00002300                start
                0x00002300                _mainCRTStartup
 .text          0x00002410        0x0 ./CustomTivaDrivers.o
 .text          0x00002410        0x0 ./MainBoardDriver.o
 .text          0x00002410        0x0 ./main.o
 .text          0x00002410        0x0 ./tm4c123gh6pm_startup_ccs_gcc.o
 .text          0x00002410        0x0 ./libnrf24l01/src/TM4C123_nRF24L01.o
 .text          0x00002410        0x0 ./libnrf24l01/src/nRF24L01.o
 .text          0x00002410        0x0 d:/ti/ccsv6/tools/compiler/gcc-arm-none-eabi-4_7-2013q3/bin/../lib/gcc/arm-none-eabi/4.7.4/../../../../arm-none-eabi/lib\libc.a(lib_a-__atexit.o)
 .text          0x00002410        0x0 d:/ti/ccsv6/tools/compiler/gcc-arm-none-eabi-4_7-2013q3/bin/../lib/gcc/arm-none-eabi/4.7.4/../../../../arm-none-eabi/lib\libc.a(lib_a-exit.o)
 .text          0x00002410        0x0 d:/ti/ccsv6/tools/compiler/gcc-arm-none-eabi-4_7-2013q3/bin/../lib/gcc/arm-none-eabi/4.7.4/../../../../arm-none-eabi/lib\libc.a(lib_a-fini.o)
 .text          0x00002410        0x0 d:/ti/ccsv6/tools/compiler/gcc-arm-none-eabi-4_7-2013q3/bin/../lib/gcc/arm-none-eabi/4.7.4/../../../../arm-none-eabi/lib\libc.a(lib_a-impure.o)
 .text          0x00002410        0x0 d:/ti/ccsv6/tools/compiler/gcc-arm-none-eabi-4_7-2013q3/bin/../lib/gcc/arm-none-eabi/4.7.4/../../../../arm-none-eabi/lib\libc.a(lib_a-init.o)
 .text          0x00002410        0x0 d:/ti/ccsv6/tools/compiler/gcc-arm-none-eabi-4_7-2013q3/bin/../lib/gcc/arm-none-eabi/4.7.4/../../../../arm-none-eabi/lib\libc.a(lib_a-memset.o)
 .text          0x00002410        0x0 d:/ti/ccsv6/tools/compiler/gcc-arm-none-eabi-4_7-2013q3/bin/../lib/gcc/arm-none-eabi/4.7.4/../../../../arm-none-eabi/lib\libc.a(lib_a-__call_atexit.o)
 .text          0x00002410        0x0 d:/ti/ccsv6/tools/compiler/gcc-arm-none-eabi-4_7-2013q3/bin/../lib/gcc/arm-none-eabi/4.7.4/../../../../arm-none-eabi/lib\libc.a(lib_a-atexit.o)
 .text          0x00002410        0x0 d:/ti/ccsv6/tools/compiler/gcc-arm-none-eabi-4_7-2013q3/bin/../lib/gcc/arm-none-eabi/4.7.4/../../../../arm-none-eabi/lib\libnosys.a(_exit.o)
 .text          0x00002410        0x0 D:/Program Files/TI/TivaWare_C_Series-2.1.0.12573/driverlib/gcc\libdriver.a(adc.o)
 .text          0x00002410        0x0 D:/Program Files/TI/TivaWare_C_Series-2.1.0.12573/driverlib/gcc\libdriver.a(eeprom.o)
 .text          0x00002410        0x0 D:/Program Files/TI/TivaWare_C_Series-2.1.0.12573/driverlib/gcc\libdriver.a(gpio.o)
 .text          0x00002410        0x0 D:/Program Files/TI/TivaWare_C_Series-2.1.0.12573/driverlib/gcc\libdriver.a(interrupt.o)
 .text          0x00002410        0x0 D:/Program Files/TI/TivaWare_C_Series-2.1.0.12573/driverlib/gcc\libdriver.a(pwm.o)
 .text          0x00002410        0x0 D:/Program Files/TI/TivaWare_C_Series-2.1.0.12573/driverlib/gcc\libdriver.a(ssi.o)
 .text          0x00002410        0x0 D:/Program Files/TI/TivaWare_C_Series-2.1.0.12573/driverlib/gcc\libdriver.a(sysctl.o)
 .text          0x00002410        0x0 D:/Program Files/TI/TivaWare_C_Series-2.1.0.12573/driverlib/gcc\libdriver.a(timer.o)
 .text          0x00002410        0x0 D:/Program Files/TI/TivaWare_C_Series-2.1.0.12573/driverlib/gcc\libdriver.a(udma.o)
 .text          0x00002410        0x0 D:/Program Files/TI/TivaWare_C_Series-2.1.0.12573/driverlib/gcc\libdriver.a(cpu.o)
 .text          0x00002410        0x0 d:/ti/ccsv6/tools/compiler/gcc-arm-none-eabi-4_7-2013q3/bin/../lib/gcc/arm-none-eabi/4.7.4/crtend.o
 .text          0x00002410        0x0 d:/ti/ccsv6/tools/compiler/gcc-arm-none-eabi-4_7-2013q3/bin/../lib/gcc/arm-none-eabi/4.7.4/crtn.o
 *(.text.*)
 .text.GPIOPinToggle
                0x00002410       0x38 ./CustomTivaDrivers.o
                0x00002410                GPIOPinToggle
 .text.ADCDitherEnable
                0x00002448       0x28 ./CustomTivaDrivers.o
                0x00002448                ADCDitherEnable
 .text.ADCDitherDisable
                0x00002470       0x28 ./CustomTivaDrivers.o
                0x00002470                ADCDitherDisable
 .text.initLED  0x00002498       0x2c ./MainBoardDriver.o
                0x00002498                initLED
 .text.turnOnLED
                0x000024c4       0x28 ./MainBoardDriver.o
                0x000024c4                turnOnLED
 .text.turnOffLED
                0x000024ec       0x28 ./MainBoardDriver.o
                0x000024ec                turnOffLED
 .text.toggleLED
                0x00002514       0x3c ./MainBoardDriver.o
                0x00002514                toggleLED
 .text.signalUnhandleError
                0x00002550       0x68 ./MainBoardDriver.o
                0x00002550                signalUnhandleError
 .text.initMotor
                0x000025b8      0x1a8 ./MainBoardDriver.o
                0x000025b8                initMotor
 .text.enableMOTOR
                0x00002760       0x18 ./MainBoardDriver.o
                0x00002760                enableMOTOR
 .text.disableMOTOR
                0x00002778       0x18 ./MainBoardDriver.o
                0x00002778                disableMOTOR
 .text.setMotorDirection
                0x00002790       0x40 ./MainBoardDriver.o
                0x00002790                setMotorDirection
 .text.testAllMotorModes
                0x000027d0      0x620 ./MainBoardDriver.o
                0x000027d0                testAllMotorModes
 .text.setMotorSpeed
                0x00002df0       0x44 ./MainBoardDriver.o
                0x00002df0                setMotorSpeed
 .text.initADC  0x00002e34       0x64 ./MainBoardDriver.o
                0x00002e34                initADC
 .text.groundAdjacentADCPins
                0x00002e98       0x2c ./MainBoardDriver.o
                0x00002e98                groundAdjacentADCPins
 .text.initDistanceSensingModules
                0x00002ec4      0x1a4 ./MainBoardDriver.o
                0x00002ec4                initDistanceSensingModules
 .text.startSamplingMicSignals
                0x00003068       0x34 ./MainBoardDriver.o
                0x00003068                startSamplingMicSignals
 .text.ADC0IntHandler
                0x0000309c       0xa8 ./MainBoardDriver.o
                0x0000309c                ADC0IntHandler
 .text.ADC1IntHandler
                0x00003144       0xa8 ./MainBoardDriver.o
                0x00003144                ADC1IntHandler
 .text.uDMAErrorHandler
                0x000031ec       0x38 ./MainBoardDriver.o
                0x000031ec                uDMAErrorHandler
 .text.initBatteryChannel
                0x00003224       0xf4 ./MainBoardDriver.o
                0x00003224                initBatteryChannel
 .text.startSamplingBatteryVoltage
                0x00003318       0x18 ./MainBoardDriver.o
                0x00003318                startSamplingBatteryVoltage
 .text.BatterySequenceIntHandler
                0x00003330       0x6c ./MainBoardDriver.o
                0x00003330                BatterySequenceIntHandler
 .text.initSpeaker
                0x0000339c      0x16c ./MainBoardDriver.o
                0x0000339c                initSpeaker
 .text.startSpeaker
                0x00003508       0x3c ./MainBoardDriver.o
                0x00003508                startSpeaker
 .text.SpeakerTimerIntHandler
                0x00003544       0x4c ./MainBoardDriver.o
                0x00003544                SpeakerTimerIntHandler
 .text.initRfModule
                0x00003590       0xe8 ./MainBoardDriver.o
                0x00003590                initRfModule
 .text.sendDataToControlBoard
                0x00003678      0x18c ./MainBoardDriver.o
                0x00003678                sendDataToControlBoard
 .text.testCarrierDetection
                0x00003804       0x60 ./MainBoardDriver.o
                0x00003804                testCarrierDetection
 .text.testRfTransmission
                0x00003864      0x120 ./MainBoardDriver.o
                0x00003864                testRfTransmission
 .text.sendTestData
                0x00003984       0x50 ./MainBoardDriver.o
                0x00003984                sendTestData
 .text.initLowPowerMode
                0x000039d4       0x90 ./MainBoardDriver.o
                0x000039d4                initLowPowerMode
 .text.gotoSleepMode
                0x00003a64       0x2c ./MainBoardDriver.o
                0x00003a64                gotoSleepMode
 .text.gotoDeepSleepMode
                0x00003a90       0x14 ./MainBoardDriver.o
                0x00003a90                gotoDeepSleepMode
 .text.wakeUpFormLPM
                0x00003aa4       0x30 ./MainBoardDriver.o
                0x00003aa4                wakeUpFormLPM
 .text.initEEPROM
                0x00003ad4       0x34 ./MainBoardDriver.o
                0x00003ad4                initEEPROM
 .text.writeToEEPROM
                0x00003b08       0xb8 ./MainBoardDriver.o
                0x00003b08                writeToEEPROM
 .text.readFormEEPROM
                0x00003bc0       0x54 ./MainBoardDriver.o
                0x00003bc0                readFormEEPROM
 .text.setAddressEEPROM
                0x00003c14       0xa0 ./MainBoardDriver.o
                0x00003c14                setAddressEEPROM
 .text.SysTickHandler
                0x00003cb4       0x24 ./main.o
                0x00003cb4                SysTickHandler
 .text.main     0x00003cd8       0x80 ./main.o
                0x00003cd8                main
 .text.RF24_IntHandler
                0x00003d58      0x348 ./main.o
                0x00003d58                RF24_IntHandler
 .text.ResetISR
                0x000040a0       0x84 ./tm4c123gh6pm_startup_ccs_gcc.o
                0x000040a0                ResetISR
 .text.NmiSR    0x00004124        0x8 ./tm4c123gh6pm_startup_ccs_gcc.o
 .text.FaultISR
                0x0000412c        0x8 ./tm4c123gh6pm_startup_ccs_gcc.o
 .text.IntDefaultHandler
                0x00004134        0x8 ./tm4c123gh6pm_startup_ccs_gcc.o
 .text.initSpiForRF
                0x0000413c      0x124 ./libnrf24l01/src/TM4C123_nRF24L01.o
                0x0000413c                initSpiForRF
 .text.setRfCSN
                0x00004260       0x18 ./libnrf24l01/src/TM4C123_nRF24L01.o
                0x00004260                setRfCSN
 .text.clearRfCSN
                0x00004278       0x18 ./libnrf24l01/src/TM4C123_nRF24L01.o
                0x00004278                clearRfCSN
 .text.setRfCE  0x00004290       0x24 ./libnrf24l01/src/TM4C123_nRF24L01.o
                0x00004290                setRfCE
 .text.clearRfCE
                0x000042b4       0x24 ./libnrf24l01/src/TM4C123_nRF24L01.o
                0x000042b4                clearRfCE
 .text.SPI_sendAndGetData
                0x000042d8       0x38 ./libnrf24l01/src/TM4C123_nRF24L01.o
                0x000042d8                SPI_sendAndGetData
 .text.rfDelayLoop
                0x00004310       0x18 ./libnrf24l01/src/TM4C123_nRF24L01.o
                0x00004310                rfDelayLoop
 .text.getCEState
                0x00004328       0x18 ./libnrf24l01/src/TM4C123_nRF24L01.o
                0x00004328                getCEState
 .text.RF24_init
                0x00004340       0xdc ./libnrf24l01/src/nRF24L01.o
                0x00004340                RF24_init
 .text.RF24_enableFeatures
                0x0000441c       0x70 ./libnrf24l01/src/nRF24L01.o
                0x0000441c                RF24_enableFeatures
 .text.RF24_disableFeatures
                0x0000448c       0x60 ./libnrf24l01/src/nRF24L01.o
                0x0000448c                RF24_disableFeatures
 .text.RF24_getLostPackets
                0x000044ec       0x18 ./libnrf24l01/src/nRF24L01.o
                0x000044ec                RF24_getLostPackets
 .text.RF24_isAlive
                0x00004504       0x3c ./libnrf24l01/src/nRF24L01.o
                0x00004504                RF24_isAlive
 .text.RF24_setConfigureRegister
                0x00004540       0x24 ./libnrf24l01/src/nRF24L01.o
                0x00004540                RF24_setConfigureRegister
 .text.RF24_getConfigureRegister
                0x00004564       0x14 ./libnrf24l01/src/nRF24L01.o
                0x00004564                RF24_getConfigureRegister
 .text.RF24_setSpeedAndPower
                0x00004578       0x20 ./libnrf24l01/src/nRF24L01.o
                0x00004578                RF24_setSpeedAndPower
 .text.RF24_setChannel
                0x00004598       0x24 ./libnrf24l01/src/nRF24L01.o
                0x00004598                RF24_setChannel
 .text.RF24_setAddressWidth
                0x000045bc       0x28 ./libnrf24l01/src/nRF24L01.o
                0x000045bc                RF24_setAddressWidth
 .text.RF24_getCurrentState
                0x000045e4       0x90 ./libnrf24l01/src/nRF24L01.o
                0x000045e4                RF24_getCurrentState
 .text.RF24_startPowerDown
                0x00004674       0x20 ./libnrf24l01/src/nRF24L01.o
                0x00004674                RF24_startPowerDown
 .text.RF24_startStandby
                0x00004694       0x6c ./libnrf24l01/src/nRF24L01.o
                0x00004694                RF24_startStandby
 .text.RF24_scan
                0x00004700       0x7c ./libnrf24l01/src/nRF24L01.o
                0x00004700                RF24_scan
 .text.RF24_getIrqFlag
                0x0000477c       0x70 ./libnrf24l01/src/nRF24L01.o
                0x0000477c                RF24_getIrqFlag
 .text.RF24_clearIrqFlag
                0x000047ec       0x64 ./libnrf24l01/src/nRF24L01.o
                0x000047ec                RF24_clearIrqFlag
 .text.RF24_readRegister
                0x00004850       0x44 ./libnrf24l01/src/nRF24L01.o
                0x00004850                RF24_readRegister
 .text.RF24_writeRegister
                0x00004894       0x44 ./libnrf24l01/src/nRF24L01.o
                0x00004894                RF24_writeRegister
 .text.RF24_TX_setAddress
                0x000048d8       0x60 ./libnrf24l01/src/nRF24L01.o
                0x000048d8                RF24_TX_setAddress
 .text.RF24_TX_writePayloadAck
                0x00004938       0x60 ./libnrf24l01/src/nRF24L01.o
                0x00004938                RF24_TX_writePayloadAck
 .text.RF24_TX_writePayloadNoAck
                0x00004998       0x74 ./libnrf24l01/src/nRF24L01.o
                0x00004998                RF24_TX_writePayloadNoAck
 .text.RF24_TX_flush
                0x00004a0c       0x24 ./libnrf24l01/src/nRF24L01.o
                0x00004a0c                RF24_TX_flush
 .text.RF24_TX_reuseLastPayload
                0x00004a30       0x24 ./libnrf24l01/src/nRF24L01.o
                0x00004a30                RF24_TX_reuseLastPayload
 .text.RF24_TX_activate
                0x00004a54       0x30 ./libnrf24l01/src/nRF24L01.o
                0x00004a54                RF24_TX_activate
 .text.RF24_TX_pulseTransmit
                0x00004a84       0x18 ./libnrf24l01/src/nRF24L01.o
                0x00004a84                RF24_TX_pulseTransmit
 .text.RF24_RX_setAddress
                0x00004a9c       0x88 ./libnrf24l01/src/nRF24L01.o
                0x00004a9c                RF24_RX_setAddress
 .text.RF24_RX_getPayloadWidth
                0x00004b24       0x3c ./libnrf24l01/src/nRF24L01.o
                0x00004b24                RF24_RX_getPayloadWidth
 .text.RF24_RX_getPayloadData
                0x00004b60       0x74 ./libnrf24l01/src/nRF24L01.o
                0x00004b60                RF24_RX_getPayloadData
 .text.RF24_RX_flush
                0x00004bd4       0x24 ./libnrf24l01/src/nRF24L01.o
                0x00004bd4                RF24_RX_flush
 .text.RF24_RX_activate
                0x00004bf8       0x30 ./libnrf24l01/src/nRF24L01.o
                0x00004bf8                RF24_RX_activate
 .text.RF24_RX_isEmpty
                0x00004c28       0x30 ./libnrf24l01/src/nRF24L01.o
                0x00004c28                RF24_RX_isEmpty
 .text.RF24_RX_sendAckWithPayload
                0x00004c58       0x84 ./libnrf24l01/src/nRF24L01.o
                0x00004c58                RF24_RX_sendAckWithPayload
 .text.RF24_RX_carrierDetection
                0x00004cdc       0x2c ./libnrf24l01/src/nRF24L01.o
                0x00004cdc                RF24_RX_carrierDetection
 .text.RF24_PIPE_close
                0x00004d08       0x80 ./libnrf24l01/src/nRF24L01.o
                0x00004d08                RF24_PIPE_close
 .text.RF24_PIPE_closeAll
                0x00004d88       0x2c ./libnrf24l01/src/nRF24L01.o
                0x00004d88                RF24_PIPE_closeAll
 .text.RF24_PIPE_open
                0x00004db4       0x90 ./libnrf24l01/src/nRF24L01.o
                0x00004db4                RF24_PIPE_open
 .text.RF24_PIPE_isOpen
                0x00004e44       0x50 ./libnrf24l01/src/nRF24L01.o
                0x00004e44                RF24_PIPE_isOpen
 .text.RF24_PIPE_setPacketSize
                0x00004e94       0xa8 ./libnrf24l01/src/nRF24L01.o
                0x00004e94                RF24_PIPE_setPacketSize
 .text.RF24_RETRANS_setDelay
                0x00004f3c       0x40 ./libnrf24l01/src/nRF24L01.o
                0x00004f3c                RF24_RETRANS_setDelay
 .text.RF24_RETRANS_setCount
                0x00004f7c       0x40 ./libnrf24l01/src/nRF24L01.o
                0x00004f7c                RF24_RETRANS_setCount
 .text.RF24_RETRANS_getLastRetransmits
                0x00004fbc       0x18 ./libnrf24l01/src/nRF24L01.o
                0x00004fbc                RF24_RETRANS_getLastRetransmits
 .text.__register_exitproc
                0x00004fd4       0xf4 d:/ti/ccsv6/tools/compiler/gcc-arm-none-eabi-4_7-2013q3/bin/../lib/gcc/arm-none-eabi/4.7.4/../../../../arm-none-eabi/lib\libc.a(lib_a-__atexit.o)
                0x00004fd4                __register_exitproc
 .text.exit     0x000050c8       0x34 d:/ti/ccsv6/tools/compiler/gcc-arm-none-eabi-4_7-2013q3/bin/../lib/gcc/arm-none-eabi/4.7.4/../../../../arm-none-eabi/lib\libc.a(lib_a-exit.o)
                0x000050c8                exit
 .text.__libc_fini_array
                0x000050fc       0x44 d:/ti/ccsv6/tools/compiler/gcc-arm-none-eabi-4_7-2013q3/bin/../lib/gcc/arm-none-eabi/4.7.4/../../../../arm-none-eabi/lib\libc.a(lib_a-fini.o)
                0x000050fc                __libc_fini_array
 .text.__libc_init_array
                0x00005140       0x88 d:/ti/ccsv6/tools/compiler/gcc-arm-none-eabi-4_7-2013q3/bin/../lib/gcc/arm-none-eabi/4.7.4/../../../../arm-none-eabi/lib\libc.a(lib_a-init.o)
                0x00005140                __libc_init_array
 .text.memset   0x000051c8       0xf8 d:/ti/ccsv6/tools/compiler/gcc-arm-none-eabi-4_7-2013q3/bin/../lib/gcc/arm-none-eabi/4.7.4/../../../../arm-none-eabi/lib\libc.a(lib_a-memset.o)
                0x000051c8                memset
 .text.startup.register_fini
                0x000052c0       0x24 d:/ti/ccsv6/tools/compiler/gcc-arm-none-eabi-4_7-2013q3/bin/../lib/gcc/arm-none-eabi/4.7.4/../../../../arm-none-eabi/lib\libc.a(lib_a-__call_atexit.o)
 .text.__call_exitprocs
                0x000052e4      0x17c d:/ti/ccsv6/tools/compiler/gcc-arm-none-eabi-4_7-2013q3/bin/../lib/gcc/arm-none-eabi/4.7.4/../../../../arm-none-eabi/lib\libc.a(lib_a-__call_atexit.o)
                0x000052e4                __call_exitprocs
 .text.atexit   0x00005460       0x20 d:/ti/ccsv6/tools/compiler/gcc-arm-none-eabi-4_7-2013q3/bin/../lib/gcc/arm-none-eabi/4.7.4/../../../../arm-none-eabi/lib\libc.a(lib_a-atexit.o)
                0x00005460                atexit
 .text._exit    0x00005480        0x4 d:/ti/ccsv6/tools/compiler/gcc-arm-none-eabi-4_7-2013q3/bin/../lib/gcc/arm-none-eabi/4.7.4/../../../../arm-none-eabi/lib\libnosys.a(_exit.o)
                0x00005480                _exit
 .text._ADCIntNumberGet
                0x00005484       0x4c D:/Program Files/TI/TivaWare_C_Series-2.1.0.12573/driverlib/gcc\libdriver.a(adc.o)
 .text.ADCIntRegister
                0x000054d0       0x1a D:/Program Files/TI/TivaWare_C_Series-2.1.0.12573/driverlib/gcc\libdriver.a(adc.o)
                0x000054d0                ADCIntRegister
 .text.ADCIntUnregister
                0x000054ea       0x16 D:/Program Files/TI/TivaWare_C_Series-2.1.0.12573/driverlib/gcc\libdriver.a(adc.o)
                0x000054ea                ADCIntUnregister
 .text.ADCIntDisable
                0x00005500        0xe D:/Program Files/TI/TivaWare_C_Series-2.1.0.12573/driverlib/gcc\libdriver.a(adc.o)
                0x00005500                ADCIntDisable
 .text.ADCIntEnable
                0x0000550e        0xe D:/Program Files/TI/TivaWare_C_Series-2.1.0.12573/driverlib/gcc\libdriver.a(adc.o)
                0x0000550e                ADCIntEnable
 .text.ADCIntStatus
                0x0000551c       0x36 D:/Program Files/TI/TivaWare_C_Series-2.1.0.12573/driverlib/gcc\libdriver.a(adc.o)
                0x0000551c                ADCIntStatus
 .text.ADCIntClear
                0x00005552        0x8 D:/Program Files/TI/TivaWare_C_Series-2.1.0.12573/driverlib/gcc\libdriver.a(adc.o)
                0x00005552                ADCIntClear
 .text.ADCSequenceEnable
                0x0000555a        0xe D:/Program Files/TI/TivaWare_C_Series-2.1.0.12573/driverlib/gcc\libdriver.a(adc.o)
                0x0000555a                ADCSequenceEnable
 .text.ADCSequenceDisable
                0x00005568        0xe D:/Program Files/TI/TivaWare_C_Series-2.1.0.12573/driverlib/gcc\libdriver.a(adc.o)
                0x00005568                ADCSequenceDisable
 .text.ADCSequenceConfigure
                0x00005576       0x48 D:/Program Files/TI/TivaWare_C_Series-2.1.0.12573/driverlib/gcc\libdriver.a(adc.o)
                0x00005576                ADCSequenceConfigure
 .text.ADCSequenceStepConfigure
                0x000055be       0x8c D:/Program Files/TI/TivaWare_C_Series-2.1.0.12573/driverlib/gcc\libdriver.a(adc.o)
                0x000055be                ADCSequenceStepConfigure
 .text.ADCSequenceOverflow
                0x0000564a        0xa D:/Program Files/TI/TivaWare_C_Series-2.1.0.12573/driverlib/gcc\libdriver.a(adc.o)
                0x0000564a                ADCSequenceOverflow
 .text.ADCSequenceOverflowClear
                0x00005654        0x8 D:/Program Files/TI/TivaWare_C_Series-2.1.0.12573/driverlib/gcc\libdriver.a(adc.o)
                0x00005654                ADCSequenceOverflowClear
 .text.ADCSequenceUnderflow
                0x0000565c        0xa D:/Program Files/TI/TivaWare_C_Series-2.1.0.12573/driverlib/gcc\libdriver.a(adc.o)
                0x0000565c                ADCSequenceUnderflow
 .text.ADCSequenceUnderflowClear
                0x00005666        0x8 D:/Program Files/TI/TivaWare_C_Series-2.1.0.12573/driverlib/gcc\libdriver.a(adc.o)
                0x00005666                ADCSequenceUnderflowClear
 .text.ADCSequenceDataGet
                0x0000566e       0x20 D:/Program Files/TI/TivaWare_C_Series-2.1.0.12573/driverlib/gcc\libdriver.a(adc.o)
                0x0000566e                ADCSequenceDataGet
 .text.ADCProcessorTrigger
                0x0000568e       0x1a D:/Program Files/TI/TivaWare_C_Series-2.1.0.12573/driverlib/gcc\libdriver.a(adc.o)
                0x0000568e                ADCProcessorTrigger
 .text.ADCSoftwareOversampleConfigure
                0x000056a8       0x18 D:/Program Files/TI/TivaWare_C_Series-2.1.0.12573/driverlib/gcc\libdriver.a(adc.o)
                0x000056a8                ADCSoftwareOversampleConfigure
 .text.ADCSoftwareOversampleStepConfigure
                0x000056c0       0x78 D:/Program Files/TI/TivaWare_C_Series-2.1.0.12573/driverlib/gcc\libdriver.a(adc.o)
                0x000056c0                ADCSoftwareOversampleStepConfigure
 .text.ADCSoftwareOversampleDataGet
                0x00005738       0x30 D:/Program Files/TI/TivaWare_C_Series-2.1.0.12573/driverlib/gcc\libdriver.a(adc.o)
                0x00005738                ADCSoftwareOversampleDataGet
 .text.ADCHardwareOversampleConfigure
                0x00005768       0x12 D:/Program Files/TI/TivaWare_C_Series-2.1.0.12573/driverlib/gcc\libdriver.a(adc.o)
                0x00005768                ADCHardwareOversampleConfigure
 .text.ADCComparatorConfigure
                0x0000577a        0xa D:/Program Files/TI/TivaWare_C_Series-2.1.0.12573/driverlib/gcc\libdriver.a(adc.o)
                0x0000577a                ADCComparatorConfigure
 .text.ADCComparatorRegionSet
                0x00005784        0xe D:/Program Files/TI/TivaWare_C_Series-2.1.0.12573/driverlib/gcc\libdriver.a(adc.o)
                0x00005784                ADCComparatorRegionSet
 .text.ADCComparatorReset
                0x00005792       0x1e D:/Program Files/TI/TivaWare_C_Series-2.1.0.12573/driverlib/gcc\libdriver.a(adc.o)
                0x00005792                ADCComparatorReset
 .text.ADCComparatorIntDisable
                0x000057b0       0x10 D:/Program Files/TI/TivaWare_C_Series-2.1.0.12573/driverlib/gcc\libdriver.a(adc.o)
                0x000057b0                ADCComparatorIntDisable
 .text.ADCComparatorIntEnable
                0x000057c0       0x10 D:/Program Files/TI/TivaWare_C_Series-2.1.0.12573/driverlib/gcc\libdriver.a(adc.o)
                0x000057c0                ADCComparatorIntEnable
 .text.ADCComparatorIntStatus
                0x000057d0        0x4 D:/Program Files/TI/TivaWare_C_Series-2.1.0.12573/driverlib/gcc\libdriver.a(adc.o)
                0x000057d0                ADCComparatorIntStatus
 .text.ADCComparatorIntClear
                0x000057d4        0x4 D:/Program Files/TI/TivaWare_C_Series-2.1.0.12573/driverlib/gcc\libdriver.a(adc.o)
                0x000057d4                ADCComparatorIntClear
 .text.ADCIntDisableEx
                0x000057d8        0xa D:/Program Files/TI/TivaWare_C_Series-2.1.0.12573/driverlib/gcc\libdriver.a(adc.o)
                0x000057d8                ADCIntDisableEx
 .text.ADCIntEnableEx
                0x000057e2        0x8 D:/Program Files/TI/TivaWare_C_Series-2.1.0.12573/driverlib/gcc\libdriver.a(adc.o)
                0x000057e2                ADCIntEnableEx
 .text.ADCIntStatusEx
                0x000057ea       0x14 D:/Program Files/TI/TivaWare_C_Series-2.1.0.12573/driverlib/gcc\libdriver.a(adc.o)
                0x000057ea                ADCIntStatusEx
 .text.ADCIntClearEx
                0x000057fe        0x8 D:/Program Files/TI/TivaWare_C_Series-2.1.0.12573/driverlib/gcc\libdriver.a(adc.o)
                0x000057fe                ADCIntClearEx
 .text.ADCReferenceSet
                0x00005806        0xc D:/Program Files/TI/TivaWare_C_Series-2.1.0.12573/driverlib/gcc\libdriver.a(adc.o)
                0x00005806                ADCReferenceSet
 .text.ADCReferenceGet
                0x00005812        0x8 D:/Program Files/TI/TivaWare_C_Series-2.1.0.12573/driverlib/gcc\libdriver.a(adc.o)
                0x00005812                ADCReferenceGet
 .text.ADCPhaseDelaySet
                0x0000581a        0x4 D:/Program Files/TI/TivaWare_C_Series-2.1.0.12573/driverlib/gcc\libdriver.a(adc.o)
                0x0000581a                ADCPhaseDelaySet
 .text.ADCPhaseDelayGet
                0x0000581e        0x4 D:/Program Files/TI/TivaWare_C_Series-2.1.0.12573/driverlib/gcc\libdriver.a(adc.o)
                0x0000581e                ADCPhaseDelayGet
 .text.ADCSequenceDMAEnable
                0x00005822       0x10 D:/Program Files/TI/TivaWare_C_Series-2.1.0.12573/driverlib/gcc\libdriver.a(adc.o)
                0x00005822                ADCSequenceDMAEnable
 .text.ADCSequenceDMADisable
                0x00005832       0x10 D:/Program Files/TI/TivaWare_C_Series-2.1.0.12573/driverlib/gcc\libdriver.a(adc.o)
                0x00005832                ADCSequenceDMADisable
 .text.ADCBusy  0x00005842        0x8 D:/Program Files/TI/TivaWare_C_Series-2.1.0.12573/driverlib/gcc\libdriver.a(adc.o)
                0x00005842                ADCBusy
 .text.ADCClockConfigSet
                0x0000584a       0x1a D:/Program Files/TI/TivaWare_C_Series-2.1.0.12573/driverlib/gcc\libdriver.a(adc.o)
                0x0000584a                ADCClockConfigSet
 .text.ADCClockConfigGet
                0x00005864       0x1c D:/Program Files/TI/TivaWare_C_Series-2.1.0.12573/driverlib/gcc\libdriver.a(adc.o)
                0x00005864                ADCClockConfigGet
 .text._EEPROMWaitForDone
                0x00005880       0x10 D:/Program Files/TI/TivaWare_C_Series-2.1.0.12573/driverlib/gcc\libdriver.a(eeprom.o)
 .text._EEPROMSectorMaskClear
                0x00005890       0x34 D:/Program Files/TI/TivaWare_C_Series-2.1.0.12573/driverlib/gcc\libdriver.a(eeprom.o)
 .text._EEPROMSectorMaskSet
                0x000058c4       0x3c D:/Program Files/TI/TivaWare_C_Series-2.1.0.12573/driverlib/gcc\libdriver.a(eeprom.o)
 .text.EEPROMInit
                0x00005900       0x40 D:/Program Files/TI/TivaWare_C_Series-2.1.0.12573/driverlib/gcc\libdriver.a(eeprom.o)
                0x00005900                EEPROMInit
 .text.EEPROMSizeGet
                0x00005940       0x10 D:/Program Files/TI/TivaWare_C_Series-2.1.0.12573/driverlib/gcc\libdriver.a(eeprom.o)
                0x00005940                EEPROMSizeGet
 .text.EEPROMBlockCountGet
                0x00005950       0x18 D:/Program Files/TI/TivaWare_C_Series-2.1.0.12573/driverlib/gcc\libdriver.a(eeprom.o)
                0x00005950                EEPROMBlockCountGet
 .text.EEPROMRead
                0x00005968       0x40 D:/Program Files/TI/TivaWare_C_Series-2.1.0.12573/driverlib/gcc\libdriver.a(eeprom.o)
                0x00005968                EEPROMRead
 .text.EEPROMProgram
                0x000059a8       0xcc D:/Program Files/TI/TivaWare_C_Series-2.1.0.12573/driverlib/gcc\libdriver.a(eeprom.o)
                0x000059a8                EEPROMProgram
 .text.EEPROMProgramNonBlocking
                0x00005a74       0x48 D:/Program Files/TI/TivaWare_C_Series-2.1.0.12573/driverlib/gcc\libdriver.a(eeprom.o)
                0x00005a74                EEPROMProgramNonBlocking
 .text.EEPROMMassErase
                0x00005abc       0x58 D:/Program Files/TI/TivaWare_C_Series-2.1.0.12573/driverlib/gcc\libdriver.a(eeprom.o)
                0x00005abc                EEPROMMassErase
 .text.EEPROMBlockProtectGet
                0x00005b14        0xc D:/Program Files/TI/TivaWare_C_Series-2.1.0.12573/driverlib/gcc\libdriver.a(eeprom.o)
                0x00005b14                EEPROMBlockProtectGet
 .text.EEPROMBlockProtectSet
                0x00005b20       0x1c D:/Program Files/TI/TivaWare_C_Series-2.1.0.12573/driverlib/gcc\libdriver.a(eeprom.o)
                0x00005b20                EEPROMBlockProtectSet
 .text.EEPROMBlockPasswordSet
                0x00005b3c       0x30 D:/Program Files/TI/TivaWare_C_Series-2.1.0.12573/driverlib/gcc\libdriver.a(eeprom.o)
                0x00005b3c                EEPROMBlockPasswordSet
 .text.EEPROMBlockLock
                0x00005b6c       0x14 D:/Program Files/TI/TivaWare_C_Series-2.1.0.12573/driverlib/gcc\libdriver.a(eeprom.o)
                0x00005b6c                EEPROMBlockLock
 .text.EEPROMBlockUnlock
                0x00005b80       0x2c D:/Program Files/TI/TivaWare_C_Series-2.1.0.12573/driverlib/gcc\libdriver.a(eeprom.o)
                0x00005b80                EEPROMBlockUnlock
 .text.EEPROMBlockHide
                0x00005bac       0x10 D:/Program Files/TI/TivaWare_C_Series-2.1.0.12573/driverlib/gcc\libdriver.a(eeprom.o)
                0x00005bac                EEPROMBlockHide
 .text.EEPROMIntEnable
                0x00005bbc       0x20 D:/Program Files/TI/TivaWare_C_Series-2.1.0.12573/driverlib/gcc\libdriver.a(eeprom.o)
                0x00005bbc                EEPROMIntEnable
 .text.EEPROMIntDisable
                0x00005bdc       0x20 D:/Program Files/TI/TivaWare_C_Series-2.1.0.12573/driverlib/gcc\libdriver.a(eeprom.o)
                0x00005bdc                EEPROMIntDisable
 .text.EEPROMIntStatus
                0x00005bfc       0x28 D:/Program Files/TI/TivaWare_C_Series-2.1.0.12573/driverlib/gcc\libdriver.a(eeprom.o)
                0x00005bfc                EEPROMIntStatus
 .text.EEPROMIntClear
                0x00005c24       0x34 D:/Program Files/TI/TivaWare_C_Series-2.1.0.12573/driverlib/gcc\libdriver.a(eeprom.o)
                0x00005c24                EEPROMIntClear
 .text.EEPROMStatusGet
                0x00005c58        0xc D:/Program Files/TI/TivaWare_C_Series-2.1.0.12573/driverlib/gcc\libdriver.a(eeprom.o)
                0x00005c58                EEPROMStatusGet
 .text._GPIOIntNumberGet
                0x00005c64       0x48 D:/Program Files/TI/TivaWare_C_Series-2.1.0.12573/driverlib/gcc\libdriver.a(gpio.o)
 .text.GPIODirModeSet
                0x00005cac       0x2e D:/Program Files/TI/TivaWare_C_Series-2.1.0.12573/driverlib/gcc\libdriver.a(gpio.o)
                0x00005cac                GPIODirModeSet
 .text.GPIODirModeGet
                0x00005cda       0x24 D:/Program Files/TI/TivaWare_C_Series-2.1.0.12573/driverlib/gcc\libdriver.a(gpio.o)
                0x00005cda                GPIODirModeGet
 .text.GPIOIntTypeSet
                0x00005cfe       0x62 D:/Program Files/TI/TivaWare_C_Series-2.1.0.12573/driverlib/gcc\libdriver.a(gpio.o)
                0x00005cfe                GPIOIntTypeSet
 .text.GPIOIntTypeGet
                0x00005d60       0x42 D:/Program Files/TI/TivaWare_C_Series-2.1.0.12573/driverlib/gcc\libdriver.a(gpio.o)
                0x00005d60                GPIOIntTypeGet
 .text.GPIOPadConfigSet
                0x00005da2      0x14e D:/Program Files/TI/TivaWare_C_Series-2.1.0.12573/driverlib/gcc\libdriver.a(gpio.o)
                0x00005da2                GPIOPadConfigSet
 .text.GPIOPadConfigGet
                0x00005ef0       0xbc D:/Program Files/TI/TivaWare_C_Series-2.1.0.12573/driverlib/gcc\libdriver.a(gpio.o)
                0x00005ef0                GPIOPadConfigGet
 .text.GPIOIntEnable
                0x00005fac        0xc D:/Program Files/TI/TivaWare_C_Series-2.1.0.12573/driverlib/gcc\libdriver.a(gpio.o)
                0x00005fac                GPIOIntEnable
 .text.GPIOIntDisable
                0x00005fb8        0xe D:/Program Files/TI/TivaWare_C_Series-2.1.0.12573/driverlib/gcc\libdriver.a(gpio.o)
                0x00005fb8                GPIOIntDisable
 .text.GPIOIntStatus
                0x00005fc6        0xe D:/Program Files/TI/TivaWare_C_Series-2.1.0.12573/driverlib/gcc\libdriver.a(gpio.o)
                0x00005fc6                GPIOIntStatus
 .text.GPIOIntClear
                0x00005fd4        0x6 D:/Program Files/TI/TivaWare_C_Series-2.1.0.12573/driverlib/gcc\libdriver.a(gpio.o)
                0x00005fd4                GPIOIntClear
 .text.GPIOIntRegister
                0x00005fda       0x1a D:/Program Files/TI/TivaWare_C_Series-2.1.0.12573/driverlib/gcc\libdriver.a(gpio.o)
                0x00005fda                GPIOIntRegister
 .text.GPIOIntUnregister
                0x00005ff4       0x16 D:/Program Files/TI/TivaWare_C_Series-2.1.0.12573/driverlib/gcc\libdriver.a(gpio.o)
                0x00005ff4                GPIOIntUnregister
 .text.GPIOPinRead
                0x0000600a        0x6 D:/Program Files/TI/TivaWare_C_Series-2.1.0.12573/driverlib/gcc\libdriver.a(gpio.o)
                0x0000600a                GPIOPinRead
 .text.GPIOPinWrite
                0x00006010        0x6 D:/Program Files/TI/TivaWare_C_Series-2.1.0.12573/driverlib/gcc\libdriver.a(gpio.o)
                0x00006010                GPIOPinWrite
 .text.GPIOPinTypeADC
                0x00006016       0x1c D:/Program Files/TI/TivaWare_C_Series-2.1.0.12573/driverlib/gcc\libdriver.a(gpio.o)
                0x00006016                GPIOPinTypeADC
 .text.GPIOPinTypeCAN
                0x00006032       0x1c D:/Program Files/TI/TivaWare_C_Series-2.1.0.12573/driverlib/gcc\libdriver.a(gpio.o)
                0x00006032                GPIOPinTypeCAN
 .text.GPIOPinTypeComparator
                0x0000604e       0x1c D:/Program Files/TI/TivaWare_C_Series-2.1.0.12573/driverlib/gcc\libdriver.a(gpio.o)
                0x0000604e                GPIOPinTypeComparator
 .text.GPIOPinTypeEPI
                0x0000606a       0x1c D:/Program Files/TI/TivaWare_C_Series-2.1.0.12573/driverlib/gcc\libdriver.a(gpio.o)
                0x0000606a                GPIOPinTypeEPI
 .text.GPIOPinTypeEthernetLED
                0x00006086       0x1c D:/Program Files/TI/TivaWare_C_Series-2.1.0.12573/driverlib/gcc\libdriver.a(gpio.o)
                0x00006086                GPIOPinTypeEthernetLED
 .text.GPIOPinTypeEthernetMII
                0x000060a2       0x1c D:/Program Files/TI/TivaWare_C_Series-2.1.0.12573/driverlib/gcc\libdriver.a(gpio.o)
                0x000060a2                GPIOPinTypeEthernetMII
 .text.GPIOPinTypeGPIOInput
                0x000060be       0x1c D:/Program Files/TI/TivaWare_C_Series-2.1.0.12573/driverlib/gcc\libdriver.a(gpio.o)
                0x000060be                GPIOPinTypeGPIOInput
 .text.GPIOPinTypeGPIOOutput
                0x000060da       0x1c D:/Program Files/TI/TivaWare_C_Series-2.1.0.12573/driverlib/gcc\libdriver.a(gpio.o)
                0x000060da                GPIOPinTypeGPIOOutput
 .text.GPIOPinTypeGPIOOutputOD
                0x000060f6       0x1c D:/Program Files/TI/TivaWare_C_Series-2.1.0.12573/driverlib/gcc\libdriver.a(gpio.o)
                0x000060f6                GPIOPinTypeGPIOOutputOD
 .text.GPIOPinTypeI2C
                0x00006112       0x1c D:/Program Files/TI/TivaWare_C_Series-2.1.0.12573/driverlib/gcc\libdriver.a(gpio.o)
                0x00006112                GPIOPinTypeI2C
 .text.GPIOPinTypeI2CSCL
                0x0000612e       0x1c D:/Program Files/TI/TivaWare_C_Series-2.1.0.12573/driverlib/gcc\libdriver.a(gpio.o)
                0x0000612e                GPIOPinTypeI2CSCL
 .text.GPIOPinTypeLCD
                0x0000614a       0x1c D:/Program Files/TI/TivaWare_C_Series-2.1.0.12573/driverlib/gcc\libdriver.a(gpio.o)
                0x0000614a                GPIOPinTypeLCD
 .text.GPIOPinTypeLPC
                0x00006166       0x1c D:/Program Files/TI/TivaWare_C_Series-2.1.0.12573/driverlib/gcc\libdriver.a(gpio.o)
                0x00006166                GPIOPinTypeLPC
 .text.GPIOPinTypePECIRx
                0x00006182       0x1c D:/Program Files/TI/TivaWare_C_Series-2.1.0.12573/driverlib/gcc\libdriver.a(gpio.o)
                0x00006182                GPIOPinTypePECIRx
 .text.GPIOPinTypePECITx
                0x0000619e       0x1c D:/Program Files/TI/TivaWare_C_Series-2.1.0.12573/driverlib/gcc\libdriver.a(gpio.o)
                0x0000619e                GPIOPinTypePECITx
 .text.GPIOPinTypePWM
                0x000061ba       0x1c D:/Program Files/TI/TivaWare_C_Series-2.1.0.12573/driverlib/gcc\libdriver.a(gpio.o)
                0x000061ba                GPIOPinTypePWM
 .text.GPIOPinTypeQEI
                0x000061d6       0x1c D:/Program Files/TI/TivaWare_C_Series-2.1.0.12573/driverlib/gcc\libdriver.a(gpio.o)
                0x000061d6                GPIOPinTypeQEI
 .text.GPIOPinTypeSSI
                0x000061f2       0x1c D:/Program Files/TI/TivaWare_C_Series-2.1.0.12573/driverlib/gcc\libdriver.a(gpio.o)
                0x000061f2                GPIOPinTypeSSI
 .text.GPIOPinTypeTimer
                0x0000620e       0x1c D:/Program Files/TI/TivaWare_C_Series-2.1.0.12573/driverlib/gcc\libdriver.a(gpio.o)
                0x0000620e                GPIOPinTypeTimer
 .text.GPIOPinTypeUART
                0x0000622a       0x1c D:/Program Files/TI/TivaWare_C_Series-2.1.0.12573/driverlib/gcc\libdriver.a(gpio.o)
                0x0000622a                GPIOPinTypeUART
 .text.GPIOPinTypeUSBAnalog
                0x00006246       0x1c D:/Program Files/TI/TivaWare_C_Series-2.1.0.12573/driverlib/gcc\libdriver.a(gpio.o)
                0x00006246                GPIOPinTypeUSBAnalog
 .text.GPIOPinTypeUSBDigital
                0x00006262       0x1c D:/Program Files/TI/TivaWare_C_Series-2.1.0.12573/driverlib/gcc\libdriver.a(gpio.o)
                0x00006262                GPIOPinTypeUSBDigital
 .text.GPIOPinTypeWakeHigh
                0x0000627e       0x1e D:/Program Files/TI/TivaWare_C_Series-2.1.0.12573/driverlib/gcc\libdriver.a(gpio.o)
                0x0000627e                GPIOPinTypeWakeHigh
 .text.GPIOPinTypeWakeLow
                0x0000629c       0x1e D:/Program Files/TI/TivaWare_C_Series-2.1.0.12573/driverlib/gcc\libdriver.a(gpio.o)
                0x0000629c                GPIOPinTypeWakeLow
 .text.GPIOPinTypeKBRow
                0x000062ba       0x1c D:/Program Files/TI/TivaWare_C_Series-2.1.0.12573/driverlib/gcc\libdriver.a(gpio.o)
                0x000062ba                GPIOPinTypeKBRow
 .text.GPIOPinTypeKBColumn
                0x000062d6       0x1c D:/Program Files/TI/TivaWare_C_Series-2.1.0.12573/driverlib/gcc\libdriver.a(gpio.o)
                0x000062d6                GPIOPinTypeKBColumn
 .text.GPIOPinTypeLEDSeq
                0x000062f2       0x1c D:/Program Files/TI/TivaWare_C_Series-2.1.0.12573/driverlib/gcc\libdriver.a(gpio.o)
                0x000062f2                GPIOPinTypeLEDSeq
 .text.GPIOPinTypeCIR
                0x0000630e       0x1c D:/Program Files/TI/TivaWare_C_Series-2.1.0.12573/driverlib/gcc\libdriver.a(gpio.o)
                0x0000630e                GPIOPinTypeCIR
 .text.GPIOPinWakeStatus
                0x0000632a        0x6 D:/Program Files/TI/TivaWare_C_Series-2.1.0.12573/driverlib/gcc\libdriver.a(gpio.o)
                0x0000632a                GPIOPinWakeStatus
 .text.GPIOPinConfigure
                0x00006330       0x4c D:/Program Files/TI/TivaWare_C_Series-2.1.0.12573/driverlib/gcc\libdriver.a(gpio.o)
                0x00006330                GPIOPinConfigure
 .text.GPIODMATriggerEnable
                0x0000637c        0xc D:/Program Files/TI/TivaWare_C_Series-2.1.0.12573/driverlib/gcc\libdriver.a(gpio.o)
                0x0000637c                GPIODMATriggerEnable
 .text.GPIODMATriggerDisable
                0x00006388        0xe D:/Program Files/TI/TivaWare_C_Series-2.1.0.12573/driverlib/gcc\libdriver.a(gpio.o)
                0x00006388                GPIODMATriggerDisable
 .text.GPIOADCTriggerEnable
                0x00006396        0xc D:/Program Files/TI/TivaWare_C_Series-2.1.0.12573/driverlib/gcc\libdriver.a(gpio.o)
                0x00006396                GPIOADCTriggerEnable
 .text.GPIOADCTriggerDisable
                0x000063a2        0xe D:/Program Files/TI/TivaWare_C_Series-2.1.0.12573/driverlib/gcc\libdriver.a(gpio.o)
                0x000063a2                GPIOADCTriggerDisable
 .text._IntDefaultHandler
                0x000063b0        0x2 D:/Program Files/TI/TivaWare_C_Series-2.1.0.12573/driverlib/gcc\libdriver.a(interrupt.o)
 .text.IntMasterEnable
                0x000063b2        0xe D:/Program Files/TI/TivaWare_C_Series-2.1.0.12573/driverlib/gcc\libdriver.a(interrupt.o)
                0x000063b2                IntMasterEnable
 .text.IntMasterDisable
                0x000063c0        0xe D:/Program Files/TI/TivaWare_C_Series-2.1.0.12573/driverlib/gcc\libdriver.a(interrupt.o)
                0x000063c0                IntMasterDisable
 *fill*         0x000063ce        0x2 00
 .text.IntRegister
                0x000063d0       0x30 D:/Program Files/TI/TivaWare_C_Series-2.1.0.12573/driverlib/gcc\libdriver.a(interrupt.o)
                0x000063d0                IntRegister
 .text.IntUnregister
                0x00006400       0x14 D:/Program Files/TI/TivaWare_C_Series-2.1.0.12573/driverlib/gcc\libdriver.a(interrupt.o)
                0x00006400                IntUnregister
 .text.IntPriorityGroupingSet
                0x00006414       0x1c D:/Program Files/TI/TivaWare_C_Series-2.1.0.12573/driverlib/gcc\libdriver.a(interrupt.o)
                0x00006414                IntPriorityGroupingSet
 .text.IntPriorityGroupingGet
                0x00006430       0x24 D:/Program Files/TI/TivaWare_C_Series-2.1.0.12573/driverlib/gcc\libdriver.a(interrupt.o)
                0x00006430                IntPriorityGroupingGet
 .text.IntPrioritySet
                0x00006454       0x28 D:/Program Files/TI/TivaWare_C_Series-2.1.0.12573/driverlib/gcc\libdriver.a(interrupt.o)
                0x00006454                IntPrioritySet
 .text.IntPriorityGet
                0x0000647c       0x1c D:/Program Files/TI/TivaWare_C_Series-2.1.0.12573/driverlib/gcc\libdriver.a(interrupt.o)
                0x0000647c                IntPriorityGet
 .text.IntEnable
                0x00006498       0x60 D:/Program Files/TI/TivaWare_C_Series-2.1.0.12573/driverlib/gcc\libdriver.a(interrupt.o)
                0x00006498                IntEnable
 .text.IntDisable
                0x000064f8       0x60 D:/Program Files/TI/TivaWare_C_Series-2.1.0.12573/driverlib/gcc\libdriver.a(interrupt.o)
                0x000064f8                IntDisable
 .text.IntIsEnabled
                0x00006558       0x64 D:/Program Files/TI/TivaWare_C_Series-2.1.0.12573/driverlib/gcc\libdriver.a(interrupt.o)
                0x00006558                IntIsEnabled
 .text.IntPendSet
                0x000065bc       0x50 D:/Program Files/TI/TivaWare_C_Series-2.1.0.12573/driverlib/gcc\libdriver.a(interrupt.o)
                0x000065bc                IntPendSet
 .text.IntPendClear
                0x0000660c       0x40 D:/Program Files/TI/TivaWare_C_Series-2.1.0.12573/driverlib/gcc\libdriver.a(interrupt.o)
                0x0000660c                IntPendClear
 .text.IntPriorityMaskSet
                0x0000664c        0x4 D:/Program Files/TI/TivaWare_C_Series-2.1.0.12573/driverlib/gcc\libdriver.a(interrupt.o)
                0x0000664c                IntPriorityMaskSet
 .text.IntPriorityMaskGet
                0x00006650        0x4 D:/Program Files/TI/TivaWare_C_Series-2.1.0.12573/driverlib/gcc\libdriver.a(interrupt.o)
                0x00006650                IntPriorityMaskGet
 .text.IntTrigger
                0x00006654        0xc D:/Program Files/TI/TivaWare_C_Series-2.1.0.12573/driverlib/gcc\libdriver.a(interrupt.o)
                0x00006654                IntTrigger
 .text._PWMGenIntNumberGet
                0x00006660      0x120 D:/Program Files/TI/TivaWare_C_Series-2.1.0.12573/driverlib/gcc\libdriver.a(pwm.o)
 .text._PWMFaultIntNumberGet
                0x00006780       0x50 D:/Program Files/TI/TivaWare_C_Series-2.1.0.12573/driverlib/gcc\libdriver.a(pwm.o)
 .text.PWMGenConfigure
                0x000067d0       0x34 D:/Program Files/TI/TivaWare_C_Series-2.1.0.12573/driverlib/gcc\libdriver.a(pwm.o)
                0x000067d0                PWMGenConfigure
 .text.PWMGenPeriodSet
                0x00006804       0x14 D:/Program Files/TI/TivaWare_C_Series-2.1.0.12573/driverlib/gcc\libdriver.a(pwm.o)
                0x00006804                PWMGenPeriodSet
 .text.PWMGenPeriodGet
                0x00006818       0x18 D:/Program Files/TI/TivaWare_C_Series-2.1.0.12573/driverlib/gcc\libdriver.a(pwm.o)
                0x00006818                PWMGenPeriodGet
 .text.PWMGenEnable
                0x00006830        0xa D:/Program Files/TI/TivaWare_C_Series-2.1.0.12573/driverlib/gcc\libdriver.a(pwm.o)
                0x00006830                PWMGenEnable
 .text.PWMGenDisable
                0x0000683a        0xa D:/Program Files/TI/TivaWare_C_Series-2.1.0.12573/driverlib/gcc\libdriver.a(pwm.o)
                0x0000683a                PWMGenDisable
 .text.PWMPulseWidthSet
                0x00006844       0x22 D:/Program Files/TI/TivaWare_C_Series-2.1.0.12573/driverlib/gcc\libdriver.a(pwm.o)
                0x00006844                PWMPulseWidthSet
 .text.PWMPulseWidthGet
                0x00006866       0x24 D:/Program Files/TI/TivaWare_C_Series-2.1.0.12573/driverlib/gcc\libdriver.a(pwm.o)
                0x00006866                PWMPulseWidthGet
 .text.PWMDeadBandEnable
                0x0000688a       0x10 D:/Program Files/TI/TivaWare_C_Series-2.1.0.12573/driverlib/gcc\libdriver.a(pwm.o)
                0x0000688a                PWMDeadBandEnable
 .text.PWMDeadBandDisable
                0x0000689a        0xc D:/Program Files/TI/TivaWare_C_Series-2.1.0.12573/driverlib/gcc\libdriver.a(pwm.o)
                0x0000689a                PWMDeadBandDisable
 .text.PWMSyncUpdate
                0x000068a6        0x4 D:/Program Files/TI/TivaWare_C_Series-2.1.0.12573/driverlib/gcc\libdriver.a(pwm.o)
                0x000068a6                PWMSyncUpdate
 .text.PWMSyncTimeBase
                0x000068aa        0x4 D:/Program Files/TI/TivaWare_C_Series-2.1.0.12573/driverlib/gcc\libdriver.a(pwm.o)
                0x000068aa                PWMSyncTimeBase
 .text.PWMOutputState
                0x000068ae       0x14 D:/Program Files/TI/TivaWare_C_Series-2.1.0.12573/driverlib/gcc\libdriver.a(pwm.o)
                0x000068ae                PWMOutputState
 .text.PWMOutputInvert
                0x000068c2       0x14 D:/Program Files/TI/TivaWare_C_Series-2.1.0.12573/driverlib/gcc\libdriver.a(pwm.o)
                0x000068c2                PWMOutputInvert
 .text.PWMOutputFaultLevel
                0x000068d6       0x14 D:/Program Files/TI/TivaWare_C_Series-2.1.0.12573/driverlib/gcc\libdriver.a(pwm.o)
                0x000068d6                PWMOutputFaultLevel
 .text.PWMOutputFault
                0x000068ea       0x14 D:/Program Files/TI/TivaWare_C_Series-2.1.0.12573/driverlib/gcc\libdriver.a(pwm.o)
                0x000068ea                PWMOutputFault
 .text.PWMGenIntRegister
                0x000068fe       0x1a D:/Program Files/TI/TivaWare_C_Series-2.1.0.12573/driverlib/gcc\libdriver.a(pwm.o)
                0x000068fe                PWMGenIntRegister
 .text.PWMGenIntUnregister
                0x00006918       0x16 D:/Program Files/TI/TivaWare_C_Series-2.1.0.12573/driverlib/gcc\libdriver.a(pwm.o)
                0x00006918                PWMGenIntUnregister
 .text.PWMFaultIntRegister
                0x0000692e       0x1a D:/Program Files/TI/TivaWare_C_Series-2.1.0.12573/driverlib/gcc\libdriver.a(pwm.o)
                0x0000692e                PWMFaultIntRegister
 .text.PWMFaultIntUnregister
                0x00006948       0x16 D:/Program Files/TI/TivaWare_C_Series-2.1.0.12573/driverlib/gcc\libdriver.a(pwm.o)
                0x00006948                PWMFaultIntUnregister
 .text.PWMGenIntTrigEnable
                0x0000695e        0xa D:/Program Files/TI/TivaWare_C_Series-2.1.0.12573/driverlib/gcc\libdriver.a(pwm.o)
                0x0000695e                PWMGenIntTrigEnable
 .text.PWMGenIntTrigDisable
                0x00006968        0xc D:/Program Files/TI/TivaWare_C_Series-2.1.0.12573/driverlib/gcc\libdriver.a(pwm.o)
                0x00006968                PWMGenIntTrigDisable
 .text.PWMGenIntStatus
                0x00006974        0xc D:/Program Files/TI/TivaWare_C_Series-2.1.0.12573/driverlib/gcc\libdriver.a(pwm.o)
                0x00006974                PWMGenIntStatus
 .text.PWMGenIntClear
                0x00006980        0x6 D:/Program Files/TI/TivaWare_C_Series-2.1.0.12573/driverlib/gcc\libdriver.a(pwm.o)
                0x00006980                PWMGenIntClear
 .text.PWMIntEnable
                0x00006986        0x8 D:/Program Files/TI/TivaWare_C_Series-2.1.0.12573/driverlib/gcc\libdriver.a(pwm.o)
                0x00006986                PWMIntEnable
 .text.PWMIntDisable
                0x0000698e        0xa D:/Program Files/TI/TivaWare_C_Series-2.1.0.12573/driverlib/gcc\libdriver.a(pwm.o)
                0x0000698e                PWMIntDisable
 .text.PWMFaultIntClear
                0x00006998        0x8 D:/Program Files/TI/TivaWare_C_Series-2.1.0.12573/driverlib/gcc\libdriver.a(pwm.o)
                0x00006998                PWMFaultIntClear
 .text.PWMIntStatus
                0x000069a0        0xa D:/Program Files/TI/TivaWare_C_Series-2.1.0.12573/driverlib/gcc\libdriver.a(pwm.o)
                0x000069a0                PWMIntStatus
 .text.PWMFaultIntClearExt
                0x000069aa        0x4 D:/Program Files/TI/TivaWare_C_Series-2.1.0.12573/driverlib/gcc\libdriver.a(pwm.o)
                0x000069aa                PWMFaultIntClearExt
 .text.PWMGenFaultConfigure
                0x000069ae       0x18 D:/Program Files/TI/TivaWare_C_Series-2.1.0.12573/driverlib/gcc\libdriver.a(pwm.o)
                0x000069ae                PWMGenFaultConfigure
 .text.PWMGenFaultTriggerSet
                0x000069c6        0xc D:/Program Files/TI/TivaWare_C_Series-2.1.0.12573/driverlib/gcc\libdriver.a(pwm.o)
                0x000069c6                PWMGenFaultTriggerSet
 .text.PWMGenFaultTriggerGet
                0x000069d2        0xe D:/Program Files/TI/TivaWare_C_Series-2.1.0.12573/driverlib/gcc\libdriver.a(pwm.o)
                0x000069d2                PWMGenFaultTriggerGet
 .text.PWMGenFaultStatus
                0x000069e0       0x1c D:/Program Files/TI/TivaWare_C_Series-2.1.0.12573/driverlib/gcc\libdriver.a(pwm.o)
                0x000069e0                PWMGenFaultStatus
 .text.PWMGenFaultClear
                0x000069fc       0x18 D:/Program Files/TI/TivaWare_C_Series-2.1.0.12573/driverlib/gcc\libdriver.a(pwm.o)
                0x000069fc                PWMGenFaultClear
 .text.PWMClockSet
                0x00006a14       0x14 D:/Program Files/TI/TivaWare_C_Series-2.1.0.12573/driverlib/gcc\libdriver.a(pwm.o)
                0x00006a14                PWMClockSet
 .text.PWMClockGet
                0x00006a28       0x1c D:/Program Files/TI/TivaWare_C_Series-2.1.0.12573/driverlib/gcc\libdriver.a(pwm.o)
                0x00006a28                PWMClockGet
 .text.PWMOutputUpdateMode
                0x00006a44       0x32 D:/Program Files/TI/TivaWare_C_Series-2.1.0.12573/driverlib/gcc\libdriver.a(pwm.o)
                0x00006a44                PWMOutputUpdateMode
 *fill*         0x00006a76        0x2 00
 .text._SSIIntNumberGet
                0x00006a78       0x48 D:/Program Files/TI/TivaWare_C_Series-2.1.0.12573/driverlib/gcc\libdriver.a(ssi.o)
 .text.SSIConfigSetExpClk
                0x00006ac0       0x4a D:/Program Files/TI/TivaWare_C_Series-2.1.0.12573/driverlib/gcc\libdriver.a(ssi.o)
                0x00006ac0                SSIConfigSetExpClk
 .text.SSIEnable
                0x00006b0a        0xa D:/Program Files/TI/TivaWare_C_Series-2.1.0.12573/driverlib/gcc\libdriver.a(ssi.o)
                0x00006b0a                SSIEnable
 .text.SSIDisable
                0x00006b14        0xa D:/Program Files/TI/TivaWare_C_Series-2.1.0.12573/driverlib/gcc\libdriver.a(ssi.o)
                0x00006b14                SSIDisable
 .text.SSIIntRegister
                0x00006b1e       0x1a D:/Program Files/TI/TivaWare_C_Series-2.1.0.12573/driverlib/gcc\libdriver.a(ssi.o)
                0x00006b1e                SSIIntRegister
 .text.SSIIntUnregister
                0x00006b38       0x16 D:/Program Files/TI/TivaWare_C_Series-2.1.0.12573/driverlib/gcc\libdriver.a(ssi.o)
                0x00006b38                SSIIntUnregister
 .text.SSIIntEnable
                0x00006b4e        0x8 D:/Program Files/TI/TivaWare_C_Series-2.1.0.12573/driverlib/gcc\libdriver.a(ssi.o)
                0x00006b4e                SSIIntEnable
 .text.SSIIntDisable
                0x00006b56        0xa D:/Program Files/TI/TivaWare_C_Series-2.1.0.12573/driverlib/gcc\libdriver.a(ssi.o)
                0x00006b56                SSIIntDisable
 .text.SSIIntStatus
                0x00006b60        0xa D:/Program Files/TI/TivaWare_C_Series-2.1.0.12573/driverlib/gcc\libdriver.a(ssi.o)
                0x00006b60                SSIIntStatus
 .text.SSIIntClear
                0x00006b6a        0x4 D:/Program Files/TI/TivaWare_C_Series-2.1.0.12573/driverlib/gcc\libdriver.a(ssi.o)
                0x00006b6a                SSIIntClear
 .text.SSIDataPut
                0x00006b6e        0xc D:/Program Files/TI/TivaWare_C_Series-2.1.0.12573/driverlib/gcc\libdriver.a(ssi.o)
                0x00006b6e                SSIDataPut
 .text.SSIDataPutNonBlocking
                0x00006b7a       0x12 D:/Program Files/TI/TivaWare_C_Series-2.1.0.12573/driverlib/gcc\libdriver.a(ssi.o)
                0x00006b7a                SSIDataPutNonBlocking
 .text.SSIDataGet
                0x00006b8c        0xe D:/Program Files/TI/TivaWare_C_Series-2.1.0.12573/driverlib/gcc\libdriver.a(ssi.o)
                0x00006b8c                SSIDataGet
 .text.SSIDataGetNonBlocking
                0x00006b9a       0x14 D:/Program Files/TI/TivaWare_C_Series-2.1.0.12573/driverlib/gcc\libdriver.a(ssi.o)
                0x00006b9a                SSIDataGetNonBlocking
 .text.SSIDMAEnable
                0x00006bae        0x8 D:/Program Files/TI/TivaWare_C_Series-2.1.0.12573/driverlib/gcc\libdriver.a(ssi.o)
                0x00006bae                SSIDMAEnable
 .text.SSIDMADisable
                0x00006bb6        0xa D:/Program Files/TI/TivaWare_C_Series-2.1.0.12573/driverlib/gcc\libdriver.a(ssi.o)
                0x00006bb6                SSIDMADisable
 .text.SSIBusy  0x00006bc0        0x8 D:/Program Files/TI/TivaWare_C_Series-2.1.0.12573/driverlib/gcc\libdriver.a(ssi.o)
                0x00006bc0                SSIBusy
 .text.SSIClockSourceSet
                0x00006bc8        0x6 D:/Program Files/TI/TivaWare_C_Series-2.1.0.12573/driverlib/gcc\libdriver.a(ssi.o)
                0x00006bc8                SSIClockSourceSet
 .text.SSIClockSourceGet
                0x00006bce        0x6 D:/Program Files/TI/TivaWare_C_Series-2.1.0.12573/driverlib/gcc\libdriver.a(ssi.o)
                0x00006bce                SSIClockSourceGet
 .text.SSIAdvModeSet
                0x00006bd4        0xc D:/Program Files/TI/TivaWare_C_Series-2.1.0.12573/driverlib/gcc\libdriver.a(ssi.o)
                0x00006bd4                SSIAdvModeSet
 .text.SSIAdvDataPutFrameEnd
                0x00006be0       0x14 D:/Program Files/TI/TivaWare_C_Series-2.1.0.12573/driverlib/gcc\libdriver.a(ssi.o)
                0x00006be0                SSIAdvDataPutFrameEnd
 .text.SSIAdvDataPutFrameEndNonBlocking
                0x00006bf4       0x1a D:/Program Files/TI/TivaWare_C_Series-2.1.0.12573/driverlib/gcc\libdriver.a(ssi.o)
                0x00006bf4                SSIAdvDataPutFrameEndNonBlocking
 .text.SSIAdvFrameHoldEnable
                0x00006c0e        0xa D:/Program Files/TI/TivaWare_C_Series-2.1.0.12573/driverlib/gcc\libdriver.a(ssi.o)
                0x00006c0e                SSIAdvFrameHoldEnable
 .text.SSIAdvFrameHoldDisable
                0x00006c18        0xa D:/Program Files/TI/TivaWare_C_Series-2.1.0.12573/driverlib/gcc\libdriver.a(ssi.o)
                0x00006c18                SSIAdvFrameHoldDisable
 *fill*         0x00006c22        0x2 00
 .text._SysCtlMemTimingGet
                0x00006c24       0x24 D:/Program Files/TI/TivaWare_C_Series-2.1.0.12573/driverlib/gcc\libdriver.a(sysctl.o)
 .text.SysCtlSRAMSizeGet
                0x00006c48       0x10 D:/Program Files/TI/TivaWare_C_Series-2.1.0.12573/driverlib/gcc\libdriver.a(sysctl.o)
                0x00006c48                SysCtlSRAMSizeGet
 .text.SysCtlFlashSizeGet
                0x00006c58       0x40 D:/Program Files/TI/TivaWare_C_Series-2.1.0.12573/driverlib/gcc\libdriver.a(sysctl.o)
                0x00006c58                SysCtlFlashSizeGet
 .text.SysCtlFlashSectorSizeGet
                0x00006c98       0x3c D:/Program Files/TI/TivaWare_C_Series-2.1.0.12573/driverlib/gcc\libdriver.a(sysctl.o)
                0x00006c98                SysCtlFlashSectorSizeGet
 .text.SysCtlPeripheralPresent
                0x00006cd4       0x34 D:/Program Files/TI/TivaWare_C_Series-2.1.0.12573/driverlib/gcc\libdriver.a(sysctl.o)
                0x00006cd4                SysCtlPeripheralPresent
 .text.SysCtlPeripheralReady
                0x00006d08       0x34 D:/Program Files/TI/TivaWare_C_Series-2.1.0.12573/driverlib/gcc\libdriver.a(sysctl.o)
                0x00006d08                SysCtlPeripheralReady
 .text.SysCtlPeripheralPowerOn
                0x00006d3c       0x30 D:/Program Files/TI/TivaWare_C_Series-2.1.0.12573/driverlib/gcc\libdriver.a(sysctl.o)
                0x00006d3c                SysCtlPeripheralPowerOn
 .text.SysCtlPeripheralPowerOff
                0x00006d6c       0x30 D:/Program Files/TI/TivaWare_C_Series-2.1.0.12573/driverlib/gcc\libdriver.a(sysctl.o)
                0x00006d6c                SysCtlPeripheralPowerOff
 .text.SysCtlPeripheralReset
                0x00006d9c       0x48 D:/Program Files/TI/TivaWare_C_Series-2.1.0.12573/driverlib/gcc\libdriver.a(sysctl.o)
                0x00006d9c                SysCtlPeripheralReset
 .text.SysCtlPeripheralEnable
                0x00006de4       0x30 D:/Program Files/TI/TivaWare_C_Series-2.1.0.12573/driverlib/gcc\libdriver.a(sysctl.o)
                0x00006de4                SysCtlPeripheralEnable
 .text.SysCtlPeripheralDisable
                0x00006e14       0x30 D:/Program Files/TI/TivaWare_C_Series-2.1.0.12573/driverlib/gcc\libdriver.a(sysctl.o)
                0x00006e14                SysCtlPeripheralDisable
 .text.SysCtlPeripheralSleepEnable
                0x00006e44       0x30 D:/Program Files/TI/TivaWare_C_Series-2.1.0.12573/driverlib/gcc\libdriver.a(sysctl.o)
                0x00006e44                SysCtlPeripheralSleepEnable
 .text.SysCtlPeripheralSleepDisable
                0x00006e74       0x30 D:/Program Files/TI/TivaWare_C_Series-2.1.0.12573/driverlib/gcc\libdriver.a(sysctl.o)
                0x00006e74                SysCtlPeripheralSleepDisable
 .text.SysCtlPeripheralDeepSleepEnable
                0x00006ea4       0x30 D:/Program Files/TI/TivaWare_C_Series-2.1.0.12573/driverlib/gcc\libdriver.a(sysctl.o)
                0x00006ea4                SysCtlPeripheralDeepSleepEnable
 .text.SysCtlPeripheralDeepSleepDisable
                0x00006ed4       0x30 D:/Program Files/TI/TivaWare_C_Series-2.1.0.12573/driverlib/gcc\libdriver.a(sysctl.o)
                0x00006ed4                SysCtlPeripheralDeepSleepDisable
 .text.SysCtlPeripheralClockGating
                0x00006f04       0x50 D:/Program Files/TI/TivaWare_C_Series-2.1.0.12573/driverlib/gcc\libdriver.a(sysctl.o)
                0x00006f04                SysCtlPeripheralClockGating
 .text.SysCtlIntRegister
                0x00006f54       0x14 D:/Program Files/TI/TivaWare_C_Series-2.1.0.12573/driverlib/gcc\libdriver.a(sysctl.o)
                0x00006f54                SysCtlIntRegister
 .text.SysCtlIntUnregister
                0x00006f68       0x12 D:/Program Files/TI/TivaWare_C_Series-2.1.0.12573/driverlib/gcc\libdriver.a(sysctl.o)
                0x00006f68                SysCtlIntUnregister
 *fill*         0x00006f7a        0x2 00
 .text.SysCtlIntEnable
                0x00006f7c       0x10 D:/Program Files/TI/TivaWare_C_Series-2.1.0.12573/driverlib/gcc\libdriver.a(sysctl.o)
                0x00006f7c                SysCtlIntEnable
 .text.SysCtlIntDisable
                0x00006f8c       0x10 D:/Program Files/TI/TivaWare_C_Series-2.1.0.12573/driverlib/gcc\libdriver.a(sysctl.o)
                0x00006f8c                SysCtlIntDisable
 .text.SysCtlIntClear
                0x00006f9c        0xc D:/Program Files/TI/TivaWare_C_Series-2.1.0.12573/driverlib/gcc\libdriver.a(sysctl.o)
                0x00006f9c                SysCtlIntClear
 .text.SysCtlIntStatus
                0x00006fa8       0x18 D:/Program Files/TI/TivaWare_C_Series-2.1.0.12573/driverlib/gcc\libdriver.a(sysctl.o)
                0x00006fa8                SysCtlIntStatus
 .text.SysCtlLDOSleepSet
                0x00006fc0        0xc D:/Program Files/TI/TivaWare_C_Series-2.1.0.12573/driverlib/gcc\libdriver.a(sysctl.o)
                0x00006fc0                SysCtlLDOSleepSet
 .text.SysCtlLDOSleepGet
                0x00006fcc        0xc D:/Program Files/TI/TivaWare_C_Series-2.1.0.12573/driverlib/gcc\libdriver.a(sysctl.o)
                0x00006fcc                SysCtlLDOSleepGet
 .text.SysCtlLDODeepSleepSet
                0x00006fd8        0xc D:/Program Files/TI/TivaWare_C_Series-2.1.0.12573/driverlib/gcc\libdriver.a(sysctl.o)
                0x00006fd8                SysCtlLDODeepSleepSet
 .text.SysCtlLDODeepSleepGet
                0x00006fe4        0xc D:/Program Files/TI/TivaWare_C_Series-2.1.0.12573/driverlib/gcc\libdriver.a(sysctl.o)
                0x00006fe4                SysCtlLDODeepSleepGet
 .text.SysCtlSleepPowerSet
                0x00006ff0        0xc D:/Program Files/TI/TivaWare_C_Series-2.1.0.12573/driverlib/gcc\libdriver.a(sysctl.o)
                0x00006ff0                SysCtlSleepPowerSet
 .text.SysCtlDeepSleepPowerSet
                0x00006ffc        0xc D:/Program Files/TI/TivaWare_C_Series-2.1.0.12573/driverlib/gcc\libdriver.a(sysctl.o)
                0x00006ffc                SysCtlDeepSleepPowerSet
 .text.SysCtlReset
                0x00007008       0x10 D:/Program Files/TI/TivaWare_C_Series-2.1.0.12573/driverlib/gcc\libdriver.a(sysctl.o)
                0x00007008                SysCtlReset
 .text.SysCtlSleep
                0x00007018        0x4 D:/Program Files/TI/TivaWare_C_Series-2.1.0.12573/driverlib/gcc\libdriver.a(sysctl.o)
                0x00007018                SysCtlSleep
 .text.SysCtlDeepSleep
                0x0000701c       0x20 D:/Program Files/TI/TivaWare_C_Series-2.1.0.12573/driverlib/gcc\libdriver.a(sysctl.o)
                0x0000701c                SysCtlDeepSleep
 .text.SysCtlResetCauseGet
                0x0000703c        0xc D:/Program Files/TI/TivaWare_C_Series-2.1.0.12573/driverlib/gcc\libdriver.a(sysctl.o)
                0x0000703c                SysCtlResetCauseGet
 .text.SysCtlResetCauseClear
                0x00007048       0x10 D:/Program Files/TI/TivaWare_C_Series-2.1.0.12573/driverlib/gcc\libdriver.a(sysctl.o)
                0x00007048                SysCtlResetCauseClear
 .text.SysCtlDelay
                0x00007058        0x6 D:/Program Files/TI/TivaWare_C_Series-2.1.0.12573/driverlib/gcc\libdriver.a(sysctl.o)
                0x00007058                SysCtlDelay
 *fill*         0x0000705e        0x2 00
 .text.SysCtlMOSCConfigSet
                0x00007060        0xc D:/Program Files/TI/TivaWare_C_Series-2.1.0.12573/driverlib/gcc\libdriver.a(sysctl.o)
                0x00007060                SysCtlMOSCConfigSet
 .text.SysCtlPIOSCCalibrate
                0x0000706c       0x54 D:/Program Files/TI/TivaWare_C_Series-2.1.0.12573/driverlib/gcc\libdriver.a(sysctl.o)
                0x0000706c                SysCtlPIOSCCalibrate
 .text.SysCtlResetBehaviorSet
                0x000070c0        0xc D:/Program Files/TI/TivaWare_C_Series-2.1.0.12573/driverlib/gcc\libdriver.a(sysctl.o)
                0x000070c0                SysCtlResetBehaviorSet
 .text.SysCtlResetBehaviorGet
                0x000070cc        0xc D:/Program Files/TI/TivaWare_C_Series-2.1.0.12573/driverlib/gcc\libdriver.a(sysctl.o)
                0x000070cc                SysCtlResetBehaviorGet
 .text.SysCtlClockFreqSet
                0x000070d8      0x264 D:/Program Files/TI/TivaWare_C_Series-2.1.0.12573/driverlib/gcc\libdriver.a(sysctl.o)
                0x000070d8                SysCtlClockFreqSet
 .text.SysCtlClockSet
                0x0000733c      0x128 D:/Program Files/TI/TivaWare_C_Series-2.1.0.12573/driverlib/gcc\libdriver.a(sysctl.o)
                0x0000733c                SysCtlClockSet
 .text.SysCtlClockGet
                0x00007464      0x15c D:/Program Files/TI/TivaWare_C_Series-2.1.0.12573/driverlib/gcc\libdriver.a(sysctl.o)
                0x00007464                SysCtlClockGet
 .text.SysCtlDeepSleepClockSet
                0x000075c0        0xc D:/Program Files/TI/TivaWare_C_Series-2.1.0.12573/driverlib/gcc\libdriver.a(sysctl.o)
                0x000075c0                SysCtlDeepSleepClockSet
 .text.SysCtlDeepSleepClockConfigSet
                0x000075cc       0x68 D:/Program Files/TI/TivaWare_C_Series-2.1.0.12573/driverlib/gcc\libdriver.a(sysctl.o)
                0x000075cc                SysCtlDeepSleepClockConfigSet
 .text.SysCtlPWMClockSet
                0x00007634       0x14 D:/Program Files/TI/TivaWare_C_Series-2.1.0.12573/driverlib/gcc\libdriver.a(sysctl.o)
                0x00007634                SysCtlPWMClockSet
 .text.SysCtlPWMClockGet
                0x00007648       0x18 D:/Program Files/TI/TivaWare_C_Series-2.1.0.12573/driverlib/gcc\libdriver.a(sysctl.o)
                0x00007648                SysCtlPWMClockGet
 .text.SysCtlGPIOAHBEnable
                0x00007660       0x1c D:/Program Files/TI/TivaWare_C_Series-2.1.0.12573/driverlib/gcc\libdriver.a(sysctl.o)
                0x00007660                SysCtlGPIOAHBEnable
 .text.SysCtlGPIOAHBDisable
                0x0000767c       0x1c D:/Program Files/TI/TivaWare_C_Series-2.1.0.12573/driverlib/gcc\libdriver.a(sysctl.o)
                0x0000767c                SysCtlGPIOAHBDisable
 .text.SysCtlUSBPLLEnable
                0x00007698       0x10 D:/Program Files/TI/TivaWare_C_Series-2.1.0.12573/driverlib/gcc\libdriver.a(sysctl.o)
                0x00007698                SysCtlUSBPLLEnable
 .text.SysCtlUSBPLLDisable
                0x000076a8       0x10 D:/Program Files/TI/TivaWare_C_Series-2.1.0.12573/driverlib/gcc\libdriver.a(sysctl.o)
                0x000076a8                SysCtlUSBPLLDisable
 .text.SysCtlVoltageEventConfig
                0x000076b8        0xc D:/Program Files/TI/TivaWare_C_Series-2.1.0.12573/driverlib/gcc\libdriver.a(sysctl.o)
                0x000076b8                SysCtlVoltageEventConfig
 .text.SysCtlVoltageEventStatus
                0x000076c4        0xc D:/Program Files/TI/TivaWare_C_Series-2.1.0.12573/driverlib/gcc\libdriver.a(sysctl.o)
                0x000076c4                SysCtlVoltageEventStatus
 .text.SysCtlVoltageEventClear
                0x000076d0       0x10 D:/Program Files/TI/TivaWare_C_Series-2.1.0.12573/driverlib/gcc\libdriver.a(sysctl.o)
                0x000076d0                SysCtlVoltageEventClear
 .text.SysCtlNMIStatus
                0x000076e0        0xc D:/Program Files/TI/TivaWare_C_Series-2.1.0.12573/driverlib/gcc\libdriver.a(sysctl.o)
                0x000076e0                SysCtlNMIStatus
 .text.SysCtlNMIClear
                0x000076ec       0x10 D:/Program Files/TI/TivaWare_C_Series-2.1.0.12573/driverlib/gcc\libdriver.a(sysctl.o)
                0x000076ec                SysCtlNMIClear
 .text.SysCtlClockOutConfig
                0x000076fc       0x14 D:/Program Files/TI/TivaWare_C_Series-2.1.0.12573/driverlib/gcc\libdriver.a(sysctl.o)
                0x000076fc                SysCtlClockOutConfig
 .text.SysCtlAltClkConfig
                0x00007710        0xc D:/Program Files/TI/TivaWare_C_Series-2.1.0.12573/driverlib/gcc\libdriver.a(sysctl.o)
                0x00007710                SysCtlAltClkConfig
 .text._TimerIntNumberGet
                0x0000771c       0x54 D:/Program Files/TI/TivaWare_C_Series-2.1.0.12573/driverlib/gcc\libdriver.a(timer.o)
 .text.TimerEnable
                0x00007770       0x12 D:/Program Files/TI/TivaWare_C_Series-2.1.0.12573/driverlib/gcc\libdriver.a(timer.o)
                0x00007770                TimerEnable
 .text.TimerDisable
                0x00007782       0x12 D:/Program Files/TI/TivaWare_C_Series-2.1.0.12573/driverlib/gcc\libdriver.a(timer.o)
                0x00007782                TimerDisable
 .text.TimerConfigure
                0x00007794       0x64 D:/Program Files/TI/TivaWare_C_Series-2.1.0.12573/driverlib/gcc\libdriver.a(timer.o)
                0x00007794                TimerConfigure
 .text.TimerControlLevel
                0x000077f8       0x20 D:/Program Files/TI/TivaWare_C_Series-2.1.0.12573/driverlib/gcc\libdriver.a(timer.o)
                0x000077f8                TimerControlLevel
 .text.TimerControlTrigger
                0x00007818       0x5c D:/Program Files/TI/TivaWare_C_Series-2.1.0.12573/driverlib/gcc\libdriver.a(timer.o)
                0x00007818                TimerControlTrigger
 .text.TimerControlEvent
                0x00007874       0x18 D:/Program Files/TI/TivaWare_C_Series-2.1.0.12573/driverlib/gcc\libdriver.a(timer.o)
                0x00007874                TimerControlEvent
 .text.TimerControlStall
                0x0000788c       0x20 D:/Program Files/TI/TivaWare_C_Series-2.1.0.12573/driverlib/gcc\libdriver.a(timer.o)
                0x0000788c                TimerControlStall
 .text.TimerControlWaitOnTrigger
                0x000078ac       0x34 D:/Program Files/TI/TivaWare_C_Series-2.1.0.12573/driverlib/gcc\libdriver.a(timer.o)
                0x000078ac                TimerControlWaitOnTrigger
 .text.TimerRTCEnable
                0x000078e0        0xa D:/Program Files/TI/TivaWare_C_Series-2.1.0.12573/driverlib/gcc\libdriver.a(timer.o)
                0x000078e0                TimerRTCEnable
 .text.TimerRTCDisable
                0x000078ea        0xa D:/Program Files/TI/TivaWare_C_Series-2.1.0.12573/driverlib/gcc\libdriver.a(timer.o)
                0x000078ea                TimerRTCDisable
 .text.TimerClockSourceSet
                0x000078f4        0x6 D:/Program Files/TI/TivaWare_C_Series-2.1.0.12573/driverlib/gcc\libdriver.a(timer.o)
                0x000078f4                TimerClockSourceSet
 .text.TimerClockSourceGet
                0x000078fa        0x6 D:/Program Files/TI/TivaWare_C_Series-2.1.0.12573/driverlib/gcc\libdriver.a(timer.o)
                0x000078fa                TimerClockSourceGet
 .text.TimerPrescaleSet
                0x00007900       0x12 D:/Program Files/TI/TivaWare_C_Series-2.1.0.12573/driverlib/gcc\libdriver.a(timer.o)
                0x00007900                TimerPrescaleSet
 .text.TimerPrescaleGet
                0x00007912        0xa D:/Program Files/TI/TivaWare_C_Series-2.1.0.12573/driverlib/gcc\libdriver.a(timer.o)
                0x00007912                TimerPrescaleGet
 .text.TimerPrescaleMatchSet
                0x0000791c       0x12 D:/Program Files/TI/TivaWare_C_Series-2.1.0.12573/driverlib/gcc\libdriver.a(timer.o)
                0x0000791c                TimerPrescaleMatchSet
 .text.TimerPrescaleMatchGet
                0x0000792e        0xa D:/Program Files/TI/TivaWare_C_Series-2.1.0.12573/driverlib/gcc\libdriver.a(timer.o)
                0x0000792e                TimerPrescaleMatchGet
 .text.TimerLoadSet
                0x00007938       0x12 D:/Program Files/TI/TivaWare_C_Series-2.1.0.12573/driverlib/gcc\libdriver.a(timer.o)
                0x00007938                TimerLoadSet
 .text.TimerLoadGet
                0x0000794a        0xa D:/Program Files/TI/TivaWare_C_Series-2.1.0.12573/driverlib/gcc\libdriver.a(timer.o)
                0x0000794a                TimerLoadGet
 .text.TimerLoadSet64
                0x00007954        0x6 D:/Program Files/TI/TivaWare_C_Series-2.1.0.12573/driverlib/gcc\libdriver.a(timer.o)
                0x00007954                TimerLoadSet64
 .text.TimerLoadGet64
                0x0000795a       0x14 D:/Program Files/TI/TivaWare_C_Series-2.1.0.12573/driverlib/gcc\libdriver.a(timer.o)
                0x0000795a                TimerLoadGet64
 .text.TimerValueGet
                0x0000796e        0xa D:/Program Files/TI/TivaWare_C_Series-2.1.0.12573/driverlib/gcc\libdriver.a(timer.o)
                0x0000796e                TimerValueGet
 .text.TimerValueGet64
                0x00007978       0x14 D:/Program Files/TI/TivaWare_C_Series-2.1.0.12573/driverlib/gcc\libdriver.a(timer.o)
                0x00007978                TimerValueGet64
 .text.TimerMatchSet
                0x0000798c       0x12 D:/Program Files/TI/TivaWare_C_Series-2.1.0.12573/driverlib/gcc\libdriver.a(timer.o)
                0x0000798c                TimerMatchSet
 .text.TimerMatchGet
                0x0000799e        0xa D:/Program Files/TI/TivaWare_C_Series-2.1.0.12573/driverlib/gcc\libdriver.a(timer.o)
                0x0000799e                TimerMatchGet
 .text.TimerMatchSet64
                0x000079a8        0x6 D:/Program Files/TI/TivaWare_C_Series-2.1.0.12573/driverlib/gcc\libdriver.a(timer.o)
                0x000079a8                TimerMatchSet64
 .text.TimerMatchGet64
                0x000079ae       0x14 D:/Program Files/TI/TivaWare_C_Series-2.1.0.12573/driverlib/gcc\libdriver.a(timer.o)
                0x000079ae                TimerMatchGet64
 .text.TimerIntRegister
                0x000079c2       0x1a D:/Program Files/TI/TivaWare_C_Series-2.1.0.12573/driverlib/gcc\libdriver.a(timer.o)
                0x000079c2                TimerIntRegister
 .text.TimerIntUnregister
                0x000079dc       0x16 D:/Program Files/TI/TivaWare_C_Series-2.1.0.12573/driverlib/gcc\libdriver.a(timer.o)
                0x000079dc                TimerIntUnregister
 .text.TimerIntEnable
                0x000079f2        0x8 D:/Program Files/TI/TivaWare_C_Series-2.1.0.12573/driverlib/gcc\libdriver.a(timer.o)
                0x000079f2                TimerIntEnable
 .text.TimerIntDisable
                0x000079fa        0xa D:/Program Files/TI/TivaWare_C_Series-2.1.0.12573/driverlib/gcc\libdriver.a(timer.o)
                0x000079fa                TimerIntDisable
 .text.TimerIntStatus
                0x00007a04        0xa D:/Program Files/TI/TivaWare_C_Series-2.1.0.12573/driverlib/gcc\libdriver.a(timer.o)
                0x00007a04                TimerIntStatus
 .text.TimerIntClear
                0x00007a0e        0x4 D:/Program Files/TI/TivaWare_C_Series-2.1.0.12573/driverlib/gcc\libdriver.a(timer.o)
                0x00007a0e                TimerIntClear
 .text.TimerSynchronize
                0x00007a12        0x4 D:/Program Files/TI/TivaWare_C_Series-2.1.0.12573/driverlib/gcc\libdriver.a(timer.o)
                0x00007a12                TimerSynchronize
 .text.TimerADCEventSet
                0x00007a16        0x4 D:/Program Files/TI/TivaWare_C_Series-2.1.0.12573/driverlib/gcc\libdriver.a(timer.o)
                0x00007a16                TimerADCEventSet
 .text.TimerADCEventGet
                0x00007a1a        0x4 D:/Program Files/TI/TivaWare_C_Series-2.1.0.12573/driverlib/gcc\libdriver.a(timer.o)
                0x00007a1a                TimerADCEventGet
 .text.TimerDMAEventSet
                0x00007a1e        0x4 D:/Program Files/TI/TivaWare_C_Series-2.1.0.12573/driverlib/gcc\libdriver.a(timer.o)
                0x00007a1e                TimerDMAEventSet
 .text.TimerDMAEventGet
                0x00007a22        0x4 D:/Program Files/TI/TivaWare_C_Series-2.1.0.12573/driverlib/gcc\libdriver.a(timer.o)
                0x00007a22                TimerDMAEventGet
 .text.TimerUpdateMode
                0x00007a26       0x2a D:/Program Files/TI/TivaWare_C_Series-2.1.0.12573/driverlib/gcc\libdriver.a(timer.o)
                0x00007a26                TimerUpdateMode
 .text.uDMAEnable
                0x00007a50        0xc D:/Program Files/TI/TivaWare_C_Series-2.1.0.12573/driverlib/gcc\libdriver.a(udma.o)
                0x00007a50                uDMAEnable
 .text.uDMADisable
                0x00007a5c        0xc D:/Program Files/TI/TivaWare_C_Series-2.1.0.12573/driverlib/gcc\libdriver.a(udma.o)
                0x00007a5c                uDMADisable
 .text.uDMAErrorStatusGet
                0x00007a68        0xc D:/Program Files/TI/TivaWare_C_Series-2.1.0.12573/driverlib/gcc\libdriver.a(udma.o)
                0x00007a68                uDMAErrorStatusGet
 .text.uDMAErrorStatusClear
                0x00007a74        0xc D:/Program Files/TI/TivaWare_C_Series-2.1.0.12573/driverlib/gcc\libdriver.a(udma.o)
                0x00007a74                uDMAErrorStatusClear
 .text.uDMAChannelEnable
                0x00007a80       0x14 D:/Program Files/TI/TivaWare_C_Series-2.1.0.12573/driverlib/gcc\libdriver.a(udma.o)
                0x00007a80                uDMAChannelEnable
 .text.uDMAChannelDisable
                0x00007a94       0x14 D:/Program Files/TI/TivaWare_C_Series-2.1.0.12573/driverlib/gcc\libdriver.a(udma.o)
                0x00007a94                uDMAChannelDisable
 .text.uDMAChannelIsEnabled
                0x00007aa8       0x1c D:/Program Files/TI/TivaWare_C_Series-2.1.0.12573/driverlib/gcc\libdriver.a(udma.o)
                0x00007aa8                uDMAChannelIsEnabled
 .text.uDMAControlBaseSet
                0x00007ac4        0xc D:/Program Files/TI/TivaWare_C_Series-2.1.0.12573/driverlib/gcc\libdriver.a(udma.o)
                0x00007ac4                uDMAControlBaseSet
 .text.uDMAControlBaseGet
                0x00007ad0        0xc D:/Program Files/TI/TivaWare_C_Series-2.1.0.12573/driverlib/gcc\libdriver.a(udma.o)
                0x00007ad0                uDMAControlBaseGet
 .text.uDMAControlAlternateBaseGet
                0x00007adc        0xc D:/Program Files/TI/TivaWare_C_Series-2.1.0.12573/driverlib/gcc\libdriver.a(udma.o)
                0x00007adc                uDMAControlAlternateBaseGet
 .text.uDMAChannelRequest
                0x00007ae8       0x14 D:/Program Files/TI/TivaWare_C_Series-2.1.0.12573/driverlib/gcc\libdriver.a(udma.o)
                0x00007ae8                uDMAChannelRequest
 .text.uDMAChannelAttributeEnable
                0x00007afc       0x50 D:/Program Files/TI/TivaWare_C_Series-2.1.0.12573/driverlib/gcc\libdriver.a(udma.o)
                0x00007afc                uDMAChannelAttributeEnable
 .text.uDMAChannelAttributeDisable
                0x00007b4c       0x50 D:/Program Files/TI/TivaWare_C_Series-2.1.0.12573/driverlib/gcc\libdriver.a(udma.o)
                0x00007b4c                uDMAChannelAttributeDisable
 .text.uDMAChannelAttributeGet
                0x00007b9c       0x4c D:/Program Files/TI/TivaWare_C_Series-2.1.0.12573/driverlib/gcc\libdriver.a(udma.o)
                0x00007b9c                uDMAChannelAttributeGet
 .text.uDMAChannelControlSet
                0x00007be8       0x24 D:/Program Files/TI/TivaWare_C_Series-2.1.0.12573/driverlib/gcc\libdriver.a(udma.o)
                0x00007be8                uDMAChannelControlSet
 .text.uDMAChannelTransferSet
                0x00007c0c       0x84 D:/Program Files/TI/TivaWare_C_Series-2.1.0.12573/driverlib/gcc\libdriver.a(udma.o)
                0x00007c0c                uDMAChannelTransferSet
 .text.uDMAChannelScatterGatherSet
                0x00007c90       0x50 D:/Program Files/TI/TivaWare_C_Series-2.1.0.12573/driverlib/gcc\libdriver.a(udma.o)
                0x00007c90                uDMAChannelScatterGatherSet
 .text.uDMAChannelSizeGet
                0x00007ce0       0x24 D:/Program Files/TI/TivaWare_C_Series-2.1.0.12573/driverlib/gcc\libdriver.a(udma.o)
                0x00007ce0                uDMAChannelSizeGet
 .text.uDMAChannelModeGet
                0x00007d04       0x28 D:/Program Files/TI/TivaWare_C_Series-2.1.0.12573/driverlib/gcc\libdriver.a(udma.o)
                0x00007d04                uDMAChannelModeGet
 .text.uDMAIntRegister
                0x00007d2c       0x12 D:/Program Files/TI/TivaWare_C_Series-2.1.0.12573/driverlib/gcc\libdriver.a(udma.o)
                0x00007d2c                uDMAIntRegister
 .text.uDMAIntUnregister
                0x00007d3e       0x12 D:/Program Files/TI/TivaWare_C_Series-2.1.0.12573/driverlib/gcc\libdriver.a(udma.o)
                0x00007d3e                uDMAIntUnregister
 .text.uDMAIntStatus
                0x00007d50        0xc D:/Program Files/TI/TivaWare_C_Series-2.1.0.12573/driverlib/gcc\libdriver.a(udma.o)
                0x00007d50                uDMAIntStatus
 .text.uDMAIntClear
                0x00007d5c        0xc D:/Program Files/TI/TivaWare_C_Series-2.1.0.12573/driverlib/gcc\libdriver.a(udma.o)
                0x00007d5c                uDMAIntClear
 .text.uDMAChannelAssign
                0x00007d68       0x30 D:/Program Files/TI/TivaWare_C_Series-2.1.0.12573/driverlib/gcc\libdriver.a(udma.o)
                0x00007d68                uDMAChannelAssign
 .text.uDMAChannelSelectSecondary
                0x00007d98       0x10 D:/Program Files/TI/TivaWare_C_Series-2.1.0.12573/driverlib/gcc\libdriver.a(udma.o)
                0x00007d98                uDMAChannelSelectSecondary
 .text.uDMAChannelSelectDefault
                0x00007da8       0x10 D:/Program Files/TI/TivaWare_C_Series-2.1.0.12573/driverlib/gcc\libdriver.a(udma.o)
                0x00007da8                uDMAChannelSelectDefault
 .text.CPUcpsid
                0x00007db8        0x8 D:/Program Files/TI/TivaWare_C_Series-2.1.0.12573/driverlib/gcc\libdriver.a(cpu.o)
                0x00007db8                CPUcpsid
 .text.CPUprimask
                0x00007dc0        0x6 D:/Program Files/TI/TivaWare_C_Series-2.1.0.12573/driverlib/gcc\libdriver.a(cpu.o)
                0x00007dc0                CPUprimask
 .text.CPUcpsie
                0x00007dc6        0x8 D:/Program Files/TI/TivaWare_C_Series-2.1.0.12573/driverlib/gcc\libdriver.a(cpu.o)
                0x00007dc6                CPUcpsie
 .text.CPUwfi   0x00007dce        0x4 D:/Program Files/TI/TivaWare_C_Series-2.1.0.12573/driverlib/gcc\libdriver.a(cpu.o)
                0x00007dce                CPUwfi
 .text.CPUbasepriSet
                0x00007dd2        0x6 D:/Program Files/TI/TivaWare_C_Series-2.1.0.12573/driverlib/gcc\libdriver.a(cpu.o)
                0x00007dd2                CPUbasepriSet
 .text.CPUbasepriGet
                0x00007dd8        0x6 D:/Program Files/TI/TivaWare_C_Series-2.1.0.12573/driverlib/gcc\libdriver.a(cpu.o)
                0x00007dd8                CPUbasepriGet
                0x00007de0                . = ALIGN (0x4)
 *fill*         0x00007dde        0x2 00
 *(.ctors)
                0x00007de0                . = ALIGN (0x4)
 *(.dtors)
                0x00007de0                . = ALIGN (0x4)
                0x00007de0                __init_array_start = .
 *(.init_array*)
 .init_array    0x00007de0        0x4 d:/ti/ccsv6/tools/compiler/gcc-arm-none-eabi-4_7-2013q3/bin/../lib/gcc/arm-none-eabi/4.7.4/crtbegin.o
 .init_array.00000
                0x00007de4        0x4 d:/ti/ccsv6/tools/compiler/gcc-arm-none-eabi-4_7-2013q3/bin/../lib/gcc/arm-none-eabi/4.7.4/../../../../arm-none-eabi/lib\libc.a(lib_a-__call_atexit.o)
                0x00007de8                __init_array_end = .
 *(.init)
 .init          0x00007de8        0xc d:/ti/ccsv6/tools/compiler/gcc-arm-none-eabi-4_7-2013q3/bin/../lib/gcc/arm-none-eabi/4.7.4/crti.o
                0x00007de8                _init
 .init          0x00007df4        0xc d:/ti/ccsv6/tools/compiler/gcc-arm-none-eabi-4_7-2013q3/bin/../lib/gcc/arm-none-eabi/4.7.4/crtn.o
 *(.fini*)
 .fini          0x00007e00        0xc d:/ti/ccsv6/tools/compiler/gcc-arm-none-eabi-4_7-2013q3/bin/../lib/gcc/arm-none-eabi/4.7.4/crti.o
                0x00007e00                _fini
 .fini_array    0x00007e0c        0x4 d:/ti/ccsv6/tools/compiler/gcc-arm-none-eabi-4_7-2013q3/bin/../lib/gcc/arm-none-eabi/4.7.4/crtbegin.o
 .fini          0x00007e10        0xc d:/ti/ccsv6/tools/compiler/gcc-arm-none-eabi-4_7-2013q3/bin/../lib/gcc/arm-none-eabi/4.7.4/crtn.o
                0x00007e1c                PROVIDE (__etext, .)
                0x00007e1c                PROVIDE (_etext, .)
                0x00007e1c                PROVIDE (etext, .)

.glue_7         0x00007e1c        0x0
 .glue_7        0x00000000        0x0 linker stubs

.glue_7t        0x00007e1c        0x0
 .glue_7t       0x00000000        0x0 linker stubs

.vfp11_veneer   0x00007e1c        0x0
 .vfp11_veneer  0x00000000        0x0 linker stubs

.v4_bx          0x00007e1c        0x0
 .v4_bx         0x00000000        0x0 linker stubs

.iplt           0x00007e1c        0x0
 .iplt          0x00000000        0x0 d:/ti/ccsv6/tools/compiler/gcc-arm-none-eabi-4_7-2013q3/bin/../lib/gcc/arm-none-eabi/4.7.4/crtbegin.o

.rodata         0x00007e1c      0x5c8
 *(.rodata)
 *(.rodata*)
 .rodata.str1.4
                0x00007e1c        0x4 d:/ti/ccsv6/tools/compiler/gcc-arm-none-eabi-4_7-2013q3/bin/../lib/gcc/arm-none-eabi/4.7.4/../../../../arm-none-eabi/lib\libc.a(lib_a-impure.o)
 .rodata._global_impure_ptr
                0x00007e20        0x4 d:/ti/ccsv6/tools/compiler/gcc-arm-none-eabi-4_7-2013q3/bin/../lib/gcc/arm-none-eabi/4.7.4/../../../../arm-none-eabi/lib\libc.a(lib_a-impure.o)
                0x00007e20                _global_impure_ptr
 .rodata.g_ppui32GPIOIntMapSnowflake
                0x00007e24       0xc0 D:/Program Files/TI/TivaWare_C_Series-2.1.0.12573/driverlib/gcc\libdriver.a(gpio.o)
 .rodata.g_pui32GPIOBaseAddrs
                0x00007ee4       0x90 D:/Program Files/TI/TivaWare_C_Series-2.1.0.12573/driverlib/gcc\libdriver.a(gpio.o)
 .rodata.g_ppui32GPIOIntMapBlizzard
                0x00007f74       0xc0 D:/Program Files/TI/TivaWare_C_Series-2.1.0.12573/driverlib/gcc\libdriver.a(gpio.o)
 .rodata.g_pui32Priority
                0x00008034       0x20 D:/Program Files/TI/TivaWare_C_Series-2.1.0.12573/driverlib/gcc\libdriver.a(interrupt.o)
 .rodata.g_pui32Dii16Regs
                0x00008054       0x14 D:/Program Files/TI/TivaWare_C_Series-2.1.0.12573/driverlib/gcc\libdriver.a(interrupt.o)
 .rodata.g_pui32PendRegs
                0x00008068       0x14 D:/Program Files/TI/TivaWare_C_Series-2.1.0.12573/driverlib/gcc\libdriver.a(interrupt.o)
 .rodata.g_pui32Regs
                0x0000807c       0x9c D:/Program Files/TI/TivaWare_C_Series-2.1.0.12573/driverlib/gcc\libdriver.a(interrupt.o)
 .rodata.g_pui32EnRegs
                0x00008118       0x14 D:/Program Files/TI/TivaWare_C_Series-2.1.0.12573/driverlib/gcc\libdriver.a(interrupt.o)
 .rodata.g_pui32UnpendRegs
                0x0000812c       0x14 D:/Program Files/TI/TivaWare_C_Series-2.1.0.12573/driverlib/gcc\libdriver.a(interrupt.o)
 .rodata.g_ppui32SSIIntMap
                0x00008140       0x20 D:/Program Files/TI/TivaWare_C_Series-2.1.0.12573/driverlib/gcc\libdriver.a(ssi.o)
 .rodata.g_ppui32SSIIntMapSnowflake
                0x00008160       0x20 D:/Program Files/TI/TivaWare_C_Series-2.1.0.12573/driverlib/gcc\libdriver.a(ssi.o)
 .rodata.g_pppui32XTALtoVCO
                0x00008180      0x120 D:/Program Files/TI/TivaWare_C_Series-2.1.0.12573/driverlib/gcc\libdriver.a(sysctl.o)
 .rodata.g_pui32VCOFrequencies
                0x000082a0        0x8 D:/Program Files/TI/TivaWare_C_Series-2.1.0.12573/driverlib/gcc\libdriver.a(sysctl.o)
 .rodata.g_sXTALtoMEMTIM
                0x000082a8       0x30 D:/Program Files/TI/TivaWare_C_Series-2.1.0.12573/driverlib/gcc\libdriver.a(sysctl.o)
 .rodata.g_pui32Xtals
                0x000082d8       0x6c D:/Program Files/TI/TivaWare_C_Series-2.1.0.12573/driverlib/gcc\libdriver.a(sysctl.o)
 .rodata.g_ppui32TimerIntMapSnowflake
                0x00008344       0x40 D:/Program Files/TI/TivaWare_C_Series-2.1.0.12573/driverlib/gcc\libdriver.a(timer.o)
 .rodata.g_ppui32TimerIntMap
                0x00008384       0x60 D:/Program Files/TI/TivaWare_C_Series-2.1.0.12573/driverlib/gcc\libdriver.a(timer.o)

.eh_frame       0x000083e4        0x4
 .eh_frame      0x000083e4        0x0 d:/ti/ccsv6/tools/compiler/gcc-arm-none-eabi-4_7-2013q3/bin/../lib/gcc/arm-none-eabi/4.7.4/crtbegin.o
 .eh_frame      0x000083e4        0x4 d:/ti/ccsv6/tools/compiler/gcc-arm-none-eabi-4_7-2013q3/bin/../lib/gcc/arm-none-eabi/4.7.4/crtend.o

.data           0x20000000      0x434 load address 0x000083e8
                0x000083e8                __data_load__ = LOADADDR (.data)
                0x20000000                __data_start__ = .
 *(.data)
 .data          0x20000000        0x0 d:/ti/ccsv6/tools/compiler/gcc-arm-none-eabi-4_7-2013q3/bin/../lib/gcc/arm-none-eabi/4.7.4/crti.o
 .data          0x20000000        0x4 d:/ti/ccsv6/tools/compiler/gcc-arm-none-eabi-4_7-2013q3/bin/../lib/gcc/arm-none-eabi/4.7.4/crtbegin.o
                0x20000000                __dso_handle
 .data          0x20000004        0x0 d:/ti/ccsv6/tools/compiler/gcc-arm-none-eabi-4_7-2013q3/bin/../lib/gcc/arm-none-eabi/4.7.4/../../../../arm-none-eabi/lib/crt0.o
 .data          0x20000004        0x0 ./CustomTivaDrivers.o
 .data          0x20000004        0x0 ./MainBoardDriver.o
 .data          0x20000004        0x0 ./main.o
 .data          0x20000004        0x0 ./tm4c123gh6pm_startup_ccs_gcc.o
 .data          0x20000004        0x0 ./libnrf24l01/src/TM4C123_nRF24L01.o
 .data          0x20000004        0x0 ./libnrf24l01/src/nRF24L01.o