******************************************************************************
                  TI ARM Linker PC v5.1.6                      
******************************************************************************
>> Linked Fri Feb 06 19:41:46 2015

OUTPUT FILE NAME:   <SwarmRobotFirmV2.out>
ENTRY POINT SYMBOL: "_c_int00"  address: 000083e9


MEMORY CONFIGURATION

         name            origin    length      used     unused   attr    fill
----------------------  --------  ---------  --------  --------  ----  --------
  FLASH                 00004000   00040000  000049c8  0003b638  R  X
  SRAM                  20000000   00008000  00005b6d  00002493  RW X


SEGMENT ALLOCATION MAP

run origin  load origin   length   init length attrs members
----------  ----------- ---------- ----------- ----- -------
00004000    00004000    000049c8   000049c8    r-x
  00004000    00004000    0000026c   0000026c    r-- .intvecs
  0000426c    0000426c    000045f8   000045f8    r-x .text
  00008864    00008864    000000fc   000000fc    r-- .const
  00008960    00008960    00000068   00000068    r-- .cinit
20000000    20000000    00005768   00000000    rw-
  20000000    20000000    0000026c   00000000    rw- .vtable
  2000026c    2000026c    00002800   00000000    rw- .stack
  20002a70    20002a70    00002800   00000000    rw- .sysmem
  20005270    20005270    000004f8   00000000    rw- .data
20005800    20005800    00000409   00000000    rw-
  20005800    20005800    00000409   00000000    rw- .bss


SECTION ALLOCATION MAP

 output                                  attributes/
section   page    origin      length       input sections
--------  ----  ----------  ----------   ----------------
.init_array 
*          0    00004000    00000000     UNINITIALIZED

.intvecs   0    00004000    0000026c     
                  00004000    0000026c     tm4c123gh6pm_startup_ccs.obj (.intvecs)

.text      0    0000426c    000045f8     
                  0000426c    00000d08     nRF24L01.obj (.text)
                  00004f74    00000844     robot_analog.obj (.text)
                  000057b8    000007d4     network.obj (.text)
                  00005f8c    000005ac     robot_motor.obj (.text)
                  00006538    00000530     robot_communication.obj (.text)
                  00006a68    000003cc     rtsv7M4_T_le_v4SPD16_eabi.lib : memory.obj (.text)
                  00006e34    00000374     custom_delay.obj (.text)
                  000071a8    00000240     TM4C123_nRF24L01.obj (.text)
                  000073e8    00000220     rtsv7M4_T_le_v4SPD16_eabi.lib : ll_div_t2.obj (.text)
                  00007608    00000208     custom_uart_debug.obj (.text)
                  00007810    0000016c     robot_lpm.obj (.text)
                  0000797c    00000164     robot_speaker.obj (.text)
                  00007ae0    0000013c     main.obj (.text)
                  00007c1c    00000130     driverlib.lib : gpio.obj (.text:GPIOPadConfigSet)
                  00007d4c    00000118                   : sysctl.obj (.text:SysCtlClockGet)
                  00007e64    000000ec     robot_timer_delay.obj (.text)
                  00007f50    000000a4     robot_eeprom.obj (.text)
                  00007ff4    0000009c     rtsv7M4_T_le_v4SPD16_eabi.lib : memcpy_t2.obj (.text)
                  00008090    00000094                                   : auto_init.obj (.text)
                  00008124    0000008c     custom_led.obj (.text)
                  000081b0    00000078     rtsv7M4_T_le_v4SPD16_eabi.lib : memset_t2.obj (.text)
                  00008228    0000006c                                   : fs_toll_t2.obj (.text)
                  00008294    00000064     driverlib.lib : sysctl.obj (.text:SysCtlDeepSleepClockConfigSet)
                  000082f8    0000005e     rtsv7M4_T_le_v4SPD16_eabi.lib : copy_decompress_rle.obj (.text)
                  00008356    00000002                                   : newhandler.obj (.text)
                  00008358    00000048     driverlib.lib : eeprom.obj (.text:EEPROMProgramNonBlocking)
                  000083a0    00000048                   : gpio.obj (.text:GPIOPinConfigure)
                  000083e8    00000048     rtsv7M4_T_le_v4SPD16_eabi.lib : boot.obj (.text)
                  00008430    00000048                                   : ll_tofs_t2.obj (.text)
                  00008478    00000044                                   : cpy_tbl.obj (.text)
                  000084bc    00000044                                   : exit.obj (.text)
                  00008500    00000042     driverlib.lib : ssi.obj (.text:SSIConfigSetExpClk)
                  00008542    00000002     --HOLE-- [fill = 0]
                  00008544    0000003c                   : eeprom.obj (.text:_EEPROMSectorMaskSet)
                  00008580    00000034                   : eeprom.obj (.text:EEPROMIntClear)
                  000085b4    00000034                   : eeprom.obj (.text:EEPROMRead)
                  000085e8    00000034                   : interrupt.obj (.text:IntRegister)
                  0000861c    00000034                   : sysctl.obj (.text:SysCtlPeripheralEnable)
                  00008650    00000034                   : eeprom.obj (.text:_EEPROMSectorMaskClear)
                  00008684    0000002c     custom_clock.obj (.text)
                  000086b0    0000002c     rtsv7M4_T_le_v4SPD16_eabi.lib : new_.obj (.text)
                  000086dc    0000002a     driverlib.lib : gpio.obj (.text:GPIODirModeSet)
                  00008706    00000018                   : gpio.obj (.text:GPIOPinTypeGPIOOutput)
                  0000871e    00000002     --HOLE-- [fill = 0]
                  00008720    00000018     rtsv7M4_T_le_v4SPD16_eabi.lib : args_main.obj (.text)
                  00008738    00000014                                   : _lock.obj (.text)
                  0000874c    00000012     driverlib.lib : gpio.obj (.text:GPIOPinTypeGPIOInput)
                  0000875e    00000012                   : gpio.obj (.text:GPIOPinTypeSSI)
                  00008770    00000012                   : ssi.obj (.text:SSIDataGetNonBlocking)
                  00008782    00000012     rtsv7M4_T_le_v4SPD16_eabi.lib : copy_zero_init.obj (.text:decompress:ZI)
                  00008794    00000010     driverlib.lib : adc.obj (.text:ADCSequenceDMAEnable)
                  000087a4    0000000e                   : gpio.obj (.text:GPIOIntStatus)
                  000087b2    0000000e     rtsv7M4_T_le_v4SPD16_eabi.lib : copy_decompress_none.obj (.text:decompress:none)
                  000087c0    0000000c     driverlib.lib : eeprom.obj (.text:EEPROMStatusGet)
                  000087cc    0000000c                   : gpio.obj (.text:GPIOIntEnable)
                  000087d8    0000000c                   : interrupt.obj (.text:IntTrigger)
                  000087e4    0000000c                   : sysctl.obj (.text:SysCtlDeepSleepPowerSet)
                  000087f0    0000000c                   : sysctl.obj (.text:SysCtlLDODeepSleepSet)
                  000087fc    0000000c                   : sysctl.obj (.text:SysCtlLDOSleepSet)
                  00008808    0000000c                   : sysctl.obj (.text:SysCtlSleepPowerSet)
                  00008814    0000000c     tm4c123gh6pm_startup_ccs.obj (.text)
                  00008820    0000000a     driverlib.lib : ssi.obj (.text:SSIDisable)
                  0000882a    0000000a                   : ssi.obj (.text:SSIEnable)
                  00008834    0000000a                   : uart.obj (.text:UARTCharPut)
                  0000883e    00000008     rtsv7M4_T_le_v4SPD16_eabi.lib : delete.obj (.text)
                  00008846    00000006     driverlib.lib : gpio.obj (.text:GPIOIntClear)
                  0000884c    00000006                   : gpio.obj (.text:GPIOPinRead)
                  00008852    00000006                   : sysctl.obj (.text:SysCtlDelay)
                  00008858    00000006                   : timer.obj (.text:TimerClockSourceSet)
                  0000885e    00000006     rtsv7M4_T_le_v4SPD16_eabi.lib : copy_decompress_rle.obj (.text:decompress:rle24)

.const     0    00008864    000000fc     
                  00008864    00000090     driverlib.lib : gpio.obj (.const:g_pui32GPIOBaseAddrs)
                  000088f4    0000006c                   : sysctl.obj (.const:g_pui32Xtals)

.cinit     0    00008960    00000068     
                  00008960    0000002e     (.cinit..data.load) [load image, compression = rle]
                  0000898e    00000002     --HOLE-- [fill = 0]
                  00008990    0000000c     (__TI_handler_table)
                  0000899c    00000004     --HOLE-- [fill = 0]
                  000089a0    00000008     (.cinit..bss.load) [load image, compression = zero_init]
                  000089a8    00000008     (.cinit..vtable.load) [load image, compression = zero_init]
                  000089b0    00000018     (__TI_cinit_table)

.vtable    0    20000000    0000026c     UNINITIALIZED
                  20000000    0000026c     driverlib.lib : interrupt.obj (.vtable)

.stack     0    2000026c    00002800     UNINITIALIZED
                  2000026c    00002800     --HOLE--

.sysmem    0    20002a70    00002800     UNINITIALIZED
                  20002a70    00000008     rtsv7M4_T_le_v4SPD16_eabi.lib : memory.obj (.sysmem)
                  20002a78    000027f8     --HOLE--

.data      0    20005270    000004f8     UNINITIALIZED
                  20005270    00000258     robot_analog.obj (.data:g_pui16ADC0Result)
                  200054c8    00000258     robot_analog.obj (.data:g_pui16ADC1Result)
                  20005720    00000016     robot_analog.obj (.data)
                  20005736    00000002     custom_delay.obj (.data)
                  20005738    0000000c     rtsv7M4_T_le_v4SPD16_eabi.lib : memory.obj (.data)
                  20005744    0000000a     network.obj (.data)
                  2000574e    00000001     TM4C123_nRF24L01.obj (.data)
                  2000574f    00000001     robot_lpm.obj (.data)
                  20005750    00000008     rtsv7M4_T_le_v4SPD16_eabi.lib : _lock.obj (.data)
                  20005758    00000008                                   : exit.obj (.data)
                  20005760    00000004                                   : stkdepth_vars.obj (.data)
                  20005764    00000004                                   : vars.obj (.data)

.bss       0    20005800    00000409     UNINITIALIZED
                  20005800    00000400     robot_analog.obj (.bss:ui8ControlTable)
                  20005c00    00000004     (.common:ui32PWMPeriod)
                  20005c04    00000001     (.common:CEState)
                  20005c05    00000001     (.common:addressWidth)
                  20005c06    00000001     (.common:crcConfig)
                  20005c07    00000001     (.common:features)
                  20005c08    00000001     (.common:status)


LINKER GENERATED COPY TABLES

__TI_cinit_table @ 000089b0 records: 3, size/record: 8, table size: 24
	.data: load addr=00008960, load size=0000002e bytes, run addr=20005270, run size=000004f8 bytes, compression=rle
	.bss: load addr=000089a0, load size=00000008 bytes, run addr=20005800, run size=00000409 bytes, compression=zero_init
	.vtable: load addr=000089a8, load size=00000008 bytes, run addr=20000000, run size=0000026c bytes, compression=zero_init


LINKER GENERATED HANDLER TABLE

__TI_handler_table @ 00008990 records: 3, size/record: 4, table size: 12
	index: 0, handler: __TI_zero_init
	index: 1, handler: __TI_decompress_rle24
	index: 2, handler: __TI_decompress_none


GLOBAL SYMBOLS: SORTED ALPHABETICALLY BY Name 

address    name
--------   ----
000054d9   ADC0IntHandler
0000556d   ADC1IntHandler
00008795   ADCSequenceDMAEnable
000055fd   BatterySequenceIntHandler
000084bd   C$$EXIT
00008581   EEPROMIntClear
00008359   EEPROMProgramNonBlocking
000085b5   EEPROMRead
000087c1   EEPROMStatusGet
000086dd   GPIODirModeSet
00008847   GPIOIntClear
000087cd   GPIOIntEnable
000087a5   GPIOIntStatus
00007c1d   GPIOPadConfigSet
000083a1   GPIOPinConfigure
0000884d   GPIOPinRead
0000874d   GPIOPinTypeGPIOInput
00008707   GPIOPinTypeGPIOOutput
0000875f   GPIOPinTypeSSI
000085e9   IntRegister
000087d9   IntTrigger
0000783f   LowPowerModeIntHandler
00007371   MCU_RF_ClearCE
0000733f   MCU_RF_ClearCSN
0000730b   MCU_RF_ClearIntFlag
00007319   MCU_RF_ClearPending
0000723d   MCU_RF_ConfigIRQPin
000072d7   MCU_RF_DisableInterrupt
000072c1   MCU_RF_EnableInterrupt
000073b3   MCU_RF_GetCEState
000072bb   MCU_RF_GetInterruptState
00007bc7   MCU_RF_IRQ_handler
000071a9   MCU_RF_InitSpiForRf
000072ed   MCU_RF_IsInterruptPinAsserted
0000738d   MCU_RF_SendAndGetData
00007355   MCU_RF_SetCE
00007329   MCU_RF_SetCSN
00007297   MCU_RF_WaitUs
00006201   MotorLeft_assignActiveParameter
0000646d   MotorLeft_stop
0000633d   MotorRight_assignActiveParameter
000064bd   MotorRight_stop
000057b9   Network_changeState
00005f75   Network_deleteBuffer
000057e9   Network_generateNextPID
00005847   Network_getLastRxChecksum
0000582d   Network_getLastRxPID
00005813   Network_getLastTxPID
000057e3   Network_getSelfAddress
000057cd   Network_getState
00005b1d   Network_isAckPacket
00005d29   Network_isHandShakeProcessSuccess
00005df1   Network_isNextPacket
00005b8d   Network_receivedMessage
00005ec1   Network_sendACK
00005859   Network_sendMessage
00005833   Network_setLastRxChecksum
00005819   Network_setLastRxPID
000057ff   Network_setLastTxPID
000057d3   Network_setSelfAddress
00004d37   RF24_PIPE_close
00004d93   RF24_PIPE_closeAll
00004e27   RF24_PIPE_isOpen
00004db5   RF24_PIPE_open
00004e69   RF24_PIPE_setPacketSize
00004f61   RF24_RETRANS_getLastRetransmits
00004f27   RF24_RETRANS_setCount
00004eed   RF24_RETRANS_setDelay
00004d1d   RF24_RX_carrierDetection
00004c49   RF24_RX_getPayloadData
00004c25   RF24_RX_getPayloadWidth
00004c9b   RF24_RX_isEmpty
00004cb7   RF24_RX_sendAckWithPayload
00004bb7   RF24_RX_setAddress
00004b83   RF24_TX_activate
00004ba5   RF24_TX_pulseTransmit
00004b6d   RF24_TX_reuseLastPayload
00004a85   RF24_TX_setAddress
00004acd   RF24_TX_writePayloadAck
00004b19   RF24_TX_writePayloadNoAck
000049e7   RF24_clearIrqFlag
000047d5   RF24_disableFeatures
0000479b   RF24_enableFeatures
00004849   RF24_getConfigureRegister
0000488d   RF24_getCurrentState
000049b3   RF24_getIrqFlag
000047ff   RF24_getLostPackets
0000470d   RF24_init
0000480d   RF24_isAlive
00004a21   RF24_readRegister
0000493f   RF24_scan
00004869   RF24_setAddressWidth
00004833   RF24_setConfigureRegister
00004853   RF24_setSpeedAndPower
000048e7   RF24_startPowerDown
000048fb   RF24_startStandby
00004a4f   RF24_writeRegister
000056a1   RandomGeneratorIntHandler
00008815   ResetISR
00004587   RfFlushRxFifo
00004571   RfFlushTxFifo
000043a7   RfReceivePacket
0000426d   RfSendPacket
00004539   RfSetChannel
0000454f   RfSetRxMode
00004665   RfTryToCaptureRfSignal
000045a9   RfTryToGetRxPacket
0000459d   RfWaitUs
00007ae1   RobotResponseIntHandler
UNDEFED    SHT$$INIT_ARRAY$$Base
UNDEFED    SHT$$INIT_ARRAY$$Limit
00008501   SSIConfigSetExpClk
00008771   SSIDataGetNonBlocking
00008821   SSIDisable
0000882b   SSIEnable
00007d4d   SysCtlClockGet
00008295   SysCtlDeepSleepClockConfigSet
000087e5   SysCtlDeepSleepPowerSet
00008853   SysCtlDelay
000087f1   SysCtlLDODeepSleepSet
000087fd   SysCtlLDOSleepSet
0000861d   SysCtlPeripheralEnable
00008809   SysCtlSleepPowerSet
00008859   TimerClockSourceSet
00008835   UARTCharPut
0000760b   UART_DEBUG_send_char
0000771f   UART_DEBUG_send_float
00007705   UART_DEBUG_send_int16_t
000076ef   UART_DEBUG_send_int32_t
00007653   UART_DEBUG_send_int64_t
0000763b   UART_DEBUG_send_line
0000761d   UART_DEBUG_send_string
00007b83   _Z13decodeMessagePhj
00007b63   _Z16initRobotProcessv
00008357   _Z21__default_new_handlerv
0000883f   _ZdaPv
0000883f   _ZdlPv
000086b1   _Znaj
000086b1   _Znwj
20002a6c   __STACK_END
00002800   __STACK_SIZE
2000046c   __STACK_TOP
00002800   __SYSMEM_SIZE
000089b0   __TI_CINIT_Base
000089c8   __TI_CINIT_Limit
00008990   __TI_Handler_Table_Base
0000899c   __TI_Handler_Table_Limit
00000001   __TI_args_main
00008091   __TI_auto_init
20005758   __TI_cleanup_ptr
000087b3   __TI_decompress_none
0000885f   __TI_decompress_rle24
2000575c   __TI_dtors_ptr
00008960   __TI_static_base__
00008783   __TI_zero_init
00008229   __aeabi_f2lz
00008431   __aeabi_l2f
000073e9   __aeabi_ldivmod
000081b1   __aeabi_memclr
000081b1   __aeabi_memclr4
000081b1   __aeabi_memclr8
00007ff5   __aeabi_memcpy
00007ff5   __aeabi_memcpy4
00007ff5   __aeabi_memcpy8
000081b3   __aeabi_memset
000081b3   __aeabi_memset4
000081b3   __aeabi_memset8
ffffffff   __binit__
ffffffff   __c_args__
2000026c   __stack
00008721   _args_main
000083e9   _c_int00
20005750   _lock
20005764   _new_handler
00008747   _nop
0000873f   _register_lock
00008739   _register_unlock
20002a70   _sys_memory
20005754   _unlock
000084c1   abort
ffffffff   binit
00006a57   broadcastLocalNeighbor
00006dfd   calloc
000066c7   checkForCorrectRxDataStream
000061a7   configureMotors
00008479   copy_in
0000657b   decodeAdvanceHostCommand
00006539   decodeBasicHostCommand
00006efb   delay1_unit
000070d9   delay2_ms_with_task
00006f7f   delay2_unit
0000700b   delay_ms
00007029   delay_ms_with_task
00007eb5   delay_timer_ms
00007ec5   delay_timer_unit
00007ea7   delay_timer_us
00006eb1   delay_unit
0000701b   delay_us
0000619f   disableMOTOR
00006197   enableMOTOR
000084c9   exit
00006b57   free
20000000   g_pfnRAMVectors
00004000   g_pfnVectors
00005451   generateRandomFloatInRange
00007827   getCpuMode
00004f75   getMicrophone0BufferPointer
00004f79   getMicrophone1BufferPointer
00007f7f   getRobotIDInEEPROM
00007913   gotoDeepSleepMode
000078e7   gotoSleepMode
00006e35   initDelay
00007f51   initEEPROM
00008125   initLeds
0000785f   initLowPowerMode
00005f8d   initMotors
00004f7d   initPeripheralsForAnalogFunction
00004465   initRfModule
00007e65   initRobotTimerDelay
0000797d   initSpeaker
00008685   initSysClock
00007609   initUartDebug
00007ae3   main
20005760   main_func_sp
00006af5   malloc
00006d1d   memalign
00007ff5   memcpy
000081b9   memset
00006a69   minit
000067f1   modifyMotorsConfiguration
00007fdd   programEEPROM
00007fbb   readWordFormEEPROM
00006c17   realloc
00007835   returnSleep
000067e1   sendBatteryVoltageToHost
00006a2d   sendDataToHost
000069bb   sendMessageToHost
00006a49   sendMessageToOneNeighbor
00007811   setCpuMode
0000782d   softReset
00006187   stopMotors
00006925   synchronousEepromData
00006673   testRfReceiver
00006763   testRfTransmister
00008181   toggleLED
00006823   transmitRequestDataInEeprom
000054b9   triggerGenerateRandomByte
00005429   triggerSamplingBatteryVoltage
00005403   triggerSamplingMicSignals
00007a5b   triggerSpeaker
00008169   turnOffLED
0000814f   turnOnLED
00005761   uDMAErrorHandler
00007925   wakeUpFormLPM
00007f8f   writeWordToEEPROM


GLOBAL SYMBOLS: SORTED BY Symbol Address 

address    name
--------   ----
00000001   __TI_args_main
00002800   __STACK_SIZE
00002800   __SYSMEM_SIZE
00004000   g_pfnVectors
0000426d   RfSendPacket
000043a7   RfReceivePacket
00004465   initRfModule
00004539   RfSetChannel
0000454f   RfSetRxMode
00004571   RfFlushTxFifo
00004587   RfFlushRxFifo
0000459d   RfWaitUs
000045a9   RfTryToGetRxPacket
00004665   RfTryToCaptureRfSignal
0000470d   RF24_init
0000479b   RF24_enableFeatures
000047d5   RF24_disableFeatures
000047ff   RF24_getLostPackets
0000480d   RF24_isAlive
00004833   RF24_setConfigureRegister
00004849   RF24_getConfigureRegister
00004853   RF24_setSpeedAndPower
00004869   RF24_setAddressWidth
0000488d   RF24_getCurrentState
000048e7   RF24_startPowerDown
000048fb   RF24_startStandby
0000493f   RF24_scan
000049b3   RF24_getIrqFlag
000049e7   RF24_clearIrqFlag
00004a21   RF24_readRegister
00004a4f   RF24_writeRegister
00004a85   RF24_TX_setAddress
00004acd   RF24_TX_writePayloadAck
00004b19   RF24_TX_writePayloadNoAck
00004b6d   RF24_TX_reuseLastPayload
00004b83   RF24_TX_activate
00004ba5   RF24_TX_pulseTransmit
00004bb7   RF24_RX_setAddress
00004c25   RF24_RX_getPayloadWidth
00004c49   RF24_RX_getPayloadData
00004c9b   RF24_RX_isEmpty
00004cb7   RF24_RX_sendAckWithPayload
00004d1d   RF24_RX_carrierDetection
00004d37   RF24_PIPE_close
00004d93   RF24_PIPE_closeAll
00004db5   RF24_PIPE_open
00004e27   RF24_PIPE_isOpen
00004e69   RF24_PIPE_setPacketSize
00004eed   RF24_RETRANS_setDelay
00004f27   RF24_RETRANS_setCount
00004f61   RF24_RETRANS_getLastRetransmits
00004f75   getMicrophone0BufferPointer
00004f79   getMicrophone1BufferPointer
00004f7d   initPeripheralsForAnalogFunction
00005403   triggerSamplingMicSignals
00005429   triggerSamplingBatteryVoltage
00005451   generateRandomFloatInRange
000054b9   triggerGenerateRandomByte
000054d9   ADC0IntHandler
0000556d   ADC1IntHandler
000055fd   BatterySequenceIntHandler
000056a1   RandomGeneratorIntHandler
00005761   uDMAErrorHandler
000057b9   Network_changeState
000057cd   Network_getState
000057d3   Network_setSelfAddress
000057e3   Network_getSelfAddress
000057e9   Network_generateNextPID
000057ff   Network_setLastTxPID
00005813   Network_getLastTxPID
00005819   Network_setLastRxPID
0000582d   Network_getLastRxPID
00005833   Network_setLastRxChecksum
00005847   Network_getLastRxChecksum
00005859   Network_sendMessage
00005b1d   Network_isAckPacket
00005b8d   Network_receivedMessage
00005d29   Network_isHandShakeProcessSuccess
00005df1   Network_isNextPacket
00005ec1   Network_sendACK
00005f75   Network_deleteBuffer
00005f8d   initMotors
00006187   stopMotors
00006197   enableMOTOR
0000619f   disableMOTOR
000061a7   configureMotors
00006201   MotorLeft_assignActiveParameter
0000633d   MotorRight_assignActiveParameter
0000646d   MotorLeft_stop
000064bd   MotorRight_stop
00006539   decodeBasicHostCommand
0000657b   decodeAdvanceHostCommand
00006673   testRfReceiver
000066c7   checkForCorrectRxDataStream
00006763   testRfTransmister
000067e1   sendBatteryVoltageToHost
000067f1   modifyMotorsConfiguration
00006823   transmitRequestDataInEeprom
00006925   synchronousEepromData
000069bb   sendMessageToHost
00006a2d   sendDataToHost
00006a49   sendMessageToOneNeighbor
00006a57   broadcastLocalNeighbor
00006a69   minit
00006af5   malloc
00006b57   free
00006c17   realloc
00006d1d   memalign
00006dfd   calloc
00006e35   initDelay
00006eb1   delay_unit
00006efb   delay1_unit
00006f7f   delay2_unit
0000700b   delay_ms
0000701b   delay_us
00007029   delay_ms_with_task
000070d9   delay2_ms_with_task
000071a9   MCU_RF_InitSpiForRf
0000723d   MCU_RF_ConfigIRQPin
00007297   MCU_RF_WaitUs
000072bb   MCU_RF_GetInterruptState
000072c1   MCU_RF_EnableInterrupt
000072d7   MCU_RF_DisableInterrupt
000072ed   MCU_RF_IsInterruptPinAsserted
0000730b   MCU_RF_ClearIntFlag
00007319   MCU_RF_ClearPending
00007329   MCU_RF_SetCSN
0000733f   MCU_RF_ClearCSN
00007355   MCU_RF_SetCE
00007371   MCU_RF_ClearCE
0000738d   MCU_RF_SendAndGetData
000073b3   MCU_RF_GetCEState
000073e9   __aeabi_ldivmod
00007609   initUartDebug
0000760b   UART_DEBUG_send_char
0000761d   UART_DEBUG_send_string
0000763b   UART_DEBUG_send_line
00007653   UART_DEBUG_send_int64_t
000076ef   UART_DEBUG_send_int32_t
00007705   UART_DEBUG_send_int16_t
0000771f   UART_DEBUG_send_float
00007811   setCpuMode
00007827   getCpuMode
0000782d   softReset
00007835   returnSleep
0000783f   LowPowerModeIntHandler
0000785f   initLowPowerMode
000078e7   gotoSleepMode
00007913   gotoDeepSleepMode
00007925   wakeUpFormLPM
0000797d   initSpeaker
00007a5b   triggerSpeaker
00007ae1   RobotResponseIntHandler
00007ae3   main
00007b63   _Z16initRobotProcessv
00007b83   _Z13decodeMessagePhj
00007bc7   MCU_RF_IRQ_handler
00007c1d   GPIOPadConfigSet
00007d4d   SysCtlClockGet
00007e65   initRobotTimerDelay
00007ea7   delay_timer_us
00007eb5   delay_timer_ms
00007ec5   delay_timer_unit
00007f51   initEEPROM
00007f7f   getRobotIDInEEPROM
00007f8f   writeWordToEEPROM
00007fbb   readWordFormEEPROM
00007fdd   programEEPROM
00007ff5   __aeabi_memcpy
00007ff5   __aeabi_memcpy4
00007ff5   __aeabi_memcpy8
00007ff5   memcpy
00008091   __TI_auto_init
00008125   initLeds
0000814f   turnOnLED
00008169   turnOffLED
00008181   toggleLED
000081b1   __aeabi_memclr
000081b1   __aeabi_memclr4
000081b1   __aeabi_memclr8
000081b3   __aeabi_memset
000081b3   __aeabi_memset4
000081b3   __aeabi_memset8
000081b9   memset
00008229   __aeabi_f2lz
00008295   SysCtlDeepSleepClockConfigSet
00008357   _Z21__default_new_handlerv
00008359   EEPROMProgramNonBlocking
000083a1   GPIOPinConfigure
000083e9   _c_int00
00008431   __aeabi_l2f
00008479   copy_in
000084bd   C$$EXIT
000084c1   abort
000084c9   exit
00008501   SSIConfigSetExpClk
00008581   EEPROMIntClear
000085b5   EEPROMRead
000085e9   IntRegister
0000861d   SysCtlPeripheralEnable
00008685   initSysClock
000086b1   _Znaj
000086b1   _Znwj
000086dd   GPIODirModeSet
00008707   GPIOPinTypeGPIOOutput
00008721   _args_main
00008739   _register_unlock
0000873f   _register_lock
00008747   _nop
0000874d   GPIOPinTypeGPIOInput
0000875f   GPIOPinTypeSSI
00008771   SSIDataGetNonBlocking
00008783   __TI_zero_init
00008795   ADCSequenceDMAEnable
000087a5   GPIOIntStatus
000087b3   __TI_decompress_none
000087c1   EEPROMStatusGet
000087cd   GPIOIntEnable
000087d9   IntTrigger
000087e5   SysCtlDeepSleepPowerSet
000087f1   SysCtlLDODeepSleepSet
000087fd   SysCtlLDOSleepSet
00008809   SysCtlSleepPowerSet
00008815   ResetISR
00008821   SSIDisable
0000882b   SSIEnable
00008835   UARTCharPut
0000883f   _ZdaPv
0000883f   _ZdlPv
00008847   GPIOIntClear
0000884d   GPIOPinRead
00008853   SysCtlDelay
00008859   TimerClockSourceSet
0000885f   __TI_decompress_rle24
00008960   __TI_static_base__
00008990   __TI_Handler_Table_Base
0000899c   __TI_Handler_Table_Limit
000089b0   __TI_CINIT_Base
000089c8   __TI_CINIT_Limit
20000000   g_pfnRAMVectors
2000026c   __stack
2000046c   __STACK_TOP
20002a6c   __STACK_END
20002a70   _sys_memory
20005750   _lock
20005754   _unlock
20005758   __TI_cleanup_ptr
2000575c   __TI_dtors_ptr
20005760   main_func_sp
20005764   _new_handler
ffffffff   __binit__
ffffffff   __c_args__
ffffffff   binit
UNDEFED    SHT$$INIT_ARRAY$$Base
UNDEFED    SHT$$INIT_ARRAY$$Limit

[255 symbols]
