******************************************************************************
                  TI ARM Linker PC v5.1.6                      
******************************************************************************
>> Linked Sat Jun 14 10:30:59 2014

OUTPUT FILE NAME:   <BootLoaderTesting.out>
ENTRY POINT SYMBOL: "_c_int00"  address: 000040a9


MEMORY CONFIGURATION

         name            origin    length      used     unused   attr    fill
----------------------  --------  ---------  --------  --------  ----  --------
  FLASH                 00002000   00040000  00002b07  0003d4f9  R  X
  SRAM                  20000000   00008000  00000cf9  00007307  RW X


SEGMENT ALLOCATION MAP

run origin  load origin   length   init length attrs members
----------  ----------- ---------- ----------- ----- -------
00002000    00002000    00002b08   00002b08    r-x
  00002000    00002000    0000026c   0000026c    r-- .intvecs
  0000226c    0000226c    00002650   00002650    r-x .text
  000048bc    000048bc    0000020b   0000020b    r-- .const
  00004ac8    00004ac8    00000040   00000040    r-- .cinit
20000000    20000000    00000cfc   00000000    rw-
  20000000    20000000    000008dd   00000000    rw- .bss
  200008e0    200008e0    00000400   00000000    rw- .stack
  20000ce0    20000ce0    0000001c   00000000    rw- .data


SECTION ALLOCATION MAP

 output                                  attributes/
section   page    origin      length       input sections
--------  ----  ----------  ----------   ----------------
.init_array 
*          0    00002000    00000000     UNINITIALIZED

.intvecs   0    00002000    0000026c     
                  00002000    0000026c     tm4c123gh6pm_startup_ccs.obj (.intvecs)

.text      0    0000226c    00002650     
                  0000226c    00000864     nRF24L01.obj (.text)
                  00002ad0    00000440     MainBoardDriver.obj (.text:testAllMotorModes)
                  00002f10    00000290     MainBoardDriver.obj (.text)
                  000031a0    0000016c     main.obj (.text:RF24_IntHandler)
                  0000330c    00000130     driverlib.lib : gpio.obj (.text:GPIOPadConfigSet)
                  0000343c    00000128     MainBoardDriver.obj (.text:initDistanceSensingModules)
                  00003564    00000118     driverlib.lib : sysctl.obj (.text:SysCtlClockGet)
                  0000367c    00000108     MainBoardDriver.obj (.text:initMotor)
                  00003784    000000f0     driverlib.lib : sysctl.obj (.text:SysCtlClockSet)
                  00003874    000000ec     MainBoardDriver.obj (.text:initSpeaker)
                  00003960    000000dc     TM4C123_nRF24L01.obj (.text:initSpiForRF)
                  00003a3c    000000d8     MainBoardDriver.obj (.text:testRfTransmission)
                  00003b14    0000009c     rtsv7M4_T_le_v4SPD16_eabi.lib : memcpy_t2.obj (.text)
                  00003bb0    00000094                                   : auto_init.obj (.text)
                  00003c44    0000008c     MainBoardDriver.obj (.text:initRfModule)
                  00003cd0    00000080     driverlib.lib : adc.obj (.text:ADCSequenceStepConfigure)
                  00003d50    00000080                   : udma.obj (.text:uDMAChannelTransferSet)
                  00003dd0    00000078     main.obj (.text)
                  00003e48    00000060     driverlib.lib : interrupt.obj (.text:IntEnable)
                  00003ea8    0000005e     rtsv7M4_T_le_v4SPD16_eabi.lib : copy_decompress_rle.obj (.text)
                  00003f06    00000002     --HOLE-- [fill = 0]
                  00003f08    0000005c     driverlib.lib : timer.obj (.text:TimerConfigure)
                  00003f64    00000058                   : timer.obj (.text:TimerControlTrigger)
                  00003fbc    00000056                   : gpio.obj (.text:GPIOIntTypeSet)
                  00004012    0000004c     CustomTivaDrivers.obj (.text)
                  0000405e    00000002     --HOLE-- [fill = 0]
                  00004060    00000048     driverlib.lib : gpio.obj (.text:GPIOPinConfigure)
                  000040a8    00000048     rtsv7M4_T_le_v4SPD16_eabi.lib : boot.obj (.text)
                  000040f0    00000048     driverlib.lib : udma.obj (.text:uDMAChannelAttributeDisable)
                  00004138    00000044     rtsv7M4_T_le_v4SPD16_eabi.lib : cpy_tbl.obj (.text)
                  0000417c    00000044                                   : exit.obj (.text)
                  000041c0    00000042     driverlib.lib : ssi.obj (.text:SSIConfigSetExpClk)
                  00004202    00000002     --HOLE-- [fill = 0]
                  00004204    00000040     MainBoardDriver.obj (.text:testCarrierDetection)
                  00004244    0000003e     driverlib.lib : adc.obj (.text:ADCSequenceConfigure)
                  00004282    0000003c     MainBoardDriver.obj (.text:sendTestData)
                  000042be    00000002     --HOLE-- [fill = 0]
                  000042c0    00000034     nRF24L01.obj (.text:RF24_readRegister)
                  000042f4    00000034     nRF24L01.obj (.text:RF24_writeRegister)
                  00004328    00000034     driverlib.lib : sysctl.obj (.text:SysCtlPeripheralEnable)
                  0000435c    0000002e                   : adc.obj (.text:ADCIntStatus)
                  0000438a    0000002e     MainBoardDriver.obj (.text:setMotorDirection)
                  000043b8    0000002c     TM4C123_nRF24L01.obj (.text)
                  000043e4    0000002c     MainBoardDriver.obj (.text:setMotorSpeed)
                  00004410    0000002c     driverlib.lib : udma.obj (.text:uDMAChannelAssign)
                  0000443c    0000002a                   : gpio.obj (.text:GPIODirModeSet)
                  00004466    00000002     --HOLE-- [fill = 0]
                  00004468    00000028                   : udma.obj (.text:uDMAChannelModeGet)
                  00004490    00000024                   : interrupt.obj (.text:IntPrioritySet)
                  000044b4    00000024                   : udma.obj (.text:uDMAChannelControlSet)
                  000044d8    00000022                   : pwm.obj (.text:PWMGenConfigure)
                  000044fa    00000002     --HOLE-- [fill = 0]
                  000044fc    00000020     MainBoardDriver.obj (.text:initLED)
                  0000451c    00000020     MainBoardDriver.obj (.text:startSamplingMicSignals)
                  0000453c    00000020     MainBoardDriver.obj (.text:turnOnLED)
                  0000455c    0000001e     driverlib.lib : pwm.obj (.text:PWMPulseWidthSet)
                  0000457a    00000002     --HOLE-- [fill = 0]
                  0000457c    0000001c     TM4C123_nRF24L01.obj (.text:clearRfCE)
                  00004598    0000001c     MainBoardDriver.obj (.text:groundAdjacentADCPins)
                  000045b4    0000001c     TM4C123_nRF24L01.obj (.text:setRfCE)
                  000045d0    0000001c     MainBoardDriver.obj (.text:startSpeaker)
                  000045ec    0000001c     MainBoardDriver.obj (.text:turnOffLED)
                  00004608    00000018     driverlib.lib : gpio.obj (.text:GPIOPinTypeGPIOOutput)
                  00004620    00000018     rtsv7M4_T_le_v4SPD16_eabi.lib : args_main.obj (.text)
                  00004638    00000018     driverlib.lib : udma.obj (.text:uDMAChannelEnable)
                  00004650    00000016     nRF24L01.obj (.text:RF24_setConfigureRegister)
                  00004666    00000002     --HOLE-- [fill = 0]
                  00004668    00000014     driverlib.lib : sysctl.obj (.text:SysCtlPWMClockSet)
                  0000467c    00000014                   : timer.obj (.text:TimerDisable)
                  00004690    00000014     rtsv7M4_T_le_v4SPD16_eabi.lib : _lock.obj (.text)
                  000046a4    00000012     driverlib.lib : adc.obj (.text:ADCHardwareOversampleConfigure)
                  000046b6    00000012                   : gpio.obj (.text:GPIOPinTypeADC)
                  000046c8    00000012                   : gpio.obj (.text:GPIOPinTypeGPIOInput)
                  000046da    00000012                   : gpio.obj (.text:GPIOPinTypePWM)
                  000046ec    00000012                   : gpio.obj (.text:GPIOPinTypeSSI)
                  000046fe    00000012                   : pwm.obj (.text:PWMOutputState)
                  00004710    00000012                   : ssi.obj (.text:SSIDataGetNonBlocking)
                  00004722    00000012                   : timer.obj (.text:TimerLoadSet)
                  00004734    00000012     rtsv7M4_T_le_v4SPD16_eabi.lib : copy_zero_init.obj (.text:decompress:ZI)
                  00004746    00000010     driverlib.lib : adc.obj (.text:ADCSequenceDMAEnable)
                  00004756    00000010                   : pwm.obj (.text:PWMGenPeriodSet)
                  00004766    00000010     TM4C123_nRF24L01.obj (.text:clearRfCSN)
                  00004776    00000010     TM4C123_nRF24L01.obj (.text:setRfCSN)
                  00004786    00000002     --HOLE-- [fill = 0]
                  00004788    00000010     driverlib.lib : udma.obj (.text:uDMAEnable)
                  00004798    0000000e                   : adc.obj (.text:ADCSequenceEnable)
                  000047a6    0000000e                   : gpio.obj (.text:GPIOIntStatus)
                  000047b4    0000000e                   : timer.obj (.text:TimerEnable)
                  000047c2    0000000e     rtsv7M4_T_le_v4SPD16_eabi.lib : copy_decompress_none.obj (.text:decompress:none)
                  000047d0    0000000c     driverlib.lib : cpu.obj (.text:CPUcpsie)
                  000047dc    0000000c                   : gpio.obj (.text:GPIOIntEnable)
                  000047e8    0000000c                   : pwm.obj (.text:PWMGenDisable)
                  000047f4    0000000c                   : pwm.obj (.text:PWMGenEnable)
                  00004800    0000000c                   : ssi.obj (.text:SSIDataGet)
                  0000480c    0000000c     MainBoardDriver.obj (.text:disableMOTOR)
                  00004818    0000000c     MainBoardDriver.obj (.text:enableMOTOR)
                  00004824    0000000c     TM4C123_nRF24L01.obj (.text:getCEState)
                  00004830    0000000c     tm4c123gh6pm_startup_ccs.obj (.text)
                  0000483c    0000000c     driverlib.lib : udma.obj (.text:uDMAControlBaseSet)
                  00004848    0000000c                   : udma.obj (.text:uDMAErrorStatusClear)
                  00004854    0000000c                   : udma.obj (.text:uDMAErrorStatusGet)
                  00004860    0000000a                   : adc.obj (.text:ADCIntClear)
                  0000486a    0000000a                   : interrupt.obj (.text:IntMasterEnable)
                  00004874    0000000a                   : ssi.obj (.text:SSIDataPut)
                  0000487e    0000000a                   : ssi.obj (.text:SSIDisable)
                  00004888    0000000a                   : ssi.obj (.text:SSIEnable)
                  00004892    00000008                   : timer.obj (.text:TimerIntEnable)
                  0000489a    00000006                   : gpio.obj (.text:GPIOIntClear)
                  000048a0    00000006                   : gpio.obj (.text:GPIOPinRead)
                  000048a6    00000006                   : gpio.obj (.text:GPIOPinWrite)
                  000048ac    00000006                   : sysctl.obj (.text:SysCtlDelay)
                  000048b2    00000006     rtsv7M4_T_le_v4SPD16_eabi.lib : copy_decompress_rle.obj (.text:decompress:rle24)
                  000048b8    00000004     driverlib.lib : timer.obj (.text:TimerIntClear)

.const     0    000048bc    0000020b     
                  000048bc    0000009c     driverlib.lib : interrupt.obj (.const:g_pui32Regs)
                  00004958    00000090                   : gpio.obj (.const:g_pui32GPIOBaseAddrs)
                  000049e8    00000070                   : interrupt.obj (.const)
                  00004a58    0000006c                   : sysctl.obj (.const:g_pui32Xtals)
                  00004ac4    00000003     MainBoardDriver.obj (.const:.string)

.cinit     0    00004ac8    00000040     
                  00004ac8    00000016     (.cinit..data.load) [load image, compression = rle]
                  00004ade    00000002     --HOLE-- [fill = 0]
                  00004ae0    0000000c     (__TI_handler_table)
                  00004aec    00000004     --HOLE-- [fill = 0]
                  00004af0    00000008     (.cinit..bss.load) [load image, compression = zero_init]
                  00004af8    00000010     (__TI_cinit_table)

.bss       0    20000000    000008dd     UNINITIALIZED
                  20000000    00000400     MainBoardDriver.obj (.bss:ui8ControlTable)
                  20000400    00000258     main.obj (.bss:g_ui16ADC0Result)
                  20000658    00000258     main.obj (.bss:g_ui16ADC1Result)
                  200008b0    00000020     (.common:RF24_RX_buffer)
                  200008d0    00000004     (.common:g_ui32SysTickCount)
                  200008d4    00000004     (.common:ui32PWMPeriod)
                  200008d8    00000001     (.common:CEState)
                  200008d9    00000001     (.common:addressWidth)
                  200008da    00000001     (.common:crcConfig)
                  200008db    00000001     (.common:features)
                  200008dc    00000001     (.common:status)

.stack     0    200008e0    00000400     UNINITIALIZED
                  200008e0    00000400     --HOLE--

.data      0    20000ce0    0000001c     UNINITIALIZED
                  20000ce0    00000008     MainBoardDriver.obj (.data)
                  20000ce8    00000008     rtsv7M4_T_le_v4SPD16_eabi.lib : _lock.obj (.data)
                  20000cf0    00000008                                   : exit.obj (.data)
                  20000cf8    00000004                                   : stkdepth_vars.obj (.data)


LINKER GENERATED COPY TABLES

__TI_cinit_table @ 00004af8 records: 2, size/record: 8, table size: 16
	.data: load addr=00004ac8, load size=00000016 bytes, run addr=20000ce0, run size=0000001c bytes, compression=rle
	.bss: load addr=00004af0, load size=00000008 bytes, run addr=20000000, run size=000008dd bytes, compression=zero_init


LINKER GENERATED HANDLER TABLE

__TI_handler_table @ 00004ae0 records: 3, size/record: 4, table size: 12
	index: 0, handler: __TI_decompress_rle24
	index: 1, handler: __TI_decompress_none
	index: 2, handler: __TI_zero_init


GLOBAL SYMBOLS: SORTED ALPHABETICALLY BY Name 

address    name
--------   ----
00002f8f   ADC0IntHandler
00002fe7   ADC1IntHandler
00004049   ADCDitherDisable
00004033   ADCDitherEnable
000046a5   ADCHardwareOversampleConfigure
00004861   ADCIntClear
0000435d   ADCIntStatus
00004245   ADCSequenceConfigure
00004747   ADCSequenceDMAEnable
00004799   ADCSequenceEnable
00003cd1   ADCSequenceStepConfigure
0000417d   C$$EXIT
000047d1   CPUcpsie
00003e23   GPIOAIntHandler
0000443d   GPIODirModeSet
0000489b   GPIOIntClear
000047dd   GPIOIntEnable
000047a7   GPIOIntStatus
00003fbd   GPIOIntTypeSet
0000330d   GPIOPadConfigSet
00004061   GPIOPinConfigure
000048a1   GPIOPinRead
00004013   GPIOPinToggle
000046b7   GPIOPinTypeADC
000046c9   GPIOPinTypeGPIOInput
00004609   GPIOPinTypeGPIOOutput
000046db   GPIOPinTypePWM
000046ed   GPIOPinTypeSSI
000048a7   GPIOPinWrite
00003e49   IntEnable
0000486b   IntMasterEnable
00004491   IntPrioritySet
000044d9   PWMGenConfigure
000047e9   PWMGenDisable
000047f5   PWMGenEnable
00004757   PWMGenPeriodSet
000046ff   PWMOutputState
0000455d   PWMPulseWidthSet
000031a1   RF24_IntHandler
00002893   RF24_PIPE_close
000028ef   RF24_PIPE_closeAll
00002981   RF24_PIPE_isOpen
0000290b   RF24_PIPE_open
000029c1   RF24_PIPE_setPacketSize
00002abd   RF24_RETRANS_getLastRetransmits
00002a83   RF24_RETRANS_setCount
00002a49   RF24_RETRANS_setDelay
000027d5   RF24_RX_activate
200008b0   RF24_RX_buffer
00002879   RF24_RX_carrierDetection
000027bf   RF24_RX_flush
0000276d   RF24_RX_getPayloadData
00002749   RF24_RX_getPayloadWidth
000027f7   RF24_RX_isEmpty
00002813   RF24_RX_sendAckWithPayload
000026db   RF24_RX_setAddress
000026a5   RF24_TX_activate
00002679   RF24_TX_flush
000026c7   RF24_TX_pulseTransmit
0000268f   RF24_TX_reuseLastPayload
00002585   RF24_TX_setAddress
000025d1   RF24_TX_writePayloadAck
00002625   RF24_TX_writePayloadNoAck
00002547   RF24_clearIrqFlag
0000234d   RF24_disableFeatures
00002313   RF24_enableFeatures
000023fd   RF24_getCurrentState
00002513   RF24_getIrqFlag
00002377   RF24_getLostPackets
0000226d   RF24_init
00002385   RF24_isAlive
000042c1   RF24_readRegister
000024ad   RF24_scan
000023df   RF24_setAddressWidth
000023c9   RF24_setChannel
00004651   RF24_setConfigureRegister
000023ab   RF24_setSpeedAndPower
00002457   RF24_startPowerDown
0000246b   RF24_startStandby
000042f5   RF24_writeRegister
00004831   ResetISR
UNDEFED    SHT$$INIT_ARRAY$$Base
UNDEFED    SHT$$INIT_ARRAY$$Limit
000043b9   SPI_sendAndGetData
000041c1   SSIConfigSetExpClk
00004801   SSIDataGet
00004711   SSIDataGetNonBlocking
00004875   SSIDataPut
0000487f   SSIDisable
00004889   SSIEnable
00003059   SpeakerTimerIntHandler
00003565   SysCtlClockGet
00003785   SysCtlClockSet
000048ad   SysCtlDelay
00004669   SysCtlPWMClockSet
00004329   SysCtlPeripheralEnable
00003dd1   SysTickHandler
00003f09   TimerConfigure
00003f65   TimerControlTrigger
0000467d   TimerDisable
000047b5   TimerEnable
000048b9   TimerIntClear
00004893   TimerIntEnable
00004723   TimerLoadSet
20000ce0   __STACK_END
00000400   __STACK_SIZE
20000ae0   __STACK_TOP
00004af8   __TI_CINIT_Base
00004b08   __TI_CINIT_Limit
00004ae0   __TI_Handler_Table_Base
00004aec   __TI_Handler_Table_Limit
00000001   __TI_args_main
00003bb1   __TI_auto_init
20000cf0   __TI_cleanup_ptr
000047c3   __TI_decompress_none
000048b3   __TI_decompress_rle24
20000cf4   __TI_dtors_ptr
00004ac8   __TI_static_base__
00004735   __TI_zero_init
00003b15   __aeabi_memcpy
00003b15   __aeabi_memcpy4
00003b15   __aeabi_memcpy8
ffffffff   __binit__
ffffffff   __c_args__
200008e0   __stack
00004621   _args_main
000040a9   _c_int00
20000ce8   _lock
0000469f   _nop
00004697   _register_lock
00004691   _register_unlock
20000cec   _unlock
00004181   abort
ffffffff   binit
0000457d   clearRfCE
00004767   clearRfCSN
00004139   copy_in
0000480d   disableMOTOR
00004819   enableMOTOR
00004189   exit
00002000   g_pfnVectors
20000400   g_ui16ADC0Result
20000658   g_ui16ADC1Result
200008d0   g_ui32SysTickCount
00004825   getCEState
00004599   groundAdjacentADCPins
00002f45   initADC
0000343d   initDistanceSensingModules
000044fd   initLED
0000367d   initMotor
00003c45   initRfModule
00003875   initSpeaker
00003961   initSpiForRF
00003ddb   main
20000cf8   main_func_sp
00003b15   memcpy
000043d3   rfDelayLoop
0000306d   sendDataToControlBoard
00004283   sendTestData
0000438b   setMotorDirection
000043e5   setMotorSpeed
000045b5   setRfCE
00004777   setRfCSN
00002f11   signalUnhandleError
0000451d   startSamplingMicSignals
000045d1   startSpeaker
00002ad1   testAllMotorModes
00004205   testCarrierDetection
00003a3d   testRfTransmission
000045ed   turnOffLED
0000453d   turnOnLED
00004411   uDMAChannelAssign
000040f1   uDMAChannelAttributeDisable
000044b5   uDMAChannelControlSet
00004639   uDMAChannelEnable
00004469   uDMAChannelModeGet
00003d51   uDMAChannelTransferSet
0000483d   uDMAControlBaseSet
00004789   uDMAEnable
0000303f   uDMAErrorHandler
00004849   uDMAErrorStatusClear
00004855   uDMAErrorStatusGet


GLOBAL SYMBOLS: SORTED BY Symbol Address 

address    name
--------   ----
00000001   __TI_args_main
00000400   __STACK_SIZE
00002000   g_pfnVectors
0000226d   RF24_init
00002313   RF24_enableFeatures
0000234d   RF24_disableFeatures
00002377   RF24_getLostPackets
00002385   RF24_isAlive
000023ab   RF24_setSpeedAndPower
000023c9   RF24_setChannel
000023df   RF24_setAddressWidth
000023fd   RF24_getCurrentState
00002457   RF24_startPowerDown
0000246b   RF24_startStandby
000024ad   RF24_scan
00002513   RF24_getIrqFlag
00002547   RF24_clearIrqFlag
00002585   RF24_TX_setAddress
000025d1   RF24_TX_writePayloadAck
00002625   RF24_TX_writePayloadNoAck
00002679   RF24_TX_flush
0000268f   RF24_TX_reuseLastPayload
000026a5   RF24_TX_activate
000026c7   RF24_TX_pulseTransmit
000026db   RF24_RX_setAddress
00002749   RF24_RX_getPayloadWidth
0000276d   RF24_RX_getPayloadData
000027bf   RF24_RX_flush
000027d5   RF24_RX_activate
000027f7   RF24_RX_isEmpty
00002813   RF24_RX_sendAckWithPayload
00002879   RF24_RX_carrierDetection
00002893   RF24_PIPE_close
000028ef   RF24_PIPE_closeAll
0000290b   RF24_PIPE_open
00002981   RF24_PIPE_isOpen
000029c1   RF24_PIPE_setPacketSize
00002a49   RF24_RETRANS_setDelay
00002a83   RF24_RETRANS_setCount
00002abd   RF24_RETRANS_getLastRetransmits
00002ad1   testAllMotorModes
00002f11   signalUnhandleError
00002f45   initADC
00002f8f   ADC0IntHandler
00002fe7   ADC1IntHandler
0000303f   uDMAErrorHandler
00003059   SpeakerTimerIntHandler
0000306d   sendDataToControlBoard
000031a1   RF24_IntHandler
0000330d   GPIOPadConfigSet
0000343d   initDistanceSensingModules
00003565   SysCtlClockGet
0000367d   initMotor
00003785   SysCtlClockSet
00003875   initSpeaker
00003961   initSpiForRF
00003a3d   testRfTransmission
00003b15   __aeabi_memcpy
00003b15   __aeabi_memcpy4
00003b15   __aeabi_memcpy8
00003b15   memcpy
00003bb1   __TI_auto_init
00003c45   initRfModule
00003cd1   ADCSequenceStepConfigure
00003d51   uDMAChannelTransferSet
00003dd1   SysTickHandler
00003ddb   main
00003e23   GPIOAIntHandler
00003e49   IntEnable
00003f09   TimerConfigure
00003f65   TimerControlTrigger
00003fbd   GPIOIntTypeSet
00004013   GPIOPinToggle
00004033   ADCDitherEnable
00004049   ADCDitherDisable
00004061   GPIOPinConfigure
000040a9   _c_int00
000040f1   uDMAChannelAttributeDisable
00004139   copy_in
0000417d   C$$EXIT
00004181   abort
00004189   exit
000041c1   SSIConfigSetExpClk
00004205   testCarrierDetection
00004245   ADCSequenceConfigure
00004283   sendTestData
000042c1   RF24_readRegister
000042f5   RF24_writeRegister
00004329   SysCtlPeripheralEnable
0000435d   ADCIntStatus
0000438b   setMotorDirection
000043b9   SPI_sendAndGetData
000043d3   rfDelayLoop
000043e5   setMotorSpeed
00004411   uDMAChannelAssign
0000443d   GPIODirModeSet
00004469   uDMAChannelModeGet
00004491   IntPrioritySet
000044b5   uDMAChannelControlSet
000044d9   PWMGenConfigure
000044fd   initLED
0000451d   startSamplingMicSignals
0000453d   turnOnLED
0000455d   PWMPulseWidthSet
0000457d   clearRfCE
00004599   groundAdjacentADCPins
000045b5   setRfCE
000045d1   startSpeaker
000045ed   turnOffLED
00004609   GPIOPinTypeGPIOOutput
00004621   _args_main
00004639   uDMAChannelEnable
00004651   RF24_setConfigureRegister
00004669   SysCtlPWMClockSet
0000467d   TimerDisable
00004691   _register_unlock
00004697   _register_lock
0000469f   _nop
000046a5   ADCHardwareOversampleConfigure
000046b7   GPIOPinTypeADC
000046c9   GPIOPinTypeGPIOInput
000046db   GPIOPinTypePWM
000046ed   GPIOPinTypeSSI
000046ff   PWMOutputState
00004711   SSIDataGetNonBlocking
00004723   TimerLoadSet
00004735   __TI_zero_init
00004747   ADCSequenceDMAEnable
00004757   PWMGenPeriodSet
00004767   clearRfCSN
00004777   setRfCSN
00004789   uDMAEnable
00004799   ADCSequenceEnable
000047a7   GPIOIntStatus
000047b5   TimerEnable
000047c3   __TI_decompress_none
000047d1   CPUcpsie
000047dd   GPIOIntEnable
000047e9   PWMGenDisable
000047f5   PWMGenEnable
00004801   SSIDataGet
0000480d   disableMOTOR
00004819   enableMOTOR
00004825   getCEState
00004831   ResetISR
0000483d   uDMAControlBaseSet
00004849   uDMAErrorStatusClear
00004855   uDMAErrorStatusGet
00004861   ADCIntClear
0000486b   IntMasterEnable
00004875   SSIDataPut
0000487f   SSIDisable
00004889   SSIEnable
00004893   TimerIntEnable
0000489b   GPIOIntClear
000048a1   GPIOPinRead
000048a7   GPIOPinWrite
000048ad   SysCtlDelay
000048b3   __TI_decompress_rle24
000048b9   TimerIntClear
00004ac8   __TI_static_base__
00004ae0   __TI_Handler_Table_Base
00004aec   __TI_Handler_Table_Limit
00004af8   __TI_CINIT_Base
00004b08   __TI_CINIT_Limit
20000400   g_ui16ADC0Result
20000658   g_ui16ADC1Result
200008b0   RF24_RX_buffer
200008d0   g_ui32SysTickCount
200008e0   __stack
20000ae0   __STACK_TOP
20000ce0   __STACK_END
20000ce8   _lock
20000cec   _unlock
20000cf0   __TI_cleanup_ptr
20000cf4   __TI_dtors_ptr
20000cf8   main_func_sp
ffffffff   __binit__
ffffffff   __c_args__
ffffffff   binit
UNDEFED    SHT$$INIT_ARRAY$$Base
UNDEFED    SHT$$INIT_ARRAY$$Limit

[182 symbols]
