Archive member included because of file (symbol)

d:/ti/ccsv6/tools/compiler/gcc-arm-none-eabi-4_7-2013q3/bin/../lib/gcc/arm-none-eabi/4.7.4/../../../../arm-none-eabi/lib\libc.a(lib_a-__atexit.o)
                              d:/ti/ccsv6/tools/compiler/gcc-arm-none-eabi-4_7-2013q3/bin/../lib/gcc/arm-none-eabi/4.7.4/../../../../arm-none-eabi/lib/crt0.o (__register_exitproc)
d:/ti/ccsv6/tools/compiler/gcc-arm-none-eabi-4_7-2013q3/bin/../lib/gcc/arm-none-eabi/4.7.4/../../../../arm-none-eabi/lib\libc.a(lib_a-exit.o)
                              d:/ti/ccsv6/tools/compiler/gcc-arm-none-eabi-4_7-2013q3/bin/../lib/gcc/arm-none-eabi/4.7.4/../../../../arm-none-eabi/lib/crt0.o (exit)
d:/ti/ccsv6/tools/compiler/gcc-arm-none-eabi-4_7-2013q3/bin/../lib/gcc/arm-none-eabi/4.7.4/../../../../arm-none-eabi/lib\libc.a(lib_a-fini.o)
                              d:/ti/ccsv6/tools/compiler/gcc-arm-none-eabi-4_7-2013q3/bin/../lib/gcc/arm-none-eabi/4.7.4/../../../../arm-none-eabi/lib/crt0.o (__libc_fini_array)
d:/ti/ccsv6/tools/compiler/gcc-arm-none-eabi-4_7-2013q3/bin/../lib/gcc/arm-none-eabi/4.7.4/../../../../arm-none-eabi/lib\libc.a(lib_a-impure.o)
                              d:/ti/ccsv6/tools/compiler/gcc-arm-none-eabi-4_7-2013q3/bin/../lib/gcc/arm-none-eabi/4.7.4/../../../../arm-none-eabi/lib\libc.a(lib_a-__atexit.o) (_global_impure_ptr)
d:/ti/ccsv6/tools/compiler/gcc-arm-none-eabi-4_7-2013q3/bin/../lib/gcc/arm-none-eabi/4.7.4/../../../../arm-none-eabi/lib\libc.a(lib_a-init.o)
                              d:/ti/ccsv6/tools/compiler/gcc-arm-none-eabi-4_7-2013q3/bin/../lib/gcc/arm-none-eabi/4.7.4/../../../../arm-none-eabi/lib/crt0.o (__libc_init_array)
d:/ti/ccsv6/tools/compiler/gcc-arm-none-eabi-4_7-2013q3/bin/../lib/gcc/arm-none-eabi/4.7.4/../../../../arm-none-eabi/lib\libc.a(lib_a-memset.o)
                              d:/ti/ccsv6/tools/compiler/gcc-arm-none-eabi-4_7-2013q3/bin/../lib/gcc/arm-none-eabi/4.7.4/../../../../arm-none-eabi/lib/crt0.o (memset)
d:/ti/ccsv6/tools/compiler/gcc-arm-none-eabi-4_7-2013q3/bin/../lib/gcc/arm-none-eabi/4.7.4/../../../../arm-none-eabi/lib\libc.a(lib_a-__call_atexit.o)
                              d:/ti/ccsv6/tools/compiler/gcc-arm-none-eabi-4_7-2013q3/bin/../lib/gcc/arm-none-eabi/4.7.4/../../../../arm-none-eabi/lib\libc.a(lib_a-exit.o) (__call_exitprocs)
d:/ti/ccsv6/tools/compiler/gcc-arm-none-eabi-4_7-2013q3/bin/../lib/gcc/arm-none-eabi/4.7.4/../../../../arm-none-eabi/lib\libc.a(lib_a-atexit.o)
                              d:/ti/ccsv6/tools/compiler/gcc-arm-none-eabi-4_7-2013q3/bin/../lib/gcc/arm-none-eabi/4.7.4/../../../../arm-none-eabi/lib\libc.a(lib_a-__call_atexit.o) (atexit)
d:/ti/ccsv6/tools/compiler/gcc-arm-none-eabi-4_7-2013q3/bin/../lib/gcc/arm-none-eabi/4.7.4/../../../../arm-none-eabi/lib\libnosys.a(_exit.o)
                              d:/ti/ccsv6/tools/compiler/gcc-arm-none-eabi-4_7-2013q3/bin/../lib/gcc/arm-none-eabi/4.7.4/../../../../arm-none-eabi/lib\libc.a(lib_a-exit.o) (_exit)

Memory Configuration

Name             Origin             Length             Attributes
FLASH            0x00000000         0x00040000         xr
SRAM             0x20000000         0x00008000         xw
*default*        0x00000000         0xffffffff

Linker script and memory map

LOAD d:/ti/ccsv6/tools/compiler/gcc-arm-none-eabi-4_7-2013q3/bin/../lib/gcc/arm-none-eabi/4.7.4/crti.o
LOAD d:/ti/ccsv6/tools/compiler/gcc-arm-none-eabi-4_7-2013q3/bin/../lib/gcc/arm-none-eabi/4.7.4/crtbegin.o
LOAD d:/ti/ccsv6/tools/compiler/gcc-arm-none-eabi-4_7-2013q3/bin/../lib/gcc/arm-none-eabi/4.7.4/../../../../arm-none-eabi/lib/crt0.o
LOAD ./main.o
LOAD ./tm4c123gh6pm_startup_ccs_gcc.o
                0x00000000                PROVIDE (_intvecs_base_address, 0x0)

.intvecs        0x00000000      0x26c
 *(.intvecs)
 .intvecs       0x00000000      0x26c ./tm4c123gh6pm_startup_ccs_gcc.o
                0x00000000                g_pfnVectors
                0x20000000                PROVIDE (_vtable_base_address, 0x20000000)

.vtable
 *(.vtable)

.text           0x0000026c      0x7c4
 CREATE_OBJECT_SYMBOLS
 *(.text)
 .text          0x0000026c        0x0 d:/ti/ccsv6/tools/compiler/gcc-arm-none-eabi-4_7-2013q3/bin/../lib/gcc/arm-none-eabi/4.7.4/crti.o
 .text          0x0000026c       0x94 d:/ti/ccsv6/tools/compiler/gcc-arm-none-eabi-4_7-2013q3/bin/../lib/gcc/arm-none-eabi/4.7.4/crtbegin.o
 .text          0x00000300      0x110 d:/ti/ccsv6/tools/compiler/gcc-arm-none-eabi-4_7-2013q3/bin/../lib/gcc/arm-none-eabi/4.7.4/../../../../arm-none-eabi/lib/crt0.o
                0x00000300                _start
                0x00000300                start
                0x00000300                _mainCRTStartup
 .text          0x00000410        0x0 ./main.o
 .text          0x00000410        0x0 ./tm4c123gh6pm_startup_ccs_gcc.o
 .text          0x00000410        0x0 d:/ti/ccsv6/tools/compiler/gcc-arm-none-eabi-4_7-2013q3/bin/../lib/gcc/arm-none-eabi/4.7.4/../../../../arm-none-eabi/lib\libc.a(lib_a-__atexit.o)
 .text          0x00000410        0x0 d:/ti/ccsv6/tools/compiler/gcc-arm-none-eabi-4_7-2013q3/bin/../lib/gcc/arm-none-eabi/4.7.4/../../../../arm-none-eabi/lib\libc.a(lib_a-exit.o)
 .text          0x00000410        0x0 d:/ti/ccsv6/tools/compiler/gcc-arm-none-eabi-4_7-2013q3/bin/../lib/gcc/arm-none-eabi/4.7.4/../../../../arm-none-eabi/lib\libc.a(lib_a-fini.o)
 .text          0x00000410        0x0 d:/ti/ccsv6/tools/compiler/gcc-arm-none-eabi-4_7-2013q3/bin/../lib/gcc/arm-none-eabi/4.7.4/../../../../arm-none-eabi/lib\libc.a(lib_a-impure.o)
 .text          0x00000410        0x0 d:/ti/ccsv6/tools/compiler/gcc-arm-none-eabi-4_7-2013q3/bin/../lib/gcc/arm-none-eabi/4.7.4/../../../../arm-none-eabi/lib\libc.a(lib_a-init.o)
 .text          0x00000410        0x0 d:/ti/ccsv6/tools/compiler/gcc-arm-none-eabi-4_7-2013q3/bin/../lib/gcc/arm-none-eabi/4.7.4/../../../../arm-none-eabi/lib\libc.a(lib_a-memset.o)
 .text          0x00000410        0x0 d:/ti/ccsv6/tools/compiler/gcc-arm-none-eabi-4_7-2013q3/bin/../lib/gcc/arm-none-eabi/4.7.4/../../../../arm-none-eabi/lib\libc.a(lib_a-__call_atexit.o)
 .text          0x00000410        0x0 d:/ti/ccsv6/tools/compiler/gcc-arm-none-eabi-4_7-2013q3/bin/../lib/gcc/arm-none-eabi/4.7.4/../../../../arm-none-eabi/lib\libc.a(lib_a-atexit.o)
 .text          0x00000410        0x0 d:/ti/ccsv6/tools/compiler/gcc-arm-none-eabi-4_7-2013q3/bin/../lib/gcc/arm-none-eabi/4.7.4/../../../../arm-none-eabi/lib\libnosys.a(_exit.o)
 .text          0x00000410        0x0 d:/ti/ccsv6/tools/compiler/gcc-arm-none-eabi-4_7-2013q3/bin/../lib/gcc/arm-none-eabi/4.7.4/crtend.o
 .text          0x00000410        0x0 d:/ti/ccsv6/tools/compiler/gcc-arm-none-eabi-4_7-2013q3/bin/../lib/gcc/arm-none-eabi/4.7.4/crtn.o
 *(.text.*)
 .text.main     0x00000410       0x98 ./main.o
                0x00000410                main
 .text.ResetISR
                0x000004a8       0x84 ./tm4c123gh6pm_startup_ccs_gcc.o
                0x000004a8                ResetISR
 .text.NmiSR    0x0000052c        0x8 ./tm4c123gh6pm_startup_ccs_gcc.o
 .text.FaultISR
                0x00000534        0x8 ./tm4c123gh6pm_startup_ccs_gcc.o
 .text.IntDefaultHandler
                0x0000053c        0x8 ./tm4c123gh6pm_startup_ccs_gcc.o
 .text.__register_exitproc
                0x00000544       0xf4 d:/ti/ccsv6/tools/compiler/gcc-arm-none-eabi-4_7-2013q3/bin/../lib/gcc/arm-none-eabi/4.7.4/../../../../arm-none-eabi/lib\libc.a(lib_a-__atexit.o)
                0x00000544                __register_exitproc
 .text.exit     0x00000638       0x34 d:/ti/ccsv6/tools/compiler/gcc-arm-none-eabi-4_7-2013q3/bin/../lib/gcc/arm-none-eabi/4.7.4/../../../../arm-none-eabi/lib\libc.a(lib_a-exit.o)
                0x00000638                exit
 .text.__libc_fini_array
                0x0000066c       0x44 d:/ti/ccsv6/tools/compiler/gcc-arm-none-eabi-4_7-2013q3/bin/../lib/gcc/arm-none-eabi/4.7.4/../../../../arm-none-eabi/lib\libc.a(lib_a-fini.o)
                0x0000066c                __libc_fini_array
 .text.__libc_init_array
                0x000006b0       0x88 d:/ti/ccsv6/tools/compiler/gcc-arm-none-eabi-4_7-2013q3/bin/../lib/gcc/arm-none-eabi/4.7.4/../../../../arm-none-eabi/lib\libc.a(lib_a-init.o)
                0x000006b0                __libc_init_array
 .text.memset   0x00000738       0xf8 d:/ti/ccsv6/tools/compiler/gcc-arm-none-eabi-4_7-2013q3/bin/../lib/gcc/arm-none-eabi/4.7.4/../../../../arm-none-eabi/lib\libc.a(lib_a-memset.o)
                0x00000738                memset
 .text.startup.register_fini
                0x00000830       0x24 d:/ti/ccsv6/tools/compiler/gcc-arm-none-eabi-4_7-2013q3/bin/../lib/gcc/arm-none-eabi/4.7.4/../../../../arm-none-eabi/lib\libc.a(lib_a-__call_atexit.o)
 .text.__call_exitprocs
                0x00000854      0x17c d:/ti/ccsv6/tools/compiler/gcc-arm-none-eabi-4_7-2013q3/bin/../lib/gcc/arm-none-eabi/4.7.4/../../../../arm-none-eabi/lib\libc.a(lib_a-__call_atexit.o)
                0x00000854                __call_exitprocs
 .text.atexit   0x000009d0       0x20 d:/ti/ccsv6/tools/compiler/gcc-arm-none-eabi-4_7-2013q3/bin/../lib/gcc/arm-none-eabi/4.7.4/../../../../arm-none-eabi/lib\libc.a(lib_a-atexit.o)
                0x000009d0                atexit
 .text._exit    0x000009f0        0x4 d:/ti/ccsv6/tools/compiler/gcc-arm-none-eabi-4_7-2013q3/bin/../lib/gcc/arm-none-eabi/4.7.4/../../../../arm-none-eabi/lib\libnosys.a(_exit.o)
                0x000009f0                _exit
                0x000009f4                . = ALIGN (0x4)
 *(.ctors)
                0x000009f4                . = ALIGN (0x4)
 *(.dtors)
                0x000009f4                . = ALIGN (0x4)
                0x000009f4                __init_array_start = .
 *(.init_array*)
 .init_array    0x000009f4        0x4 d:/ti/ccsv6/tools/compiler/gcc-arm-none-eabi-4_7-2013q3/bin/../lib/gcc/arm-none-eabi/4.7.4/crtbegin.o
 .init_array.00000
                0x000009f8        0x4 d:/ti/ccsv6/tools/compiler/gcc-arm-none-eabi-4_7-2013q3/bin/../lib/gcc/arm-none-eabi/4.7.4/../../../../arm-none-eabi/lib\libc.a(lib_a-__call_atexit.o)
                0x000009fc                __init_array_end = .
 *(.init)
 .init          0x000009fc        0xc d:/ti/ccsv6/tools/compiler/gcc-arm-none-eabi-4_7-2013q3/bin/../lib/gcc/arm-none-eabi/4.7.4/crti.o
                0x000009fc                _init
 .init          0x00000a08        0xc d:/ti/ccsv6/tools/compiler/gcc-arm-none-eabi-4_7-2013q3/bin/../lib/gcc/arm-none-eabi/4.7.4/crtn.o
 *(.fini*)
 .fini          0x00000a14        0xc d:/ti/ccsv6/tools/compiler/gcc-arm-none-eabi-4_7-2013q3/bin/../lib/gcc/arm-none-eabi/4.7.4/crti.o
                0x00000a14                _fini
 .fini_array    0x00000a20        0x4 d:/ti/ccsv6/tools/compiler/gcc-arm-none-eabi-4_7-2013q3/bin/../lib/gcc/arm-none-eabi/4.7.4/crtbegin.o
 .fini          0x00000a24        0xc d:/ti/ccsv6/tools/compiler/gcc-arm-none-eabi-4_7-2013q3/bin/../lib/gcc/arm-none-eabi/4.7.4/crtn.o
                0x00000a30                PROVIDE (__etext, .)
                0x00000a30                PROVIDE (_etext, .)
                0x00000a30                PROVIDE (etext, .)

.glue_7         0x00000a30        0x0
 .glue_7        0x00000000        0x0 linker stubs

.glue_7t        0x00000a30        0x0
 .glue_7t       0x00000000        0x0 linker stubs

.vfp11_veneer   0x00000a30        0x0
 .vfp11_veneer  0x00000000        0x0 linker stubs

.v4_bx          0x00000a30        0x0
 .v4_bx         0x00000000        0x0 linker stubs

.iplt           0x00000a30        0x0
 .iplt          0x00000000        0x0 d:/ti/ccsv6/tools/compiler/gcc-arm-none-eabi-4_7-2013q3/bin/../lib/gcc/arm-none-eabi/4.7.4/crtbegin.o

.rodata         0x00000a30        0x8
 *(.rodata)
 *(.rodata*)
 .rodata.str1.4
                0x00000a30        0x4 d:/ti/ccsv6/tools/compiler/gcc-arm-none-eabi-4_7-2013q3/bin/../lib/gcc/arm-none-eabi/4.7.4/../../../../arm-none-eabi/lib\libc.a(lib_a-impure.o)
 .rodata._global_impure_ptr
                0x00000a34        0x4 d:/ti/ccsv6/tools/compiler/gcc-arm-none-eabi-4_7-2013q3/bin/../lib/gcc/arm-none-eabi/4.7.4/../../../../arm-none-eabi/lib\libc.a(lib_a-impure.o)
                0x00000a34                _global_impure_ptr

.eh_frame       0x00000a38        0x4
 .eh_frame      0x00000a38        0x0 d:/ti/ccsv6/tools/compiler/gcc-arm-none-eabi-4_7-2013q3/bin/../lib/gcc/arm-none-eabi/4.7.4/crtbegin.o
 .eh_frame      0x00000a38        0x4 d:/ti/ccsv6/tools/compiler/gcc-arm-none-eabi-4_7-2013q3/bin/../lib/gcc/arm-none-eabi/4.7.4/crtend.o

.data           0x20000000      0x434 load address 0x00000a3c
                0x00000a3c                __data_load__ = LOADADDR (.data)
                0x20000000                __data_start__ = .
 *(.data)
 .data          0x20000000        0x0 d:/ti/ccsv6/tools/compiler/gcc-arm-none-eabi-4_7-2013q3/bin/../lib/gcc/arm-none-eabi/4.7.4/crti.o
 .data          0x20000000        0x4 d:/ti/ccsv6/tools/compiler/gcc-arm-none-eabi-4_7-2013q3/bin/../lib/gcc/arm-none-eabi/4.7.4/crtbegin.o
                0x20000000                __dso_handle
 .data          0x20000004        0x0 d:/ti/ccsv6/tools/compiler/gcc-arm-none-eabi-4_7-2013q3/bin/../lib/gcc/arm-none-eabi/4.7.4/../../../../arm-none-eabi/lib/crt0.o
 .data          0x20000004        0x0 ./main.o
 .data          0x20000004        0x0 ./tm4c123gh6pm_startup_ccs_gcc.o
 .data          0x20000004        0x0 d:/ti/ccsv6/tools/compiler/gcc-arm-none-eabi-4_7-2013q3/bin/../lib/gcc/arm-none-eabi/4.7.4/../../../../arm-none-eabi/lib\libc.a(lib_a-__atexit.o)
 .data          0x20000004        0x0 d:/ti/ccsv6/tools/compiler/gcc-arm-none-eabi-4_7-2013q3/bin/../lib/gcc/arm-none-eabi/4.7.4/../../../../arm-none-eabi/lib\libc.a(lib_a-exit.o)
 .data          0x20000004        0x0 d:/ti/ccsv6/tools/compiler/gcc-arm-none-eabi-4_7-2013q3/bin/../lib/gcc/arm-none-eabi/4.7.4/../../../../arm-none-eabi/lib\libc.a(lib_a-fini.o)
 .data          0x20000004        0x0 d:/ti/ccsv6/tools/compiler/gcc-arm-none-eabi-4_7-2013q3/bin/../lib/gcc/arm-none-eabi/4.7.4/../../../../arm-none-eabi/lib\libc.a(lib_a-impure.o)
 .data          0x20000004        0x0 d:/ti/ccsv6/tools/compiler/gcc-arm-none-eabi-4_7-2013q3/bin/../lib/gcc/arm-none-eabi/4.7.4/../../../../arm-none-eabi/lib\libc.a(lib_a-init.o)
 .data          0x20000004        0x0 d:/ti/ccsv6/tools/compiler/gcc-arm-none-eabi-4_7-2013q3/bin/../lib/gcc/arm-none-eabi/4.7.4/../../../../arm-none-eabi/lib\libc.a(lib_a-memset.o)
 .data          0x20000004        0x0 d:/ti/ccsv6/tools/compiler/gcc-arm-none-eabi-4_7-2013q3/bin/../lib/gcc/arm-none-eabi/4.7.4/../../../../arm-none-eabi/lib\libc.a(lib_a-__call_atexit.o)
 .data          0x20000004        0x0 d:/ti/ccsv6/tools/compiler/gcc-arm-none-eabi-4_7-2013q3/bin/../lib/gcc/arm-none-eabi/4.7.4/../../../../arm-none-eabi/lib\libc.a(lib_a-atexit.o)
 .data          0x20000004        0x0 d:/ti/ccsv6/tools/compiler/gcc-arm-none-eabi-4_7-2013q3/bin/../lib/gcc/arm-none-eabi/4.7.4/../../../../arm-none-eabi/lib\libnosys.a(_exit.o)
 .data          0x20000004        0x0 d:/ti/ccsv6/tools/compiler/gcc-arm-none-eabi-4_7-2013q3/bin/../lib/gcc/arm-none-eabi/4.7.4/crtend.o
 .data          0x20000004        0x0 d:/ti/ccsv6/tools/compiler/gcc-arm-none-eabi-4_7-2013q3/bin/../lib/gcc/arm-none-eabi/4.7.4/crtn.o
 *(.data*)
 *fill*         0x20000004        0x4 00
 .data.impure_data
                0x20000008      0x428 d:/ti/ccsv6/tools/compiler/gcc-arm-none-eabi-4_7-2013q3/bin/../lib/gcc/arm-none-eabi/4.7.4/../../../../arm-none-eabi/lib\libc.a(lib_a-impure.o)
 .data._impure_ptr
                0x20000430        0x4 d:/ti/ccsv6/tools/compiler/gcc-arm-none-eabi-4_7-2013q3/bin/../lib/gcc/arm-none-eabi/4.7.4/../../../../arm-none-eabi/lib\libc.a(lib_a-impure.o)
                0x20000430                _impure_ptr
                0x20000434                . = ALIGN (0x4)
                0x20000434                __data_end__ = .

.jcr            0x20000434        0x4 load address 0x00000e70
 .jcr           0x20000434        0x0 d:/ti/ccsv6/tools/compiler/gcc-arm-none-eabi-4_7-2013q3/bin/../lib/gcc/arm-none-eabi/4.7.4/crtbegin.o
 .jcr           0x20000434        0x4 d:/ti/ccsv6/tools/compiler/gcc-arm-none-eabi-4_7-2013q3/bin/../lib/gcc/arm-none-eabi/4.7.4/crtend.o

.igot.plt       0x20000438        0x0 load address 0x00000e74
 .igot.plt      0x00000000        0x0 d:/ti/ccsv6/tools/compiler/gcc-arm-none-eabi-4_7-2013q3/bin/../lib/gcc/arm-none-eabi/4.7.4/crtbegin.o

.ARM.exidx      0x00000e74        0x8
                0x00000e74                __exidx_start = .
 *(.ARM.exidx* .gnu.linkonce.armexidx.*)
 .ARM.exidx     0x00000e74        0x8 d:/ti/ccsv6/tools/compiler/gcc-arm-none-eabi-4_7-2013q3/bin/../lib/gcc/arm-none-eabi/4.7.4/../../../../arm-none-eabi/lib/crt0.o
                0x00000e7c                __exidx_end = .

.ARM.extab      0x00000e7c        0x0
 *(.ARM.extab* .gnu.linkonce.armextab.*)
 .ARM.extab     0x00000e7c        0x0 d:/ti/ccsv6/tools/compiler/gcc-arm-none-eabi-4_7-2013q3/bin/../lib/gcc/arm-none-eabi/4.7.4/../../../../arm-none-eabi/lib/crt0.o

.rel.dyn        0x00000e7c        0x0
 .rel.iplt      0x00000000        0x0 d:/ti/ccsv6/tools/compiler/gcc-arm-none-eabi-4_7-2013q3/bin/../lib/gcc/arm-none-eabi/4.7.4/crtbegin.o

.bss            0x20000438      0x21c
                0x20000438                __bss_start__ = .
 *(.shbss)
 *(.bss)
 .bss           0x20000438        0x0 d:/ti/ccsv6/tools/compiler/gcc-arm-none-eabi-4_7-2013q3/bin/../lib/gcc/arm-none-eabi/4.7.4/crti.o
 .bss           0x20000438       0x1c d:/ti/ccsv6/tools/compiler/gcc-arm-none-eabi-4_7-2013q3/bin/../lib/gcc/arm-none-eabi/4.7.4/crtbegin.o
 .bss           0x20000454        0x0 d:/ti/ccsv6/tools/compiler/gcc-arm-none-eabi-4_7-2013q3/bin/../lib/gcc/arm-none-eabi/4.7.4/../../../../arm-none-eabi/lib/crt0.o
 .bss           0x20000454        0x0 ./main.o
 .bss           0x20000454        0x0 ./tm4c123gh6pm_startup_ccs_gcc.o
 .bss           0x20000454        0x0 d:/ti/ccsv6/tools/compiler/gcc-arm-none-eabi-4_7-2013q3/bin/../lib/gcc/arm-none-eabi/4.7.4/../../../../arm-none-eabi/lib\libc.a(lib_a-__atexit.o)
 .bss           0x20000454        0x0 d:/ti/ccsv6/tools/compiler/gcc-arm-none-eabi-4_7-2013q3/bin/../lib/gcc/arm-none-eabi/4.7.4/../../../../arm-none-eabi/lib\libc.a(lib_a-exit.o)
 .bss           0x20000454        0x0 d:/ti/ccsv6/tools/compiler/gcc-arm-none-eabi-4_7-2013q3/bin/../lib/gcc/arm-none-eabi/4.7.4/../../../../arm-none-eabi/lib\libc.a(lib_a-fini.o)
 .bss           0x20000454        0x0 d:/ti/ccsv6/tools/compiler/gcc-arm-none-eabi-4_7-2013q3/bin/../lib/gcc/arm-none-eabi/4.7.4/../../../../arm-none-eabi/lib\libc.a(lib_a-impure.o)
 .bss           0x20000454        0x0 d:/ti/ccsv6/tools/compiler/gcc-arm-none-eabi-4_7-2013q3/bin/../lib/gcc/arm-none-eabi/4.7.4/../../../../arm-none-eabi/lib\libc.a(lib_a-init.o)
 .bss           0x20000454        0x0 d:/ti/ccsv6/tools/compiler/gcc-arm-none-eabi-4_7-2013q3/bin/../lib/gcc/arm-none-eabi/4.7.4/../../../../arm-none-eabi/lib\libc.a(lib_a-memset.o)
 .bss           0x20000454        0x0 d:/ti/ccsv6/tools/compiler/gcc-arm-none-eabi-4_7-2013q3/bin/../lib/gcc/arm-none-eabi/4.7.4/../../../../arm-none-eabi/lib\libc.a(lib_a-__call_atexit.o)
 .bss           0x20000454        0x0 d:/ti/ccsv6/tools/compiler/gcc-arm-none-eabi-4_7-2013q3/bin/../lib/gcc/arm-none-eabi/4.7.4/../../../../arm-none-eabi/lib\libc.a(lib_a-atexit.o)
 .bss           0x20000454        0x0 d:/ti/ccsv6/tools/compiler/gcc-arm-none-eabi-4_7-2013q3/bin/../lib/gcc/arm-none-eabi/4.7.4/../../../../arm-none-eabi/lib\libnosys.a(_exit.o)
 .bss           0x20000454        0x0 d:/ti/ccsv6/tools/compiler/gcc-arm-none-eabi-4_7-2013q3/bin/../lib/gcc/arm-none-eabi/4.7.4/crtend.o
 .bss           0x20000454        0x0 d:/ti/ccsv6/tools/compiler/gcc-arm-none-eabi-4_7-2013q3/bin/../lib/gcc/arm-none-eabi/4.7.4/crtn.o
 *(.bss.*)
 .bss.pui32Stack
                0x20000454      0x200 ./tm4c123gh6pm_startup_ccs_gcc.o
 *(COMMON)
                0x20000654                . = ALIGN (0x4)
                0x20000654                __bss_end__ = .

.heap           0x20000654        0x0
                0x20000654                __heap_start__ = .
                0x20000654                end = __heap_start__
                0x20000654                _end = end
                0x20000654                __end = end
 *(.heap)
                0x20000654                __heap_end__ = .
                0x20000654                __HeapLimit = __heap_end__

.stack          0x20000658        0x0
                0x20000658                _stack = .
                0x20000658                __stack = .
 *(.stack)
START GROUP
LOAD d:/ti/ccsv6/tools/compiler/gcc-arm-none-eabi-4_7-2013q3/bin/../lib/gcc/arm-none-eabi/4.7.4/../../../../arm-none-eabi/lib\libc.a
LOAD d:/ti/ccsv6/tools/compiler/gcc-arm-none-eabi-4_7-2013q3/bin/../lib/gcc/arm-none-eabi/4.7.4\libgcc.a
LOAD d:/ti/ccsv6/tools/compiler/gcc-arm-none-eabi-4_7-2013q3/bin/../lib/gcc/arm-none-eabi/4.7.4/../../../../arm-none-eabi/lib\libnosys.a
LOAD D:/Program Files/TI/TivaWare_C_Series-2.1.0.12573/driverlib/gcc\libdriver.a
END GROUP
START GROUP
LOAD d:/ti/ccsv6/tools/compiler/gcc-arm-none-eabi-4_7-2013q3/bin/../lib/gcc/arm-none-eabi/4.7.4\libgcc.a
LOAD d:/ti/ccsv6/tools/compiler/gcc-arm-none-eabi-4_7-2013q3/bin/../lib/gcc/arm-none-eabi/4.7.4/../../../../arm-none-eabi/lib\libg.a
LOAD d:/ti/ccsv6/tools/compiler/gcc-arm-none-eabi-4_7-2013q3/bin/../lib/gcc/arm-none-eabi/4.7.4/../../../../arm-none-eabi/lib\libc.a
END GROUP
LOAD d:/ti/ccsv6/tools/compiler/gcc-arm-none-eabi-4_7-2013q3/bin/../lib/gcc/arm-none-eabi/4.7.4/crtend.o
LOAD d:/ti/ccsv6/tools/compiler/gcc-arm-none-eabi-4_7-2013q3/bin/../lib/gcc/arm-none-eabi/4.7.4/crtn.o
OUTPUT(Bootloader_Test.out elf32-littlearm)

.ARM.attributes
                0x00000000       0x37
 .ARM.attributes
                0x00000000       0x16 d:/ti/ccsv6/tools/compiler/gcc-arm-none-eabi-4_7-2013q3/bin/../lib/gcc/arm-none-eabi/4.7.4/crti.o
 .ARM.attributes
                0x00000016       0x30 d:/ti/ccsv6/tools/compiler/gcc-arm-none-eabi-4_7-2013q3/bin/../lib/gcc/arm-none-eabi/4.7.4/crtbegin.o
 .ARM.attributes
                0x00000046       0x14 d:/ti/ccsv6/tools/compiler/gcc-arm-none-eabi-4_7-2013q3/bin/../lib/gcc/arm-none-eabi/4.7.4/../../../../arm-none-eabi/lib/crt0.o
 .ARM.attributes
                0x0000005a       0x39 ./main.o
 .ARM.attributes
                0x00000093       0x39 ./tm4c123gh6pm_startup_ccs_gcc.o
 .ARM.attributes
                0x000000cc       0x30 d:/ti/ccsv6/tools/compiler/gcc-arm-none-eabi-4_7-2013q3/bin/../lib/gcc/arm-none-eabi/4.7.4/../../../../arm-none-eabi/lib\libc.a(lib_a-__atexit.o)
 .ARM.attributes
                0x000000fc       0x30 d:/ti/ccsv6/tools/compiler/gcc-arm-none-eabi-4_7-2013q3/bin/../lib/gcc/arm-none-eabi/4.7.4/../../../../arm-none-eabi/lib\libc.a(lib_a-exit.o)
 .ARM.attributes
                0x0000012c       0x30 d:/ti/ccsv6/tools/compiler/gcc-arm-none-eabi-4_7-2013q3/bin/../lib/gcc/arm-none-eabi/4.7.4/../../../../arm-none-eabi/lib\libc.a(lib_a-fini.o)
 .ARM.attributes
                0x0000015c       0x30 d:/ti/ccsv6/tools/compiler/gcc-arm-none-eabi-4_7-2013q3/bin/../lib/gcc/arm-none-eabi/4.7.4/../../../../arm-none-eabi/lib\libc.a(lib_a-impure.o)
 .ARM.attributes
                0x0000018c       0x30 d:/ti/ccsv6/tools/compiler/gcc-arm-none-eabi-4_7-2013q3/bin/../lib/gcc/arm-none-eabi/4.7.4/../../../../arm-none-eabi/lib\libc.a(lib_a-init.o)
 .ARM.attributes
                0x000001bc       0x30 d:/ti/ccsv6/tools/compiler/gcc-arm-none-eabi-4_7-2013q3/bin/../lib/gcc/arm-none-eabi/4.7.4/../../../../arm-none-eabi/lib\libc.a(lib_a-memset.o)
 .ARM.attributes
                0x000001ec       0x30 d:/ti/ccsv6/tools/compiler/gcc-arm-none-eabi-4_7-2013q3/bin/../lib/gcc/arm-none-eabi/4.7.4/../../../../arm-none-eabi/lib\libc.a(lib_a-__call_atexit.o)
 .ARM.attributes
                0x0000021c       0x30 d:/ti/ccsv6/tools/compiler/gcc-arm-none-eabi-4_7-2013q3/bin/../lib/gcc/arm-none-eabi/4.7.4/../../../../arm-none-eabi/lib\libc.a(lib_a-atexit.o)
 .ARM.attributes
                0x0000024c       0x30 d:/ti/ccsv6/tools/compiler/gcc-arm-none-eabi-4_7-2013q3/bin/../lib/gcc/arm-none-eabi/4.7.4/../../../../arm-none-eabi/lib\libnosys.a(_exit.o)
 .ARM.attributes
                0x0000027c       0x30 d:/ti/ccsv6/tools/compiler/gcc-arm-none-eabi-4_7-2013q3/bin/../lib/gcc/arm-none-eabi/4.7.4/crtend.o
 .ARM.attributes
                0x000002ac       0x18 d:/ti/ccsv6/tools/compiler/gcc-arm-none-eabi-4_7-2013q3/bin/../lib/gcc/arm-none-eabi/4.7.4/crtn.o

.comment        0x00000000       0x70
 .comment       0x00000000       0x70 ./main.o
                                 0x71 (size before relaxing)
 .comment       0x00000000       0x71 ./tm4c123gh6pm_startup_ccs_gcc.o

.debug_info     0x00000000      0x1f2
 .debug_info    0x00000000       0x88 ./main.o
 .debug_info    0x00000088      0x16a ./tm4c123gh6pm_startup_ccs_gcc.o

.debug_abbrev   0x00000000      0x110
 .debug_abbrev  0x00000000       0x4a ./main.o
 .debug_abbrev  0x0000004a       0xc6 ./tm4c123gh6pm_startup_ccs_gcc.o

.debug_loc      0x00000000       0xe8
 .debug_loc     0x00000000       0x2c ./main.o
 .debug_loc     0x0000002c       0xbc ./tm4c123gh6pm_startup_ccs_gcc.o

.debug_aranges  0x00000000       0x58
 .debug_aranges
                0x00000000       0x20 ./main.o
 .debug_aranges
                0x00000020       0x38 ./tm4c123gh6pm_startup_ccs_gcc.o

.debug_line     0x00000000      0x1e1
 .debug_line    0x00000000       0xc9 ./main.o
 .debug_line    0x000000c9      0x118 ./tm4c123gh6pm_startup_ccs_gcc.o

.debug_str      0x00000000      0x186
 .debug_str     0x00000000       0xe2 ./main.o
                                0x116 (size before relaxing)
 .debug_str     0x000000e2       0xa4 ./tm4c123gh6pm_startup_ccs_gcc.o
                                0x1ab (size before relaxing)

.debug_frame    0x00000000      0x218
 .debug_frame   0x00000000       0x2c ./main.o
 .debug_frame   0x0000002c       0x78 ./tm4c123gh6pm_startup_ccs_gcc.o
 .debug_frame   0x000000a4       0x34 d:/ti/ccsv6/tools/compiler/gcc-arm-none-eabi-4_7-2013q3/bin/../lib/gcc/arm-none-eabi/4.7.4/../../../../arm-none-eabi/lib\libc.a(lib_a-__atexit.o)
 .debug_frame   0x000000d8       0x28 d:/ti/ccsv6/tools/compiler/gcc-arm-none-eabi-4_7-2013q3/bin/../lib/gcc/arm-none-eabi/4.7.4/../../../../arm-none-eabi/lib\libc.a(lib_a-exit.o)
 .debug_frame   0x00000100       0x2c d:/ti/ccsv6/tools/compiler/gcc-arm-none-eabi-4_7-2013q3/bin/../lib/gcc/arm-none-eabi/4.7.4/../../../../arm-none-eabi/lib\libc.a(lib_a-fini.o)
 .debug_frame   0x0000012c       0x2c d:/ti/ccsv6/tools/compiler/gcc-arm-none-eabi-4_7-2013q3/bin/../lib/gcc/arm-none-eabi/4.7.4/../../../../arm-none-eabi/lib\libc.a(lib_a-init.o)
 .debug_frame   0x00000158       0x28 d:/ti/ccsv6/tools/compiler/gcc-arm-none-eabi-4_7-2013q3/bin/../lib/gcc/arm-none-eabi/4.7.4/../../../../arm-none-eabi/lib\libc.a(lib_a-memset.o)
 .debug_frame   0x00000180       0x50 d:/ti/ccsv6/tools/compiler/gcc-arm-none-eabi-4_7-2013q3/bin/../lib/gcc/arm-none-eabi/4.7.4/../../../../arm-none-eabi/lib\libc.a(lib_a-__call_atexit.o)
 .debug_frame   0x000001d0       0x28 d:/ti/ccsv6/tools/compiler/gcc-arm-none-eabi-4_7-2013q3/bin/../lib/gcc/arm-none-eabi/4.7.4/../../../../arm-none-eabi/lib\libc.a(lib_a-atexit.o)
 .debug_frame   0x000001f8       0x20 d:/ti/ccsv6/tools/compiler/gcc-arm-none-eabi-4_7-2013q3/bin/../lib/gcc/arm-none-eabi/4.7.4/../../../../arm-none-eabi/lib\libnosys.a(_exit.o)
