<?xml version="1.0"?>
<link_info>
   <banner>TI ARM Linker PC v5.1.6</banner>
   <copyright>Copyright (c) 1996-2014 Texas Instruments Incorporated</copyright>
   <link_time>0x539bc1f3</link_time>
   <link_errors>0x0</link_errors>
   <output_file>BootLoaderTesting.out</output_file>
   <entry_point>
      <name>_c_int00</name>
      <address>0x40a9</address>
   </entry_point>
   <input_file_list>
      <input_file id="fl-2">
         <path>.\libnrf24l01\src\</path>
         <kind>object</kind>
         <file>nRF24L01.obj</file>
         <name>nRF24L01.obj</name>
      </input_file>
      <input_file id="fl-3">
         <path>.\libnrf24l01\src\</path>
         <kind>object</kind>
         <file>TM4C123_nRF24L01.obj</file>
         <name>TM4C123_nRF24L01.obj</name>
      </input_file>
      <input_file id="fl-4">
         <path>.\</path>
         <kind>object</kind>
         <file>tm4c123gh6pm_startup_ccs.obj</file>
         <name>tm4c123gh6pm_startup_ccs.obj</name>
      </input_file>
      <input_file id="fl-5">
         <path>.\</path>
         <kind>object</kind>
         <file>main.obj</file>
         <name>main.obj</name>
      </input_file>
      <input_file id="fl-6">
         <path>.\</path>
         <kind>object</kind>
         <file>MainBoardDriver.obj</file>
         <name>MainBoardDriver.obj</name>
      </input_file>
      <input_file id="fl-7">
         <path>.\</path>
         <kind>object</kind>
         <file>CustomTivaDrivers.obj</file>
         <name>CustomTivaDrivers.obj</name>
      </input_file>
      <input_file id="fl-135">
         <path>c:\ti\ccsv6\tools\compiler\arm_5.1.6\lib\</path>
         <kind>archive</kind>
         <file>rtsv7M4_T_le_v4SPD16_eabi.lib</file>
         <name>boot.obj</name>
      </input_file>
      <input_file id="fl-136">
         <path>c:\ti\ccsv6\tools\compiler\arm_5.1.6\lib\</path>
         <kind>archive</kind>
         <file>rtsv7M4_T_le_v4SPD16_eabi.lib</file>
         <name>copy_decompress_none.obj</name>
      </input_file>
      <input_file id="fl-137">
         <path>c:\ti\ccsv6\tools\compiler\arm_5.1.6\lib\</path>
         <kind>archive</kind>
         <file>rtsv7M4_T_le_v4SPD16_eabi.lib</file>
         <name>copy_decompress_rle.obj</name>
      </input_file>
      <input_file id="fl-138">
         <path>c:\ti\ccsv6\tools\compiler\arm_5.1.6\lib\</path>
         <kind>archive</kind>
         <file>rtsv7M4_T_le_v4SPD16_eabi.lib</file>
         <name>copy_zero_init.obj</name>
      </input_file>
      <input_file id="fl-139">
         <path>c:\ti\ccsv6\tools\compiler\arm_5.1.6\lib\</path>
         <kind>archive</kind>
         <file>rtsv7M4_T_le_v4SPD16_eabi.lib</file>
         <name>exit.obj</name>
      </input_file>
      <input_file id="fl-13a">
         <path>c:\ti\ccsv6\tools\compiler\arm_5.1.6\lib\</path>
         <kind>archive</kind>
         <file>rtsv7M4_T_le_v4SPD16_eabi.lib</file>
         <name>memcpy_t2.obj</name>
      </input_file>
      <input_file id="fl-13b">
         <path>c:\ti\ccsv6\tools\compiler\arm_5.1.6\lib\</path>
         <kind>archive</kind>
         <file>rtsv7M4_T_le_v4SPD16_eabi.lib</file>
         <name>stkdepth_vars.obj</name>
      </input_file>
      <input_file id="fl-13c">
         <path>c:\ti\ccsv6\tools\compiler\arm_5.1.6\lib\</path>
         <kind>archive</kind>
         <file>rtsv7M4_T_le_v4SPD16_eabi.lib</file>
         <name>_lock.obj</name>
      </input_file>
      <input_file id="fl-13d">
         <path>c:\ti\ccsv6\tools\compiler\arm_5.1.6\lib\</path>
         <kind>archive</kind>
         <file>rtsv7M4_T_le_v4SPD16_eabi.lib</file>
         <name>args_main.obj</name>
      </input_file>
      <input_file id="fl-13e">
         <path>c:\ti\ccsv6\tools\compiler\arm_5.1.6\lib\</path>
         <kind>archive</kind>
         <file>rtsv7M4_T_le_v4SPD16_eabi.lib</file>
         <name>auto_init.obj</name>
      </input_file>
      <input_file id="fl-13f">
         <path>c:\ti\ccsv6\tools\compiler\arm_5.1.6\lib\</path>
         <kind>archive</kind>
         <file>rtsv7M4_T_le_v4SPD16_eabi.lib</file>
         <name>cpy_tbl.obj</name>
      </input_file>
      <input_file id="fl-140">
         <path>D:\Portable\Programs\TivaDriver\driverlib\ccs\Debug\</path>
         <kind>archive</kind>
         <file>driverlib.lib</file>
         <name>udma.obj</name>
      </input_file>
      <input_file id="fl-141">
         <path>D:\Portable\Programs\TivaDriver\driverlib\ccs\Debug\</path>
         <kind>archive</kind>
         <file>driverlib.lib</file>
         <name>timer.obj</name>
      </input_file>
      <input_file id="fl-142">
         <path>D:\Portable\Programs\TivaDriver\driverlib\ccs\Debug\</path>
         <kind>archive</kind>
         <file>driverlib.lib</file>
         <name>sysctl.obj</name>
      </input_file>
      <input_file id="fl-143">
         <path>D:\Portable\Programs\TivaDriver\driverlib\ccs\Debug\</path>
         <kind>archive</kind>
         <file>driverlib.lib</file>
         <name>ssi.obj</name>
      </input_file>
      <input_file id="fl-144">
         <path>D:\Portable\Programs\TivaDriver\driverlib\ccs\Debug\</path>
         <kind>archive</kind>
         <file>driverlib.lib</file>
         <name>pwm.obj</name>
      </input_file>
      <input_file id="fl-145">
         <path>D:\Portable\Programs\TivaDriver\driverlib\ccs\Debug\</path>
         <kind>archive</kind>
         <file>driverlib.lib</file>
         <name>interrupt.obj</name>
      </input_file>
      <input_file id="fl-146">
         <path>D:\Portable\Programs\TivaDriver\driverlib\ccs\Debug\</path>
         <kind>archive</kind>
         <file>driverlib.lib</file>
         <name>gpio.obj</name>
      </input_file>
      <input_file id="fl-147">
         <path>D:\Portable\Programs\TivaDriver\driverlib\ccs\Debug\</path>
         <kind>archive</kind>
         <file>driverlib.lib</file>
         <name>cpu.obj</name>
      </input_file>
      <input_file id="fl-148">
         <path>D:\Portable\Programs\TivaDriver\driverlib\ccs\Debug\</path>
         <kind>archive</kind>
         <file>driverlib.lib</file>
         <name>adc.obj</name>
      </input_file>
   </input_file_list>
   <object_component_list>
      <object_component id="oc-e">
         <name>.intvecs</name>
         <load_address>0x2000</load_address>
         <run_address>0x2000</run_address>
         <size>0x26c</size>
         <input_file_ref idref="fl-4"/>
      </object_component>
      <object_component id="oc-12d">
         <name>.text</name>
         <load_address>0x226c</load_address>
         <run_address>0x226c</run_address>
         <size>0x864</size>
         <input_file_ref idref="fl-2"/>
      </object_component>
      <object_component id="oc-249">
         <name>.text:testAllMotorModes</name>
         <load_address>0x2ad0</load_address>
         <run_address>0x2ad0</run_address>
         <size>0x440</size>
         <input_file_ref idref="fl-6"/>
      </object_component>
      <object_component id="oc-35">
         <name>.text</name>
         <load_address>0x2f10</load_address>
         <run_address>0x2f10</run_address>
         <size>0x290</size>
         <input_file_ref idref="fl-6"/>
      </object_component>
      <object_component id="oc-af">
         <name>.text:RF24_IntHandler</name>
         <load_address>0x31a0</load_address>
         <run_address>0x31a0</run_address>
         <size>0x16c</size>
         <input_file_ref idref="fl-5"/>
      </object_component>
      <object_component id="oc-214">
         <name>.text:GPIOPadConfigSet</name>
         <load_address>0x330c</load_address>
         <run_address>0x330c</run_address>
         <size>0x130</size>
         <input_file_ref idref="fl-146"/>
      </object_component>
      <object_component id="oc-8f">
         <name>.text:initDistanceSensingModules</name>
         <load_address>0x343c</load_address>
         <run_address>0x343c</run_address>
         <size>0x128</size>
         <input_file_ref idref="fl-6"/>
      </object_component>
      <object_component id="oc-195">
         <name>.text:SysCtlClockGet</name>
         <load_address>0x3564</load_address>
         <run_address>0x3564</run_address>
         <size>0x118</size>
         <input_file_ref idref="fl-142"/>
      </object_component>
      <object_component id="oc-81">
         <name>.text:initMotor</name>
         <load_address>0x367c</load_address>
         <run_address>0x367c</run_address>
         <size>0x108</size>
         <input_file_ref idref="fl-6"/>
      </object_component>
      <object_component id="oc-74">
         <name>.text:SysCtlClockSet</name>
         <load_address>0x3784</load_address>
         <run_address>0x3784</run_address>
         <size>0xf0</size>
         <input_file_ref idref="fl-142"/>
      </object_component>
      <object_component id="oc-96">
         <name>.text:initSpeaker</name>
         <load_address>0x3874</load_address>
         <run_address>0x3874</run_address>
         <size>0xec</size>
         <input_file_ref idref="fl-6"/>
      </object_component>
      <object_component id="oc-2a0">
         <name>.text:initSpiForRF</name>
         <load_address>0x3960</load_address>
         <run_address>0x3960</run_address>
         <size>0xdc</size>
         <input_file_ref idref="fl-3"/>
      </object_component>
      <object_component id="oc-23b">
         <name>.text:testRfTransmission</name>
         <load_address>0x3a3c</load_address>
         <run_address>0x3a3c</run_address>
         <size>0xd8</size>
         <input_file_ref idref="fl-6"/>
      </object_component>
      <object_component id="oc-53">
         <name>.text</name>
         <load_address>0x3b14</load_address>
         <run_address>0x3b14</run_address>
         <size>0x9c</size>
         <input_file_ref idref="fl-13a"/>
      </object_component>
      <object_component id="oc-3e">
         <name>.text</name>
         <load_address>0x3bb0</load_address>
         <run_address>0x3bb0</run_address>
         <size>0x94</size>
         <input_file_ref idref="fl-13e"/>
      </object_component>
      <object_component id="oc-88">
         <name>.text:initRfModule</name>
         <load_address>0x3c44</load_address>
         <run_address>0x3c44</run_address>
         <size>0x8c</size>
         <input_file_ref idref="fl-6"/>
      </object_component>
      <object_component id="oc-d2">
         <name>.text:ADCSequenceStepConfigure</name>
         <load_address>0x3cd0</load_address>
         <run_address>0x3cd0</run_address>
         <size>0x80</size>
         <input_file_ref idref="fl-148"/>
      </object_component>
      <object_component id="oc-102">
         <name>.text:uDMAChannelTransferSet</name>
         <load_address>0x3d50</load_address>
         <run_address>0x3d50</run_address>
         <size>0x80</size>
         <input_file_ref idref="fl-140"/>
      </object_component>
      <object_component id="oc-2f">
         <name>.text</name>
         <load_address>0x3dd0</load_address>
         <run_address>0x3dd0</run_address>
         <size>0x78</size>
         <input_file_ref idref="fl-5"/>
      </object_component>
      <object_component id="oc-1f3">
         <name>.text:IntEnable</name>
         <load_address>0x3e48</load_address>
         <run_address>0x3e48</run_address>
         <size>0x60</size>
         <input_file_ref idref="fl-145"/>
      </object_component>
      <object_component id="oc-66">
         <name>.text</name>
         <load_address>0x3ea8</load_address>
         <run_address>0x3ea8</run_address>
         <size>0x5e</size>
         <input_file_ref idref="fl-137"/>
      </object_component>
      <object_component id="oc-1f9">
         <name>.text:TimerConfigure</name>
         <load_address>0x3f08</load_address>
         <run_address>0x3f08</run_address>
         <size>0x5c</size>
         <input_file_ref idref="fl-141"/>
      </object_component>
      <object_component id="oc-205">
         <name>.text:TimerControlTrigger</name>
         <load_address>0x3f64</load_address>
         <run_address>0x3f64</run_address>
         <size>0x58</size>
         <input_file_ref idref="fl-141"/>
      </object_component>
      <object_component id="oc-383">
         <name>.text:GPIOIntTypeSet</name>
         <load_address>0x3fbc</load_address>
         <run_address>0x3fbc</run_address>
         <size>0x56</size>
         <input_file_ref idref="fl-146"/>
      </object_component>
      <object_component id="oc-d8">
         <name>.text</name>
         <load_address>0x4012</load_address>
         <run_address>0x4012</run_address>
         <size>0x4c</size>
         <input_file_ref idref="fl-7"/>
      </object_component>
      <object_component id="oc-19b">
         <name>.text:GPIOPinConfigure</name>
         <load_address>0x4060</load_address>
         <run_address>0x4060</run_address>
         <size>0x48</size>
         <input_file_ref idref="fl-146"/>
      </object_component>
      <object_component id="oc-11">
         <name>.text</name>
         <load_address>0x40a8</load_address>
         <run_address>0x40a8</run_address>
         <size>0x48</size>
         <input_file_ref idref="fl-135"/>
      </object_component>
      <object_component id="oc-1e7">
         <name>.text:uDMAChannelAttributeDisable</name>
         <load_address>0x40f0</load_address>
         <run_address>0x40f0</run_address>
         <size>0x48</size>
         <input_file_ref idref="fl-140"/>
      </object_component>
      <object_component id="oc-155">
         <name>.text</name>
         <load_address>0x4138</load_address>
         <run_address>0x4138</run_address>
         <size>0x44</size>
         <input_file_ref idref="fl-13f"/>
      </object_component>
      <object_component id="oc-49">
         <name>.text</name>
         <load_address>0x417c</load_address>
         <run_address>0x417c</run_address>
         <size>0x44</size>
         <input_file_ref idref="fl-139"/>
      </object_component>
      <object_component id="oc-371">
         <name>.text:SSIConfigSetExpClk</name>
         <load_address>0x41c0</load_address>
         <run_address>0x41c0</run_address>
         <size>0x42</size>
         <input_file_ref idref="fl-143"/>
      </object_component>
      <object_component id="oc-242">
         <name>.text:testCarrierDetection</name>
         <load_address>0x4204</load_address>
         <run_address>0x4204</run_address>
         <size>0x40</size>
         <input_file_ref idref="fl-6"/>
      </object_component>
      <object_component id="oc-cc">
         <name>.text:ADCSequenceConfigure</name>
         <load_address>0x4244</load_address>
         <run_address>0x4244</run_address>
         <size>0x3e</size>
         <input_file_ref idref="fl-148"/>
      </object_component>
      <object_component id="oc-26b">
         <name>.text:sendTestData</name>
         <load_address>0x4282</load_address>
         <run_address>0x4282</run_address>
         <size>0x3c</size>
         <input_file_ref idref="fl-6"/>
      </object_component>
      <object_component id="oc-2bc">
         <name>.text:RF24_readRegister</name>
         <load_address>0x42c0</load_address>
         <run_address>0x42c0</run_address>
         <size>0x34</size>
         <input_file_ref idref="fl-2"/>
      </object_component>
      <object_component id="oc-2b5">
         <name>.text:RF24_writeRegister</name>
         <load_address>0x42f4</load_address>
         <run_address>0x42f4</run_address>
         <size>0x34</size>
         <input_file_ref idref="fl-2"/>
      </object_component>
      <object_component id="oc-c0">
         <name>.text:SysCtlPeripheralEnable</name>
         <load_address>0x4328</load_address>
         <run_address>0x4328</run_address>
         <size>0x34</size>
         <input_file_ref idref="fl-142"/>
      </object_component>
      <object_component id="oc-ea">
         <name>.text:ADCIntStatus</name>
         <load_address>0x435c</load_address>
         <run_address>0x435c</run_address>
         <size>0x2e</size>
         <input_file_ref idref="fl-148"/>
      </object_component>
      <object_component id="oc-257">
         <name>.text:setMotorDirection</name>
         <load_address>0x438a</load_address>
         <run_address>0x438a</run_address>
         <size>0x2e</size>
         <input_file_ref idref="fl-6"/>
      </object_component>
      <object_component id="oc-a3">
         <name>.text</name>
         <load_address>0x43b8</load_address>
         <run_address>0x43b8</run_address>
         <size>0x2c</size>
         <input_file_ref idref="fl-3"/>
      </object_component>
      <object_component id="oc-25e">
         <name>.text:setMotorSpeed</name>
         <load_address>0x43e4</load_address>
         <run_address>0x43e4</run_address>
         <size>0x2c</size>
         <input_file_ref idref="fl-6"/>
      </object_component>
      <object_component id="oc-1e1">
         <name>.text:uDMAChannelAssign</name>
         <load_address>0x4410</load_address>
         <run_address>0x4410</run_address>
         <size>0x2c</size>
         <input_file_ref idref="fl-140"/>
      </object_component>
      <object_component id="oc-20e">
         <name>.text:GPIODirModeSet</name>
         <load_address>0x443c</load_address>
         <run_address>0x443c</run_address>
         <size>0x2a</size>
         <input_file_ref idref="fl-146"/>
      </object_component>
      <object_component id="oc-f6">
         <name>.text:uDMAChannelModeGet</name>
         <load_address>0x4468</load_address>
         <run_address>0x4468</run_address>
         <size>0x28</size>
         <input_file_ref idref="fl-140"/>
      </object_component>
      <object_component id="oc-389">
         <name>.text:IntPrioritySet</name>
         <load_address>0x4490</load_address>
         <run_address>0x4490</run_address>
         <size>0x24</size>
         <input_file_ref idref="fl-145"/>
      </object_component>
      <object_component id="oc-1ed">
         <name>.text:uDMAChannelControlSet</name>
         <load_address>0x44b4</load_address>
         <run_address>0x44b4</run_address>
         <size>0x24</size>
         <input_file_ref idref="fl-140"/>
      </object_component>
      <object_component id="oc-1a7">
         <name>.text:PWMGenConfigure</name>
         <load_address>0x44d8</load_address>
         <run_address>0x44d8</run_address>
         <size>0x22</size>
         <input_file_ref idref="fl-144"/>
      </object_component>
      <object_component id="oc-7a">
         <name>.text:initLED</name>
         <load_address>0x44fc</load_address>
         <run_address>0x44fc</run_address>
         <size>0x20</size>
         <input_file_ref idref="fl-6"/>
      </object_component>
      <object_component id="oc-272">
         <name>.text:startSamplingMicSignals</name>
         <load_address>0x451c</load_address>
         <run_address>0x451c</run_address>
         <size>0x20</size>
         <input_file_ref idref="fl-6"/>
      </object_component>
      <object_component id="oc-346">
         <name>.text:turnOnLED</name>
         <load_address>0x453c</load_address>
         <run_address>0x453c</run_address>
         <size>0x20</size>
         <input_file_ref idref="fl-6"/>
      </object_component>
      <object_component id="oc-1b3">
         <name>.text:PWMPulseWidthSet</name>
         <load_address>0x455c</load_address>
         <run_address>0x455c</run_address>
         <size>0x1e</size>
         <input_file_ref idref="fl-144"/>
      </object_component>
      <object_component id="oc-2ae">
         <name>.text:clearRfCE</name>
         <load_address>0x457c</load_address>
         <run_address>0x457c</run_address>
         <size>0x1c</size>
         <input_file_ref idref="fl-3"/>
      </object_component>
      <object_component id="oc-1ce">
         <name>.text:groundAdjacentADCPins</name>
         <load_address>0x4598</load_address>
         <run_address>0x4598</run_address>
         <size>0x1c</size>
         <input_file_ref idref="fl-6"/>
      </object_component>
      <object_component id="oc-2dd">
         <name>.text:setRfCE</name>
         <load_address>0x45b4</load_address>
         <run_address>0x45b4</run_address>
         <size>0x1c</size>
         <input_file_ref idref="fl-3"/>
      </object_component>
      <object_component id="oc-279">
         <name>.text:startSpeaker</name>
         <load_address>0x45d0</load_address>
         <run_address>0x45d0</run_address>
         <size>0x1c</size>
         <input_file_ref idref="fl-6"/>
      </object_component>
      <object_component id="oc-188">
         <name>.text:turnOffLED</name>
         <load_address>0x45ec</load_address>
         <run_address>0x45ec</run_address>
         <size>0x1c</size>
         <input_file_ref idref="fl-6"/>
      </object_component>
      <object_component id="oc-182">
         <name>.text:GPIOPinTypeGPIOOutput</name>
         <load_address>0x4608</load_address>
         <run_address>0x4608</run_address>
         <size>0x18</size>
         <input_file_ref idref="fl-146"/>
      </object_component>
      <object_component id="oc-43">
         <name>.text</name>
         <load_address>0x4620</load_address>
         <run_address>0x4620</run_address>
         <size>0x18</size>
         <input_file_ref idref="fl-13d"/>
      </object_component>
      <object_component id="oc-108">
         <name>.text:uDMAChannelEnable</name>
         <load_address>0x4638</load_address>
         <run_address>0x4638</run_address>
         <size>0x18</size>
         <input_file_ref idref="fl-140"/>
      </object_component>
      <object_component id="oc-2ca">
         <name>.text:RF24_setConfigureRegister</name>
         <load_address>0x4650</load_address>
         <run_address>0x4650</run_address>
         <size>0x16</size>
         <input_file_ref idref="fl-2"/>
      </object_component>
      <object_component id="oc-18f">
         <name>.text:SysCtlPWMClockSet</name>
         <load_address>0x4668</load_address>
         <run_address>0x4668</run_address>
         <size>0x14</size>
         <input_file_ref idref="fl-142"/>
      </object_component>
      <object_component id="oc-fc">
         <name>.text:TimerDisable</name>
         <load_address>0x467c</load_address>
         <run_address>0x467c</run_address>
         <size>0x14</size>
         <input_file_ref idref="fl-141"/>
      </object_component>
      <object_component id="oc-2fc">
         <name>.text</name>
         <load_address>0x4690</load_address>
         <run_address>0x4690</run_address>
         <size>0x14</size>
         <input_file_ref idref="fl-13c"/>
      </object_component>
      <object_component id="oc-c6">
         <name>.text:ADCHardwareOversampleConfigure</name>
         <load_address>0x46a4</load_address>
         <run_address>0x46a4</run_address>
         <size>0x12</size>
         <input_file_ref idref="fl-148"/>
      </object_component>
      <object_component id="oc-1c8">
         <name>.text:GPIOPinTypeADC</name>
         <load_address>0x46b6</load_address>
         <run_address>0x46b6</run_address>
         <size>0x12</size>
         <input_file_ref idref="fl-146"/>
      </object_component>
      <object_component id="oc-377">
         <name>.text:GPIOPinTypeGPIOInput</name>
         <load_address>0x46c8</load_address>
         <run_address>0x46c8</run_address>
         <size>0x12</size>
         <input_file_ref idref="fl-146"/>
      </object_component>
      <object_component id="oc-1a1">
         <name>.text:GPIOPinTypePWM</name>
         <load_address>0x46da</load_address>
         <run_address>0x46da</run_address>
         <size>0x12</size>
         <input_file_ref idref="fl-146"/>
      </object_component>
      <object_component id="oc-36b">
         <name>.text:GPIOPinTypeSSI</name>
         <load_address>0x46ec</load_address>
         <run_address>0x46ec</run_address>
         <size>0x12</size>
         <input_file_ref idref="fl-146"/>
      </object_component>
      <object_component id="oc-1b9">
         <name>.text:PWMOutputState</name>
         <load_address>0x46fe</load_address>
         <run_address>0x46fe</run_address>
         <size>0x12</size>
         <input_file_ref idref="fl-144"/>
      </object_component>
      <object_component id="oc-395">
         <name>.text:SSIDataGetNonBlocking</name>
         <load_address>0x4710</load_address>
         <run_address>0x4710</run_address>
         <size>0x12</size>
         <input_file_ref idref="fl-143"/>
      </object_component>
      <object_component id="oc-1ff">
         <name>.text:TimerLoadSet</name>
         <load_address>0x4722</load_address>
         <run_address>0x4722</run_address>
         <size>0x12</size>
         <input_file_ref idref="fl-141"/>
      </object_component>
      <object_component id="oc-1c">
         <name>.text:decompress:ZI</name>
         <load_address>0x4734</load_address>
         <run_address>0x4734</run_address>
         <size>0x12</size>
         <input_file_ref idref="fl-138"/>
      </object_component>
      <object_component id="oc-e4">
         <name>.text:ADCSequenceDMAEnable</name>
         <load_address>0x4746</load_address>
         <run_address>0x4746</run_address>
         <size>0x10</size>
         <input_file_ref idref="fl-148"/>
      </object_component>
      <object_component id="oc-1ad">
         <name>.text:PWMGenPeriodSet</name>
         <load_address>0x4756</load_address>
         <run_address>0x4756</run_address>
         <size>0x10</size>
         <input_file_ref idref="fl-144"/>
      </object_component>
      <object_component id="oc-2d1">
         <name>.text:clearRfCSN</name>
         <load_address>0x4766</load_address>
         <run_address>0x4766</run_address>
         <size>0x10</size>
         <input_file_ref idref="fl-3"/>
      </object_component>
      <object_component id="oc-2a7">
         <name>.text:setRfCSN</name>
         <load_address>0x4776</load_address>
         <run_address>0x4776</run_address>
         <size>0x10</size>
         <input_file_ref idref="fl-3"/>
      </object_component>
      <object_component id="oc-1d5">
         <name>.text:uDMAEnable</name>
         <load_address>0x4788</load_address>
         <run_address>0x4788</run_address>
         <size>0x10</size>
         <input_file_ref idref="fl-140"/>
      </object_component>
      <object_component id="oc-de">
         <name>.text:ADCSequenceEnable</name>
         <load_address>0x4798</load_address>
         <run_address>0x4798</run_address>
         <size>0xe</size>
         <input_file_ref idref="fl-148"/>
      </object_component>
      <object_component id="oc-a9">
         <name>.text:GPIOIntStatus</name>
         <load_address>0x47a6</load_address>
         <run_address>0x47a6</run_address>
         <size>0xe</size>
         <input_file_ref idref="fl-146"/>
      </object_component>
      <object_component id="oc-351">
         <name>.text:TimerEnable</name>
         <load_address>0x47b4</load_address>
         <run_address>0x47b4</run_address>
         <size>0xe</size>
         <input_file_ref idref="fl-141"/>
      </object_component>
      <object_component id="oc-16">
         <name>.text:decompress:none</name>
         <load_address>0x47c2</load_address>
         <run_address>0x47c2</run_address>
         <size>0xe</size>
         <input_file_ref idref="fl-136"/>
      </object_component>
      <object_component id="oc-334">
         <name>.text:CPUcpsie</name>
         <load_address>0x47d0</load_address>
         <run_address>0x47d0</run_address>
         <size>0xc</size>
         <input_file_ref idref="fl-147"/>
      </object_component>
      <object_component id="oc-37d">
         <name>.text:GPIOIntEnable</name>
         <load_address>0x47dc</load_address>
         <run_address>0x47dc</run_address>
         <size>0xc</size>
         <input_file_ref idref="fl-146"/>
      </object_component>
      <object_component id="oc-127">
         <name>.text:PWMGenDisable</name>
         <load_address>0x47e8</load_address>
         <run_address>0x47e8</run_address>
         <size>0xc</size>
         <input_file_ref idref="fl-144"/>
      </object_component>
      <object_component id="oc-265">
         <name>.text:PWMGenEnable</name>
         <load_address>0x47f4</load_address>
         <run_address>0x47f4</run_address>
         <size>0xc</size>
         <input_file_ref idref="fl-144"/>
      </object_component>
      <object_component id="oc-22e">
         <name>.text:SSIDataGet</name>
         <load_address>0x4800</load_address>
         <run_address>0x4800</run_address>
         <size>0xc</size>
         <input_file_ref idref="fl-143"/>
      </object_component>
      <object_component id="oc-250">
         <name>.text:disableMOTOR</name>
         <load_address>0x480c</load_address>
         <run_address>0x480c</run_address>
         <size>0xc</size>
         <input_file_ref idref="fl-6"/>
      </object_component>
      <object_component id="oc-10e">
         <name>.text:enableMOTOR</name>
         <load_address>0x4818</load_address>
         <run_address>0x4818</run_address>
         <size>0xc</size>
         <input_file_ref idref="fl-6"/>
      </object_component>
      <object_component id="oc-2c3">
         <name>.text:getCEState</name>
         <load_address>0x4824</load_address>
         <run_address>0x4824</run_address>
         <size>0xc</size>
         <input_file_ref idref="fl-3"/>
      </object_component>
      <object_component id="oc-29">
         <name>.text</name>
         <load_address>0x4830</load_address>
         <run_address>0x4830</run_address>
         <size>0xc</size>
         <input_file_ref idref="fl-4"/>
      </object_component>
      <object_component id="oc-1db">
         <name>.text:uDMAControlBaseSet</name>
         <load_address>0x483c</load_address>
         <run_address>0x483c</run_address>
         <size>0xc</size>
         <input_file_ref idref="fl-140"/>
      </object_component>
      <object_component id="oc-11b">
         <name>.text:uDMAErrorStatusClear</name>
         <load_address>0x4848</load_address>
         <run_address>0x4848</run_address>
         <size>0xc</size>
         <input_file_ref idref="fl-140"/>
      </object_component>
      <object_component id="oc-115">
         <name>.text:uDMAErrorStatusGet</name>
         <load_address>0x4854</load_address>
         <run_address>0x4854</run_address>
         <size>0xc</size>
         <input_file_ref idref="fl-140"/>
      </object_component>
      <object_component id="oc-f0">
         <name>.text:ADCIntClear</name>
         <load_address>0x4860</load_address>
         <run_address>0x4860</run_address>
         <size>0xa</size>
         <input_file_ref idref="fl-148"/>
      </object_component>
      <object_component id="oc-21a">
         <name>.text:IntMasterEnable</name>
         <load_address>0x486a</load_address>
         <run_address>0x486a</run_address>
         <size>0xa</size>
         <input_file_ref idref="fl-145"/>
      </object_component>
      <object_component id="oc-228">
         <name>.text:SSIDataPut</name>
         <load_address>0x4874</load_address>
         <run_address>0x4874</run_address>
         <size>0xa</size>
         <input_file_ref idref="fl-143"/>
      </object_component>
      <object_component id="oc-365">
         <name>.text:SSIDisable</name>
         <load_address>0x487e</load_address>
         <run_address>0x487e</run_address>
         <size>0xa</size>
         <input_file_ref idref="fl-143"/>
      </object_component>
      <object_component id="oc-38f">
         <name>.text:SSIEnable</name>
         <load_address>0x4888</load_address>
         <run_address>0x4888</run_address>
         <size>0xa</size>
         <input_file_ref idref="fl-143"/>
      </object_component>
      <object_component id="oc-220">
         <name>.text:TimerIntEnable</name>
         <load_address>0x4892</load_address>
         <run_address>0x4892</run_address>
         <size>0x8</size>
         <input_file_ref idref="fl-141"/>
      </object_component>
      <object_component id="oc-280">
         <name>.text:GPIOIntClear</name>
         <load_address>0x489a</load_address>
         <run_address>0x489a</run_address>
         <size>0x6</size>
         <input_file_ref idref="fl-146"/>
      </object_component>
      <object_component id="oc-133">
         <name>.text:GPIOPinRead</name>
         <load_address>0x48a0</load_address>
         <run_address>0x48a0</run_address>
         <size>0x6</size>
         <input_file_ref idref="fl-146"/>
      </object_component>
      <object_component id="oc-9d">
         <name>.text:GPIOPinWrite</name>
         <load_address>0x48a6</load_address>
         <run_address>0x48a6</run_address>
         <size>0x6</size>
         <input_file_ref idref="fl-146"/>
      </object_component>
      <object_component id="oc-bf">
         <name>.text:SysCtlDelay</name>
         <load_address>0x48ac</load_address>
         <run_address>0x48ac</run_address>
         <size>0x6</size>
         <input_file_ref idref="fl-142"/>
      </object_component>
      <object_component id="oc-22">
         <name>.text:decompress:rle24</name>
         <load_address>0x48b2</load_address>
         <run_address>0x48b2</run_address>
         <size>0x6</size>
         <input_file_ref idref="fl-137"/>
      </object_component>
      <object_component id="oc-121">
         <name>.text:TimerIntClear</name>
         <load_address>0x48b8</load_address>
         <run_address>0x48b8</run_address>
         <size>0x4</size>
         <input_file_ref idref="fl-141"/>
      </object_component>
      <object_component id="oc-3c0">
         <name>.const:g_pui32Regs</name>
         <load_address>0x48bc</load_address>
         <run_address>0x48bc</run_address>
         <size>0x9c</size>
         <input_file_ref idref="fl-145"/>
      </object_component>
      <object_component id="oc-317">
         <name>.const:g_pui32GPIOBaseAddrs</name>
         <load_address>0x4958</load_address>
         <run_address>0x4958</run_address>
         <size>0x90</size>
         <input_file_ref idref="fl-146"/>
      </object_component>
      <object_component id="oc-328">
         <name>.const</name>
         <load_address>0x49e8</load_address>
         <run_address>0x49e8</run_address>
         <size>0x70</size>
         <input_file_ref idref="fl-145"/>
      </object_component>
      <object_component id="oc-313">
         <name>.const:g_pui32Xtals</name>
         <load_address>0x4a58</load_address>
         <run_address>0x4a58</run_address>
         <size>0x6c</size>
         <input_file_ref idref="fl-142"/>
      </object_component>
      <object_component id="oc-1c0">
         <name>.const:.string</name>
         <load_address>0x4ac4</load_address>
         <run_address>0x4ac4</run_address>
         <size>0x3</size>
         <input_file_ref idref="fl-6"/>
      </object_component>
      <object_component id="oc-3e8">
         <name>.cinit..data.load</name>
         <load_address>0x4ac8</load_address>
         <run_address>0x4ac8</run_address>
         <size>0x16</size>
      </object_component>
      <object_component id="oc-3e6">
         <name>__TI_handler_table</name>
         <load_address>0x4ae0</load_address>
         <run_address>0x4ae0</run_address>
         <size>0xc</size>
      </object_component>
      <object_component id="oc-3e9">
         <name>.cinit..bss.load</name>
         <load_address>0x4af0</load_address>
         <run_address>0x4af0</run_address>
         <size>0x8</size>
      </object_component>
      <object_component id="oc-3e7">
         <name>__TI_cinit_table</name>
         <load_address>0x4af8</load_address>
         <run_address>0x4af8</run_address>
         <size>0x10</size>
      </object_component>
      <object_component id="oc-4f">
         <name>.data</name>
         <load_address>0x20000cf8</load_address>
         <run_address>0x20000cf8</run_address>
         <size>0x4</size>
         <input_file_ref idref="fl-13b"/>
      </object_component>
      <object_component id="oc-13c">
         <name>.data</name>
         <load_address>0x20000ce0</load_address>
         <run_address>0x20000ce0</run_address>
         <size>0x8</size>
         <input_file_ref idref="fl-6"/>
      </object_component>
      <object_component id="oc-15e">
         <name>.data</name>
         <load_address>0x20000ce8</load_address>
         <run_address>0x20000ce8</run_address>
         <size>0x8</size>
         <input_file_ref idref="fl-13c"/>
      </object_component>
      <object_component id="oc-161">
         <name>.data</name>
         <load_address>0x20000cf0</load_address>
         <run_address>0x20000cf0</run_address>
         <size>0x8</size>
         <input_file_ref idref="fl-139"/>
      </object_component>
      <object_component id="oc-139">
         <name>.bss:g_ui16ADC0Result</name>
         <uninitialized>true</uninitialized>
         <run_address>0x20000400</run_address>
         <size>0x258</size>
         <input_file_ref idref="fl-5"/>
      </object_component>
      <object_component id="oc-13f">
         <name>.bss:g_ui16ADC1Result</name>
         <uninitialized>true</uninitialized>
         <run_address>0x20000658</run_address>
         <size>0x258</size>
         <input_file_ref idref="fl-5"/>
      </object_component>
      <object_component id="oc-20b">
         <name>.bss:ui8ControlTable</name>
         <uninitialized>true</uninitialized>
         <run_address>0x20000000</run_address>
         <size>0x400</size>
         <input_file_ref idref="fl-6"/>
      </object_component>
      <object_component id="oc-2e6">
         <name>.common:crcConfig</name>
         <uninitialized>true</uninitialized>
         <run_address>0x200008da</run_address>
         <size>0x1</size>
      </object_component>
      <object_component id="oc-2e7">
         <name>.common:addressWidth</name>
         <uninitialized>true</uninitialized>
         <run_address>0x200008d9</run_address>
         <size>0x1</size>
      </object_component>
      <object_component id="oc-39f">
         <name>.common:status</name>
         <uninitialized>true</uninitialized>
         <run_address>0x200008dc</run_address>
         <size>0x1</size>
      </object_component>
      <object_component id="oc-2e8">
         <name>.common:features</name>
         <uninitialized>true</uninitialized>
         <run_address>0x200008db</run_address>
         <size>0x1</size>
      </object_component>
      <object_component id="oc-3a3">
         <name>.common:CEState</name>
         <uninitialized>true</uninitialized>
         <run_address>0x200008d8</run_address>
         <size>0x1</size>
      </object_component>
      <object_component id="oc-b6">
         <name>.common:g_ui32SysTickCount</name>
         <uninitialized>true</uninitialized>
         <run_address>0x200008d0</run_address>
         <size>0x4</size>
      </object_component>
      <object_component id="oc-345">
         <name>.common:RF24_RX_buffer</name>
         <uninitialized>true</uninitialized>
         <run_address>0x200008b0</run_address>
         <size>0x20</size>
      </object_component>
      <object_component id="oc-34f">
         <name>.common:ui32PWMPeriod</name>
         <uninitialized>true</uninitialized>
         <run_address>0x200008d4</run_address>
         <size>0x4</size>
      </object_component>
      <object_component id="oc-28">
         <name>.stack</name>
         <uninitialized>true</uninitialized>
         <run_address>0x200008e0</run_address>
         <size>0x0</size>
         <input_file_ref idref="fl-135"/>
      </object_component>
      <object_component id="oc-3ea">
         <name>.stack</name>
         <uninitialized>true</uninitialized>
         <run_address>0x200008e0</run_address>
         <size>0x0</size>
      </object_component>
      <object_component id="oc-f">
         <name>.debug_info</name>
         <load_address>0x0</load_address>
         <run_address>0x0</run_address>
         <size>0xe6</size>
         <input_file_ref idref="fl-4"/>
      </object_component>
      <object_component id="oc-14">
         <name>.debug_info</name>
         <load_address>0xe6</load_address>
         <run_address>0xe6</run_address>
         <size>0xf3</size>
         <input_file_ref idref="fl-135"/>
      </object_component>
      <object_component id="oc-18">
         <name>.debug_info</name>
         <load_address>0x1d9</load_address>
         <run_address>0x1d9</run_address>
         <size>0x194</size>
         <input_file_ref idref="fl-136"/>
      </object_component>
      <object_component id="oc-1f">
         <name>.debug_info</name>
         <load_address>0x36d</load_address>
         <run_address>0x36d</run_address>
         <size>0x16a</size>
         <input_file_ref idref="fl-138"/>
      </object_component>
      <object_component id="oc-23">
         <name>.debug_info</name>
         <load_address>0x4d7</load_address>
         <run_address>0x4d7</run_address>
         <size>0x18e</size>
         <input_file_ref idref="fl-137"/>
      </object_component>
      <object_component id="oc-2c">
         <name>.debug_info</name>
         <load_address>0x665</load_address>
         <run_address>0x665</run_address>
         <size>0x262</size>
         <input_file_ref idref="fl-4"/>
      </object_component>
      <object_component id="oc-30">
         <name>.debug_info</name>
         <load_address>0x8c7</load_address>
         <run_address>0x8c7</run_address>
         <size>0x28a</size>
         <input_file_ref idref="fl-5"/>
      </object_component>
      <object_component id="oc-36">
         <name>.debug_info</name>
         <load_address>0xb51</load_address>
         <run_address>0xb51</run_address>
         <size>0x980</size>
         <input_file_ref idref="fl-6"/>
      </object_component>
      <object_component id="oc-3d">
         <name>.debug_info</name>
         <load_address>0x14d1</load_address>
         <run_address>0x14d1</run_address>
         <size>0x1ef</size>
         <input_file_ref idref="fl-4"/>
      </object_component>
      <object_component id="oc-3f">
         <name>.debug_info</name>
         <load_address>0x16c0</load_address>
         <run_address>0x16c0</run_address>
         <size>0x13d</size>
         <input_file_ref idref="fl-13e"/>
      </object_component>
      <object_component id="oc-44">
         <name>.debug_info</name>
         <load_address>0x17fd</load_address>
         <run_address>0x17fd</run_address>
         <size>0x11c</size>
         <input_file_ref idref="fl-13d"/>
      </object_component>
      <object_component id="oc-4c">
         <name>.debug_info</name>
         <load_address>0x1919</load_address>
         <run_address>0x1919</run_address>
         <size>0x1c2</size>
         <input_file_ref idref="fl-139"/>
      </object_component>
      <object_component id="oc-50">
         <name>.debug_info</name>
         <load_address>0x1adb</load_address>
         <run_address>0x1adb</run_address>
         <size>0xbe</size>
         <input_file_ref idref="fl-13b"/>
      </object_component>
      <object_component id="oc-54">
         <name>.debug_info</name>
         <load_address>0x1b99</load_address>
         <run_address>0x1b99</run_address>
         <size>0xcc</size>
         <input_file_ref idref="fl-13a"/>
      </object_component>
      <object_component id="oc-59">
         <name>.debug_info</name>
         <load_address>0x1c65</load_address>
         <run_address>0x1c65</run_address>
         <size>0x46</size>
         <input_file_ref idref="fl-136"/>
      </object_component>
      <object_component id="oc-5e">
         <name>.debug_info</name>
         <load_address>0x1cab</load_address>
         <run_address>0x1cab</run_address>
         <size>0xf2</size>
         <input_file_ref idref="fl-136"/>
      </object_component>
      <object_component id="oc-60">
         <name>.debug_info</name>
         <load_address>0x1d9d</load_address>
         <run_address>0x1d9d</run_address>
         <size>0x46</size>
         <input_file_ref idref="fl-138"/>
      </object_component>
      <object_component id="oc-65">
         <name>.debug_info</name>
         <load_address>0x1de3</load_address>
         <run_address>0x1de3</run_address>
         <size>0xad</size>
         <input_file_ref idref="fl-138"/>
      </object_component>
      <object_component id="oc-69">
         <name>.debug_info</name>
         <load_address>0x1e90</load_address>
         <run_address>0x1e90</run_address>
         <size>0x1ef</size>
         <input_file_ref idref="fl-137"/>
      </object_component>
      <object_component id="oc-6d">
         <name>.debug_info</name>
         <load_address>0x207f</load_address>
         <run_address>0x207f</run_address>
         <size>0xb7</size>
         <input_file_ref idref="fl-137"/>
      </object_component>
      <object_component id="oc-6e">
         <name>.debug_info</name>
         <load_address>0x2136</load_address>
         <run_address>0x2136</run_address>
         <size>0x39</size>
         <input_file_ref idref="fl-137"/>
      </object_component>
      <object_component id="oc-76">
         <name>.debug_info</name>
         <load_address>0x216f</load_address>
         <run_address>0x216f</run_address>
         <size>0x363</size>
         <input_file_ref idref="fl-142"/>
      </object_component>
      <object_component id="oc-7b">
         <name>.debug_info</name>
         <load_address>0x24d2</load_address>
         <run_address>0x24d2</run_address>
         <size>0x15d</size>
         <input_file_ref idref="fl-6"/>
      </object_component>
      <object_component id="oc-82">
         <name>.debug_info</name>
         <load_address>0x262f</load_address>
         <run_address>0x262f</run_address>
         <size>0x376</size>
         <input_file_ref idref="fl-6"/>
      </object_component>
      <object_component id="oc-89">
         <name>.debug_info</name>
         <load_address>0x29a5</load_address>
         <run_address>0x29a5</run_address>
         <size>0x1d8</size>
         <input_file_ref idref="fl-6"/>
      </object_component>
      <object_component id="oc-90">
         <name>.debug_info</name>
         <load_address>0x2b7d</load_address>
         <run_address>0x2b7d</run_address>
         <size>0x3cf</size>
         <input_file_ref idref="fl-6"/>
      </object_component>
      <object_component id="oc-97">
         <name>.debug_info</name>
         <load_address>0x2f4c</load_address>
         <run_address>0x2f4c</run_address>
         <size>0x305</size>
         <input_file_ref idref="fl-6"/>
      </object_component>
      <object_component id="oc-9e">
         <name>.debug_info</name>
         <load_address>0x3251</load_address>
         <run_address>0x3251</run_address>
         <size>0x207</size>
         <input_file_ref idref="fl-146"/>
      </object_component>
      <object_component id="oc-a4">
         <name>.debug_info</name>
         <load_address>0x3458</load_address>
         <run_address>0x3458</run_address>
         <size>0x27f</size>
         <input_file_ref idref="fl-3"/>
      </object_component>
      <object_component id="oc-aa">
         <name>.debug_info</name>
         <load_address>0x36d7</load_address>
         <run_address>0x36d7</run_address>
         <size>0x1e3</size>
         <input_file_ref idref="fl-146"/>
      </object_component>
      <object_component id="oc-b0">
         <name>.debug_info</name>
         <load_address>0x38ba</load_address>
         <run_address>0x38ba</run_address>
         <size>0x3f5</size>
         <input_file_ref idref="fl-5"/>
      </object_component>
      <object_component id="oc-b7">
         <name>.debug_info</name>
         <load_address>0x3caf</load_address>
         <run_address>0x3caf</run_address>
         <size>0x74f</size>
         <input_file_ref idref="fl-5"/>
      </object_component>
      <object_component id="oc-ba">
         <name>.debug_info</name>
         <load_address>0x43fe</load_address>
         <run_address>0x43fe</run_address>
         <size>0x8b</size>
         <input_file_ref idref="fl-2"/>
      </object_component>
      <object_component id="oc-c2">
         <name>.debug_info</name>
         <load_address>0x4489</load_address>
         <run_address>0x4489</run_address>
         <size>0x1e1</size>
         <input_file_ref idref="fl-142"/>
      </object_component>
      <object_component id="oc-c7">
         <name>.debug_info</name>
         <load_address>0x466a</load_address>
         <run_address>0x466a</run_address>
         <size>0x2b4</size>
         <input_file_ref idref="fl-148"/>
      </object_component>
      <object_component id="oc-ce">
         <name>.debug_info</name>
         <load_address>0x491e</load_address>
         <run_address>0x491e</run_address>
         <size>0x28a</size>
         <input_file_ref idref="fl-148"/>
      </object_component>
      <object_component id="oc-d3">
         <name>.debug_info</name>
         <load_address>0x4ba8</load_address>
         <run_address>0x4ba8</run_address>
         <size>0x297</size>
         <input_file_ref idref="fl-148"/>
      </object_component>
      <object_component id="oc-d9">
         <name>.debug_info</name>
         <load_address>0x4e3f</load_address>
         <run_address>0x4e3f</run_address>
         <size>0x2c5</size>
         <input_file_ref idref="fl-7"/>
      </object_component>
      <object_component id="oc-df">
         <name>.debug_info</name>
         <load_address>0x5104</load_address>
         <run_address>0x5104</run_address>
         <size>0x204</size>
         <input_file_ref idref="fl-148"/>
      </object_component>
      <object_component id="oc-e6">
         <name>.debug_info</name>
         <load_address>0x5308</load_address>
         <run_address>0x5308</run_address>
         <size>0x20a</size>
         <input_file_ref idref="fl-148"/>
      </object_component>
      <object_component id="oc-eb">
         <name>.debug_info</name>
         <load_address>0x5512</load_address>
         <run_address>0x5512</run_address>
         <size>0x245</size>
         <input_file_ref idref="fl-148"/>
      </object_component>
      <object_component id="oc-f1">
         <name>.debug_info</name>
         <load_address>0x5757</load_address>
         <run_address>0x5757</run_address>
         <size>0x1f8</size>
         <input_file_ref idref="fl-148"/>
      </object_component>
      <object_component id="oc-f7">
         <name>.debug_info</name>
         <load_address>0x594f</load_address>
         <run_address>0x594f</run_address>
         <size>0x23b</size>
         <input_file_ref idref="fl-140"/>
      </object_component>
      <object_component id="oc-fd">
         <name>.debug_info</name>
         <load_address>0x5b8a</load_address>
         <run_address>0x5b8a</run_address>
         <size>0x1e5</size>
         <input_file_ref idref="fl-141"/>
      </object_component>
      <object_component id="oc-103">
         <name>.debug_info</name>
         <load_address>0x5d6f</load_address>
         <run_address>0x5d6f</run_address>
         <size>0x35e</size>
         <input_file_ref idref="fl-140"/>
      </object_component>
      <object_component id="oc-109">
         <name>.debug_info</name>
         <load_address>0x60cd</load_address>
         <run_address>0x60cd</run_address>
         <size>0x1ce</size>
         <input_file_ref idref="fl-140"/>
      </object_component>
      <object_component id="oc-10f">
         <name>.debug_info</name>
         <load_address>0x629b</load_address>
         <run_address>0x629b</run_address>
         <size>0x11b</size>
         <input_file_ref idref="fl-6"/>
      </object_component>
      <object_component id="oc-116">
         <name>.debug_info</name>
         <load_address>0x63b6</load_address>
         <run_address>0x63b6</run_address>
         <size>0x18a</size>
         <input_file_ref idref="fl-140"/>
      </object_component>
      <object_component id="oc-11c">
         <name>.debug_info</name>
         <load_address>0x6540</load_address>
         <run_address>0x6540</run_address>
         <size>0x18a</size>
         <input_file_ref idref="fl-140"/>
      </object_component>
      <object_component id="oc-122">
         <name>.debug_info</name>
         <load_address>0x66ca</load_address>
         <run_address>0x66ca</run_address>
         <size>0x1f6</size>
         <input_file_ref idref="fl-141"/>
      </object_component>
      <object_component id="oc-128">
         <name>.debug_info</name>
         <load_address>0x68c0</load_address>
         <run_address>0x68c0</run_address>
         <size>0x1dc</size>
         <input_file_ref idref="fl-144"/>
      </object_component>
      <object_component id="oc-12e">
         <name>.debug_info</name>
         <load_address>0x6a9c</load_address>
         <run_address>0x6a9c</run_address>
         <size>0x24b0</size>
         <input_file_ref idref="fl-2"/>
      </object_component>
      <object_component id="oc-134">
         <name>.debug_info</name>
         <load_address>0x8f4c</load_address>
         <run_address>0x8f4c</run_address>
         <size>0x1df</size>
         <input_file_ref idref="fl-146"/>
      </object_component>
      <object_component id="oc-13a">
         <name>.debug_info</name>
         <load_address>0x912b</load_address>
         <run_address>0x912b</run_address>
         <size>0xda</size>
         <input_file_ref idref="fl-5"/>
      </object_component>
      <object_component id="oc-13d">
         <name>.debug_info</name>
         <load_address>0x9205</load_address>
         <run_address>0x9205</run_address>
         <size>0x120</size>
         <input_file_ref idref="fl-6"/>
      </object_component>
      <object_component id="oc-140">
         <name>.debug_info</name>
         <load_address>0x9325</load_address>
         <run_address>0x9325</run_address>
         <size>0xda</size>
         <input_file_ref idref="fl-5"/>
      </object_component>
      <object_component id="oc-147">
         <name>.debug_info</name>
         <load_address>0x93ff</load_address>
         <run_address>0x93ff</run_address>
         <size>0x18b</size>
         <input_file_ref idref="fl-2"/>
      </object_component>
      <object_component id="oc-14c">
         <name>.debug_info</name>
         <load_address>0x958a</load_address>
         <run_address>0x958a</run_address>
         <size>0xf6e</size>
         <input_file_ref idref="fl-6"/>
      </object_component>
      <object_component id="oc-150">
         <name>.debug_info</name>
         <load_address>0xa4f8</load_address>
         <run_address>0xa4f8</run_address>
         <size>0x84</size>
         <input_file_ref idref="fl-4"/>
      </object_component>
      <object_component id="oc-157">
         <name>.debug_info</name>
         <load_address>0xa57c</load_address>
         <run_address>0xa57c</run_address>
         <size>0x14b</size>
         <input_file_ref idref="fl-13f"/>
      </object_component>
      <object_component id="oc-15d">
         <name>.debug_info</name>
         <load_address>0xa6c7</load_address>
         <run_address>0xa6c7</run_address>
         <size>0x11b</size>
         <input_file_ref idref="fl-13d"/>
      </object_component>
      <object_component id="oc-15f">
         <name>.debug_info</name>
         <load_address>0xa7e2</load_address>
         <run_address>0xa7e2</run_address>
         <size>0xc8</size>
         <input_file_ref idref="fl-13c"/>
      </object_component>
      <object_component id="oc-162">
         <name>.debug_info</name>
         <load_address>0xa8aa</load_address>
         <run_address>0xa8aa</run_address>
         <size>0xeb</size>
         <input_file_ref idref="fl-139"/>
      </object_component>
      <object_component id="oc-165">
         <name>.debug_info</name>
         <load_address>0xa995</load_address>
         <run_address>0xa995</run_address>
         <size>0x146</size>
         <input_file_ref idref="fl-139"/>
      </object_component>
      <object_component id="oc-16a">
         <name>.debug_info</name>
         <load_address>0xaadb</load_address>
         <run_address>0xaadb</run_address>
         <size>0x2c</size>
         <input_file_ref idref="fl-136"/>
      </object_component>
      <object_component id="oc-171">
         <name>.debug_info</name>
         <load_address>0xab07</load_address>
         <run_address>0xab07</run_address>
         <size>0x2c</size>
         <input_file_ref idref="fl-138"/>
      </object_component>
      <object_component id="oc-17c">
         <name>.debug_info</name>
         <load_address>0xab33</load_address>
         <run_address>0xab33</run_address>
         <size>0x18b</size>
         <input_file_ref idref="fl-140"/>
      </object_component>
      <object_component id="oc-181">
         <name>.debug_info</name>
         <load_address>0xacbe</load_address>
         <run_address>0xacbe</run_address>
         <size>0x226</size>
         <input_file_ref idref="fl-142"/>
      </object_component>
      <object_component id="oc-184">
         <name>.debug_info</name>
         <load_address>0xaee4</load_address>
         <run_address>0xaee4</run_address>
         <size>0x1eb</size>
         <input_file_ref idref="fl-146"/>
      </object_component>
      <object_component id="oc-189">
         <name>.debug_info</name>
         <load_address>0xb0cf</load_address>
         <run_address>0xb0cf</run_address>
         <size>0x144</size>
         <input_file_ref idref="fl-6"/>
      </object_component>
      <object_component id="oc-191">
         <name>.debug_info</name>
         <load_address>0xb213</load_address>
         <run_address>0xb213</run_address>
         <size>0x1c7</size>
         <input_file_ref idref="fl-142"/>
      </object_component>
      <object_component id="oc-197">
         <name>.debug_info</name>
         <load_address>0xb3da</load_address>
         <run_address>0xb3da</run_address>
         <size>0x219</size>
         <input_file_ref idref="fl-142"/>
      </object_component>
      <object_component id="oc-19c">
         <name>.debug_info</name>
         <load_address>0xb5f3</load_address>
         <run_address>0xb5f3</run_address>
         <size>0x1e4</size>
         <input_file_ref idref="fl-146"/>
      </object_component>
      <object_component id="oc-1a2">
         <name>.debug_info</name>
         <load_address>0xb7d7</load_address>
         <run_address>0xb7d7</run_address>
         <size>0x1dd</size>
         <input_file_ref idref="fl-146"/>
      </object_component>
      <object_component id="oc-1a8">
         <name>.debug_info</name>
         <load_address>0xb9b4</load_address>
         <run_address>0xb9b4</run_address>
         <size>0x217</size>
         <input_file_ref idref="fl-144"/>
      </object_component>
      <object_component id="oc-1af">
         <name>.debug_info</name>
         <load_address>0xbbcb</load_address>
         <run_address>0xbbcb</run_address>
         <size>0x21a</size>
         <input_file_ref idref="fl-144"/>
      </object_component>
      <object_component id="oc-1b4">
         <name>.debug_info</name>
         <load_address>0xbde5</load_address>
         <run_address>0xbde5</run_address>
         <size>0x25a</size>
         <input_file_ref idref="fl-144"/>
      </object_component>
      <object_component id="oc-1ba">
         <name>.debug_info</name>
         <load_address>0xc03f</load_address>
         <run_address>0xc03f</run_address>
         <size>0x228</size>
         <input_file_ref idref="fl-144"/>
      </object_component>
      <object_component id="oc-1c1">
         <name>.debug_info</name>
         <load_address>0xc267</load_address>
         <run_address>0xc267</run_address>
         <size>0xd3</size>
         <input_file_ref idref="fl-6"/>
      </object_component>
      <object_component id="oc-1c3">
         <name>.debug_info</name>
         <load_address>0xc33a</load_address>
         <run_address>0xc33a</run_address>
         <size>0x112</size>
         <input_file_ref idref="fl-2"/>
      </object_component>
      <object_component id="oc-1c9">
         <name>.debug_info</name>
         <load_address>0xc44c</load_address>
         <run_address>0xc44c</run_address>
         <size>0x1dd</size>
         <input_file_ref idref="fl-146"/>
      </object_component>
      <object_component id="oc-1cf">
         <name>.debug_info</name>
         <load_address>0xc629</load_address>
         <run_address>0xc629</run_address>
         <size>0x161</size>
         <input_file_ref idref="fl-6"/>
      </object_component>
      <object_component id="oc-1d6">
         <name>.debug_info</name>
         <load_address>0xc78a</load_address>
         <run_address>0xc78a</run_address>
         <size>0x176</size>
         <input_file_ref idref="fl-140"/>
      </object_component>
      <object_component id="oc-1dd">
         <name>.debug_info</name>
         <load_address>0xc900</load_address>
         <run_address>0xc900</run_address>
         <size>0x1d0</size>
         <input_file_ref idref="fl-140"/>
      </object_component>
      <object_component id="oc-1e2">
         <name>.debug_info</name>
         <load_address>0xcad0</load_address>
         <run_address>0xcad0</run_address>
         <size>0x1e8</size>
         <input_file_ref idref="fl-140"/>
      </object_component>
      <object_component id="oc-1e8">
         <name>.debug_info</name>
         <load_address>0xccb8</load_address>
         <run_address>0xccb8</run_address>
         <size>0x217</size>
         <input_file_ref idref="fl-140"/>
      </object_component>
      <object_component id="oc-1ee">
         <name>.debug_info</name>
         <load_address>0xcecf</load_address>
         <run_address>0xcecf</run_address>
         <size>0x24a</size>
         <input_file_ref idref="fl-140"/>
      </object_component>
      <object_component id="oc-1f4">
         <name>.debug_info</name>
         <load_address>0xd119</load_address>
         <run_address>0xd119</run_address>
         <size>0x1cc</size>
         <input_file_ref idref="fl-145"/>
      </object_component>
      <object_component id="oc-1fa">
         <name>.debug_info</name>
         <load_address>0xd2e5</load_address>
         <run_address>0xd2e5</run_address>
         <size>0x1f0</size>
         <input_file_ref idref="fl-141"/>
      </object_component>
      <object_component id="oc-200">
         <name>.debug_info</name>
         <load_address>0xd4d5</load_address>
         <run_address>0xd4d5</run_address>
         <size>0x21e</size>
         <input_file_ref idref="fl-141"/>
      </object_component>
      <object_component id="oc-206">
         <name>.debug_info</name>
         <load_address>0xd6f3</load_address>
         <run_address>0xd6f3</run_address>
         <size>0x23b</size>
         <input_file_ref idref="fl-141"/>
      </object_component>
      <object_component id="oc-20c">
         <name>.debug_info</name>
         <load_address>0xd92e</load_address>
         <run_address>0xd92e</run_address>
         <size>0xe3</size>
         <input_file_ref idref="fl-6"/>
      </object_component>
      <object_component id="oc-20f">
         <name>.debug_info</name>
         <load_address>0xda11</load_address>
         <run_address>0xda11</run_address>
         <size>0x217</size>
         <input_file_ref idref="fl-146"/>
      </object_component>
      <object_component id="oc-215">
         <name>.debug_info</name>
         <load_address>0xdc28</load_address>
         <run_address>0xdc28</run_address>
         <size>0x312</size>
         <input_file_ref idref="fl-146"/>
      </object_component>
      <object_component id="oc-21b">
         <name>.debug_info</name>
         <load_address>0xdf3a</load_address>
         <run_address>0xdf3a</run_address>
         <size>0x1a2</size>
         <input_file_ref idref="fl-145"/>
      </object_component>
      <object_component id="oc-221">
         <name>.debug_info</name>
         <load_address>0xe0dc</load_address>
         <run_address>0xe0dc</run_address>
         <size>0x1f8</size>
         <input_file_ref idref="fl-141"/>
      </object_component>
      <object_component id="oc-227">
         <name>.debug_info</name>
         <load_address>0xe2d4</load_address>
         <run_address>0xe2d4</run_address>
         <size>0x1d7</size>
         <input_file_ref idref="fl-146"/>
      </object_component>
      <object_component id="oc-229">
         <name>.debug_info</name>
         <load_address>0xe4ab</load_address>
         <run_address>0xe4ab</run_address>
         <size>0x25f</size>
         <input_file_ref idref="fl-143"/>
      </object_component>
      <object_component id="oc-22f">
         <name>.debug_info</name>
         <load_address>0xe70a</load_address>
         <run_address>0xe70a</run_address>
         <size>0x263</size>
         <input_file_ref idref="fl-143"/>
      </object_component>
      <object_component id="oc-236">
         <name>.debug_info</name>
         <load_address>0xe96d</load_address>
         <run_address>0xe96d</run_address>
         <size>0x90</size>
         <input_file_ref idref="fl-140"/>
      </object_component>
      <object_component id="oc-23c">
         <name>.debug_info</name>
         <load_address>0xe9fd</load_address>
         <run_address>0xe9fd</run_address>
         <size>0x222</size>
         <input_file_ref idref="fl-6"/>
      </object_component>
      <object_component id="oc-243">
         <name>.debug_info</name>
         <load_address>0xec1f</load_address>
         <run_address>0xec1f</run_address>
         <size>0x1ab</size>
         <input_file_ref idref="fl-6"/>
      </object_component>
      <object_component id="oc-24a">
         <name>.debug_info</name>
         <load_address>0xedca</load_address>
         <run_address>0xedca</run_address>
         <size>0x5d6</size>
         <input_file_ref idref="fl-6"/>
      </object_component>
      <object_component id="oc-251">
         <name>.debug_info</name>
         <load_address>0xf3a0</load_address>
         <run_address>0xf3a0</run_address>
         <size>0x11d</size>
         <input_file_ref idref="fl-6"/>
      </object_component>
      <object_component id="oc-258">
         <name>.debug_info</name>
         <load_address>0xf4bd</load_address>
         <run_address>0xf4bd</run_address>
         <size>0x1cb</size>
         <input_file_ref idref="fl-6"/>
      </object_component>
      <object_component id="oc-25f">
         <name>.debug_info</name>
         <load_address>0xf688</load_address>
         <run_address>0xf688</run_address>
         <size>0x1a3</size>
         <input_file_ref idref="fl-6"/>
      </object_component>
      <object_component id="oc-267">
         <name>.debug_info</name>
         <load_address>0xf82b</load_address>
         <run_address>0xf82b</run_address>
         <size>0x1da</size>
         <input_file_ref idref="fl-144"/>
      </object_component>
      <object_component id="oc-26c">
         <name>.debug_info</name>
         <load_address>0xfa05</load_address>
         <run_address>0xfa05</run_address>
         <size>0x164</size>
         <input_file_ref idref="fl-6"/>
      </object_component>
      <object_component id="oc-273">
         <name>.debug_info</name>
         <load_address>0xfb69</load_address>
         <run_address>0xfb69</run_address>
         <size>0x15b</size>
         <input_file_ref idref="fl-6"/>
      </object_component>
      <object_component id="oc-27a">
         <name>.debug_info</name>
         <load_address>0xfcc4</load_address>
         <run_address>0xfcc4</run_address>
         <size>0x145</size>
         <input_file_ref idref="fl-6"/>
      </object_component>
      <object_component id="oc-281">
         <name>.debug_info</name>
         <load_address>0xfe09</load_address>
         <run_address>0xfe09</run_address>
         <size>0x1f1</size>
         <input_file_ref idref="fl-146"/>
      </object_component>
      <object_component id="oc-28d">
         <name>.debug_info</name>
         <load_address>0xfffa</load_address>
         <run_address>0xfffa</run_address>
         <size>0x1a8</size>
         <input_file_ref idref="fl-148"/>
      </object_component>
      <object_component id="oc-296">
         <name>.debug_info</name>
         <load_address>0x101a2</load_address>
         <run_address>0x101a2</run_address>
         <size>0x1a6</size>
         <input_file_ref idref="fl-140"/>
      </object_component>
      <object_component id="oc-298">
         <name>.debug_info</name>
         <load_address>0x10348</load_address>
         <run_address>0x10348</run_address>
         <size>0x1cf</size>
         <input_file_ref idref="fl-141"/>
      </object_component>
      <object_component id="oc-29f">
         <name>.debug_info</name>
         <load_address>0x10517</load_address>
         <run_address>0x10517</run_address>
         <size>0x194</size>
         <input_file_ref idref="fl-144"/>
      </object_component>
      <object_component id="oc-2a2">
         <name>.debug_info</name>
         <load_address>0x106ab</load_address>
         <run_address>0x106ab</run_address>
         <size>0x3a1</size>
         <input_file_ref idref="fl-3"/>
      </object_component>
      <object_component id="oc-2a9">
         <name>.debug_info</name>
         <load_address>0x10a4c</load_address>
         <run_address>0x10a4c</run_address>
         <size>0x15b</size>
         <input_file_ref idref="fl-3"/>
      </object_component>
      <object_component id="oc-2af">
         <name>.debug_info</name>
         <load_address>0x10ba7</load_address>
         <run_address>0x10ba7</run_address>
         <size>0x15d</size>
         <input_file_ref idref="fl-3"/>
      </object_component>
      <object_component id="oc-2b6">
         <name>.debug_info</name>
         <load_address>0x10d04</load_address>
         <run_address>0x10d04</run_address>
         <size>0x1dc</size>
         <input_file_ref idref="fl-2"/>
      </object_component>
      <object_component id="oc-2bd">
         <name>.debug_info</name>
         <load_address>0x10ee0</load_address>
         <run_address>0x10ee0</run_address>
         <size>0x1c7</size>
         <input_file_ref idref="fl-2"/>
      </object_component>
      <object_component id="oc-2c4">
         <name>.debug_info</name>
         <load_address>0x110a7</load_address>
         <run_address>0x110a7</run_address>
         <size>0x150</size>
         <input_file_ref idref="fl-3"/>
      </object_component>
      <object_component id="oc-2cb">
         <name>.debug_info</name>
         <load_address>0x111f7</load_address>
         <run_address>0x111f7</run_address>
         <size>0x1ae</size>
         <input_file_ref idref="fl-2"/>
      </object_component>
      <object_component id="oc-2d3">
         <name>.debug_info</name>
         <load_address>0x113a5</load_address>
         <run_address>0x113a5</run_address>
         <size>0x15f</size>
         <input_file_ref idref="fl-3"/>
      </object_component>
      <object_component id="oc-2d9">
         <name>.debug_info</name>
         <load_address>0x11504</load_address>
         <run_address>0x11504</run_address>
         <size>0x270</size>
         <input_file_ref idref="fl-2"/>
      </object_component>
      <object_component id="oc-2df">
         <name>.debug_info</name>
         <load_address>0x11774</load_address>
         <run_address>0x11774</run_address>
         <size>0x159</size>
         <input_file_ref idref="fl-3"/>
      </object_component>
      <object_component id="oc-2f4">
         <name>.debug_info</name>
         <load_address>0x118cd</load_address>
         <run_address>0x118cd</run_address>
         <size>0x148</size>
         <input_file_ref idref="fl-13f"/>
      </object_component>
      <object_component id="oc-2f7">
         <name>.debug_info</name>
         <load_address>0x11a15</load_address>
         <run_address>0x11a15</run_address>
         <size>0x5e</size>
         <input_file_ref idref="fl-13d"/>
      </object_component>
      <object_component id="oc-2fd">
         <name>.debug_info</name>
         <load_address>0x11a73</load_address>
         <run_address>0x11a73</run_address>
         <size>0x1d4</size>
         <input_file_ref idref="fl-13c"/>
      </object_component>
      <object_component id="oc-304">
         <name>.debug_info</name>
         <load_address>0x11c47</load_address>
         <run_address>0x11c47</run_address>
         <size>0xd9</size>
         <input_file_ref idref="fl-13c"/>
      </object_component>
      <object_component id="oc-30c">
         <name>.debug_info</name>
         <load_address>0x11d20</load_address>
         <run_address>0x11d20</run_address>
         <size>0x5f</size>
         <input_file_ref idref="fl-142"/>
      </object_component>
      <object_component id="oc-314">
         <name>.debug_info</name>
         <load_address>0x11d7f</load_address>
         <run_address>0x11d7f</run_address>
         <size>0xff</size>
         <input_file_ref idref="fl-142"/>
      </object_component>
      <object_component id="oc-318">
         <name>.debug_info</name>
         <load_address>0x11e7e</load_address>
         <run_address>0x11e7e</run_address>
         <size>0x10d</size>
         <input_file_ref idref="fl-146"/>
      </object_component>
      <object_component id="oc-329">
         <name>.debug_info</name>
         <load_address>0x11f8b</load_address>
         <run_address>0x11f8b</run_address>
         <size>0x1c2</size>
         <input_file_ref idref="fl-145"/>
      </object_component>
      <object_component id="oc-32c">
         <name>.debug_info</name>
         <load_address>0x1214d</load_address>
         <run_address>0x1214d</run_address>
         <size>0x1ba</size>
         <input_file_ref idref="fl-145"/>
      </object_component>
      <object_component id="oc-335">
         <name>.debug_info</name>
         <load_address>0x12307</load_address>
         <run_address>0x12307</run_address>
         <size>0x176</size>
         <input_file_ref idref="fl-147"/>
      </object_component>
      <object_component id="oc-33f">
         <name>.debug_info</name>
         <load_address>0x1247d</load_address>
         <run_address>0x1247d</run_address>
         <size>0x1c3</size>
         <input_file_ref idref="fl-143"/>
      </object_component>
      <object_component id="oc-347">
         <name>.debug_info</name>
         <load_address>0x12640</load_address>
         <run_address>0x12640</run_address>
         <size>0x142</size>
         <input_file_ref idref="fl-6"/>
      </object_component>
      <object_component id="oc-352">
         <name>.debug_info</name>
         <load_address>0x12782</load_address>
         <run_address>0x12782</run_address>
         <size>0x1e3</size>
         <input_file_ref idref="fl-141"/>
      </object_component>
      <object_component id="oc-35c">
         <name>.debug_info</name>
         <load_address>0x12965</load_address>
         <run_address>0x12965</run_address>
         <size>0x86</size>
         <input_file_ref idref="fl-140"/>
      </object_component>
      <object_component id="oc-366">
         <name>.debug_info</name>
         <load_address>0x129eb</load_address>
         <run_address>0x129eb</run_address>
         <size>0x1a8</size>
         <input_file_ref idref="fl-143"/>
      </object_component>
      <object_component id="oc-36c">
         <name>.debug_info</name>
         <load_address>0x12b93</load_address>
         <run_address>0x12b93</run_address>
         <size>0x1dd</size>
         <input_file_ref idref="fl-146"/>
      </object_component>
      <object_component id="oc-374">
         <name>.debug_info</name>
         <load_address>0x12d70</load_address>
         <run_address>0x12d70</run_address>
         <size>0x3c2</size>
         <input_file_ref idref="fl-143"/>
      </object_component>
      <object_component id="oc-379">
         <name>.debug_info</name>
         <load_address>0x13132</load_address>
         <run_address>0x13132</run_address>
         <size>0x1e9</size>
         <input_file_ref idref="fl-146"/>
      </object_component>
      <object_component id="oc-37e">
         <name>.debug_info</name>
         <load_address>0x1331b</load_address>
         <run_address>0x1331b</run_address>
         <size>0x1f3</size>
         <input_file_ref idref="fl-146"/>
      </object_component>
      <object_component id="oc-384">
         <name>.debug_info</name>
         <load_address>0x1350e</load_address>
         <run_address>0x1350e</run_address>
         <size>0x21f</size>
         <input_file_ref idref="fl-146"/>
      </object_component>
      <object_component id="oc-38b">
         <name>.debug_info</name>
         <load_address>0x1372d</load_address>
         <run_address>0x1372d</run_address>
         <size>0x22d</size>
         <input_file_ref idref="fl-145"/>
      </object_component>
      <object_component id="oc-390">
         <name>.debug_info</name>
         <load_address>0x1395a</load_address>
         <run_address>0x1395a</run_address>
         <size>0x1a6</size>
         <input_file_ref idref="fl-143"/>
      </object_component>
      <object_component id="oc-396">
         <name>.debug_info</name>
         <load_address>0x13b00</load_address>
         <run_address>0x13b00</run_address>
         <size>0x1fe</size>
         <input_file_ref idref="fl-143"/>
      </object_component>
      <object_component id="oc-39c">
         <name>.debug_info</name>
         <load_address>0x13cfe</load_address>
         <run_address>0x13cfe</run_address>
         <size>0x4bd</size>
         <input_file_ref idref="fl-3"/>
      </object_component>
      <object_component id="oc-3a6">
         <name>.debug_info</name>
         <load_address>0x141bb</load_address>
         <run_address>0x141bb</run_address>
         <size>0xcd</size>
         <input_file_ref idref="fl-13f"/>
[...]
      <symbol id="sm-160">
         <name>g_pfnVectors</name>
         <value>0x2000</value>
         <object_component_ref idref="oc-e"/>
      </symbol>
      <symbol id="sm-1aa">
         <name>g_ui32SysTickCount</name>
         <value>0x200008d0</value>
      </symbol>
      <symbol id="sm-1ab">
         <name>RF24_RX_buffer</name>
         <value>0x200008b0</value>
      </symbol>
      <symbol id="sm-1ac">
         <name>SysTickHandler</name>
         <value>0x3dd1</value>
         <object_component_ref idref="oc-2f"/>
      </symbol>
      <symbol id="sm-1ad">
         <name>main</name>
         <value>0x3ddb</value>
         <object_component_ref idref="oc-2f"/>
      </symbol>
      <symbol id="sm-1ae">
         <name>g_ui16ADC0Result</name>
         <value>0x20000400</value>
         <object_component_ref idref="oc-139"/>
      </symbol>
      <symbol id="sm-1af">
         <name>GPIOAIntHandler</name>
         <value>0x3e23</value>
         <object_component_ref idref="oc-2f"/>
      </symbol>
      <symbol id="sm-1b0">
         <name>g_ui16ADC1Result</name>
         <value>0x20000658</value>
         <object_component_ref idref="oc-13f"/>
      </symbol>
      <symbol id="sm-1b1">
         <name>RF24_IntHandler</name>
         <value>0x31a1</value>
         <object_component_ref idref="oc-af"/>
      </symbol>
      <symbol id="sm-306">
         <name>initSpeaker</name>
         <value>0x3875</value>
         <object_component_ref idref="oc-96"/>
      </symbol>
      <symbol id="sm-307">
         <name>enableMOTOR</name>
         <value>0x4819</value>
         <object_component_ref idref="oc-10e"/>
      </symbol>
      <symbol id="sm-308">
         <name>setMotorSpeed</name>
         <value>0x43e5</value>
         <object_component_ref idref="oc-25e"/>
      </symbol>
      <symbol id="sm-309">
         <name>ADC0IntHandler</name>
         <value>0x2f8f</value>
         <object_component_ref idref="oc-35"/>
      </symbol>
      <symbol id="sm-30a">
         <name>ADC1IntHandler</name>
         <value>0x2fe7</value>
         <object_component_ref idref="oc-35"/>
      </symbol>
      <symbol id="sm-30b">
         <name>setMotorDirection</name>
         <value>0x438b</value>
         <object_component_ref idref="oc-257"/>
      </symbol>
      <symbol id="sm-30c">
         <name>initMotor</name>
         <value>0x367d</value>
         <object_component_ref idref="oc-81"/>
      </symbol>
      <symbol id="sm-30d">
         <name>startSamplingMicSignals</name>
         <value>0x451d</value>
         <object_component_ref idref="oc-272"/>
      </symbol>
      <symbol id="sm-30e">
         <name>signalUnhandleError</name>
         <value>0x2f11</value>
         <object_component_ref idref="oc-35"/>
      </symbol>
      <symbol id="sm-30f">
         <name>testAllMotorModes</name>
         <value>0x2ad1</value>
         <object_component_ref idref="oc-249"/>
      </symbol>
      <symbol id="sm-310">
         <name>SpeakerTimerIntHandler</name>
         <value>0x3059</value>
         <object_component_ref idref="oc-35"/>
      </symbol>
      <symbol id="sm-311">
         <name>turnOffLED</name>
         <value>0x45ed</value>
         <object_component_ref idref="oc-188"/>
      </symbol>
      <symbol id="sm-312">
         <name>disableMOTOR</name>
         <value>0x480d</value>
         <object_component_ref idref="oc-250"/>
      </symbol>
      <symbol id="sm-313">
         <name>sendTestData</name>
         <value>0x4283</value>
         <object_component_ref idref="oc-26b"/>
      </symbol>
      <symbol id="sm-314">
         <name>startSpeaker</name>
         <value>0x45d1</value>
         <object_component_ref idref="oc-279"/>
      </symbol>
      <symbol id="sm-315">
         <name>sendDataToControlBoard</name>
         <value>0x306d</value>
         <object_component_ref idref="oc-35"/>
      </symbol>
      <symbol id="sm-316">
         <name>uDMAErrorHandler</name>
         <value>0x303f</value>
         <object_component_ref idref="oc-35"/>
      </symbol>
      <symbol id="sm-317">
         <name>initRfModule</name>
         <value>0x3c45</value>
         <object_component_ref idref="oc-88"/>
      </symbol>
      <symbol id="sm-318">
         <name>groundAdjacentADCPins</name>
         <value>0x4599</value>
         <object_component_ref idref="oc-1ce"/>
      </symbol>
      <symbol id="sm-319">
         <name>initDistanceSensingModules</name>
         <value>0x343d</value>
         <object_component_ref idref="oc-8f"/>
      </symbol>
      <symbol id="sm-31a">
         <name>initADC</name>
         <value>0x2f45</value>
         <object_component_ref idref="oc-35"/>
      </symbol>
      <symbol id="sm-31b">
         <name>turnOnLED</name>
         <value>0x453d</value>
         <object_component_ref idref="oc-346"/>
      </symbol>
      <symbol id="sm-31c">
         <name>testRfTransmission</name>
         <value>0x3a3d</value>
         <object_component_ref idref="oc-23b"/>
      </symbol>
      <symbol id="sm-31d">
         <name>initLED</name>
         <value>0x44fd</value>
         <object_component_ref idref="oc-7a"/>
      </symbol>
      <symbol id="sm-31e">
         <name>testCarrierDetection</name>
         <value>0x4205</value>
         <object_component_ref idref="oc-242"/>
      </symbol>
      <symbol id="sm-32a">
         <name>GPIOPinToggle</name>
         <value>0x4013</value>
         <object_component_ref idref="oc-d8"/>
      </symbol>
      <symbol id="sm-32b">
         <name>ADCDitherEnable</name>
         <value>0x4033</value>
         <object_component_ref idref="oc-d8"/>
      </symbol>
      <symbol id="sm-32c">
         <name>ADCDitherDisable</name>
         <value>0x4049</value>
         <object_component_ref idref="oc-d8"/>
      </symbol>
      <symbol id="sm-33c">
         <name>_c_int00</name>
         <value>0x40a9</value>
         <object_component_ref idref="oc-11"/>
      </symbol>
      <symbol id="sm-33d">
         <name>__stack</name>
         <value>0x200008e0</value>
         <object_component_ref idref="oc-28"/>
      </symbol>
      <symbol id="sm-354">
         <name>__TI_decompress_none</name>
         <value>0x47c3</value>
         <object_component_ref idref="oc-16"/>
      </symbol>
      <symbol id="sm-378">
         <name>__TI_decompress_rle24</name>
         <value>0x48b3</value>
         <object_component_ref idref="oc-22"/>
      </symbol>
      <symbol id="sm-391">
         <name>__TI_zero_init</name>
         <value>0x4735</value>
         <object_component_ref idref="oc-1c"/>
      </symbol>
      <symbol id="sm-3b0">
         <name>C$$EXIT</name>
         <value>0x417d</value>
         <object_component_ref idref="oc-49"/>
      </symbol>
      <symbol id="sm-3b1">
         <name>abort</name>
         <value>0x4181</value>
         <object_component_ref idref="oc-49"/>
      </symbol>
      <symbol id="sm-3b2">
         <name>exit</name>
         <value>0x4189</value>
         <object_component_ref idref="oc-49"/>
      </symbol>
      <symbol id="sm-3b3">
         <name>__TI_dtors_ptr</name>
         <value>0x20000cf4</value>
         <object_component_ref idref="oc-161"/>
      </symbol>
      <symbol id="sm-3b4">
         <name>__TI_cleanup_ptr</name>
         <value>0x20000cf0</value>
         <object_component_ref idref="oc-161"/>
      </symbol>
      <symbol id="sm-3cf">
         <name>memcpy</name>
         <value>0x3b15</value>
         <object_component_ref idref="oc-53"/>
      </symbol>
      <symbol id="sm-3d0">
         <name>__aeabi_memcpy</name>
         <value>0x3b15</value>
         <object_component_ref idref="oc-53"/>
      </symbol>
      <symbol id="sm-3d1">
         <name>__aeabi_memcpy8</name>
         <value>0x3b15</value>
         <object_component_ref idref="oc-53"/>
      </symbol>
      <symbol id="sm-3d2">
         <name>__aeabi_memcpy4</name>
         <value>0x3b15</value>
         <object_component_ref idref="oc-53"/>
      </symbol>
      <symbol id="sm-3da">
         <name>main_func_sp</name>
         <value>0x20000cf8</value>
         <object_component_ref idref="oc-4f"/>
      </symbol>
      <symbol id="sm-3f3">
         <name>_nop</name>
         <value>0x469f</value>
         <object_component_ref idref="oc-2fc"/>
      </symbol>
      <symbol id="sm-3f4">
         <name>_lock</name>
         <value>0x20000ce8</value>
         <object_component_ref idref="oc-15e"/>
      </symbol>
      <symbol id="sm-3f5">
         <name>_unlock</name>
         <value>0x20000cec</value>
         <object_component_ref idref="oc-15e"/>
      </symbol>
      <symbol id="sm-3f6">
         <name>_register_lock</name>
         <value>0x4697</value>
         <object_component_ref idref="oc-2fc"/>
      </symbol>
      <symbol id="sm-3f7">
         <name>_register_unlock</name>
         <value>0x4691</value>
         <object_component_ref idref="oc-2fc"/>
      </symbol>
      <symbol id="sm-40b">
         <name>_args_main</name>
         <value>0x4621</value>
         <object_component_ref idref="oc-43"/>
      </symbol>
      <symbol id="sm-428">
         <name>__TI_auto_init</name>
         <value>0x3bb1</value>
         <object_component_ref idref="oc-3e"/>
      </symbol>
      <symbol id="sm-441">
         <name>copy_in</name>
         <value>0x4139</value>
         <object_component_ref idref="oc-155"/>
      </symbol>
      <symbol id="sm-4c3">
         <name>uDMAChannelControlSet</name>
         <value>0x44b5</value>
         <object_component_ref idref="oc-1ed"/>
      </symbol>
      <symbol id="sm-4c4">
         <name>uDMAErrorStatusGet</name>
         <value>0x4855</value>
         <object_component_ref idref="oc-115"/>
      </symbol>
      <symbol id="sm-4c5">
         <name>uDMAChannelModeGet</name>
         <value>0x4469</value>
         <object_component_ref idref="oc-f6"/>
      </symbol>
      <symbol id="sm-4c6">
         <name>uDMAErrorStatusClear</name>
         <value>0x4849</value>
         <object_component_ref idref="oc-11b"/>
      </symbol>
      <symbol id="sm-4c7">
         <name>uDMAChannelTransferSet</name>
         <value>0x3d51</value>
         <object_component_ref idref="oc-102"/>
      </symbol>
      <symbol id="sm-4c8">
         <name>uDMAChannelAssign</name>
         <value>0x4411</value>
         <object_component_ref idref="oc-1e1"/>
      </symbol>
      <symbol id="sm-4c9">
         <name>uDMAEnable</name>
         <value>0x4789</value>
         <object_component_ref idref="oc-1d5"/>
      </symbol>
      <symbol id="sm-4ca">
         <name>uDMAControlBaseSet</name>
         <value>0x483d</value>
         <object_component_ref idref="oc-1db"/>
      </symbol>
      <symbol id="sm-4cb">
         <name>uDMAChannelAttributeDisable</name>
         <value>0x40f1</value>
         <object_component_ref idref="oc-1e7"/>
      </symbol>
      <symbol id="sm-4cc">
         <name>uDMAChannelEnable</name>
         <value>0x4639</value>
         <object_component_ref idref="oc-108"/>
      </symbol>
      <symbol id="sm-518">
         <name>TimerLoadSet</name>
         <value>0x4723</value>
         <object_component_ref idref="oc-1ff"/>
      </symbol>
      <symbol id="sm-519">
         <name>TimerDisable</name>
         <value>0x467d</value>
         <object_component_ref idref="oc-fc"/>
      </symbol>
      <symbol id="sm-51a">
         <name>TimerEnable</name>
         <value>0x47b5</value>
         <object_component_ref idref="oc-351"/>
      </symbol>
      <symbol id="sm-51b">
         <name>TimerControlTrigger</name>
         <value>0x3f65</value>
         <object_component_ref idref="oc-205"/>
      </symbol>
      <symbol id="sm-51c">
         <name>TimerIntEnable</name>
         <value>0x4893</value>
         <object_component_ref idref="oc-220"/>
      </symbol>
      <symbol id="sm-51d">
         <name>TimerConfigure</name>
         <value>0x3f09</value>
         <object_component_ref idref="oc-1f9"/>
      </symbol>
      <symbol id="sm-51e">
         <name>TimerIntClear</name>
         <value>0x48b9</value>
         <object_component_ref idref="oc-121"/>
      </symbol>
      <symbol id="sm-583">
         <name>SysCtlClockSet</name>
         <value>0x3785</value>
         <object_component_ref idref="oc-74"/>
      </symbol>
      <symbol id="sm-584">
         <name>SysCtlDelay</name>
         <value>0x48ad</value>
         <object_component_ref idref="oc-bf"/>
      </symbol>
      <symbol id="sm-585">
         <name>SysCtlPeripheralEnable</name>
         <value>0x4329</value>
         <object_component_ref idref="oc-c0"/>
      </symbol>
      <symbol id="sm-586">
         <name>SysCtlClockGet</name>
         <value>0x3565</value>
         <object_component_ref idref="oc-195"/>
      </symbol>
      <symbol id="sm-587">
         <name>SysCtlPWMClockSet</name>
         <value>0x4669</value>
         <object_component_ref idref="oc-18f"/>
      </symbol>
      <symbol id="sm-5c7">
         <name>SSIDataPut</name>
         <value>0x4875</value>
         <object_component_ref idref="oc-228"/>
      </symbol>
      <symbol id="sm-5c8">
         <name>SSIDataGet</name>
         <value>0x4801</value>
         <object_component_ref idref="oc-22e"/>
      </symbol>
      <symbol id="sm-5c9">
         <name>SSIDataGetNonBlocking</name>
         <value>0x4711</value>
         <object_component_ref idref="oc-395"/>
      </symbol>
      <symbol id="sm-5ca">
         <name>SSIConfigSetExpClk</name>
         <value>0x41c1</value>
         <object_component_ref idref="oc-371"/>
      </symbol>
      <symbol id="sm-5cb">
         <name>SSIEnable</name>
         <value>0x4889</value>
         <object_component_ref idref="oc-38f"/>
      </symbol>
      <symbol id="sm-5cc">
         <name>SSIDisable</name>
         <value>0x487f</value>
         <object_component_ref idref="oc-365"/>
      </symbol>
      <symbol id="sm-601">
         <name>PWMGenPeriodSet</name>
         <value>0x4757</value>
         <object_component_ref idref="oc-1ad"/>
      </symbol>
      <symbol id="sm-602">
         <name>PWMGenDisable</name>
         <value>0x47e9</value>
         <object_component_ref idref="oc-127"/>
      </symbol>
      <symbol id="sm-603">
         <name>PWMPulseWidthSet</name>
         <value>0x455d</value>
         <object_component_ref idref="oc-1b3"/>
      </symbol>
      <symbol id="sm-604">
         <name>PWMOutputState</name>
         <value>0x46ff</value>
         <object_component_ref idref="oc-1b9"/>
      </symbol>
      <symbol id="sm-605">
         <name>PWMGenEnable</name>
         <value>0x47f5</value>
         <object_component_ref idref="oc-265"/>
      </symbol>
      <symbol id="sm-606">
         <name>PWMGenConfigure</name>
         <value>0x44d9</value>
         <object_component_ref idref="oc-1a7"/>
      </symbol>
      <symbol id="sm-645">
         <name>IntPrioritySet</name>
         <value>0x4491</value>
         <object_component_ref idref="oc-389"/>
      </symbol>
      <symbol id="sm-646">
         <name>IntEnable</name>
         <value>0x3e49</value>
         <object_component_ref idref="oc-1f3"/>
      </symbol>
      <symbol id="sm-647">
         <name>IntMasterEnable</name>
         <value>0x486b</value>
         <object_component_ref idref="oc-21a"/>
      </symbol>
      <symbol id="sm-6cf">
         <name>GPIOPinTypePWM</name>
         <value>0x46db</value>
         <object_component_ref idref="oc-1a1"/>
      </symbol>
      <symbol id="sm-6d0">
         <name>GPIOPinConfigure</name>
         <value>0x4061</value>
         <object_component_ref idref="oc-19b"/>
      </symbol>
      <symbol id="sm-6d1">
         <name>GPIOIntEnable</name>
         <value>0x47dd</value>
         <object_component_ref idref="oc-37d"/>
      </symbol>
      <symbol id="sm-6d2">
         <name>GPIOIntTypeSet</name>
         <value>0x3fbd</value>
         <object_component_ref idref="oc-383"/>
      </symbol>
      <symbol id="sm-6d3">
         <name>GPIOPinTypeADC</name>
         <value>0x46b7</value>
         <object_component_ref idref="oc-1c8"/>
      </symbol>
      <symbol id="sm-6d4">
         <name>GPIOPinTypeGPIOInput</name>
         <value>0x46c9</value>
         <object_component_ref idref="oc-377"/>
      </symbol>
      <symbol id="sm-6d5">
         <name>GPIOIntClear</name>
         <value>0x489b</value>
         <object_component_ref idref="oc-280"/>
      </symbol>
      <symbol id="sm-6d6">
         <name>GPIOIntStatus</name>
         <value>0x47a7</value>
         <object_component_ref idref="oc-a9"/>
      </symbol>
      <symbol id="sm-6d7">
         <name>GPIOPinTypeGPIOOutput</name>
         <value>0x4609</value>
         <object_component_ref idref="oc-182"/>
      </symbol>
      <symbol id="sm-6d8">
         <name>GPIOPinRead</name>
         <value>0x48a1</value>
         <object_component_ref idref="oc-133"/>
      </symbol>
      <symbol id="sm-6d9">
         <name>GPIODirModeSet</name>
         <value>0x443d</value>
         <object_component_ref idref="oc-20e"/>
      </symbol>
      <symbol id="sm-6da">
         <name>GPIOPinWrite</name>
         <value>0x48a7</value>
         <object_component_ref idref="oc-9d"/>
      </symbol>
      <symbol id="sm-6db">
         <name>GPIOPadConfigSet</name>
         <value>0x330d</value>
         <object_component_ref idref="oc-214"/>
      </symbol>
      <symbol id="sm-6dc">
         <name>GPIOPinTypeSSI</name>
         <value>0x46ed</value>
         <object_component_ref idref="oc-36b"/>
      </symbol>
      <symbol id="sm-6e6">
         <name>CPUcpsie</name>
         <value>0x47d1</value>
         <object_component_ref idref="oc-334"/>
      </symbol>
      <symbol id="sm-72d">
         <name>ADCSequenceDMAEnable</name>
         <value>0x4747</value>
         <object_component_ref idref="oc-e4"/>
      </symbol>
      <symbol id="sm-72e">
         <name>ADCSequenceEnable</name>
         <value>0x4799</value>
         <object_component_ref idref="oc-de"/>
      </symbol>
      <symbol id="sm-72f">
         <name>ADCSequenceConfigure</name>
         <value>0x4245</value>
         <object_component_ref idref="oc-cc"/>
      </symbol>
      <symbol id="sm-730">
         <name>ADCSequenceStepConfigure</name>
         <value>0x3cd1</value>
         <object_component_ref idref="oc-d2"/>
      </symbol>
      <symbol id="sm-731">
         <name>ADCIntClear</name>
         <value>0x4861</value>
         <object_component_ref idref="oc-f0"/>
      </symbol>
      <symbol id="sm-732">
         <name>ADCHardwareOversampleConfigure</name>
         <value>0x46a5</value>
         <object_component_ref idref="oc-c6"/>
      </symbol>
      <symbol id="sm-733">
         <name>ADCIntStatus</name>
         <value>0x435d</value>
         <object_component_ref idref="oc-ea"/>
      </symbol>
      <symbol id="sm-734">
         <name>__TI_static_base__</name>
         <value>0x4ac8</value>
      </symbol>
      <symbol id="sm-735">
         <name>__TI_args_main</name>
         <value>0x1</value>
      </symbol>
      <symbol id="sm-736">
         <name>SHT$$INIT_ARRAY$$Limit</name>
         <value>0x0</value>
      </symbol>
      <symbol id="sm-737">
         <name>SHT$$INIT_ARRAY$$Base</name>
         <value>0x0</value>
      </symbol>
   </symbol_table>
   <title>Link successful</title>
</link_info>
