<?xml version="1.0"?>
<link_info>
   <banner>TI ARM Linker PC v5.1.5</banner>
   <copyright>Copyright (c) 1996-2014 Texas Instruments Incorporated</copyright>
   <link_time>0x537b01ab</link_time>
   <link_errors>0x0</link_errors>
   <output_file>distanceSensingRF.out</output_file>
   <entry_point>
      <name>_c_int00</name>
      <address>0x16dd</address>
   </entry_point>
   <input_file_list>
      <input_file id="fl-2">
         <path>.\libnrf24l01\src\</path>
         <kind>object</kind>
         <file>nRF24L01.obj</file>
         <name>nRF24L01.obj</name>
      </input_file>
      <input_file id="fl-3">
         <path>.\libnrf24l01\src\</path>
         <kind>object</kind>
         <file>TM4C123_nRF24L01.obj</file>
         <name>TM4C123_nRF24L01.obj</name>
      </input_file>
      <input_file id="fl-4">
         <path>.\</path>
         <kind>object</kind>
         <file>tm4c123gh6pm_startup_ccs.obj</file>
         <name>tm4c123gh6pm_startup_ccs.obj</name>
      </input_file>
      <input_file id="fl-5">
         <path>.\</path>
         <kind>object</kind>
         <file>main.obj</file>
         <name>main.obj</name>
      </input_file>
      <input_file id="fl-133">
         <path>c:\ti\ccsv6\tools\compiler\arm_5.1.5\lib\</path>
         <kind>archive</kind>
         <file>rtsv7M4_T_le_v4SPD16_eabi.lib</file>
         <name>boot.obj</name>
      </input_file>
      <input_file id="fl-134">
         <path>c:\ti\ccsv6\tools\compiler\arm_5.1.5\lib\</path>
         <kind>archive</kind>
         <file>rtsv7M4_T_le_v4SPD16_eabi.lib</file>
         <name>copy_decompress_none.obj</name>
      </input_file>
      <input_file id="fl-135">
         <path>c:\ti\ccsv6\tools\compiler\arm_5.1.5\lib\</path>
         <kind>archive</kind>
         <file>rtsv7M4_T_le_v4SPD16_eabi.lib</file>
         <name>copy_decompress_rle.obj</name>
      </input_file>
      <input_file id="fl-136">
         <path>c:\ti\ccsv6\tools\compiler\arm_5.1.5\lib\</path>
         <kind>archive</kind>
         <file>rtsv7M4_T_le_v4SPD16_eabi.lib</file>
         <name>copy_zero_init.obj</name>
      </input_file>
      <input_file id="fl-137">
         <path>c:\ti\ccsv6\tools\compiler\arm_5.1.5\lib\</path>
         <kind>archive</kind>
         <file>rtsv7M4_T_le_v4SPD16_eabi.lib</file>
         <name>exit.obj</name>
      </input_file>
      <input_file id="fl-138">
         <path>c:\ti\ccsv6\tools\compiler\arm_5.1.5\lib\</path>
         <kind>archive</kind>
         <file>rtsv7M4_T_le_v4SPD16_eabi.lib</file>
         <name>memcpy_t2.obj</name>
      </input_file>
      <input_file id="fl-139">
         <path>c:\ti\ccsv6\tools\compiler\arm_5.1.5\lib\</path>
         <kind>archive</kind>
         <file>rtsv7M4_T_le_v4SPD16_eabi.lib</file>
         <name>stkdepth_vars.obj</name>
      </input_file>
      <input_file id="fl-13a">
         <path>c:\ti\ccsv6\tools\compiler\arm_5.1.5\lib\</path>
         <kind>archive</kind>
         <file>rtsv7M4_T_le_v4SPD16_eabi.lib</file>
         <name>_lock.obj</name>
      </input_file>
      <input_file id="fl-13b">
         <path>c:\ti\ccsv6\tools\compiler\arm_5.1.5\lib\</path>
         <kind>archive</kind>
         <file>rtsv7M4_T_le_v4SPD16_eabi.lib</file>
         <name>args_main.obj</name>
      </input_file>
      <input_file id="fl-13c">
         <path>c:\ti\ccsv6\tools\compiler\arm_5.1.5\lib\</path>
         <kind>archive</kind>
         <file>rtsv7M4_T_le_v4SPD16_eabi.lib</file>
         <name>auto_init.obj</name>
      </input_file>
      <input_file id="fl-13d">
         <path>c:\ti\ccsv6\tools\compiler\arm_5.1.5\lib\</path>
         <kind>archive</kind>
         <file>rtsv7M4_T_le_v4SPD16_eabi.lib</file>
         <name>cpy_tbl.obj</name>
      </input_file>
      <input_file id="fl-13e">
         <path>D:\Portable\Programs\TivaDriver\driverlib\ccs\Debug\</path>
         <kind>archive</kind>
         <file>driverlib.lib</file>
         <name>udma.obj</name>
      </input_file>
      <input_file id="fl-13f">
         <path>D:\Portable\Programs\TivaDriver\driverlib\ccs\Debug\</path>
         <kind>archive</kind>
         <file>driverlib.lib</file>
         <name>timer.obj</name>
      </input_file>
      <input_file id="fl-140">
         <path>D:\Portable\Programs\TivaDriver\driverlib\ccs\Debug\</path>
         <kind>archive</kind>
         <file>driverlib.lib</file>
         <name>systick.obj</name>
      </input_file>
      <input_file id="fl-141">
         <path>D:\Portable\Programs\TivaDriver\driverlib\ccs\Debug\</path>
         <kind>archive</kind>
         <file>driverlib.lib</file>
         <name>sysctl.obj</name>
      </input_file>
      <input_file id="fl-142">
         <path>D:\Portable\Programs\TivaDriver\driverlib\ccs\Debug\</path>
         <kind>archive</kind>
         <file>driverlib.lib</file>
         <name>ssi.obj</name>
      </input_file>
      <input_file id="fl-143">
         <path>D:\Portable\Programs\TivaDriver\driverlib\ccs\Debug\</path>
         <kind>archive</kind>
         <file>driverlib.lib</file>
         <name>interrupt.obj</name>
      </input_file>
      <input_file id="fl-144">
         <path>D:\Portable\Programs\TivaDriver\driverlib\ccs\Debug\</path>
         <kind>archive</kind>
         <file>driverlib.lib</file>
         <name>gpio.obj</name>
      </input_file>
      <input_file id="fl-145">
         <path>D:\Portable\Programs\TivaDriver\driverlib\ccs\Debug\</path>
         <kind>archive</kind>
         <file>driverlib.lib</file>
         <name>cpu.obj</name>
      </input_file>
      <input_file id="fl-146">
         <path>D:\Portable\Programs\TivaDriver\driverlib\ccs\Debug\</path>
         <kind>archive</kind>
         <file>driverlib.lib</file>
         <name>adc.obj</name>
      </input_file>
   </input_file_list>
   <object_component_list>
      <object_component id="oc-e">
         <name>.intvecs</name>
         <load_address>0x0</load_address>
         <run_address>0x0</run_address>
         <size>0x26c</size>
         <input_file_ref idref="fl-4"/>
      </object_component>
      <object_component id="oc-dd">
         <name>.text</name>
         <load_address>0x26c</load_address>
         <run_address>0x26c</run_address>
         <size>0x8a4</size>
         <input_file_ref idref="fl-2"/>
      </object_component>
      <object_component id="oc-29">
         <name>.text</name>
         <load_address>0xb10</load_address>
         <run_address>0xb10</run_address>
         <size>0x2f0</size>
         <input_file_ref idref="fl-5"/>
      </object_component>
      <object_component id="oc-153">
         <name>.text:GPIOPadConfigSet</name>
         <load_address>0xe00</load_address>
         <run_address>0xe00</run_address>
         <size>0x130</size>
         <input_file_ref idref="fl-144"/>
      </object_component>
      <object_component id="oc-75">
         <name>.text:SysCtlClockGet</name>
         <load_address>0xf30</load_address>
         <run_address>0xf30</run_address>
         <size>0x118</size>
         <input_file_ref idref="fl-141"/>
      </object_component>
      <object_component id="oc-61">
         <name>.text:SysCtlClockSet</name>
         <load_address>0x1048</load_address>
         <run_address>0x1048</run_address>
         <size>0xf0</size>
         <input_file_ref idref="fl-141"/>
      </object_component>
      <object_component id="oc-199">
         <name>.text:initSpiForRF</name>
         <load_address>0x1138</load_address>
         <run_address>0x1138</run_address>
         <size>0xd4</size>
         <input_file_ref idref="fl-3"/>
      </object_component>
      <object_component id="oc-42">
         <name>.text</name>
         <load_address>0x120c</load_address>
         <run_address>0x120c</run_address>
         <size>0x9c</size>
         <input_file_ref idref="fl-138"/>
      </object_component>
      <object_component id="oc-31">
         <name>.text</name>
         <load_address>0x12a8</load_address>
         <run_address>0x12a8</run_address>
         <size>0x94</size>
         <input_file_ref idref="fl-13c"/>
      </object_component>
      <object_component id="oc-d1">
         <name>.text:initRfModule</name>
         <load_address>0x133c</load_address>
         <run_address>0x133c</run_address>
         <size>0x8c</size>
         <input_file_ref idref="fl-5"/>
      </object_component>
      <object_component id="oc-170">
         <name>.text:ADCSequenceStepConfigure</name>
         <load_address>0x13c8</load_address>
         <run_address>0x13c8</run_address>
         <size>0x80</size>
         <input_file_ref idref="fl-146"/>
      </object_component>
      <object_component id="oc-ae">
         <name>.text:uDMAChannelTransferSet</name>
         <load_address>0x1448</load_address>
         <run_address>0x1448</run_address>
         <size>0x80</size>
         <input_file_ref idref="fl-13e"/>
      </object_component>
      <object_component id="oc-b8">
         <name>.text:IntEnable</name>
         <load_address>0x14c8</load_address>
         <run_address>0x14c8</run_address>
         <size>0x60</size>
         <input_file_ref idref="fl-143"/>
      </object_component>
      <object_component id="oc-54">
         <name>.text</name>
         <load_address>0x1528</load_address>
         <run_address>0x1528</run_address>
         <size>0x5e</size>
         <input_file_ref idref="fl-135"/>
      </object_component>
      <object_component id="oc-c2">
         <name>.text:TimerConfigure</name>
         <load_address>0x1588</load_address>
         <run_address>0x1588</run_address>
         <size>0x5c</size>
         <input_file_ref idref="fl-13f"/>
      </object_component>
      <object_component id="oc-cc">
         <name>.text:TimerControlTrigger</name>
         <load_address>0x15e4</load_address>
         <run_address>0x15e4</run_address>
         <size>0x58</size>
         <input_file_ref idref="fl-13f"/>
      </object_component>
      <object_component id="oc-238">
         <name>.text:GPIOIntTypeSet</name>
         <load_address>0x163c</load_address>
         <run_address>0x163c</run_address>
         <size>0x56</size>
         <input_file_ref idref="fl-144"/>
      </object_component>
      <object_component id="oc-229">
         <name>.text:GPIOPinConfigure</name>
         <load_address>0x1694</load_address>
         <run_address>0x1694</run_address>
         <size>0x48</size>
         <input_file_ref idref="fl-144"/>
      </object_component>
      <object_component id="oc-10">
         <name>.text</name>
         <load_address>0x16dc</load_address>
         <run_address>0x16dc</run_address>
         <size>0x48</size>
         <input_file_ref idref="fl-133"/>
      </object_component>
      <object_component id="oc-a4">
         <name>.text:uDMAChannelAttributeDisable</name>
         <load_address>0x1724</load_address>
         <run_address>0x1724</run_address>
         <size>0x48</size>
         <input_file_ref idref="fl-13e"/>
      </object_component>
      <object_component id="oc-66">
         <name>.text:SysCtlPeripheralClockGating</name>
         <load_address>0x176c</load_address>
         <run_address>0x176c</run_address>
         <size>0x44</size>
         <input_file_ref idref="fl-141"/>
      </object_component>
      <object_component id="oc-8e">
         <name>.text:initADC</name>
         <load_address>0x17b0</load_address>
         <run_address>0x17b0</run_address>
         <size>0x44</size>
         <input_file_ref idref="fl-5"/>
      </object_component>
      <object_component id="oc-123">
         <name>.text</name>
         <load_address>0x17f4</load_address>
         <run_address>0x17f4</run_address>
         <size>0x44</size>
         <input_file_ref idref="fl-13d"/>
      </object_component>
      <object_component id="oc-3a">
         <name>.text</name>
         <load_address>0x1838</load_address>
         <run_address>0x1838</run_address>
         <size>0x44</size>
         <input_file_ref idref="fl-137"/>
      </object_component>
      <object_component id="oc-24c">
         <name>.text:SSIConfigSetExpClk</name>
         <load_address>0x187c</load_address>
         <run_address>0x187c</run_address>
         <size>0x42</size>
         <input_file_ref idref="fl-142"/>
      </object_component>
      <object_component id="oc-16b">
         <name>.text:ADCSequenceConfigure</name>
         <load_address>0x18be</load_address>
         <run_address>0x18be</run_address>
         <size>0x3e</size>
         <input_file_ref idref="fl-146"/>
      </object_component>
      <object_component id="oc-6b">
         <name>.text:SysCtlPeripheralEnable</name>
         <load_address>0x18fc</load_address>
         <run_address>0x18fc</run_address>
         <size>0x34</size>
         <input_file_ref idref="fl-141"/>
      </object_component>
      <object_component id="oc-ec">
         <name>.text:ADCIntStatus</name>
         <load_address>0x1930</load_address>
         <run_address>0x1930</run_address>
         <size>0x2e</size>
         <input_file_ref idref="fl-146"/>
      </object_component>
      <object_component id="oc-1ae">
         <name>.text</name>
         <load_address>0x1960</load_address>
         <run_address>0x1960</run_address>
         <size>0x2c</size>
         <input_file_ref idref="fl-3"/>
      </object_component>
      <object_component id="oc-9f">
         <name>.text:uDMAChannelAssign</name>
         <load_address>0x198c</load_address>
         <run_address>0x198c</run_address>
         <size>0x2c</size>
         <input_file_ref idref="fl-13e"/>
      </object_component>
      <object_component id="oc-158">
         <name>.text:GPIODirModeSet</name>
         <load_address>0x19b8</load_address>
         <run_address>0x19b8</run_address>
         <size>0x2a</size>
         <input_file_ref idref="fl-144"/>
      </object_component>
      <object_component id="oc-f6">
         <name>.text:uDMAChannelModeGet</name>
         <load_address>0x19e4</load_address>
         <run_address>0x19e4</run_address>
         <size>0x28</size>
         <input_file_ref idref="fl-13e"/>
      </object_component>
      <object_component id="oc-242">
         <name>.text:IntPrioritySet</name>
         <load_address>0x1a0c</load_address>
         <run_address>0x1a0c</run_address>
         <size>0x24</size>
         <input_file_ref idref="fl-143"/>
      </object_component>
      <object_component id="oc-a9">
         <name>.text:uDMAChannelControlSet</name>
         <load_address>0x1a30</load_address>
         <run_address>0x1a30</run_address>
         <size>0x24</size>
         <input_file_ref idref="fl-13e"/>
      </object_component>
      <object_component id="oc-1a7">
         <name>.text:clearRfCE</name>
         <load_address>0x1a54</load_address>
         <run_address>0x1a54</run_address>
         <size>0x1c</size>
         <input_file_ref idref="fl-3"/>
      </object_component>
      <object_component id="oc-1cc">
         <name>.text:setRfCE</name>
         <load_address>0x1a70</load_address>
         <run_address>0x1a70</run_address>
         <size>0x1c</size>
         <input_file_ref idref="fl-3"/>
      </object_component>
      <object_component id="oc-70">
         <name>.text:GPIOPinTypeGPIOOutput</name>
         <load_address>0x1a8c</load_address>
         <run_address>0x1a8c</run_address>
         <size>0x18</size>
         <input_file_ref idref="fl-144"/>
      </object_component>
      <object_component id="oc-35">
         <name>.text</name>
         <load_address>0x1aa4</load_address>
         <run_address>0x1aa4</run_address>
         <size>0x18</size>
         <input_file_ref idref="fl-13b"/>
      </object_component>
      <object_component id="oc-b3">
         <name>.text:uDMAChannelEnable</name>
         <load_address>0x1abc</load_address>
         <run_address>0x1abc</run_address>
         <size>0x18</size>
         <input_file_ref idref="fl-13e"/>
      </object_component>
      <object_component id="oc-84">
         <name>.text:SysTickEnable</name>
         <load_address>0x1ad4</load_address>
         <run_address>0x1ad4</run_address>
         <size>0x14</size>
         <input_file_ref idref="fl-140"/>
      </object_component>
      <object_component id="oc-7f">
         <name>.text:SysTickIntEnable</name>
         <load_address>0x1ae8</load_address>
         <run_address>0x1ae8</run_address>
         <size>0x14</size>
         <input_file_ref idref="fl-140"/>
      </object_component>
      <object_component id="oc-bd">
         <name>.text:TimerDisable</name>
         <load_address>0x1afc</load_address>
         <run_address>0x1afc</run_address>
         <size>0x14</size>
         <input_file_ref idref="fl-13f"/>
      </object_component>
      <object_component id="oc-1c1">
         <name>.text:clearRfCSN</name>
         <load_address>0x1b10</load_address>
         <run_address>0x1b10</run_address>
         <size>0x14</size>
         <input_file_ref idref="fl-3"/>
      </object_component>
      <object_component id="oc-1f5">
         <name>.text</name>
         <load_address>0x1b24</load_address>
         <run_address>0x1b24</run_address>
         <size>0x14</size>
         <input_file_ref idref="fl-13a"/>
      </object_component>
      <object_component id="oc-1a0">
         <name>.text:setRfCSN</name>
         <load_address>0x1b38</load_address>
         <run_address>0x1b38</run_address>
         <size>0x14</size>
         <input_file_ref idref="fl-3"/>
      </object_component>
      <object_component id="oc-166">
         <name>.text:ADCHardwareOversampleConfigure</name>
         <load_address>0x1b4c</load_address>
         <run_address>0x1b4c</run_address>
         <size>0x12</size>
         <input_file_ref idref="fl-146"/>
      </object_component>
      <object_component id="oc-89">
         <name>.text:GPIOPinTypeADC</name>
         <load_address>0x1b5e</load_address>
         <run_address>0x1b5e</run_address>
         <size>0x12</size>
         <input_file_ref idref="fl-144"/>
      </object_component>
      <object_component id="oc-22e">
         <name>.text:GPIOPinTypeGPIOInput</name>
         <load_address>0x1b70</load_address>
         <run_address>0x1b70</run_address>
         <size>0x12</size>
         <input_file_ref idref="fl-144"/>
      </object_component>
      <object_component id="oc-247">
         <name>.text:GPIOPinTypeSSI</name>
         <load_address>0x1b82</load_address>
         <run_address>0x1b82</run_address>
         <size>0x12</size>
         <input_file_ref idref="fl-144"/>
      </object_component>
      <object_component id="oc-1ba">
         <name>.text:RF24_setConfigureRegister</name>
         <load_address>0x1b94</load_address>
         <run_address>0x1b94</run_address>
         <size>0x12</size>
         <input_file_ref idref="fl-2"/>
      </object_component>
      <object_component id="oc-256">
         <name>.text:SSIDataGetNonBlocking</name>
         <load_address>0x1ba6</load_address>
         <run_address>0x1ba6</run_address>
         <size>0x12</size>
         <input_file_ref idref="fl-142"/>
      </object_component>
      <object_component id="oc-c7">
         <name>.text:TimerLoadSet</name>
         <load_address>0x1bb8</load_address>
         <run_address>0x1bb8</run_address>
         <size>0x12</size>
         <input_file_ref idref="fl-13f"/>
      </object_component>
      <object_component id="oc-19">
         <name>.text:decompress:ZI</name>
         <load_address>0x1bca</load_address>
         <run_address>0x1bca</run_address>
         <size>0x12</size>
         <input_file_ref idref="fl-136"/>
      </object_component>
      <object_component id="oc-17a">
         <name>.text:ADCSequenceDMAEnable</name>
         <load_address>0x1bdc</load_address>
         <run_address>0x1bdc</run_address>
         <size>0x10</size>
         <input_file_ref idref="fl-146"/>
      </object_component>
      <object_component id="oc-7a">
         <name>.text:SysTickPeriodSet</name>
         <load_address>0x1bec</load_address>
         <run_address>0x1bec</run_address>
         <size>0x10</size>
         <input_file_ref idref="fl-140"/>
      </object_component>
      <object_component id="oc-95">
         <name>.text:uDMAEnable</name>
         <load_address>0x1bfc</load_address>
         <run_address>0x1bfc</run_address>
         <size>0x10</size>
         <input_file_ref idref="fl-13e"/>
      </object_component>
      <object_component id="oc-175">
         <name>.text:ADCSequenceEnable</name>
         <load_address>0x1c0c</load_address>
         <run_address>0x1c0c</run_address>
         <size>0xe</size>
         <input_file_ref idref="fl-146"/>
      </object_component>
      <object_component id="oc-d8">
         <name>.text:GPIOIntStatus</name>
         <load_address>0x1c1a</load_address>
         <run_address>0x1c1a</run_address>
         <size>0xe</size>
         <input_file_ref idref="fl-144"/>
      </object_component>
      <object_component id="oc-e2">
         <name>.text:TimerEnable</name>
         <load_address>0x1c28</load_address>
         <run_address>0x1c28</run_address>
         <size>0xe</size>
         <input_file_ref idref="fl-13f"/>
      </object_component>
      <object_component id="oc-14">
         <name>.text:decompress:none</name>
         <load_address>0x1c36</load_address>
         <run_address>0x1c36</run_address>
         <size>0xe</size>
         <input_file_ref idref="fl-134"/>
      </object_component>
      <object_component id="oc-285">
         <name>.text:CPUcpsie</name>
         <load_address>0x1c44</load_address>
         <run_address>0x1c44</run_address>
         <size>0xc</size>
         <input_file_ref idref="fl-145"/>
      </object_component>
      <object_component id="oc-233">
         <name>.text:GPIOIntEnable</name>
         <load_address>0x1c50</load_address>
         <run_address>0x1c50</run_address>
         <size>0xc</size>
         <input_file_ref idref="fl-144"/>
      </object_component>
      <object_component id="oc-267">
         <name>.text:SSIDataGet</name>
         <load_address>0x1c5c</load_address>
         <run_address>0x1c5c</run_address>
         <size>0xc</size>
         <input_file_ref idref="fl-142"/>
      </object_component>
      <object_component id="oc-1b3">
         <name>.text:getCEState</name>
         <load_address>0x1c68</load_address>
         <run_address>0x1c68</run_address>
         <size>0xc</size>
         <input_file_ref idref="fl-3"/>
      </object_component>
      <object_component id="oc-24">
         <name>.text</name>
         <load_address>0x1c74</load_address>
         <run_address>0x1c74</run_address>
         <size>0xc</size>
         <input_file_ref idref="fl-4"/>
      </object_component>
      <object_component id="oc-9a">
         <name>.text:uDMAControlBaseSet</name>
         <load_address>0x1c80</load_address>
         <run_address>0x1c80</run_address>
         <size>0xc</size>
         <input_file_ref idref="fl-13e"/>
      </object_component>
      <object_component id="oc-100">
         <name>.text:uDMAErrorStatusClear</name>
         <load_address>0x1c8c</load_address>
         <run_address>0x1c8c</run_address>
         <size>0xc</size>
         <input_file_ref idref="fl-13e"/>
      </object_component>
      <object_component id="oc-fb">
         <name>.text:uDMAErrorStatusGet</name>
         <load_address>0x1c98</load_address>
         <run_address>0x1c98</run_address>
         <size>0xc</size>
         <input_file_ref idref="fl-13e"/>
      </object_component>
      <object_component id="oc-f1">
         <name>.text:ADCIntClear</name>
         <load_address>0x1ca4</load_address>
         <run_address>0x1ca4</run_address>
         <size>0xa</size>
         <input_file_ref idref="fl-146"/>
      </object_component>
      <object_component id="oc-23d">
         <name>.text:IntMasterEnable</name>
         <load_address>0x1cae</load_address>
         <run_address>0x1cae</run_address>
         <size>0xa</size>
         <input_file_ref idref="fl-143"/>
      </object_component>
      <object_component id="oc-262">
         <name>.text:SSIDataPut</name>
         <load_address>0x1cb8</load_address>
         <run_address>0x1cb8</run_address>
         <size>0xa</size>
         <input_file_ref idref="fl-142"/>
      </object_component>
      <object_component id="oc-224">
         <name>.text:SSIDisable</name>
         <load_address>0x1cc2</load_address>
         <run_address>0x1cc2</run_address>
         <size>0xa</size>
         <input_file_ref idref="fl-142"/>
      </object_component>
      <object_component id="oc-251">
         <name>.text:SSIEnable</name>
         <load_address>0x1ccc</load_address>
         <run_address>0x1ccc</run_address>
         <size>0xa</size>
         <input_file_ref idref="fl-142"/>
      </object_component>
      <object_component id="oc-e7">
         <name>.text:GPIOIntClear</name>
         <load_address>0x1cd6</load_address>
         <run_address>0x1cd6</run_address>
         <size>0x6</size>
         <input_file_ref idref="fl-144"/>
      </object_component>
      <object_component id="oc-25b">
         <name>.text:GPIOPinWrite</name>
         <load_address>0x1cdc</load_address>
         <run_address>0x1cdc</run_address>
         <size>0x6</size>
         <input_file_ref idref="fl-144"/>
      </object_component>
      <object_component id="oc-105">
         <name>.text:SysCtlDelay</name>
         <load_address>0x1ce2</load_address>
         <run_address>0x1ce2</run_address>
         <size>0x6</size>
         <input_file_ref idref="fl-141"/>
      </object_component>
      <object_component id="oc-1e">
         <name>.text:decompress:rle24</name>
         <load_address>0x1ce8</load_address>
         <run_address>0x1ce8</run_address>
         <size>0x6</size>
         <input_file_ref idref="fl-135"/>
      </object_component>
      <object_component id="oc-28b">
         <name>.const:g_pui32Regs</name>
         <load_address>0x1cf0</load_address>
         <run_address>0x1cf0</run_address>
         <size>0x9c</size>
         <input_file_ref idref="fl-143"/>
      </object_component>
      <object_component id="oc-27f">
         <name>.const:g_pui32GPIOBaseAddrs</name>
         <load_address>0x1d8c</load_address>
         <run_address>0x1d8c</run_address>
         <size>0x90</size>
         <input_file_ref idref="fl-144"/>
      </object_component>
      <object_component id="oc-187">
         <name>.const</name>
         <load_address>0x1e1c</load_address>
         <run_address>0x1e1c</run_address>
         <size>0x70</size>
         <input_file_ref idref="fl-143"/>
      </object_component>
      <object_component id="oc-15e">
         <name>.const:g_pui32Xtals</name>
         <load_address>0x1e8c</load_address>
         <run_address>0x1e8c</run_address>
         <size>0x6c</size>
         <input_file_ref idref="fl-141"/>
      </object_component>
      <object_component id="oc-190">
         <name>.const:.string</name>
         <load_address>0x1ef8</load_address>
         <run_address>0x1ef8</run_address>
         <size>0x3</size>
         <input_file_ref idref="fl-5"/>
      </object_component>
      <object_component id="oc-2bc">
         <name>.cinit..data.load</name>
         <load_address>0x1f00</load_address>
         <run_address>0x1f00</run_address>
         <size>0xf</size>
      </object_component>
      <object_component id="oc-2ba">
         <name>__TI_handler_table</name>
         <load_address>0x1f10</load_address>
         <run_address>0x1f10</run_address>
         <size>0xc</size>
      </object_component>
      <object_component id="oc-2bd">
         <name>.cinit..bss.load</name>
         <load_address>0x1f20</load_address>
         <run_address>0x1f20</run_address>
         <size>0x8</size>
      </object_component>
      <object_component id="oc-2bb">
         <name>__TI_cinit_table</name>
         <load_address>0x1f28</load_address>
         <run_address>0x1f28</run_address>
         <size>0x10</size>
      </object_component>
      <object_component id="oc-3f">
         <name>.data</name>
         <load_address>0x20001640</load_address>
         <run_address>0x20001640</run_address>
         <size>0x4</size>
         <input_file_ref idref="fl-139"/>
      </object_component>
      <object_component id="oc-10f">
         <name>.data</name>
         <load_address>0x2000163c</load_address>
         <run_address>0x2000163c</run_address>
         <size>0x4</size>
         <input_file_ref idref="fl-5"/>
      </object_component>
      <object_component id="oc-12b">
         <name>.data</name>
         <load_address>0x2000162c</load_address>
         <run_address>0x2000162c</run_address>
         <size>0x8</size>
         <input_file_ref idref="fl-13a"/>
      </object_component>
      <object_component id="oc-12d">
         <name>.data</name>
         <load_address>0x20001634</load_address>
         <run_address>0x20001634</run_address>
         <size>0x8</size>
         <input_file_ref idref="fl-137"/>
      </object_component>
      <object_component id="oc-106">
         <name>.bss:ui8ControlTable</name>
         <uninitialized>true</uninitialized>
         <run_address>0x20001000</run_address>
         <size>0x400</size>
         <input_file_ref idref="fl-5"/>
      </object_component>
      <object_component id="oc-108">
         <name>.bss:g_ui16ADC0Result</name>
         <uninitialized>true</uninitialized>
         <run_address>0x20000000</run_address>
         <size>0x800</size>
         <input_file_ref idref="fl-5"/>
      </object_component>
      <object_component id="oc-10a">
         <name>.bss:g_ui16ADC1Result</name>
         <uninitialized>true</uninitialized>
         <run_address>0x20000800</run_address>
         <size>0x800</size>
         <input_file_ref idref="fl-5"/>
      </object_component>
      <object_component id="oc-1d5">
         <name>.common:crcConfig</name>
         <uninitialized>true</uninitialized>
         <run_address>0x20001426</run_address>
         <size>0x1</size>
      </object_component>
      <object_component id="oc-1d6">
         <name>.common:addressWidth</name>
         <uninitialized>true</uninitialized>
         <run_address>0x20001425</run_address>
         <size>0x1</size>
      </object_component>
      <object_component id="oc-1d7">
         <name>.common:status</name>
         <uninitialized>true</uninitialized>
         <run_address>0x20001428</run_address>
         <size>0x1</size>
      </object_component>
      <object_component id="oc-1d8">
         <name>.common:features</name>
         <uninitialized>true</uninitialized>
         <run_address>0x20001427</run_address>
         <size>0x1</size>
      </object_component>
      <object_component id="oc-270">
         <name>.common:CEState</name>
         <uninitialized>true</uninitialized>
         <run_address>0x20001424</run_address>
         <size>0x1</size>
      </object_component>
      <object_component id="oc-10c">
         <name>.common:g_ui32SysTickCount</name>
         <uninitialized>true</uninitialized>
         <run_address>0x20001420</run_address>
         <size>0x4</size>
      </object_component>
      <object_component id="oc-10e">
         <name>.common:RF24_RX_buffer</name>
         <uninitialized>true</uninitialized>
         <run_address>0x20001400</run_address>
         <size>0x20</size>
      </object_component>
      <object_component id="oc-23">
         <name>.stack</name>
         <uninitialized>true</uninitialized>
         <run_address>0x2000142c</run_address>
         <size>0x0</size>
         <input_file_ref idref="fl-133"/>
      </object_component>
      <object_component id="oc-2be">
         <name>.stack</name>
         <uninitialized>true</uninitialized>
         <run_address>0x2000142c</run_address>
         <size>0x0</size>
      </object_component>
      <object_component id="oc-f">
         <name>.debug_info</name>
         <load_address>0x0</load_address>
         <run_address>0x0</run_address>
         <size>0xe6</size>
         <input_file_ref idref="fl-4"/>
      </object_component>
      <object_component id="oc-11">
         <name>.debug_info</name>
         <load_address>0xe6</load_address>
         <run_address>0xe6</run_address>
         <size>0xf3</size>
         <input_file_ref idref="fl-133"/>
      </object_component>
      <object_component id="oc-16">
         <name>.debug_info</name>
         <load_address>0x1d9</load_address>
         <run_address>0x1d9</run_address>
         <size>0x194</size>
         <input_file_ref idref="fl-134"/>
      </object_component>
      <object_component id="oc-1a">
         <name>.debug_info</name>
         <load_address>0x36d</load_address>
         <run_address>0x36d</run_address>
         <size>0x16a</size>
         <input_file_ref idref="fl-136"/>
      </object_component>
      <object_component id="oc-22">
         <name>.debug_info</name>
         <load_address>0x4d7</load_address>
         <run_address>0x4d7</run_address>
         <size>0x18e</size>
         <input_file_ref idref="fl-135"/>
      </object_component>
      <object_component id="oc-26">
         <name>.debug_info</name>
         <load_address>0x665</load_address>
         <run_address>0x665</run_address>
         <size>0x262</size>
         <input_file_ref idref="fl-4"/>
      </object_component>
      <object_component id="oc-2a">
         <name>.debug_info</name>
         <load_address>0x8c7</load_address>
         <run_address>0x8c7</run_address>
         <size>0xa7c</size>
         <input_file_ref idref="fl-5"/>
      </object_component>
      <object_component id="oc-30">
         <name>.debug_info</name>
         <load_address>0x1343</load_address>
         <run_address>0x1343</run_address>
         <size>0x1bb</size>
         <input_file_ref idref="fl-4"/>
      </object_component>
      <object_component id="oc-34">
         <name>.debug_info</name>
         <load_address>0x14fe</load_address>
         <run_address>0x14fe</run_address>
         <size>0x13d</size>
         <input_file_ref idref="fl-13c"/>
      </object_component>
      <object_component id="oc-39">
         <name>.debug_info</name>
         <load_address>0x163b</load_address>
         <run_address>0x163b</run_address>
         <size>0x11c</size>
         <input_file_ref idref="fl-13b"/>
      </object_component>
      <object_component id="oc-3b">
         <name>.debug_info</name>
         <load_address>0x1757</load_address>
         <run_address>0x1757</run_address>
         <size>0x1c2</size>
         <input_file_ref idref="fl-137"/>
      </object_component>
      <object_component id="oc-40">
         <name>.debug_info</name>
         <load_address>0x1919</load_address>
         <run_address>0x1919</run_address>
         <size>0xbe</size>
         <input_file_ref idref="fl-139"/>
      </object_component>
      <object_component id="oc-44">
         <name>.debug_info</name>
         <load_address>0x19d7</load_address>
         <run_address>0x19d7</run_address>
         <size>0xcc</size>
         <input_file_ref idref="fl-138"/>
      </object_component>
      <object_component id="oc-47">
         <name>.debug_info</name>
         <load_address>0x1aa3</load_address>
         <run_address>0x1aa3</run_address>
         <size>0x46</size>
         <input_file_ref idref="fl-134"/>
      </object_component>
      <object_component id="oc-4c">
         <name>.debug_info</name>
         <load_address>0x1ae9</load_address>
         <run_address>0x1ae9</run_address>
         <size>0xf2</size>
         <input_file_ref idref="fl-134"/>
      </object_component>
      <object_component id="oc-4e">
         <name>.debug_info</name>
         <load_address>0x1bdb</load_address>
         <run_address>0x1bdb</run_address>
         <size>0x46</size>
         <input_file_ref idref="fl-136"/>
      </object_component>
      <object_component id="oc-53">
         <name>.debug_info</name>
         <load_address>0x1c21</load_address>
         <run_address>0x1c21</run_address>
         <size>0xad</size>
         <input_file_ref idref="fl-136"/>
      </object_component>
      <object_component id="oc-58">
         <name>.debug_info</name>
         <load_address>0x1cce</load_address>
         <run_address>0x1cce</run_address>
         <size>0x1ef</size>
         <input_file_ref idref="fl-135"/>
      </object_component>
      <object_component id="oc-5a">
         <name>.debug_info</name>
         <load_address>0x1ebd</load_address>
         <run_address>0x1ebd</run_address>
         <size>0xb7</size>
         <input_file_ref idref="fl-135"/>
      </object_component>
      <object_component id="oc-5b">
         <name>.debug_info</name>
         <load_address>0x1f74</load_address>
         <run_address>0x1f74</run_address>
         <size>0x39</size>
         <input_file_ref idref="fl-135"/>
      </object_component>
      <object_component id="oc-63">
         <name>.debug_info</name>
         <load_address>0x1fad</load_address>
         <run_address>0x1fad</run_address>
         <size>0x363</size>
         <input_file_ref idref="fl-141"/>
      </object_component>
      <object_component id="oc-67">
         <name>.debug_info</name>
         <load_address>0x2310</load_address>
         <run_address>0x2310</run_address>
         <size>0x1d5</size>
         <input_file_ref idref="fl-141"/>
      </object_component>
      <object_component id="oc-6c">
         <name>.debug_info</name>
         <load_address>0x24e5</load_address>
         <run_address>0x24e5</run_address>
         <size>0x1e1</size>
         <input_file_ref idref="fl-141"/>
      </object_component>
      <object_component id="oc-71">
         <name>.debug_info</name>
         <load_address>0x26c6</load_address>
         <run_address>0x26c6</run_address>
         <size>0x1eb</size>
         <input_file_ref idref="fl-144"/>
      </object_component>
      <object_component id="oc-77">
         <name>.debug_info</name>
         <load_address>0x28b1</load_address>
         <run_address>0x28b1</run_address>
         <size>0x219</size>
         <input_file_ref idref="fl-141"/>
      </object_component>
      <object_component id="oc-7b">
         <name>.debug_info</name>
         <load_address>0x2aca</load_address>
         <run_address>0x2aca</run_address>
         <size>0x1c5</size>
         <input_file_ref idref="fl-140"/>
      </object_component>
      <object_component id="oc-81">
         <name>.debug_info</name>
         <load_address>0x2c8f</load_address>
         <run_address>0x2c8f</run_address>
         <size>0x18b</size>
         <input_file_ref idref="fl-140"/>
      </object_component>
      <object_component id="oc-85">
         <name>.debug_info</name>
         <load_address>0x2e1a</load_address>
         <run_address>0x2e1a</run_address>
         <size>0x185</size>
         <input_file_ref idref="fl-140"/>
      </object_component>
      <object_component id="oc-8a">
         <name>.debug_info</name>
         <load_address>0x2f9f</load_address>
         <run_address>0x2f9f</run_address>
         <size>0x1dd</size>
         <input_file_ref idref="fl-144"/>
      </object_component>
      <object_component id="oc-90">
         <name>.debug_info</name>
         <load_address>0x317c</load_address>
         <run_address>0x317c</run_address>
         <size>0x23e</size>
         <input_file_ref idref="fl-5"/>
      </object_component>
      <object_component id="oc-96">
         <name>.debug_info</name>
         <load_address>0x33ba</load_address>
         <run_address>0x33ba</run_address>
         <size>0x176</size>
         <input_file_ref idref="fl-13e"/>
      </object_component>
      <object_component id="oc-9b">
         <name>.debug_info</name>
         <load_address>0x3530</load_address>
         <run_address>0x3530</run_address>
         <size>0x1d0</size>
         <input_file_ref idref="fl-13e"/>
      </object_component>
      <object_component id="oc-a0">
         <name>.debug_info</name>
         <load_address>0x3700</load_address>
         <run_address>0x3700</run_address>
         <size>0x1e8</size>
         <input_file_ref idref="fl-13e"/>
      </object_component>
      <object_component id="oc-a5">
         <name>.debug_info</name>
         <load_address>0x38e8</load_address>
         <run_address>0x38e8</run_address>
         <size>0x217</size>
         <input_file_ref idref="fl-13e"/>
      </object_component>
      <object_component id="oc-aa">
         <name>.debug_info</name>
         <load_address>0x3aff</load_address>
         <run_address>0x3aff</run_address>
         <size>0x24a</size>
         <input_file_ref idref="fl-13e"/>
      </object_component>
      <object_component id="oc-af">
         <name>.debug_info</name>
         <load_address>0x3d49</load_address>
         <run_address>0x3d49</run_address>
         <size>0x35e</size>
         <input_file_ref idref="fl-13e"/>
      </object_component>
      <object_component id="oc-b4">
         <name>.debug_info</name>
         <load_address>0x40a7</load_address>
         <run_address>0x40a7</run_address>
         <size>0x1ce</size>
         <input_file_ref idref="fl-13e"/>
      </object_component>
      <object_component id="oc-b9">
         <name>.debug_info</name>
         <load_address>0x4275</load_address>
         <run_address>0x4275</run_address>
         <size>0x1cc</size>
         <input_file_ref idref="fl-143"/>
      </object_component>
      <object_component id="oc-bf">
         <name>.debug_info</name>
         <load_address>0x4441</load_address>
         <run_address>0x4441</run_address>
         <size>0x1e5</size>
         <input_file_ref idref="fl-13f"/>
      </object_component>
      <object_component id="oc-c4">
         <name>.debug_info</name>
         <load_address>0x4626</load_address>
         <run_address>0x4626</run_address>
         <size>0x1f0</size>
         <input_file_ref idref="fl-13f"/>
      </object_component>
      <object_component id="oc-c9">
         <name>.debug_info</name>
         <load_address>0x4816</load_address>
         <run_address>0x4816</run_address>
         <size>0x21e</size>
         <input_file_ref idref="fl-13f"/>
      </object_component>
      <object_component id="oc-ce">
         <name>.debug_info</name>
         <load_address>0x4a34</load_address>
         <run_address>0x4a34</run_address>
         <size>0x23b</size>
         <input_file_ref idref="fl-13f"/>
      </object_component>
      <object_component id="oc-d2">
         <name>.debug_info</name>
         <load_address>0x4c6f</load_address>
         <run_address>0x4c6f</run_address>
         <size>0x1b4</size>
         <input_file_ref idref="fl-5"/>
      </object_component>
      <object_component id="oc-d9">
         <name>.debug_info</name>
         <load_address>0x4e23</load_address>
         <run_address>0x4e23</run_address>
         <size>0x1e3</size>
         <input_file_ref idref="fl-144"/>
      </object_component>
      <object_component id="oc-de">
         <name>.debug_info</name>
         <load_address>0x5006</load_address>
         <run_address>0x5006</run_address>
         <size>0x2649</size>
         <input_file_ref idref="fl-2"/>
      </object_component>
      <object_component id="oc-e4">
         <name>.debug_info</name>
         <load_address>0x764f</load_address>
         <run_address>0x764f</run_address>
         <size>0x1e3</size>
         <input_file_ref idref="fl-13f"/>
      </object_component>
      <object_component id="oc-e8">
         <name>.debug_info</name>
         <load_address>0x7832</load_address>
         <run_address>0x7832</run_address>
         <size>0x1f1</size>
         <input_file_ref idref="fl-144"/>
      </object_component>
      <object_component id="oc-ed">
         <name>.debug_info</name>
         <load_address>0x7a23</load_address>
         <run_address>0x7a23</run_address>
         <size>0x245</size>
         <input_file_ref idref="fl-146"/>
      </object_component>
      <object_component id="oc-f2">
         <name>.debug_info</name>
         <load_address>0x7c68</load_address>
         <run_address>0x7c68</run_address>
         <size>0x1f8</size>
         <input_file_ref idref="fl-146"/>
      </object_component>
      <object_component id="oc-f7">
         <name>.debug_info</name>
         <load_address>0x7e60</load_address>
         <run_address>0x7e60</run_address>
         <size>0x23b</size>
         <input_file_ref idref="fl-13e"/>
      </object_component>
      <object_component id="oc-fc">
         <name>.debug_info</name>
         <load_address>0x809b</load_address>
         <run_address>0x809b</run_address>
         <size>0x18a</size>
         <input_file_ref idref="fl-13e"/>
      </object_component>
      <object_component id="oc-101">
         <name>.debug_info</name>
         <load_address>0x8225</load_address>
         <run_address>0x8225</run_address>
         <size>0x18a</size>
         <input_file_ref idref="fl-13e"/>
      </object_component>
      <object_component id="oc-107">
         <name>.debug_info</name>
         <load_address>0x83af</load_address>
         <run_address>0x83af</run_address>
         <size>0xd8</size>
         <input_file_ref idref="fl-5"/>
      </object_component>
      <object_component id="oc-109">
         <name>.debug_info</name>
         <load_address>0x8487</load_address>
         <run_address>0x8487</run_address>
         <size>0xda</size>
         <input_file_ref idref="fl-5"/>
      </object_component>
      <object_component id="oc-10b">
         <name>.debug_info</name>
         <load_address>0x8561</load_address>
         <run_address>0x8561</run_address>
         <size>0xda</size>
         <input_file_ref idref="fl-5"/>
      </object_component>
      <object_component id="oc-10d">
         <name>.debug_info</name>
         <load_address>0x863b</load_address>
         <run_address>0x863b</run_address>
         <size>0xb6f</size>
         <input_file_ref idref="fl-5"/>
      </object_component>
      <object_component id="oc-110">
         <name>.debug_info</name>
         <load_address>0x91aa</load_address>
         <run_address>0x91aa</run_address>
         <size>0xde</size>
         <input_file_ref idref="fl-5"/>
      </object_component>
      <object_component id="oc-112">
         <name>.debug_info</name>
         <load_address>0x9288</load_address>
         <run_address>0x9288</run_address>
         <size>0x8b</size>
         <input_file_ref idref="fl-2"/>
      </object_component>
      <object_component id="oc-117">
         <name>.debug_info</name>
         <load_address>0x9313</load_address>
         <run_address>0x9313</run_address>
         <size>0x18b</size>
         <input_file_ref idref="fl-2"/>
      </object_component>
      <object_component id="oc-11e">
         <name>.debug_info</name>
         <load_address>0x949e</load_address>
         <run_address>0x949e</run_address>
         <size>0x84</size>
         <input_file_ref idref="fl-4"/>
      </object_component>
      <object_component id="oc-126">
         <name>.debug_info</name>
         <load_address>0x9522</load_address>
         <run_address>0x9522</run_address>
         <size>0x14b</size>
         <input_file_ref idref="fl-13d"/>
      </object_component>
      <object_component id="oc-12a">
         <name>.debug_info</name>
         <load_address>0x966d</load_address>
         <run_address>0x966d</run_address>
         <size>0x11b</size>
         <input_file_ref idref="fl-13b"/>
      </object_component>
      <object_component id="oc-12c">
         <name>.debug_info</name>
         <load_address>0x9788</load_address>
         <run_address>0x9788</run_address>
         <size>0xc8</size>
         <input_file_ref idref="fl-13a"/>
      </object_component>
      <object_component id="oc-12e">
         <name>.debug_info</name>
         <load_address>0x9850</load_address>
         <run_address>0x9850</run_address>
         <size>0xeb</size>
         <input_file_ref idref="fl-137"/>
      </object_component>
      <object_component id="oc-130">
         <name>.debug_info</name>
         <load_address>0x993b</load_address>
         <run_address>0x993b</run_address>
         <size>0x146</size>
         <input_file_ref idref="fl-137"/>
      </object_component>
      <object_component id="oc-134">
         <name>.debug_info</name>
         <load_address>0x9a81</load_address>
         <run_address>0x9a81</run_address>
         <size>0x2c</size>
         <input_file_ref idref="fl-134"/>
      </object_component>
      <object_component id="oc-13b">
         <name>.debug_info</name>
         <load_address>0x9aad</load_address>
         <run_address>0x9aad</run_address>
         <size>0x2c</size>
         <input_file_ref idref="fl-136"/>
      </object_component>
      <object_component id="oc-146">
         <name>.debug_info</name>
         <load_address>0x9ad9</load_address>
         <run_address>0x9ad9</run_address>
         <size>0x18b</size>
         <input_file_ref idref="fl-13e"/>
      </object_component>
      <object_component id="oc-14b">
         <name>.debug_info</name>
         <load_address>0x9c64</load_address>
         <run_address>0x9c64</run_address>
         <size>0x226</size>
         <input_file_ref idref="fl-141"/>
      </object_component>
      <object_component id="oc-14d">
         <name>.debug_info</name>
         <load_address>0x9e8a</load_address>
         <run_address>0x9e8a</run_address>
         <size>0x90</size>
         <input_file_ref idref="fl-13e"/>
      </object_component>
      <object_component id="oc-154">
         <name>.debug_info</name>
         <load_address>0x9f1a</load_address>
         <run_address>0x9f1a</run_address>
         <size>0x312</size>
         <input_file_ref idref="fl-144"/>
      </object_component>
      <object_component id="oc-159">
         <name>.debug_info</name>
         <load_address>0xa22c</load_address>
         <run_address>0xa22c</run_address>
         <size>0x217</size>
         <input_file_ref idref="fl-144"/>
      </object_component>
      <object_component id="oc-15f">
         <name>.debug_info</name>
         <load_address>0xa443</load_address>
         <run_address>0xa443</run_address>
         <size>0xff</size>
         <input_file_ref idref="fl-141"/>
      </object_component>
      <object_component id="oc-162">
         <name>.debug_info</name>
         <load_address>0xa542</load_address>
         <run_address>0xa542</run_address>
         <size>0x144</size>
         <input_file_ref idref="fl-140"/>
      </object_component>
      <object_component id="oc-167">
         <name>.debug_info</name>
         <load_address>0xa686</load_address>
         <run_address>0xa686</run_address>
         <size>0x2b4</size>
         <input_file_ref idref="fl-146"/>
      </object_component>
      <object_component id="oc-16c">
         <name>.debug_info</name>
         <load_address>0xa93a</load_address>
         <run_address>0xa93a</run_address>
         <size>0x28a</size>
         <input_file_ref idref="fl-146"/>
      </object_component>
      <object_component id="oc-171">
         <name>.debug_info</name>
         <load_address>0xabc4</load_address>
         <run_address>0xabc4</run_address>
         <size>0x297</size>
         <input_file_ref idref="fl-146"/>
      </object_component>
      <object_component id="oc-176">
         <name>.debug_info</name>
         <load_address>0xae5b</load_address>
         <run_address>0xae5b</run_address>
         <size>0x204</size>
         <input_file_ref idref="fl-146"/>
      </object_component>
      <object_component id="oc-17b">
         <name>.debug_info</name>
         <load_address>0xb05f</load_address>
         <run_address>0xb05f</run_address>
         <size>0x20a</size>
         <input_file_ref idref="fl-146"/>
      </object_component>
      <object_component id="oc-181">
         <name>.debug_info</name>
         <load_address>0xb269</load_address>
         <run_address>0xb269</run_address>
         <size>0x1a6</size>
         <input_file_ref idref="fl-13e"/>
      </object_component>
      <object_component id="oc-188">
         <name>.debug_info</name>
         <load_address>0xb40f</load_address>
         <run_address>0xb40f</run_address>
         <size>0x1c2</size>
         <input_file_ref idref="fl-143"/>
      </object_component>
      <object_component id="oc-18a">
         <name>.debug_info</name>
         <load_address>0xb5d1</load_address>
         <run_address>0xb5d1</run_address>
         <size>0x1ba</size>
         <input_file_ref idref="fl-143"/>
      </object_component>
      <object_component id="oc-18c">
         <name>.debug_info</name>
         <load_address>0xb78b</load_address>
         <run_address>0xb78b</run_address>
         <size>0x1cf</size>
         <input_file_ref idref="fl-13f"/>
      </object_component>
      <object_component id="oc-191">
         <name>.debug_info</name>
         <load_address>0xb95a</load_address>
         <run_address>0xb95a</run_address>
         <size>0xc7</size>
         <input_file_ref idref="fl-5"/>
      </object_component>
      <object_component id="oc-192">
         <name>.debug_info</name>
         <load_address>0xba21</load_address>
         <run_address>0xba21</run_address>
         <size>0x112</size>
         <input_file_ref idref="fl-2"/>
      </object_component>
      <object_component id="oc-198">
         <name>.debug_info</name>
         <load_address>0xbb33</load_address>
         <run_address>0xbb33</run_address>
         <size>0x1d7</size>
         <input_file_ref idref="fl-144"/>
      </object_component>
      <object_component id="oc-19a">
         <name>.debug_info</name>
         <load_address>0xbd0a</load_address>
         <run_address>0xbd0a</run_address>
         <size>0x388</size>
         <input_file_ref idref="fl-3"/>
      </object_component>
      <object_component id="oc-1a1">
         <name>.debug_info</name>
         <load_address>0xc092</load_address>
         <run_address>0xc092</run_address>
         <size>0x15b</size>
         <input_file_ref idref="fl-3"/>
      </object_component>
      <object_component id="oc-1a8">
         <name>.debug_info</name>
         <load_address>0xc1ed</load_address>
         <run_address>0xc1ed</run_address>
         <size>0x15d</size>
         <input_file_ref idref="fl-3"/>
      </object_component>
      <object_component id="oc-1af">
         <name>.debug_info</name>
         <load_address>0xc34a</load_address>
         <run_address>0xc34a</run_address>
         <size>0x27f</size>
         <input_file_ref idref="fl-3"/>
      </object_component>
      <object_component id="oc-1b4">
         <name>.debug_info</name>
         <load_address>0xc5c9</load_address>
         <run_address>0xc5c9</run_address>
         <size>0x150</size>
         <input_file_ref idref="fl-3"/>
      </object_component>
      <object_component id="oc-1bb">
         <name>.debug_info</name>
         <load_address>0xc719</load_address>
         <run_address>0xc719</run_address>
         <size>0x1ae</size>
         <input_file_ref idref="fl-2"/>
      </object_component>
      <object_component id="oc-1c2">
         <name>.debug_info</name>
         <load_address>0xc8c7</load_address>
         <run_address>0xc8c7</run_address>
         <size>0x15f</size>
         <input_file_ref idref="fl-3"/>
      </object_component>
      <object_component id="oc-1c9">
         <name>.debug_info</name>
         <load_address>0xca26</load_address>
         <run_address>0xca26</run_address>
         <size>0x270</size>
         <input_file_ref idref="fl-2"/>
      </object_component>
      <object_component id="oc-1cd">
         <name>.debug_info</name>
         <load_address>0xcc96</load_address>
         <run_address>0xcc96</run_address>
         <size>0x159</size>
         <input_file_ref idref="fl-3"/>
      </object_component>
      <object_component id="oc-1dd">
         <name>.debug_info</name>
         <load_address>0xcdef</load_address>
         <run_address>0xcdef</run_address>
         <size>0x1a8</size>
         <input_file_ref idref="fl-146"/>
      </object_component>
      <object_component id="oc-1ed">
         <name>.debug_info</name>
         <load_address>0xcf97</load_address>
         <run_address>0xcf97</run_address>
         <size>0x148</size>
         <input_file_ref idref="fl-13d"/>
      </object_component>
      <object_component id="oc-1f0">
         <name>.debug_info</name>
         <load_address>0xd0df</load_address>
         <run_address>0xd0df</run_address>
         <size>0x5e</size>
         <input_file_ref idref="fl-13b"/>
      </object_component>
      <object_component id="oc-1f6">
         <name>.debug_info</name>
         <load_address>0xd13d</load_address>
         <run_address>0xd13d</run_address>
         <size>0x1d4</size>
         <input_file_ref idref="fl-13a"/>
      </object_component>
      <object_component id="oc-1fc">
         <name>.debug_info</name>
         <load_address>0xd311</load_address>
         <run_address>0xd311</run_address>
         <size>0xd9</size>
         <input_file_ref idref="fl-13a"/>
      </object_component>
      <object_component id="oc-203">
         <name>.debug_info</name>
         <load_address>0xd3ea</load_address>
         <run_address>0xd3ea</run_address>
         <size>0x5f</size>
         <input_file_ref idref="fl-141"/>
      </object_component>
      <object_component id="oc-215">
         <name>.debug_info</name>
         <load_address>0xd449</load_address>
         <run_address>0xd449</run_address>
         <size>0x86</size>
         <input_file_ref idref="fl-13e"/>
      </object_component>
      <object_component id="oc-225">
         <name>.debug_info</name>
         <load_address>0xd4cf</load_address>
         <run_address>0xd4cf</run_address>
         <size>0x1a8</size>
         <input_file_ref idref="fl-142"/>
      </object_component>
      <object_component id="oc-22a">
         <name>.debug_info</name>
         <load_address>0xd677</load_address>
         <run_address>0xd677</run_address>
         <size>0x1e4</size>
         <input_file_ref idref="fl-144"/>
      </object_component>
      <object_component id="oc-22f">
         <name>.debug_info</name>
         <load_address>0xd85b</load_address>
         <run_address>0xd85b</run_address>
         <size>0x1e9</size>
         <input_file_ref idref="fl-144"/>
      </object_component>
      <object_component id="oc-234">
         <name>.debug_info</name>
         <load_address>0xda44</load_address>
         <run_address>0xda44</run_address>
         <size>0x1f3</size>
         <input_file_ref idref="fl-144"/>
      </object_component>
      <object_component id="oc-239">
         <name>.debug_info</name>
         <load_address>0xdc37</load_address>
         <run_address>0xdc37</run_address>
         <size>0x21f</size>
         <input_file_ref idref="fl-144"/>
      </object_component>
      <object_component id="oc-23e">
         <name>.debug_info</name>
         <load_address>0xde56</load_address>
         <run_address>0xde56</run_address>
         <size>0x1a2</size>
         <input_file_ref idref="fl-143"/>
      </object_component>
      <object_component id="oc-243">
         <name>.debug_info</name>
         <load_address>0xdff8</load_address>
         <run_address>0xdff8</run_address>
         <size>0x22d</size>
         <input_file_ref idref="fl-143"/>
      </object_component>
      <object_component id="oc-248">
         <name>.debug_info</name>
         <load_address>0xe225</load_address>
         <run_address>0xe225</run_address>
         <size>0x1dd</size>
         <input_file_ref idref="fl-144"/>
      </object_component>
      <object_component id="oc-24d">
         <name>.debug_info</name>
         <load_address>0xe402</load_address>
         <run_address>0xe402</run_address>
         <size>0x3c2</size>
         <input_file_ref idref="fl-142"/>
      </object_component>
      <object_component id="oc-252">
         <name>.debug_info</name>
         <load_address>0xe7c4</load_address>
         <run_address>0xe7c4</run_address>
         <size>0x1a6</size>
         <input_file_ref idref="fl-142"/>
      </object_component>
      <object_component id="oc-257">
         <name>.debug_info</name>
         <load_address>0xe96a</load_address>
         <run_address>0xe96a</run_address>
         <size>0x1fe</size>
         <input_file_ref idref="fl-142"/>
      </object_component>
      <object_component id="oc-25c">
         <name>.debug_info</name>
         <load_address>0xeb68</load_address>
         <run_address>0xeb68</run_address>
         <size>0x207</size>
         <input_file_ref idref="fl-144"/>
      </object_component>
      <object_component id="oc-261">
         <name>.debug_info</name>
         <load_address>0xed6f</load_address>
         <run_address>0xed6f</run_address>
         <size>0x4bd</size>
         <input_file_ref idref="fl-3"/>
      </object_component>
      <object_component id="oc-263">
         <name>.debug_info</name>
         <load_address>0xf22c</load_address>
         <run_address>0xf22c</run_address>
         <size>0x25f</size>
         <input_file_ref idref="fl-142"/>
      </object_component>
      <object_component id="oc-268">
         <name>.debug_info</name>
         <load_address>0xf48b</load_address>
         <run_address>0xf48b</run_address>
         <size>0x263</size>
         <input_file_ref idref="fl-142"/>
      </object_component>
      <object_component id="oc-275">
         <name>.debug_info</name>
         <load_address>0xf6ee</load_address>
         <run_address>0xf6ee</run_address>
         <size>0xcd</size>
         <input_file_ref idref="fl-13d"/>
      </object_component>
      <object_component id="oc-27e">
         <name>.debug_info</name>
         <load_address>0xf7bb</load_address>
         <run_address>0xf7bb</run_address>
         <size>0x1c3</size>
         <input_file_ref idref="fl-142"/>
      </object_component>
      <object_component id="oc-280">
         <name>.debug_info</name>
         <load_address>0xf97e</load_address>
         <run_address>0xf97e</run_address>
         <size>0x10d</size>
         <input_file_ref idref="fl-144"/>
      </object_component>
      <object_component id="oc-286">
         <name>.debug_info</name>
         <load_address>0xfa8b</load_address>
         <run_address>0xfa8b</run_address>
         <size>0x176</size>
         <input_file_ref idref="fl-145"/>
      </object_component>
      <object_component id="oc-28c">
         <name>.debug_info</name>
         <load_address>0xfc01</load_address>
         <run_address>0xfc01</run_address>
         <size>0x100</size>
         <input_file_ref idref="fl-143"/>
      </object_component>
      <object_component id="oc-2bf">
         <name>.debug_info</name>
         <load_address>0xfd01</load_address>
         <run_address>0xfd01</run_address>
         <size>0xa0</size>
      </object_component>
      <object_component id="oc-12">
         <name>.debug_aranges</name>
         <load_address>0x0</load_address>
         <run_address>0x0</run_address>
         <size>0x20</size>
         <input_file_ref idref="fl-133"/>
      </object_component>
      <object_component id="oc-18">
         <name>.debug_aranges</name>
         <load_address>0x20</load_address>
         <run_address>0x20</run_address>
         <size>0x20</size>
         <input_file_ref idref="fl-134"/>
      </object_component>
      <object_component id="oc-1c">
         <name>.debug_aranges</name>
         <load_address>0x40</load_address>
         <run_address>0x40</run_address>
         <size>0x20</size>
         <input_file_ref idref="fl-136"/>
      </object_component>
      <object_component id="oc-21">
         <name>.debug_aranges</name>
         <load_address>0x60</load_address>
         <run_address>0x60</run_address>
         <size>0x20</size>
         <input_file_ref idref="fl-135"/>
      </object_component>
      <object_component id="oc-28">
         <name>.debug_aranges</name>
         <load_address>0x80</load_address>
         <run_address>0x80</run_address>
         <size>0x38</size>
         <input_file_ref idref="fl-4"/>
      </object_component>
      <object_component id="oc-2d">
         <name>.debug_aranges</name>
         <load_address>0xb8</load_address>
         <run_address>0xb8</run_address>
         <size>0x58</size>
         <input_file_ref idref="fl-5"/>
      </object_component>
      <object_component id="oc-32">
         <name>.debug_aranges</name>
         <load_address>0x110</load_address>
         <run_address>0x110</run_address>
         <size>0x28</size>
         <input_file_ref idref="fl-13c"/>
      </object_component>
      <object_component id="oc-36">
         <name>.debug_aranges</name>
         <load_address>0x138</load_address>
         <run_address>0x138</run_address>
         <size>0x20</size>
         <input_file_ref idref="fl-13b"/>
      </object_component>
      <object_component id="oc-3e">
         <name>.debug_aranges</name>
         <load_address>0x158</load_address>
         <run_address>0x158</run_address>
         <size>0x30</size>
         <input_file_ref idref="fl-137"/>
      </object_component>
      <object_component id="oc-43">
         <name>.debug_aranges</name>
         <load_address>0x188</load_address>
         <run_address>0x188</run_address>
         <size>0x20</size>
         <input_file_ref idref="fl-138"/>
      </object_component>
      <object_component id="oc-57">
         <name>.debug_aranges</name>
         <load_address>0x1a8</load_address>
         <run_address>0x1a8</run_address>
         <size>0x20</size>
         <input_file_ref idref="fl-135"/>
      </object_component>
      <object_component id="oc-65">
         <name>.debug_aranges</name>
         <load_address>0x1c8</load_address>
         <run_address>0x1c8</run_address>
         <size>0x20</size>
         <input_file_ref idref="fl-141"/>
      </object_component>
      <object_component id="oc-6a">
         <name>.debug_aranges</name>
         <load_address>0x1e8</load_address>
         <run_address>0x1e8</run_address>
         <size>0x20</size>
         <input_file_ref idref="fl-141"/>
      </object_component>
      <object_component id="oc-6f">
         <name>.debug_aranges</name>
         <load_address>0x208</load_address>
         <run_address>0x208</run_address>
         <size>0x20</size>
         <input_file_ref idref="fl-141"/>
      </object_component>
      <object_component id="oc-74">
         <name>.debug_aranges</name>
         <load_address>0x228</load_address>
         <run_address>0x228</run_address>
         <size>0x20</size>
         <input_file_ref idref="fl-144"/>
      </object_component>
      <object_component id="oc-79">
         <name>.debug_aranges</name>
         <load_address>0x248</load_address>
         <run_address>0x248</run_address>
         <size>0x20</size>
         <input_file_ref idref="fl-141"/>
      </object_component>
      <object_component id="oc-7e">
         <name>.debug_aranges</name>
         <load_address>0x268</load_address>
         <run_address>0x268</run_address>
         <size>0x20</size>
         <input_file_ref idref="fl-140"/>
      </object_component>
      <object_component id="oc-83">
         <name>.debug_aranges</name>
         <load_address>0x288</load_address>
         <run_address>0x288</run_address>
         <size>0x20</size>
         <input_file_ref idref="fl-140"/>
      </object_component>
      <object_component id="oc-88">
         <name>.debug_aranges</name>
         <load_address>0x2a8</load_address>
         <run_address>0x2a8</run_address>
         <size>0x20</size>
         <input_file_ref idref="fl-140"/>
      </object_component>
      <object_component id="oc-8d">
         <name>.debug_aranges</name>
         <load_address>0x2c8</load_address>
         <run_address>0x2c8</run_address>
         <size>0x20</size>
         <input_file_ref idref="fl-144"/>
      </object_component>
      <object_component id="oc-94">
         <name>.debug_aranges</name>
         <load_address>0x2e8</load_address>
         <run_address>0x2e8</run_address>
         <size>0x20</size>
         <input_file_ref idref="fl-5"/>
      </object_component>
      <object_component id="oc-99">
         <name>.debug_aranges</name>
         <load_address>0x308</load_address>
         <run_address>0x308</run_address>
         <size>0x20</size>
         <input_file_ref idref="fl-13e"/>
      </object_component>
      <object_component id="oc-9e">
         <name>.debug_aranges</name>
         <load_address>0x328</load_address>
         <run_address>0x328</run_address>
         <size>0x20</size>
         <input_file_ref idref="fl-13e"/>
      </object_component>
      <object_component id="oc-a3">
         <name>.debug_aranges</name>
         <load_address>0x348</load_address>
         <run_address>0x348</run_address>
         <size>0x20</size>
         <input_file_ref idref="fl-13e"/>
      </object_component>
      <object_component id="oc-a8">
         <name>.debug_aranges</name>
         <load_address>0x368</load_address>
         <run_address>0x368</run_address>
         <size>0x20</size>
         <input_file_ref idref="fl-13e"/>
      </object_component>
      <object_component id="oc-ad">
         <name>.debug_aranges</name>
         <load_address>0x388</load_address>
         <run_address>0x388</run_address>
         <size>0x20</size>
         <input_file_ref idref="fl-13e"/>
      </object_component>
      <object_component id="oc-b2">
         <name>.debug_aranges</name>
         <load_address>0x3a8</load_address>
         <run_address>0x3a8</run_address>
         <size>0x20</size>
         <input_file_ref idref="fl-13e"/>
      </object_component>
      <object_component id="oc-b7">
         <name>.debug_aranges</name>
         <load_address>0x3c8</load_address>
         <run_address>0x3c8</run_address>
         <size>0x20</size>
         <input_file_ref idref="fl-13e"/>
      </object_component>
      <object_component id="oc-bc">
         <name>.debug_aranges</name>
         <load_address>0x3e8</load_address>
         <run_address>0x3e8</run_address>
         <size>0x20</size>
         <input_file_ref idref="fl-143"/>
      </object_component>
      <object_component id="oc-c1">
         <name>.debug_aranges</name>
         <load_address>0x408</load_address>
         <run_address>0x408</run_address>
         <size>0x20</size>
         <input_file_ref idref="fl-13f"/>
      </object_component>
      <object_component id="oc-c6">
         <name>.debug_aranges</name>
         <load_address>0x428</load_address>
         <run_address>0x428</run_address>
         <size>0x20</size>
         <input_file_ref idref="fl-13f"/>
      </object_component>
      <object_component id="oc-c8">
         <name>.debug_aranges</name>
         <load_address>0x448</load_address>
         <run_address>0x448</run_address>
         <size>0x20</size>
         <input_file_ref idref="fl-13f"/>
      </object_component>
      <object_component id="oc-d0">
         <name>.debug_aranges</name>
         <load_address>0x468</load_address>
         <run_address>0x468</run_address>
         <size>0x20</size>
         <input_file_ref idref="fl-13f"/>
      </object_component>
      <object_component id="oc-d7">
         <name>.debug_aranges</name>
         <load_address>0x488</load_address>
         <run_address>0x488</run_address>
         <size>0x20</size>
         <input_file_ref idref="fl-5"/>
      </object_component>
      <object_component id="oc-dc">
         <name>.debug_aranges</name>
         <load_address>0x4a8</load_address>
         <run_address>0x4a8</run_address>
         <size>0x20</size>
         <input_file_ref idref="fl-144"/>
      </object_component>
      <object_component id="oc-e1">
         <name>.debug_aranges</name>
         <load_address>0x4c8</load_address>
         <run_address>0x4c8</run_address>
         <size>0x148</size>
         <input_file_ref idref="fl-2"/>
      </object_component>
      <object_component id="oc-e6">
         <name>.debug_aranges</name>
         <load_address>0x610</load_address>
         <run_address>0x610</run_address>
         <size>0x20</size>
         <input_file_ref idref="fl-13f"/>
      </object_component>
      <object_component id="oc-eb">
         <name>.debug_aranges</name>
         <load_address>0x630</load_address>
         <run_address>0x630</run_address>
         <size>0x20</size>
         <input_file_ref idref="fl-144"/>
      </object_component>
      <object_component id="oc-f0">
         <name>.debug_aranges</name>
         <load_address>0x650</load_address>
         <run_address>0x650</run_address>
         <size>0x20</size>
         <input_file_ref idref="fl-146"/>
      </object_component>
      <object_component id="oc-f5">
         <name>.debug_aranges</name>
         <load_address>0x670</load_address>
         <run_address>0x670</run_address>
         <size>0x20</size>
         <input_file_ref idref="fl-146"/>
      </object_component>
      <object_component id="oc-fa">
         <name>.debug_aranges</name>
         <load_address>0x690</load_address>
         <run_address>0x690</run_address>
         <size>0x20</size>
         <input_file_ref idref="fl-13e"/>
      </object_component>
      <object_component id="oc-ff">
         <name>.debug_aranges</name>
         <load_address>0x6b0</load_address>
         <run_address>0x6b0</run_address>
         <size>0x20</size>
         <input_file_ref idref="fl-13e"/>
      </object_component>
      <object_component id="oc-104">
         <name>.debug_aranges</name>
         <load_address>0x6d0</load_address>
         <run_address>0x6d0</run_address>
         <size>0x20</size>
         <input_file_ref idref="fl-13e"/>
      </object_component>
      <object_component id="oc-124">
         <name>.debug_aranges</name>
         <load_address>0x6f0</load_address>
         <run_address>0x6f0</run_address>
         <size>0x20</size>
         <input_file_ref idref="fl-13d"/>
      </object_component>
      <object_component id="oc-157">
         <name>.debug_aranges</name>
         <load_address>0x710</load_address>
         <run_address>0x710</run_address>
         <size>0x20</size>
         <input_file_ref idref="fl-144"/>
      </object_component>
      <object_component id="oc-15c">
         <name>.debug_aranges</name>
         <load_address>0x730</load_address>
         <run_address>0x730</run_address>
         <size>0x20</size>
         <input_file_ref idref="fl-144"/>
      </object_component>
      <object_component id="oc-16a">
         <name>.debug_aranges</name>
         <load_address>0x750</load_address>
         <run_address>0x750</run_address>
         <size>0x20</size>
         <input_file_ref idref="fl-146"/>
      </object_component>
      <object_component id="oc-16f">
         <name>.debug_aranges</name>
         <load_address>0x770</load_address>
         <run_address>0x770</run_address>
         <size>0x20</size>
         <input_file_ref idref="fl-146"/>
      </object_component>
      <object_component id="oc-174">
         <name>.debug_aranges</name>
         <load_address>0x790</load_address>
         <run_address>0x790</run_address>
         <size>0x20</size>
         <input_file_ref idref="fl-146"/>
      </object_component>
      <object_component id="oc-179">
         <name>.debug_aranges</name>
         <load_address>0x7b0</load_address>
         <run_address>0x7b0</run_address>
         <size>0x20</size>
         <input_file_ref idref="fl-146"/>
      </object_component>
      <object_component id="oc-17e">
         <name>.debug_aranges</name>
         <load_address>0x7d0</load_address>
         <run_address>0x7d0</run_address>
         <size>0x20</size>
         <input_file_ref idref="fl-146"/>
      </object_component>
      <object_component id="oc-19f">
         <name>.debug_aranges</name>
         <load_address>0x7f0</load_address>
         <run_address>0x7f0</run_address>
         <size>0x20</size>
         <input_file_ref idref="fl-3"/>
      </object_component>
      <object_component id="oc-1a6">
         <name>.debug_aranges</name>
         <load_address>0x810</load_address>
         <run_address>0x810</run_address>
         <size>0x20</size>
         <input_file_ref idref="fl-3"/>
      </object_component>
      <object_component id="oc-1ad">
         <name>.debug_aranges</name>
         <load_address>0x830</load_address>
         <run_address>0x830</run_address>
         <size>0x20</size>
         <input_file_ref idref="fl-3"/>
      </object_component>
      <object_component id="oc-1b2">
         <name>.debug_aranges</name>
         <load_address>0x850</load_address>
         <run_address>0x850</run_address>
         <size>0x28</size>
         <input_file_ref idref="fl-3"/>
      </object_component>
      <object_component id="oc-1b9">
         <name>.debug_aranges</name>
         <load_address>0x878</load_address>
         <run_address>0x878</run_address>
         <size>0x20</size>
         <input_file_ref idref="fl-3"/>
      </object_component>
      <object_component id="oc-1c0">
         <name>.debug_aranges</name>
         <load_address>0x898</load_address>
         <run_address>0x898</run_address>
         <size>0x20</size>
         <input_file_ref idref="fl-2"/>
      </object_component>
      <object_component id="oc-1c7">
         <name>.debug_aranges</name>
         <load_address>0x8b8</load_address>
         <run_address>0x8b8</run_address>
         <size>0x20</size>
         <input_file_ref idref="fl-3"/>
      </object_component>
      <object_component id="oc-1d2">
         <name>.debug_aranges</name>
         <load_address>0x8d8</load_address>
[...]
      </symbol>
      <symbol id="sm-c1">
         <name>RF24_TX_activate</name>
         <value>0x6fd</value>
         <object_component_ref idref="oc-dd"/>
      </symbol>
      <symbol id="sm-c2">
         <name>RF24_startStandby</name>
         <value>0x465</value>
         <object_component_ref idref="oc-dd"/>
      </symbol>
      <symbol id="sm-c3">
         <name>RF24_PIPE_setPacketSize</name>
         <value>0xa0d</value>
         <object_component_ref idref="oc-dd"/>
      </symbol>
      <symbol id="sm-c4">
         <name>RF24_RX_activate</name>
         <value>0x829</value>
         <object_component_ref idref="oc-dd"/>
      </symbol>
      <symbol id="sm-c5">
         <name>RF24_setChannel</name>
         <value>0x3c3</value>
         <object_component_ref idref="oc-dd"/>
      </symbol>
      <symbol id="sm-c6">
         <name>RF24_setConfigureRegister</name>
         <value>0x1b95</value>
         <object_component_ref idref="oc-1ba"/>
      </symbol>
      <symbol id="sm-c7">
         <name>RF24_PIPE_close</name>
         <value>0x8df</value>
         <object_component_ref idref="oc-dd"/>
      </symbol>
      <symbol id="sm-c8">
         <name>RF24_writeRegister</name>
         <value>0x5ad</value>
         <object_component_ref idref="oc-dd"/>
      </symbol>
      <symbol id="sm-c9">
         <name>RF24_isAlive</name>
         <value>0x373</value>
         <object_component_ref idref="oc-dd"/>
      </symbol>
      <symbol id="sm-ca">
         <name>RF24_RX_getPayloadData</name>
         <value>0x7c1</value>
         <object_component_ref idref="oc-dd"/>
      </symbol>
      <symbol id="sm-cb">
         <name>RF24_TX_pulseTransmit</name>
         <value>0x71b</value>
         <object_component_ref idref="oc-dd"/>
      </symbol>
      <symbol id="sm-cc">
         <name>RF24_RX_isEmpty</name>
         <value>0x851</value>
         <object_component_ref idref="oc-dd"/>
      </symbol>
      <symbol id="sm-cd">
         <name>RF24_TX_flush</name>
         <value>0x6cd</value>
         <object_component_ref idref="oc-dd"/>
      </symbol>
      <symbol id="sm-ce">
         <name>RF24_clearIrqFlag</name>
         <value>0x543</value>
         <object_component_ref idref="oc-dd"/>
      </symbol>
      <symbol id="sm-cf">
         <name>RF24_RETRANS_setCount</name>
         <value>0xac9</value>
         <object_component_ref idref="oc-dd"/>
      </symbol>
      <symbol id="sm-d0">
         <name>RF24_getIrqFlag</name>
         <value>0x50d</value>
         <object_component_ref idref="oc-dd"/>
      </symbol>
      <symbol id="sm-d1">
         <name>RF24_RX_setAddress</name>
         <value>0x72f</value>
         <object_component_ref idref="oc-dd"/>
      </symbol>
      <symbol id="sm-d2">
         <name>RF24_readRegister</name>
         <value>0x57d</value>
         <object_component_ref idref="oc-dd"/>
      </symbol>
      <symbol id="sm-12b">
         <name>setRfCE</name>
         <value>0x1a71</value>
         <object_component_ref idref="oc-1cc"/>
      </symbol>
      <symbol id="sm-12c">
         <name>clearRfCSN</name>
         <value>0x1b11</value>
         <object_component_ref idref="oc-1c1"/>
      </symbol>
      <symbol id="sm-12d">
         <name>clearRfCE</name>
         <value>0x1a55</value>
         <object_component_ref idref="oc-1a7"/>
      </symbol>
      <symbol id="sm-12e">
         <name>setRfCSN</name>
         <value>0x1b39</value>
         <object_component_ref idref="oc-1a0"/>
      </symbol>
      <symbol id="sm-12f">
         <name>rfDelayLoop</name>
         <value>0x197b</value>
         <object_component_ref idref="oc-1ae"/>
      </symbol>
      <symbol id="sm-130">
         <name>initSpiForRF</name>
         <value>0x1139</value>
         <object_component_ref idref="oc-199"/>
      </symbol>
      <symbol id="sm-131">
         <name>getCEState</name>
         <value>0x1c69</value>
         <object_component_ref idref="oc-1b3"/>
      </symbol>
      <symbol id="sm-132">
         <name>SPI_sendAndGetData</name>
         <value>0x1961</value>
         <object_component_ref idref="oc-1ae"/>
      </symbol>
      <symbol id="sm-151">
         <name>ResetISR</name>
         <value>0x1c75</value>
         <object_component_ref idref="oc-24"/>
      </symbol>
      <symbol id="sm-152">
         <name>g_pfnVectors</name>
         <value>0x0</value>
         <object_component_ref idref="oc-e"/>
      </symbol>
      <symbol id="sm-1b1">
         <name>g_ui32SysTickCount</name>
         <value>0x20001420</value>
      </symbol>
      <symbol id="sm-1b2">
         <name>RF24_RX_buffer</name>
         <value>0x20001400</value>
      </symbol>
      <symbol id="sm-1b3">
         <name>ADC0IntHandler</name>
         <value>0xcdb</value>
         <object_component_ref idref="oc-29"/>
      </symbol>
      <symbol id="sm-1b4">
         <name>ADC1IntHandler</name>
         <value>0xd27</value>
         <object_component_ref idref="oc-29"/>
      </symbol>
      <symbol id="sm-1b5">
         <name>SysTickHandler</name>
         <value>0xd9b</value>
         <object_component_ref idref="oc-29"/>
      </symbol>
      <symbol id="sm-1b6">
         <name>GPIOPinToggle</name>
         <value>0xc43</value>
         <object_component_ref idref="oc-29"/>
      </symbol>
      <symbol id="sm-1b7">
         <name>ui8ControlTable</name>
         <value>0x20001000</value>
         <object_component_ref idref="oc-106"/>
      </symbol>
      <symbol id="sm-1b8">
         <name>main</name>
         <value>0xb11</value>
         <object_component_ref idref="oc-29"/>
      </symbol>
      <symbol id="sm-1b9">
         <name>uDMAErrorHandler</name>
         <value>0xd73</value>
         <object_component_ref idref="oc-29"/>
      </symbol>
      <symbol id="sm-1ba">
         <name>initRfModule</name>
         <value>0x133d</value>
         <object_component_ref idref="oc-d1"/>
      </symbol>
      <symbol id="sm-1bb">
         <name>g_ui16ADC0Result</name>
         <value>0x20000000</value>
         <object_component_ref idref="oc-108"/>
      </symbol>
      <symbol id="sm-1bc">
         <name>GPIOEIntHandler</name>
         <value>0xc63</value>
         <object_component_ref idref="oc-29"/>
      </symbol>
      <symbol id="sm-1bd">
         <name>initADC</name>
         <value>0x17b1</value>
         <object_component_ref idref="oc-8e"/>
      </symbol>
      <symbol id="sm-1be">
         <name>g_ui16ADC1Result</name>
         <value>0x20000800</value>
         <object_component_ref idref="oc-10a"/>
      </symbol>
      <symbol id="sm-1bf">
         <name>g_ui32uDMAErrCount</name>
         <value>0x2000163c</value>
         <object_component_ref idref="oc-10f"/>
      </symbol>
      <symbol id="sm-1c0">
         <name>RF24_IntHandler</name>
         <value>0xc75</value>
         <object_component_ref idref="oc-29"/>
      </symbol>
      <symbol id="sm-1cf">
         <name>_c_int00</name>
         <value>0x16dd</value>
         <object_component_ref idref="oc-10"/>
      </symbol>
      <symbol id="sm-1d0">
         <name>__stack</name>
         <value>0x2000142c</value>
         <object_component_ref idref="oc-23"/>
      </symbol>
      <symbol id="sm-1e6">
         <name>__TI_decompress_none</name>
         <value>0x1c37</value>
         <object_component_ref idref="oc-14"/>
      </symbol>
      <symbol id="sm-208">
         <name>__TI_decompress_rle24</name>
         <value>0x1ce9</value>
         <object_component_ref idref="oc-1e"/>
      </symbol>
      <symbol id="sm-220">
         <name>__TI_zero_init</name>
         <value>0x1bcb</value>
         <object_component_ref idref="oc-19"/>
      </symbol>
      <symbol id="sm-23c">
         <name>C$$EXIT</name>
         <value>0x1839</value>
         <object_component_ref idref="oc-3a"/>
      </symbol>
      <symbol id="sm-23d">
         <name>abort</name>
         <value>0x183d</value>
         <object_component_ref idref="oc-3a"/>
      </symbol>
      <symbol id="sm-23e">
         <name>exit</name>
         <value>0x1845</value>
         <object_component_ref idref="oc-3a"/>
      </symbol>
      <symbol id="sm-23f">
         <name>__TI_dtors_ptr</name>
         <value>0x20001638</value>
         <object_component_ref idref="oc-12d"/>
      </symbol>
      <symbol id="sm-240">
         <name>__TI_cleanup_ptr</name>
         <value>0x20001634</value>
         <object_component_ref idref="oc-12d"/>
      </symbol>
      <symbol id="sm-25a">
         <name>memcpy</name>
         <value>0x120d</value>
         <object_component_ref idref="oc-42"/>
      </symbol>
      <symbol id="sm-25b">
         <name>__aeabi_memcpy</name>
         <value>0x120d</value>
         <object_component_ref idref="oc-42"/>
      </symbol>
      <symbol id="sm-25c">
         <name>__aeabi_memcpy8</name>
         <value>0x120d</value>
         <object_component_ref idref="oc-42"/>
      </symbol>
      <symbol id="sm-25d">
         <name>__aeabi_memcpy4</name>
         <value>0x120d</value>
         <object_component_ref idref="oc-42"/>
      </symbol>
      <symbol id="sm-264">
         <name>main_func_sp</name>
         <value>0x20001640</value>
         <object_component_ref idref="oc-3f"/>
      </symbol>
      <symbol id="sm-27a">
         <name>_nop</name>
         <value>0x1b33</value>
         <object_component_ref idref="oc-1f5"/>
      </symbol>
      <symbol id="sm-27b">
         <name>_lock</name>
         <value>0x2000162c</value>
         <object_component_ref idref="oc-12b"/>
      </symbol>
      <symbol id="sm-27c">
         <name>_unlock</name>
         <value>0x20001630</value>
         <object_component_ref idref="oc-12b"/>
      </symbol>
      <symbol id="sm-27d">
         <name>_register_lock</name>
         <value>0x1b2b</value>
         <object_component_ref idref="oc-1f5"/>
      </symbol>
      <symbol id="sm-27e">
         <name>_register_unlock</name>
         <value>0x1b25</value>
         <object_component_ref idref="oc-1f5"/>
      </symbol>
      <symbol id="sm-291">
         <name>_args_main</name>
         <value>0x1aa5</value>
         <object_component_ref idref="oc-35"/>
      </symbol>
      <symbol id="sm-2ad">
         <name>__TI_auto_init</name>
         <value>0x12a9</value>
         <object_component_ref idref="oc-31"/>
      </symbol>
      <symbol id="sm-2c5">
         <name>copy_in</name>
         <value>0x17f5</value>
         <object_component_ref idref="oc-123"/>
      </symbol>
      <symbol id="sm-33d">
         <name>uDMAChannelControlSet</name>
         <value>0x1a31</value>
         <object_component_ref idref="oc-a9"/>
      </symbol>
      <symbol id="sm-33e">
         <name>uDMAErrorStatusGet</name>
         <value>0x1c99</value>
         <object_component_ref idref="oc-fb"/>
      </symbol>
      <symbol id="sm-33f">
         <name>uDMAChannelModeGet</name>
         <value>0x19e5</value>
         <object_component_ref idref="oc-f6"/>
      </symbol>
      <symbol id="sm-340">
         <name>uDMAErrorStatusClear</name>
         <value>0x1c8d</value>
         <object_component_ref idref="oc-100"/>
      </symbol>
      <symbol id="sm-341">
         <name>uDMAChannelTransferSet</name>
         <value>0x1449</value>
         <object_component_ref idref="oc-ae"/>
      </symbol>
      <symbol id="sm-342">
         <name>uDMAChannelAssign</name>
         <value>0x198d</value>
         <object_component_ref idref="oc-9f"/>
      </symbol>
      <symbol id="sm-343">
         <name>uDMAEnable</name>
         <value>0x1bfd</value>
         <object_component_ref idref="oc-95"/>
      </symbol>
      <symbol id="sm-344">
         <name>uDMAControlBaseSet</name>
         <value>0x1c81</value>
         <object_component_ref idref="oc-9a"/>
      </symbol>
      <symbol id="sm-345">
         <name>uDMAChannelAttributeDisable</name>
         <value>0x1725</value>
         <object_component_ref idref="oc-a4"/>
      </symbol>
      <symbol id="sm-346">
         <name>uDMAChannelEnable</name>
         <value>0x1abd</value>
         <object_component_ref idref="oc-b3"/>
      </symbol>
      <symbol id="sm-37d">
         <name>TimerLoadSet</name>
         <value>0x1bb9</value>
         <object_component_ref idref="oc-c7"/>
      </symbol>
      <symbol id="sm-37e">
         <name>TimerDisable</name>
         <value>0x1afd</value>
         <object_component_ref idref="oc-bd"/>
      </symbol>
      <symbol id="sm-37f">
         <name>TimerEnable</name>
         <value>0x1c29</value>
         <object_component_ref idref="oc-e2"/>
      </symbol>
      <symbol id="sm-380">
         <name>TimerControlTrigger</name>
         <value>0x15e5</value>
         <object_component_ref idref="oc-cc"/>
      </symbol>
      <symbol id="sm-381">
         <name>TimerConfigure</name>
         <value>0x1589</value>
         <object_component_ref idref="oc-c2"/>
      </symbol>
      <symbol id="sm-3a1">
         <name>SysTickEnable</name>
         <value>0x1ad5</value>
         <object_component_ref idref="oc-84"/>
      </symbol>
      <symbol id="sm-3a2">
         <name>SysTickIntEnable</name>
         <value>0x1ae9</value>
         <object_component_ref idref="oc-7f"/>
      </symbol>
      <symbol id="sm-3a3">
         <name>SysTickPeriodSet</name>
         <value>0x1bed</value>
         <object_component_ref idref="oc-7a"/>
      </symbol>
      <symbol id="sm-406">
         <name>SysCtlClockSet</name>
         <value>0x1049</value>
         <object_component_ref idref="oc-61"/>
      </symbol>
      <symbol id="sm-407">
         <name>SysCtlPeripheralClockGating</name>
         <value>0x176d</value>
         <object_component_ref idref="oc-66"/>
      </symbol>
      <symbol id="sm-408">
         <name>SysCtlDelay</name>
         <value>0x1ce3</value>
         <object_component_ref idref="oc-105"/>
      </symbol>
      <symbol id="sm-409">
         <name>SysCtlPeripheralEnable</name>
         <value>0x18fd</value>
         <object_component_ref idref="oc-6b"/>
      </symbol>
      <symbol id="sm-40a">
         <name>SysCtlClockGet</name>
         <value>0xf31</value>
         <object_component_ref idref="oc-75"/>
      </symbol>
      <symbol id="sm-444">
         <name>SSIDataPut</name>
         <value>0x1cb9</value>
         <object_component_ref idref="oc-262"/>
      </symbol>
      <symbol id="sm-445">
         <name>SSIDataGet</name>
         <value>0x1c5d</value>
         <object_component_ref idref="oc-267"/>
      </symbol>
      <symbol id="sm-446">
         <name>SSIDataGetNonBlocking</name>
         <value>0x1ba7</value>
         <object_component_ref idref="oc-256"/>
      </symbol>
      <symbol id="sm-447">
         <name>SSIConfigSetExpClk</name>
         <value>0x187d</value>
         <object_component_ref idref="oc-24c"/>
      </symbol>
      <symbol id="sm-448">
         <name>SSIEnable</name>
         <value>0x1ccd</value>
         <object_component_ref idref="oc-251"/>
      </symbol>
      <symbol id="sm-449">
         <name>SSIDisable</name>
         <value>0x1cc3</value>
         <object_component_ref idref="oc-224"/>
      </symbol>
      <symbol id="sm-483">
         <name>IntPrioritySet</name>
         <value>0x1a0d</value>
         <object_component_ref idref="oc-242"/>
      </symbol>
      <symbol id="sm-484">
         <name>IntEnable</name>
         <value>0x14c9</value>
         <object_component_ref idref="oc-b8"/>
      </symbol>
      <symbol id="sm-485">
         <name>IntMasterEnable</name>
         <value>0x1caf</value>
         <object_component_ref idref="oc-23d"/>
      </symbol>
      <symbol id="sm-4f0">
         <name>GPIOPinConfigure</name>
         <value>0x1695</value>
         <object_component_ref idref="oc-229"/>
      </symbol>
      <symbol id="sm-4f1">
         <name>GPIOIntEnable</name>
         <value>0x1c51</value>
         <object_component_ref idref="oc-233"/>
      </symbol>
      <symbol id="sm-4f2">
         <name>GPIOIntTypeSet</name>
         <value>0x163d</value>
         <object_component_ref idref="oc-238"/>
      </symbol>
      <symbol id="sm-4f3">
         <name>GPIOPinTypeADC</name>
         <value>0x1b5f</value>
         <object_component_ref idref="oc-89"/>
      </symbol>
      <symbol id="sm-4f4">
         <name>GPIOPinTypeGPIOInput</name>
         <value>0x1b71</value>
         <object_component_ref idref="oc-22e"/>
      </symbol>
      <symbol id="sm-4f5">
         <name>GPIOIntClear</name>
         <value>0x1cd7</value>
         <object_component_ref idref="oc-e7"/>
      </symbol>
      <symbol id="sm-4f6">
         <name>GPIOIntStatus</name>
         <value>0x1c1b</value>
         <object_component_ref idref="oc-d8"/>
      </symbol>
      <symbol id="sm-4f7">
         <name>GPIOPinTypeGPIOOutput</name>
         <value>0x1a8d</value>
         <object_component_ref idref="oc-70"/>
      </symbol>
      <symbol id="sm-4f8">
         <name>GPIODirModeSet</name>
         <value>0x19b9</value>
         <object_component_ref idref="oc-158"/>
      </symbol>
      <symbol id="sm-4f9">
         <name>GPIOPinWrite</name>
         <value>0x1cdd</value>
         <object_component_ref idref="oc-25b"/>
      </symbol>
      <symbol id="sm-4fa">
         <name>GPIOPadConfigSet</name>
         <value>0xe01</value>
         <object_component_ref idref="oc-153"/>
      </symbol>
      <symbol id="sm-4fb">
         <name>GPIOPinTypeSSI</name>
         <value>0x1b83</value>
         <object_component_ref idref="oc-247"/>
      </symbol>
      <symbol id="sm-504">
         <name>CPUcpsie</name>
         <value>0x1c45</value>
         <object_component_ref idref="oc-285"/>
      </symbol>
      <symbol id="sm-544">
         <name>ADCSequenceDMAEnable</name>
         <value>0x1bdd</value>
         <object_component_ref idref="oc-17a"/>
      </symbol>
      <symbol id="sm-545">
         <name>ADCSequenceEnable</name>
         <value>0x1c0d</value>
         <object_component_ref idref="oc-175"/>
      </symbol>
      <symbol id="sm-546">
         <name>ADCSequenceConfigure</name>
         <value>0x18bf</value>
         <object_component_ref idref="oc-16b"/>
      </symbol>
      <symbol id="sm-547">
         <name>ADCSequenceStepConfigure</name>
         <value>0x13c9</value>
         <object_component_ref idref="oc-170"/>
      </symbol>
      <symbol id="sm-548">
         <name>ADCIntClear</name>
         <value>0x1ca5</value>
         <object_component_ref idref="oc-f1"/>
      </symbol>
      <symbol id="sm-549">
         <name>ADCHardwareOversampleConfigure</name>
         <value>0x1b4d</value>
         <object_component_ref idref="oc-166"/>
      </symbol>
      <symbol id="sm-54a">
         <name>ADCIntStatus</name>
         <value>0x1931</value>
         <object_component_ref idref="oc-ec"/>
      </symbol>
      <symbol id="sm-54b">
         <name>__TI_static_base__</name>
         <value>0x0</value>
      </symbol>
      <symbol id="sm-54c">
         <name>__TI_args_main</name>
         <value>0x1</value>
      </symbol>
      <symbol id="sm-54d">
         <name>SHT$$INIT_ARRAY$$Limit</name>
         <value>0x0</value>
      </symbol>
      <symbol id="sm-54e">
         <name>SHT$$INIT_ARRAY$$Base</name>
         <value>0x0</value>
      </symbol>
   </symbol_table>
   <title>Link successful</title>
</link_info>
