******************************************************************************
                  TI ARM Linker PC v5.1.5                      
******************************************************************************
>> Linked Tue May 20 14:18:03 2014

OUTPUT FILE NAME:   <distanceSensingRF.out>
ENTRY POINT SYMBOL: "_c_int00"  address: 000016dd


MEMORY CONFIGURATION

         name            origin    length      used     unused   attr    fill
----------------------  --------  ---------  --------  --------  ----  --------
  FLASH                 00000000   00040000  00001f31  0003e0cf  R  X
  SRAM                  20000000   00008000  00001641  000069bf  RW X


SEGMENT ALLOCATION MAP

run origin  load origin   length   init length attrs members
----------  ----------- ---------- ----------- ----- -------
00000000    00000000    00001f38   00001f38    r-x
  00000000    00000000    0000026c   0000026c    r-- .intvecs
  0000026c    0000026c    00001a82   00001a82    r-x .text
  00001cf0    00001cf0    0000020b   0000020b    r-- .const
  00001f00    00001f00    00000038   00000038    r-- .cinit
20000000    20000000    00001644   00000000    rw-
  20000000    20000000    00001429   00000000    rw- .bss
  2000142c    2000142c    00000200   00000000    rw- .stack
  2000162c    2000162c    00000018   00000000    rw- .data


SECTION ALLOCATION MAP

 output                                  attributes/
section   page    origin      length       input sections
--------  ----  ----------  ----------   ----------------
.intvecs   0    00000000    0000026c     
                  00000000    0000026c     tm4c123gh6pm_startup_ccs.obj (.intvecs)

.init_array 
*          0    00000000    00000000     UNINITIALIZED

.text      0    0000026c    00001a82     
                  0000026c    000008a4     nRF24L01.obj (.text)
                  00000b10    000002f0     main.obj (.text)
                  00000e00    00000130     driverlib.lib : gpio.obj (.text:GPIOPadConfigSet)
                  00000f30    00000118                   : sysctl.obj (.text:SysCtlClockGet)
                  00001048    000000f0                   : sysctl.obj (.text:SysCtlClockSet)
                  00001138    000000d4     TM4C123_nRF24L01.obj (.text:initSpiForRF)
                  0000120c    0000009c     rtsv7M4_T_le_v4SPD16_eabi.lib : memcpy_t2.obj (.text)
                  000012a8    00000094                                   : auto_init.obj (.text)
                  0000133c    0000008c     main.obj (.text:initRfModule)
                  000013c8    00000080     driverlib.lib : adc.obj (.text:ADCSequenceStepConfigure)
                  00001448    00000080                   : udma.obj (.text:uDMAChannelTransferSet)
                  000014c8    00000060                   : interrupt.obj (.text:IntEnable)
                  00001528    0000005e     rtsv7M4_T_le_v4SPD16_eabi.lib : copy_decompress_rle.obj (.text)
                  00001586    00000002     --HOLE-- [fill = 0]
                  00001588    0000005c     driverlib.lib : timer.obj (.text:TimerConfigure)
                  000015e4    00000058                   : timer.obj (.text:TimerControlTrigger)
                  0000163c    00000056                   : gpio.obj (.text:GPIOIntTypeSet)
                  00001692    00000002     --HOLE-- [fill = 0]
                  00001694    00000048                   : gpio.obj (.text:GPIOPinConfigure)
                  000016dc    00000048     rtsv7M4_T_le_v4SPD16_eabi.lib : boot.obj (.text)
                  00001724    00000048     driverlib.lib : udma.obj (.text:uDMAChannelAttributeDisable)
                  0000176c    00000044                   : sysctl.obj (.text:SysCtlPeripheralClockGating)
                  000017b0    00000044     main.obj (.text:initADC)
                  000017f4    00000044     rtsv7M4_T_le_v4SPD16_eabi.lib : cpy_tbl.obj (.text)
                  00001838    00000044                                   : exit.obj (.text)
                  0000187c    00000042     driverlib.lib : ssi.obj (.text:SSIConfigSetExpClk)
                  000018be    0000003e                   : adc.obj (.text:ADCSequenceConfigure)
                  000018fc    00000034                   : sysctl.obj (.text:SysCtlPeripheralEnable)
                  00001930    0000002e                   : adc.obj (.text:ADCIntStatus)
                  0000195e    00000002     --HOLE-- [fill = 0]
                  00001960    0000002c     TM4C123_nRF24L01.obj (.text)
                  0000198c    0000002c     driverlib.lib : udma.obj (.text:uDMAChannelAssign)
                  000019b8    0000002a                   : gpio.obj (.text:GPIODirModeSet)
                  000019e2    00000002     --HOLE-- [fill = 0]
                  000019e4    00000028                   : udma.obj (.text:uDMAChannelModeGet)
                  00001a0c    00000024                   : interrupt.obj (.text:IntPrioritySet)
                  00001a30    00000024                   : udma.obj (.text:uDMAChannelControlSet)
                  00001a54    0000001c     TM4C123_nRF24L01.obj (.text:clearRfCE)
                  00001a70    0000001c     TM4C123_nRF24L01.obj (.text:setRfCE)
                  00001a8c    00000018     driverlib.lib : gpio.obj (.text:GPIOPinTypeGPIOOutput)
                  00001aa4    00000018     rtsv7M4_T_le_v4SPD16_eabi.lib : args_main.obj (.text)
                  00001abc    00000018     driverlib.lib : udma.obj (.text:uDMAChannelEnable)
                  00001ad4    00000014                   : systick.obj (.text:SysTickEnable)
                  00001ae8    00000014                   : systick.obj (.text:SysTickIntEnable)
                  00001afc    00000014                   : timer.obj (.text:TimerDisable)
                  00001b10    00000014     TM4C123_nRF24L01.obj (.text:clearRfCSN)
                  00001b24    00000014     rtsv7M4_T_le_v4SPD16_eabi.lib : _lock.obj (.text)
                  00001b38    00000014     TM4C123_nRF24L01.obj (.text:setRfCSN)
                  00001b4c    00000012     driverlib.lib : adc.obj (.text:ADCHardwareOversampleConfigure)
                  00001b5e    00000012                   : gpio.obj (.text:GPIOPinTypeADC)
                  00001b70    00000012                   : gpio.obj (.text:GPIOPinTypeGPIOInput)
                  00001b82    00000012                   : gpio.obj (.text:GPIOPinTypeSSI)
                  00001b94    00000012     nRF24L01.obj (.text:RF24_setConfigureRegister)
                  00001ba6    00000012     driverlib.lib : ssi.obj (.text:SSIDataGetNonBlocking)
                  00001bb8    00000012                   : timer.obj (.text:TimerLoadSet)
                  00001bca    00000012     rtsv7M4_T_le_v4SPD16_eabi.lib : copy_zero_init.obj (.text:decompress:ZI)
                  00001bdc    00000010     driverlib.lib : adc.obj (.text:ADCSequenceDMAEnable)
                  00001bec    00000010                   : systick.obj (.text:SysTickPeriodSet)
                  00001bfc    00000010                   : udma.obj (.text:uDMAEnable)
                  00001c0c    0000000e                   : adc.obj (.text:ADCSequenceEnable)
                  00001c1a    0000000e                   : gpio.obj (.text:GPIOIntStatus)
                  00001c28    0000000e                   : timer.obj (.text:TimerEnable)
                  00001c36    0000000e     rtsv7M4_T_le_v4SPD16_eabi.lib : copy_decompress_none.obj (.text:decompress:none)
                  00001c44    0000000c     driverlib.lib : cpu.obj (.text:CPUcpsie)
                  00001c50    0000000c                   : gpio.obj (.text:GPIOIntEnable)
                  00001c5c    0000000c                   : ssi.obj (.text:SSIDataGet)
                  00001c68    0000000c     TM4C123_nRF24L01.obj (.text:getCEState)
                  00001c74    0000000c     tm4c123gh6pm_startup_ccs.obj (.text)
                  00001c80    0000000c     driverlib.lib : udma.obj (.text:uDMAControlBaseSet)
                  00001c8c    0000000c                   : udma.obj (.text:uDMAErrorStatusClear)
                  00001c98    0000000c                   : udma.obj (.text:uDMAErrorStatusGet)
                  00001ca4    0000000a                   : adc.obj (.text:ADCIntClear)
                  00001cae    0000000a                   : interrupt.obj (.text:IntMasterEnable)
                  00001cb8    0000000a                   : ssi.obj (.text:SSIDataPut)
                  00001cc2    0000000a                   : ssi.obj (.text:SSIDisable)
                  00001ccc    0000000a                   : ssi.obj (.text:SSIEnable)
                  00001cd6    00000006                   : gpio.obj (.text:GPIOIntClear)
                  00001cdc    00000006                   : gpio.obj (.text:GPIOPinWrite)
                  00001ce2    00000006                   : sysctl.obj (.text:SysCtlDelay)
                  00001ce8    00000006     rtsv7M4_T_le_v4SPD16_eabi.lib : copy_decompress_rle.obj (.text:decompress:rle24)

.const     0    00001cf0    0000020b     
                  00001cf0    0000009c     driverlib.lib : interrupt.obj (.const:g_pui32Regs)
                  00001d8c    00000090                   : gpio.obj (.const:g_pui32GPIOBaseAddrs)
                  00001e1c    00000070                   : interrupt.obj (.const)
                  00001e8c    0000006c                   : sysctl.obj (.const:g_pui32Xtals)
                  00001ef8    00000003     main.obj (.const:.string)

.cinit     0    00001f00    00000038     
                  00001f00    0000000f     (.cinit..data.load) [load image, compression = rle]
                  00001f0f    00000001     --HOLE-- [fill = 0]
                  00001f10    0000000c     (__TI_handler_table)
                  00001f1c    00000004     --HOLE-- [fill = 0]
                  00001f20    00000008     (.cinit..bss.load) [load image, compression = zero_init]
                  00001f28    00000010     (__TI_cinit_table)

.bss       0    20000000    00001429     UNINITIALIZED
                  20000000    00000800     main.obj (.bss:g_ui16ADC0Result)
                  20000800    00000800     main.obj (.bss:g_ui16ADC1Result)
                  20001000    00000400     main.obj (.bss:ui8ControlTable)
                  20001400    00000020     (.common:RF24_RX_buffer)
                  20001420    00000004     (.common:g_ui32SysTickCount)
                  20001424    00000001     (.common:CEState)
                  20001425    00000001     (.common:addressWidth)
                  20001426    00000001     (.common:crcConfig)
                  20001427    00000001     (.common:features)
                  20001428    00000001     (.common:status)

.stack     0    2000142c    00000200     UNINITIALIZED
                  2000142c    00000200     --HOLE--

.data      0    2000162c    00000018     UNINITIALIZED
                  2000162c    00000008     rtsv7M4_T_le_v4SPD16_eabi.lib : _lock.obj (.data)
                  20001634    00000008                                   : exit.obj (.data)
                  2000163c    00000004     main.obj (.data)
                  20001640    00000004     rtsv7M4_T_le_v4SPD16_eabi.lib : stkdepth_vars.obj (.data)


LINKER GENERATED COPY TABLES

__TI_cinit_table @ 00001f28 records: 2, size/record: 8, table size: 16
	.data: load addr=00001f00, load size=0000000f bytes, run addr=2000162c, run size=00000018 bytes, compression=rle
	.bss: load addr=00001f20, load size=00000008 bytes, run addr=20000000, run size=00001429 bytes, compression=zero_init


LINKER GENERATED HANDLER TABLE

__TI_handler_table @ 00001f10 records: 3, size/record: 4, table size: 12
	index: 0, handler: __TI_decompress_rle24
	index: 1, handler: __TI_decompress_none
	index: 2, handler: __TI_zero_init


GLOBAL SYMBOLS: SORTED ALPHABETICALLY BY Name 

address    name
--------   ----
00000cdb   ADC0IntHandler
00000d27   ADC1IntHandler
00001b4d   ADCHardwareOversampleConfigure
00001ca5   ADCIntClear
00001931   ADCIntStatus
000018bf   ADCSequenceConfigure
00001bdd   ADCSequenceDMAEnable
00001c0d   ADCSequenceEnable
000013c9   ADCSequenceStepConfigure
00001839   C$$EXIT
00001c45   CPUcpsie
000019b9   GPIODirModeSet
00000c63   GPIOEIntHandler
00001cd7   GPIOIntClear
00001c51   GPIOIntEnable
00001c1b   GPIOIntStatus
0000163d   GPIOIntTypeSet
00000e01   GPIOPadConfigSet
00001695   GPIOPinConfigure
00000c43   GPIOPinToggle
00001b5f   GPIOPinTypeADC
00001b71   GPIOPinTypeGPIOInput
00001a8d   GPIOPinTypeGPIOOutput
00001b83   GPIOPinTypeSSI
00001cdd   GPIOPinWrite
000014c9   IntEnable
00001caf   IntMasterEnable
00001a0d   IntPrioritySet
00000c75   RF24_IntHandler
000008df   RF24_PIPE_close
0000093b   RF24_PIPE_closeAll
000009cd   RF24_PIPE_isOpen
00000957   RF24_PIPE_open
00000a0d   RF24_PIPE_setPacketSize
00000afb   RF24_RETRANS_getLastRetransmits
00000ac9   RF24_RETRANS_setCount
00000a91   RF24_RETRANS_setDelay
00000829   RF24_RX_activate
20001400   RF24_RX_buffer
00000813   RF24_RX_flush
000007c1   RF24_RX_getPayloadData
0000079d   RF24_RX_getPayloadWidth
00000851   RF24_RX_isEmpty
0000087f   RF24_RX_sendAckWithPayload
0000072f   RF24_RX_setAddress
000006fd   RF24_TX_activate
000006cd   RF24_TX_flush
0000071b   RF24_TX_pulseTransmit
000006e3   RF24_TX_reuseLastPayload
000005e1   RF24_TX_setAddress
0000062d   RF24_TX_writePayloadAck
00000679   RF24_TX_writePayloadNoAck
00000543   RF24_clearIrqFlag
0000033b   RF24_disableFeatures
00000313   RF24_enableFeatures
000003f7   RF24_getCurrentState
0000050d   RF24_getIrqFlag
00000365   RF24_getLostPackets
0000026d   RF24_init
00000373   RF24_isAlive
0000057d   RF24_readRegister
000004a7   RF24_scan
000003d9   RF24_setAddressWidth
000003c3   RF24_setChannel
00001b95   RF24_setConfigureRegister
00000399   RF24_setSpeedAndPower
00000451   RF24_startPowerDown
00000465   RF24_startStandby
000005ad   RF24_writeRegister
00001c75   ResetISR
UNDEFED    SHT$$INIT_ARRAY$$Base
UNDEFED    SHT$$INIT_ARRAY$$Limit
00001961   SPI_sendAndGetData
0000187d   SSIConfigSetExpClk
00001c5d   SSIDataGet
00001ba7   SSIDataGetNonBlocking
00001cb9   SSIDataPut
00001cc3   SSIDisable
00001ccd   SSIEnable
00000f31   SysCtlClockGet
00001049   SysCtlClockSet
00001ce3   SysCtlDelay
0000176d   SysCtlPeripheralClockGating
000018fd   SysCtlPeripheralEnable
00001ad5   SysTickEnable
00000d9b   SysTickHandler
00001ae9   SysTickIntEnable
00001bed   SysTickPeriodSet
00001589   TimerConfigure
000015e5   TimerControlTrigger
00001afd   TimerDisable
00001c29   TimerEnable
00001bb9   TimerLoadSet
2000162c   __STACK_END
00000200   __STACK_SIZE
2000162c   __STACK_TOP
00001f28   __TI_CINIT_Base
00001f38   __TI_CINIT_Limit
00001f10   __TI_Handler_Table_Base
00001f1c   __TI_Handler_Table_Limit
00000001   __TI_args_main
000012a9   __TI_auto_init
20001634   __TI_cleanup_ptr
00001c37   __TI_decompress_none
00001ce9   __TI_decompress_rle24
20001638   __TI_dtors_ptr
00000000   __TI_static_base__
00001bcb   __TI_zero_init
0000120d   __aeabi_memcpy
0000120d   __aeabi_memcpy4
0000120d   __aeabi_memcpy8
ffffffff   __binit__
ffffffff   __c_args__
2000142c   __stack
00001aa5   _args_main
000016dd   _c_int00
2000162c   _lock
00001b33   _nop
00001b2b   _register_lock
00001b25   _register_unlock
20001630   _unlock
0000183d   abort
ffffffff   binit
00001a55   clearRfCE
00001b11   clearRfCSN
000017f5   copy_in
00001845   exit
00000000   g_pfnVectors
20000000   g_ui16ADC0Result
20000800   g_ui16ADC1Result
20001420   g_ui32SysTickCount
2000163c   g_ui32uDMAErrCount
00001c69   getCEState
000017b1   initADC
0000133d   initRfModule
00001139   initSpiForRF
00000b11   main
20001640   main_func_sp
0000120d   memcpy
0000197b   rfDelayLoop
00001a71   setRfCE
00001b39   setRfCSN
0000198d   uDMAChannelAssign
00001725   uDMAChannelAttributeDisable
00001a31   uDMAChannelControlSet
00001abd   uDMAChannelEnable
000019e5   uDMAChannelModeGet
00001449   uDMAChannelTransferSet
00001c81   uDMAControlBaseSet
00001bfd   uDMAEnable
00000d73   uDMAErrorHandler
00001c8d   uDMAErrorStatusClear
00001c99   uDMAErrorStatusGet
20001000   ui8ControlTable


GLOBAL SYMBOLS: SORTED BY Symbol Address 

address    name
--------   ----
00000000   __TI_static_base__
00000000   g_pfnVectors
00000001   __TI_args_main
00000200   __STACK_SIZE
0000026d   RF24_init
00000313   RF24_enableFeatures
0000033b   RF24_disableFeatures
00000365   RF24_getLostPackets
00000373   RF24_isAlive
00000399   RF24_setSpeedAndPower
000003c3   RF24_setChannel
000003d9   RF24_setAddressWidth
000003f7   RF24_getCurrentState
00000451   RF24_startPowerDown
00000465   RF24_startStandby
000004a7   RF24_scan
0000050d   RF24_getIrqFlag
00000543   RF24_clearIrqFlag
0000057d   RF24_readRegister
000005ad   RF24_writeRegister
000005e1   RF24_TX_setAddress
0000062d   RF24_TX_writePayloadAck
00000679   RF24_TX_writePayloadNoAck
000006cd   RF24_TX_flush
000006e3   RF24_TX_reuseLastPayload
000006fd   RF24_TX_activate
0000071b   RF24_TX_pulseTransmit
0000072f   RF24_RX_setAddress
0000079d   RF24_RX_getPayloadWidth
000007c1   RF24_RX_getPayloadData
00000813   RF24_RX_flush
00000829   RF24_RX_activate
00000851   RF24_RX_isEmpty
0000087f   RF24_RX_sendAckWithPayload
000008df   RF24_PIPE_close
0000093b   RF24_PIPE_closeAll
00000957   RF24_PIPE_open
000009cd   RF24_PIPE_isOpen
00000a0d   RF24_PIPE_setPacketSize
00000a91   RF24_RETRANS_setDelay
00000ac9   RF24_RETRANS_setCount
00000afb   RF24_RETRANS_getLastRetransmits
00000b11   main
00000c43   GPIOPinToggle
00000c63   GPIOEIntHandler
00000c75   RF24_IntHandler
00000cdb   ADC0IntHandler
00000d27   ADC1IntHandler
00000d73   uDMAErrorHandler
00000d9b   SysTickHandler
00000e01   GPIOPadConfigSet
00000f31   SysCtlClockGet
00001049   SysCtlClockSet
00001139   initSpiForRF
0000120d   __aeabi_memcpy
0000120d   __aeabi_memcpy4
0000120d   __aeabi_memcpy8
0000120d   memcpy
000012a9   __TI_auto_init
0000133d   initRfModule
000013c9   ADCSequenceStepConfigure
00001449   uDMAChannelTransferSet
000014c9   IntEnable
00001589   TimerConfigure
000015e5   TimerControlTrigger
0000163d   GPIOIntTypeSet
00001695   GPIOPinConfigure
000016dd   _c_int00
00001725   uDMAChannelAttributeDisable
0000176d   SysCtlPeripheralClockGating
000017b1   initADC
000017f5   copy_in
00001839   C$$EXIT
0000183d   abort
00001845   exit
0000187d   SSIConfigSetExpClk
000018bf   ADCSequenceConfigure
000018fd   SysCtlPeripheralEnable
00001931   ADCIntStatus
00001961   SPI_sendAndGetData
0000197b   rfDelayLoop
0000198d   uDMAChannelAssign
000019b9   GPIODirModeSet
000019e5   uDMAChannelModeGet
00001a0d   IntPrioritySet
00001a31   uDMAChannelControlSet
00001a55   clearRfCE
00001a71   setRfCE
00001a8d   GPIOPinTypeGPIOOutput
00001aa5   _args_main
00001abd   uDMAChannelEnable
00001ad5   SysTickEnable
00001ae9   SysTickIntEnable
00001afd   TimerDisable
00001b11   clearRfCSN
00001b25   _register_unlock
00001b2b   _register_lock
00001b33   _nop
00001b39   setRfCSN
00001b4d   ADCHardwareOversampleConfigure
00001b5f   GPIOPinTypeADC
00001b71   GPIOPinTypeGPIOInput
00001b83   GPIOPinTypeSSI
00001b95   RF24_setConfigureRegister
00001ba7   SSIDataGetNonBlocking
00001bb9   TimerLoadSet
00001bcb   __TI_zero_init
00001bdd   ADCSequenceDMAEnable
00001bed   SysTickPeriodSet
00001bfd   uDMAEnable
00001c0d   ADCSequenceEnable
00001c1b   GPIOIntStatus
00001c29   TimerEnable
00001c37   __TI_decompress_none
00001c45   CPUcpsie
00001c51   GPIOIntEnable
00001c5d   SSIDataGet
00001c69   getCEState
00001c75   ResetISR
00001c81   uDMAControlBaseSet
00001c8d   uDMAErrorStatusClear
00001c99   uDMAErrorStatusGet
00001ca5   ADCIntClear
00001caf   IntMasterEnable
00001cb9   SSIDataPut
00001cc3   SSIDisable
00001ccd   SSIEnable
00001cd7   GPIOIntClear
00001cdd   GPIOPinWrite
00001ce3   SysCtlDelay
00001ce9   __TI_decompress_rle24
00001f10   __TI_Handler_Table_Base
00001f1c   __TI_Handler_Table_Limit
00001f28   __TI_CINIT_Base
00001f38   __TI_CINIT_Limit
20000000   g_ui16ADC0Result
20000800   g_ui16ADC1Result
20001000   ui8ControlTable
20001400   RF24_RX_buffer
20001420   g_ui32SysTickCount
2000142c   __stack
2000162c   __STACK_END
2000162c   __STACK_TOP
2000162c   _lock
20001630   _unlock
20001634   __TI_cleanup_ptr
20001638   __TI_dtors_ptr
2000163c   g_ui32uDMAErrCount
20001640   main_func_sp
ffffffff   __binit__
ffffffff   __c_args__
ffffffff   binit
UNDEFED    SHT$$INIT_ARRAY$$Base
UNDEFED    SHT$$INIT_ARRAY$$Limit

[154 symbols]
