<?xml version="1.0"?>
<link_info>
   <banner>TI ARM Linker PC v5.1.6</banner>
   <copyright>Copyright (c) 1996-2014 Texas Instruments Incorporated</copyright>
   <link_time>0x539aa822</link_time>
   <link_errors>0x0</link_errors>
   <output_file>RobotTesting.out</output_file>
   <entry_point>
      <name>_c_int00</name>
      <address>0x40b1</address>
   </entry_point>
   <input_file_list>
      <input_file id="fl-2">
         <path>.\libnrf24l01\src\</path>
         <kind>object</kind>
         <file>nRF24L01.obj</file>
         <name>nRF24L01.obj</name>
      </input_file>
      <input_file id="fl-3">
         <path>.\libnrf24l01\src\</path>
         <kind>object</kind>
         <file>TM4C123_nRF24L01.obj</file>
         <name>TM4C123_nRF24L01.obj</name>
      </input_file>
      <input_file id="fl-4">
         <path>.\</path>
         <kind>object</kind>
         <file>tm4c123gh6pm_startup_ccs.obj</file>
         <name>tm4c123gh6pm_startup_ccs.obj</name>
      </input_file>
      <input_file id="fl-5">
         <path>.\</path>
         <kind>object</kind>
         <file>main.obj</file>
         <name>main.obj</name>
      </input_file>
      <input_file id="fl-6">
         <path>.\</path>
         <kind>object</kind>
         <file>MainBoardDriver.obj</file>
         <name>MainBoardDriver.obj</name>
      </input_file>
      <input_file id="fl-7">
         <path>.\</path>
         <kind>object</kind>
         <file>CustomTivaDrivers.obj</file>
         <name>CustomTivaDrivers.obj</name>
      </input_file>
      <input_file id="fl-135">
         <path>c:\ti\ccsv6\tools\compiler\arm_5.1.6\lib\</path>
         <kind>archive</kind>
         <file>rtsv7M4_T_le_v4SPD16_eabi.lib</file>
         <name>boot.obj</name>
      </input_file>
      <input_file id="fl-136">
         <path>c:\ti\ccsv6\tools\compiler\arm_5.1.6\lib\</path>
         <kind>archive</kind>
         <file>rtsv7M4_T_le_v4SPD16_eabi.lib</file>
         <name>copy_decompress_none.obj</name>
      </input_file>
      <input_file id="fl-137">
         <path>c:\ti\ccsv6\tools\compiler\arm_5.1.6\lib\</path>
         <kind>archive</kind>
         <file>rtsv7M4_T_le_v4SPD16_eabi.lib</file>
         <name>copy_decompress_rle.obj</name>
      </input_file>
      <input_file id="fl-138">
         <path>c:\ti\ccsv6\tools\compiler\arm_5.1.6\lib\</path>
         <kind>archive</kind>
         <file>rtsv7M4_T_le_v4SPD16_eabi.lib</file>
         <name>copy_zero_init.obj</name>
      </input_file>
      <input_file id="fl-139">
         <path>c:\ti\ccsv6\tools\compiler\arm_5.1.6\lib\</path>
         <kind>archive</kind>
         <file>rtsv7M4_T_le_v4SPD16_eabi.lib</file>
         <name>exit.obj</name>
      </input_file>
      <input_file id="fl-13a">
         <path>c:\ti\ccsv6\tools\compiler\arm_5.1.6\lib\</path>
         <kind>archive</kind>
         <file>rtsv7M4_T_le_v4SPD16_eabi.lib</file>
         <name>memcpy_t2.obj</name>
      </input_file>
      <input_file id="fl-13b">
         <path>c:\ti\ccsv6\tools\compiler\arm_5.1.6\lib\</path>
         <kind>archive</kind>
         <file>rtsv7M4_T_le_v4SPD16_eabi.lib</file>
         <name>stkdepth_vars.obj</name>
      </input_file>
      <input_file id="fl-13c">
         <path>c:\ti\ccsv6\tools\compiler\arm_5.1.6\lib\</path>
         <kind>archive</kind>
         <file>rtsv7M4_T_le_v4SPD16_eabi.lib</file>
         <name>_lock.obj</name>
      </input_file>
      <input_file id="fl-13d">
         <path>c:\ti\ccsv6\tools\compiler\arm_5.1.6\lib\</path>
         <kind>archive</kind>
         <file>rtsv7M4_T_le_v4SPD16_eabi.lib</file>
         <name>args_main.obj</name>
      </input_file>
      <input_file id="fl-13e">
         <path>c:\ti\ccsv6\tools\compiler\arm_5.1.6\lib\</path>
         <kind>archive</kind>
         <file>rtsv7M4_T_le_v4SPD16_eabi.lib</file>
         <name>auto_init.obj</name>
      </input_file>
      <input_file id="fl-13f">
         <path>c:\ti\ccsv6\tools\compiler\arm_5.1.6\lib\</path>
         <kind>archive</kind>
         <file>rtsv7M4_T_le_v4SPD16_eabi.lib</file>
         <name>cpy_tbl.obj</name>
      </input_file>
      <input_file id="fl-140">
         <path>D:\Portable\Programs\TivaDriver\driverlib\ccs\Debug\</path>
         <kind>archive</kind>
         <file>driverlib.lib</file>
         <name>udma.obj</name>
      </input_file>
      <input_file id="fl-141">
         <path>D:\Portable\Programs\TivaDriver\driverlib\ccs\Debug\</path>
         <kind>archive</kind>
         <file>driverlib.lib</file>
         <name>timer.obj</name>
      </input_file>
      <input_file id="fl-142">
         <path>D:\Portable\Programs\TivaDriver\driverlib\ccs\Debug\</path>
         <kind>archive</kind>
         <file>driverlib.lib</file>
         <name>sysctl.obj</name>
      </input_file>
      <input_file id="fl-143">
         <path>D:\Portable\Programs\TivaDriver\driverlib\ccs\Debug\</path>
         <kind>archive</kind>
         <file>driverlib.lib</file>
         <name>ssi.obj</name>
      </input_file>
      <input_file id="fl-144">
         <path>D:\Portable\Programs\TivaDriver\driverlib\ccs\Debug\</path>
         <kind>archive</kind>
         <file>driverlib.lib</file>
         <name>pwm.obj</name>
      </input_file>
      <input_file id="fl-145">
         <path>D:\Portable\Programs\TivaDriver\driverlib\ccs\Debug\</path>
         <kind>archive</kind>
         <file>driverlib.lib</file>
         <name>interrupt.obj</name>
      </input_file>
      <input_file id="fl-146">
         <path>D:\Portable\Programs\TivaDriver\driverlib\ccs\Debug\</path>
         <kind>archive</kind>
         <file>driverlib.lib</file>
         <name>gpio.obj</name>
      </input_file>
      <input_file id="fl-147">
         <path>D:\Portable\Programs\TivaDriver\driverlib\ccs\Debug\</path>
         <kind>archive</kind>
         <file>driverlib.lib</file>
         <name>cpu.obj</name>
      </input_file>
      <input_file id="fl-148">
         <path>D:\Portable\Programs\TivaDriver\driverlib\ccs\Debug\</path>
         <kind>archive</kind>
         <file>driverlib.lib</file>
         <name>adc.obj</name>
      </input_file>
   </input_file_list>
   <object_component_list>
      <object_component id="oc-e">
         <name>.intvecs</name>
         <load_address>0x2000</load_address>
         <run_address>0x2000</run_address>
         <size>0x26c</size>
         <input_file_ref idref="fl-4"/>
      </object_component>
      <object_component id="oc-a3">
         <name>.text</name>
         <load_address>0x226c</load_address>
         <run_address>0x226c</run_address>
         <size>0x864</size>
         <input_file_ref idref="fl-2"/>
      </object_component>
      <object_component id="oc-293">
         <name>.text:testAllMotorModes</name>
         <load_address>0x2ad0</load_address>
         <run_address>0x2ad0</run_address>
         <size>0x440</size>
         <input_file_ref idref="fl-6"/>
      </object_component>
      <object_component id="oc-35">
         <name>.text</name>
         <load_address>0x2f10</load_address>
         <run_address>0x2f10</run_address>
         <size>0x290</size>
         <input_file_ref idref="fl-6"/>
      </object_component>
      <object_component id="oc-b5">
         <name>.text:RF24_IntHandler</name>
         <load_address>0x31a0</load_address>
         <run_address>0x31a0</run_address>
         <size>0x16c</size>
         <input_file_ref idref="fl-5"/>
      </object_component>
      <object_component id="oc-214">
         <name>.text:GPIOPadConfigSet</name>
         <load_address>0x330c</load_address>
         <run_address>0x330c</run_address>
         <size>0x130</size>
         <input_file_ref idref="fl-146"/>
      </object_component>
      <object_component id="oc-8f">
         <name>.text:initDistanceSensingModules</name>
         <load_address>0x343c</load_address>
         <run_address>0x343c</run_address>
         <size>0x128</size>
         <input_file_ref idref="fl-6"/>
      </object_component>
      <object_component id="oc-195">
         <name>.text:SysCtlClockGet</name>
         <load_address>0x3564</load_address>
         <run_address>0x3564</run_address>
         <size>0x118</size>
         <input_file_ref idref="fl-142"/>
      </object_component>
      <object_component id="oc-81">
         <name>.text:initMotor</name>
         <load_address>0x367c</load_address>
         <run_address>0x367c</run_address>
         <size>0x108</size>
         <input_file_ref idref="fl-6"/>
      </object_component>
      <object_component id="oc-74">
         <name>.text:SysCtlClockSet</name>
         <load_address>0x3784</load_address>
         <run_address>0x3784</run_address>
         <size>0xf0</size>
         <input_file_ref idref="fl-142"/>
      </object_component>
      <object_component id="oc-96">
         <name>.text:initSpeaker</name>
         <load_address>0x3874</load_address>
         <run_address>0x3874</run_address>
         <size>0xec</size>
         <input_file_ref idref="fl-6"/>
      </object_component>
      <object_component id="oc-228">
         <name>.text:initSpiForRF</name>
         <load_address>0x3960</load_address>
         <run_address>0x3960</run_address>
         <size>0xdc</size>
         <input_file_ref idref="fl-3"/>
      </object_component>
      <object_component id="oc-285">
         <name>.text:testRfTransmission</name>
         <load_address>0x3a3c</load_address>
         <run_address>0x3a3c</run_address>
         <size>0xd8</size>
         <input_file_ref idref="fl-6"/>
      </object_component>
      <object_component id="oc-53">
         <name>.text</name>
         <load_address>0x3b14</load_address>
         <run_address>0x3b14</run_address>
         <size>0x9c</size>
         <input_file_ref idref="fl-13a"/>
      </object_component>
      <object_component id="oc-3e">
         <name>.text</name>
         <load_address>0x3bb0</load_address>
         <run_address>0x3bb0</run_address>
         <size>0x94</size>
         <input_file_ref idref="fl-13e"/>
      </object_component>
      <object_component id="oc-88">
         <name>.text:initRfModule</name>
         <load_address>0x3c44</load_address>
         <run_address>0x3c44</run_address>
         <size>0x8c</size>
         <input_file_ref idref="fl-6"/>
      </object_component>
      <object_component id="oc-d8">
         <name>.text:ADCSequenceStepConfigure</name>
         <load_address>0x3cd0</load_address>
         <run_address>0x3cd0</run_address>
         <size>0x80</size>
         <input_file_ref idref="fl-148"/>
      </object_component>
      <object_component id="oc-2f">
         <name>.text</name>
         <load_address>0x3d50</load_address>
         <run_address>0x3d50</run_address>
         <size>0x80</size>
         <input_file_ref idref="fl-5"/>
      </object_component>
      <object_component id="oc-108">
         <name>.text:uDMAChannelTransferSet</name>
         <load_address>0x3dd0</load_address>
         <run_address>0x3dd0</run_address>
         <size>0x80</size>
         <input_file_ref idref="fl-140"/>
      </object_component>
      <object_component id="oc-1f3">
         <name>.text:IntEnable</name>
         <load_address>0x3e50</load_address>
         <run_address>0x3e50</run_address>
         <size>0x60</size>
         <input_file_ref idref="fl-145"/>
      </object_component>
      <object_component id="oc-66">
         <name>.text</name>
         <load_address>0x3eb0</load_address>
         <run_address>0x3eb0</run_address>
         <size>0x5e</size>
         <input_file_ref idref="fl-137"/>
      </object_component>
      <object_component id="oc-1f9">
         <name>.text:TimerConfigure</name>
         <load_address>0x3f10</load_address>
         <run_address>0x3f10</run_address>
         <size>0x5c</size>
         <input_file_ref idref="fl-141"/>
      </object_component>
      <object_component id="oc-205">
         <name>.text:TimerControlTrigger</name>
         <load_address>0x3f6c</load_address>
         <run_address>0x3f6c</run_address>
         <size>0x58</size>
         <input_file_ref idref="fl-141"/>
      </object_component>
      <object_component id="oc-35c">
         <name>.text:GPIOIntTypeSet</name>
         <load_address>0x3fc4</load_address>
         <run_address>0x3fc4</run_address>
         <size>0x56</size>
         <input_file_ref idref="fl-146"/>
      </object_component>
      <object_component id="oc-de">
         <name>.text</name>
         <load_address>0x401a</load_address>
         <run_address>0x401a</run_address>
         <size>0x4c</size>
         <input_file_ref idref="fl-7"/>
      </object_component>
      <object_component id="oc-19b">
         <name>.text:GPIOPinConfigure</name>
         <load_address>0x4068</load_address>
         <run_address>0x4068</run_address>
         <size>0x48</size>
         <input_file_ref idref="fl-146"/>
      </object_component>
      <object_component id="oc-11">
         <name>.text</name>
         <load_address>0x40b0</load_address>
         <run_address>0x40b0</run_address>
         <size>0x48</size>
         <input_file_ref idref="fl-135"/>
      </object_component>
      <object_component id="oc-1e7">
         <name>.text:uDMAChannelAttributeDisable</name>
         <load_address>0x40f8</load_address>
         <run_address>0x40f8</run_address>
         <size>0x48</size>
         <input_file_ref idref="fl-140"/>
      </object_component>
      <object_component id="oc-155">
         <name>.text</name>
         <load_address>0x4140</load_address>
         <run_address>0x4140</run_address>
         <size>0x44</size>
         <input_file_ref idref="fl-13f"/>
      </object_component>
      <object_component id="oc-49">
         <name>.text</name>
         <load_address>0x4184</load_address>
         <run_address>0x4184</run_address>
         <size>0x44</size>
         <input_file_ref idref="fl-139"/>
      </object_component>
      <object_component id="oc-34a">
         <name>.text:SSIConfigSetExpClk</name>
         <load_address>0x41c8</load_address>
         <run_address>0x41c8</run_address>
         <size>0x42</size>
         <input_file_ref idref="fl-143"/>
      </object_component>
      <object_component id="oc-28c">
         <name>.text:testCarrierDetection</name>
         <load_address>0x420c</load_address>
         <run_address>0x420c</run_address>
         <size>0x40</size>
         <input_file_ref idref="fl-6"/>
      </object_component>
      <object_component id="oc-d2">
         <name>.text:ADCSequenceConfigure</name>
         <load_address>0x424c</load_address>
         <run_address>0x424c</run_address>
         <size>0x3e</size>
         <input_file_ref idref="fl-148"/>
      </object_component>
      <object_component id="oc-2b5">
         <name>.text:sendTestData</name>
         <load_address>0x428a</load_address>
         <run_address>0x428a</run_address>
         <size>0x3c</size>
         <input_file_ref idref="fl-6"/>
      </object_component>
      <object_component id="oc-244">
         <name>.text:RF24_readRegister</name>
         <load_address>0x42c8</load_address>
         <run_address>0x42c8</run_address>
         <size>0x34</size>
         <input_file_ref idref="fl-2"/>
      </object_component>
      <object_component id="oc-23d">
         <name>.text:RF24_writeRegister</name>
         <load_address>0x42fc</load_address>
         <run_address>0x42fc</run_address>
         <size>0x34</size>
         <input_file_ref idref="fl-2"/>
      </object_component>
      <object_component id="oc-c6">
         <name>.text:SysCtlPeripheralEnable</name>
         <load_address>0x4330</load_address>
         <run_address>0x4330</run_address>
         <size>0x34</size>
         <input_file_ref idref="fl-142"/>
      </object_component>
      <object_component id="oc-f0">
         <name>.text:ADCIntStatus</name>
         <load_address>0x4364</load_address>
         <run_address>0x4364</run_address>
         <size>0x2e</size>
         <input_file_ref idref="fl-148"/>
      </object_component>
      <object_component id="oc-2a1">
         <name>.text:setMotorDirection</name>
         <load_address>0x4392</load_address>
         <run_address>0x4392</run_address>
         <size>0x2e</size>
         <input_file_ref idref="fl-6"/>
      </object_component>
      <object_component id="oc-a9">
         <name>.text</name>
         <load_address>0x43c0</load_address>
         <run_address>0x43c0</run_address>
         <size>0x2c</size>
         <input_file_ref idref="fl-3"/>
      </object_component>
      <object_component id="oc-2a8">
         <name>.text:setMotorSpeed</name>
         <load_address>0x43ec</load_address>
         <run_address>0x43ec</run_address>
         <size>0x2c</size>
         <input_file_ref idref="fl-6"/>
      </object_component>
      <object_component id="oc-1e1">
         <name>.text:uDMAChannelAssign</name>
         <load_address>0x4418</load_address>
         <run_address>0x4418</run_address>
         <size>0x2c</size>
         <input_file_ref idref="fl-140"/>
      </object_component>
      <object_component id="oc-20e">
         <name>.text:GPIODirModeSet</name>
         <load_address>0x4444</load_address>
         <run_address>0x4444</run_address>
         <size>0x2a</size>
         <input_file_ref idref="fl-146"/>
      </object_component>
      <object_component id="oc-fc">
         <name>.text:uDMAChannelModeGet</name>
         <load_address>0x4470</load_address>
         <run_address>0x4470</run_address>
         <size>0x28</size>
         <input_file_ref idref="fl-140"/>
      </object_component>
      <object_component id="oc-362">
         <name>.text:IntPrioritySet</name>
         <load_address>0x4498</load_address>
         <run_address>0x4498</run_address>
         <size>0x24</size>
         <input_file_ref idref="fl-145"/>
      </object_component>
      <object_component id="oc-1ed">
         <name>.text:uDMAChannelControlSet</name>
         <load_address>0x44bc</load_address>
         <run_address>0x44bc</run_address>
         <size>0x24</size>
         <input_file_ref idref="fl-140"/>
      </object_component>
      <object_component id="oc-1a7">
         <name>.text:PWMGenConfigure</name>
         <load_address>0x44e0</load_address>
         <run_address>0x44e0</run_address>
         <size>0x22</size>
         <input_file_ref idref="fl-144"/>
      </object_component>
      <object_component id="oc-7a">
         <name>.text:initLED</name>
         <load_address>0x4504</load_address>
         <run_address>0x4504</run_address>
         <size>0x20</size>
         <input_file_ref idref="fl-6"/>
      </object_component>
      <object_component id="oc-2bc">
         <name>.text:startSamplingMicSignals</name>
         <load_address>0x4524</load_address>
         <run_address>0x4524</run_address>
         <size>0x20</size>
         <input_file_ref idref="fl-6"/>
      </object_component>
      <object_component id="oc-385">
         <name>.text:turnOnLED</name>
         <load_address>0x4544</load_address>
         <run_address>0x4544</run_address>
         <size>0x20</size>
         <input_file_ref idref="fl-6"/>
      </object_component>
      <object_component id="oc-1b3">
         <name>.text:PWMPulseWidthSet</name>
         <load_address>0x4564</load_address>
         <run_address>0x4564</run_address>
         <size>0x1e</size>
         <input_file_ref idref="fl-144"/>
      </object_component>
      <object_component id="oc-236">
         <name>.text:clearRfCE</name>
         <load_address>0x4584</load_address>
         <run_address>0x4584</run_address>
         <size>0x1c</size>
         <input_file_ref idref="fl-3"/>
      </object_component>
      <object_component id="oc-1ce">
         <name>.text:groundAdjacentADCPins</name>
         <load_address>0x45a0</load_address>
         <run_address>0x45a0</run_address>
         <size>0x1c</size>
         <input_file_ref idref="fl-6"/>
      </object_component>
      <object_component id="oc-265">
         <name>.text:setRfCE</name>
         <load_address>0x45bc</load_address>
         <run_address>0x45bc</run_address>
         <size>0x1c</size>
         <input_file_ref idref="fl-3"/>
      </object_component>
      <object_component id="oc-2c3">
         <name>.text:startSpeaker</name>
         <load_address>0x45d8</load_address>
         <run_address>0x45d8</run_address>
         <size>0x1c</size>
         <input_file_ref idref="fl-6"/>
      </object_component>
      <object_component id="oc-188">
         <name>.text:turnOffLED</name>
         <load_address>0x45f4</load_address>
         <run_address>0x45f4</run_address>
         <size>0x1c</size>
         <input_file_ref idref="fl-6"/>
      </object_component>
      <object_component id="oc-182">
         <name>.text:GPIOPinTypeGPIOOutput</name>
         <load_address>0x4610</load_address>
         <run_address>0x4610</run_address>
         <size>0x18</size>
         <input_file_ref idref="fl-146"/>
      </object_component>
      <object_component id="oc-43">
         <name>.text</name>
         <load_address>0x4628</load_address>
         <run_address>0x4628</run_address>
         <size>0x18</size>
         <input_file_ref idref="fl-13d"/>
      </object_component>
      <object_component id="oc-10e">
         <name>.text:uDMAChannelEnable</name>
         <load_address>0x4640</load_address>
         <run_address>0x4640</run_address>
         <size>0x18</size>
         <input_file_ref idref="fl-140"/>
      </object_component>
      <object_component id="oc-252">
         <name>.text:RF24_setConfigureRegister</name>
         <load_address>0x4658</load_address>
         <run_address>0x4658</run_address>
         <size>0x16</size>
         <input_file_ref idref="fl-2"/>
      </object_component>
      <object_component id="oc-18f">
         <name>.text:SysCtlPWMClockSet</name>
         <load_address>0x4670</load_address>
         <run_address>0x4670</run_address>
         <size>0x14</size>
         <input_file_ref idref="fl-142"/>
      </object_component>
      <object_component id="oc-102">
         <name>.text:TimerDisable</name>
         <load_address>0x4684</load_address>
         <run_address>0x4684</run_address>
         <size>0x14</size>
         <input_file_ref idref="fl-141"/>
      </object_component>
      <object_component id="oc-2fc">
         <name>.text</name>
         <load_address>0x4698</load_address>
         <run_address>0x4698</run_address>
         <size>0x14</size>
         <input_file_ref idref="fl-13c"/>
      </object_component>
      <object_component id="oc-cc">
         <name>.text:ADCHardwareOversampleConfigure</name>
         <load_address>0x46ac</load_address>
         <run_address>0x46ac</run_address>
         <size>0x12</size>
         <input_file_ref idref="fl-148"/>
      </object_component>
      <object_component id="oc-1c8">
         <name>.text:GPIOPinTypeADC</name>
         <load_address>0x46be</load_address>
         <run_address>0x46be</run_address>
         <size>0x12</size>
         <input_file_ref idref="fl-146"/>
      </object_component>
      <object_component id="oc-350">
         <name>.text:GPIOPinTypeGPIOInput</name>
         <load_address>0x46d0</load_address>
         <run_address>0x46d0</run_address>
         <size>0x12</size>
         <input_file_ref idref="fl-146"/>
      </object_component>
      <object_component id="oc-1a1">
         <name>.text:GPIOPinTypePWM</name>
         <load_address>0x46e2</load_address>
         <run_address>0x46e2</run_address>
         <size>0x12</size>
         <input_file_ref idref="fl-146"/>
      </object_component>
      <object_component id="oc-344">
         <name>.text:GPIOPinTypeSSI</name>
         <load_address>0x46f4</load_address>
         <run_address>0x46f4</run_address>
         <size>0x12</size>
         <input_file_ref idref="fl-146"/>
      </object_component>
      <object_component id="oc-1b9">
         <name>.text:PWMOutputState</name>
         <load_address>0x4706</load_address>
         <run_address>0x4706</run_address>
         <size>0x12</size>
         <input_file_ref idref="fl-144"/>
      </object_component>
      <object_component id="oc-36e">
         <name>.text:SSIDataGetNonBlocking</name>
         <load_address>0x4718</load_address>
         <run_address>0x4718</run_address>
         <size>0x12</size>
         <input_file_ref idref="fl-143"/>
      </object_component>
      <object_component id="oc-1ff">
         <name>.text:TimerLoadSet</name>
         <load_address>0x472a</load_address>
         <run_address>0x472a</run_address>
         <size>0x12</size>
         <input_file_ref idref="fl-141"/>
      </object_component>
      <object_component id="oc-1c">
         <name>.text:decompress:ZI</name>
         <load_address>0x473c</load_address>
         <run_address>0x473c</run_address>
         <size>0x12</size>
         <input_file_ref idref="fl-138"/>
      </object_component>
      <object_component id="oc-ea">
         <name>.text:ADCSequenceDMAEnable</name>
         <load_address>0x474e</load_address>
         <run_address>0x474e</run_address>
         <size>0x10</size>
         <input_file_ref idref="fl-148"/>
      </object_component>
      <object_component id="oc-1ad">
         <name>.text:PWMGenPeriodSet</name>
         <load_address>0x475e</load_address>
         <run_address>0x475e</run_address>
         <size>0x10</size>
         <input_file_ref idref="fl-144"/>
      </object_component>
      <object_component id="oc-259">
         <name>.text:clearRfCSN</name>
         <load_address>0x476e</load_address>
         <run_address>0x476e</run_address>
         <size>0x10</size>
         <input_file_ref idref="fl-3"/>
      </object_component>
      <object_component id="oc-22f">
         <name>.text:setRfCSN</name>
         <load_address>0x477e</load_address>
         <run_address>0x477e</run_address>
         <size>0x10</size>
         <input_file_ref idref="fl-3"/>
      </object_component>
      <object_component id="oc-1d5">
         <name>.text:uDMAEnable</name>
         <load_address>0x4790</load_address>
         <run_address>0x4790</run_address>
         <size>0x10</size>
         <input_file_ref idref="fl-140"/>
      </object_component>
      <object_component id="oc-e4">
         <name>.text:ADCSequenceEnable</name>
         <load_address>0x47a0</load_address>
         <run_address>0x47a0</run_address>
         <size>0xe</size>
         <input_file_ref idref="fl-148"/>
      </object_component>
      <object_component id="oc-af">
         <name>.text:GPIOIntStatus</name>
         <load_address>0x47ae</load_address>
         <run_address>0x47ae</run_address>
         <size>0xe</size>
         <input_file_ref idref="fl-146"/>
      </object_component>
      <object_component id="oc-390">
         <name>.text:TimerEnable</name>
         <load_address>0x47bc</load_address>
         <run_address>0x47bc</run_address>
         <size>0xe</size>
         <input_file_ref idref="fl-141"/>
      </object_component>
      <object_component id="oc-16">
         <name>.text:decompress:none</name>
         <load_address>0x47ca</load_address>
         <run_address>0x47ca</run_address>
         <size>0xe</size>
         <input_file_ref idref="fl-136"/>
      </object_component>
      <object_component id="oc-334">
         <name>.text:CPUcpsie</name>
         <load_address>0x47d8</load_address>
         <run_address>0x47d8</run_address>
         <size>0xc</size>
         <input_file_ref idref="fl-147"/>
      </object_component>
      <object_component id="oc-356">
         <name>.text:GPIOIntEnable</name>
         <load_address>0x47e4</load_address>
         <run_address>0x47e4</run_address>
         <size>0xc</size>
         <input_file_ref idref="fl-146"/>
      </object_component>
      <object_component id="oc-12d">
         <name>.text:PWMGenDisable</name>
         <load_address>0x47f0</load_address>
         <run_address>0x47f0</run_address>
         <size>0xc</size>
         <input_file_ref idref="fl-144"/>
      </object_component>
      <object_component id="oc-2af">
         <name>.text:PWMGenEnable</name>
         <load_address>0x47fc</load_address>
         <run_address>0x47fc</run_address>
         <size>0xc</size>
         <input_file_ref idref="fl-144"/>
      </object_component>
      <object_component id="oc-278">
         <name>.text:SSIDataGet</name>
         <load_address>0x4808</load_address>
         <run_address>0x4808</run_address>
         <size>0xc</size>
         <input_file_ref idref="fl-143"/>
      </object_component>
      <object_component id="oc-29a">
         <name>.text:disableMOTOR</name>
         <load_address>0x4814</load_address>
         <run_address>0x4814</run_address>
         <size>0xc</size>
         <input_file_ref idref="fl-6"/>
      </object_component>
      <object_component id="oc-114">
         <name>.text:enableMOTOR</name>
         <load_address>0x4820</load_address>
         <run_address>0x4820</run_address>
         <size>0xc</size>
         <input_file_ref idref="fl-6"/>
      </object_component>
      <object_component id="oc-24b">
         <name>.text:getCEState</name>
         <load_address>0x482c</load_address>
         <run_address>0x482c</run_address>
         <size>0xc</size>
         <input_file_ref idref="fl-3"/>
      </object_component>
      <object_component id="oc-29">
         <name>.text</name>
         <load_address>0x4838</load_address>
         <run_address>0x4838</run_address>
         <size>0xc</size>
         <input_file_ref idref="fl-4"/>
      </object_component>
      <object_component id="oc-1db">
         <name>.text:uDMAControlBaseSet</name>
         <load_address>0x4844</load_address>
         <run_address>0x4844</run_address>
         <size>0xc</size>
         <input_file_ref idref="fl-140"/>
      </object_component>
      <object_component id="oc-121">
         <name>.text:uDMAErrorStatusClear</name>
         <load_address>0x4850</load_address>
         <run_address>0x4850</run_address>
         <size>0xc</size>
         <input_file_ref idref="fl-140"/>
      </object_component>
      <object_component id="oc-11b">
         <name>.text:uDMAErrorStatusGet</name>
         <load_address>0x485c</load_address>
         <run_address>0x485c</run_address>
         <size>0xc</size>
         <input_file_ref idref="fl-140"/>
      </object_component>
      <object_component id="oc-f6">
         <name>.text:ADCIntClear</name>
         <load_address>0x4868</load_address>
         <run_address>0x4868</run_address>
         <size>0xa</size>
         <input_file_ref idref="fl-148"/>
      </object_component>
      <object_component id="oc-21a">
         <name>.text:IntMasterEnable</name>
         <load_address>0x4872</load_address>
         <run_address>0x4872</run_address>
         <size>0xa</size>
         <input_file_ref idref="fl-145"/>
      </object_component>
      <object_component id="oc-272">
         <name>.text:SSIDataPut</name>
         <load_address>0x487c</load_address>
         <run_address>0x487c</run_address>
         <size>0xa</size>
         <input_file_ref idref="fl-143"/>
      </object_component>
      <object_component id="oc-33e">
         <name>.text:SSIDisable</name>
         <load_address>0x4886</load_address>
         <run_address>0x4886</run_address>
         <size>0xa</size>
         <input_file_ref idref="fl-143"/>
      </object_component>
      <object_component id="oc-368">
         <name>.text:SSIEnable</name>
         <load_address>0x4890</load_address>
         <run_address>0x4890</run_address>
         <size>0xa</size>
         <input_file_ref idref="fl-143"/>
      </object_component>
      <object_component id="oc-220">
         <name>.text:TimerIntEnable</name>
         <load_address>0x489a</load_address>
         <run_address>0x489a</run_address>
         <size>0x8</size>
         <input_file_ref idref="fl-141"/>
      </object_component>
      <object_component id="oc-2ca">
         <name>.text:GPIOIntClear</name>
         <load_address>0x48a2</load_address>
         <run_address>0x48a2</run_address>
         <size>0x6</size>
         <input_file_ref idref="fl-146"/>
      </object_component>
      <object_component id="oc-133">
         <name>.text:GPIOPinRead</name>
         <load_address>0x48a8</load_address>
         <run_address>0x48a8</run_address>
         <size>0x6</size>
         <input_file_ref idref="fl-146"/>
      </object_component>
      <object_component id="oc-9d">
         <name>.text:GPIOPinWrite</name>
         <load_address>0x48ae</load_address>
         <run_address>0x48ae</run_address>
         <size>0x6</size>
         <input_file_ref idref="fl-146"/>
      </object_component>
      <object_component id="oc-c5">
         <name>.text:SysCtlDelay</name>
         <load_address>0x48b4</load_address>
         <run_address>0x48b4</run_address>
         <size>0x6</size>
         <input_file_ref idref="fl-142"/>
      </object_component>
      <object_component id="oc-22">
         <name>.text:decompress:rle24</name>
         <load_address>0x48ba</load_address>
         <run_address>0x48ba</run_address>
         <size>0x6</size>
         <input_file_ref idref="fl-137"/>
      </object_component>
      <object_component id="oc-127">
         <name>.text:TimerIntClear</name>
         <load_address>0x48c0</load_address>
         <run_address>0x48c0</run_address>
         <size>0x4</size>
         <input_file_ref idref="fl-141"/>
      </object_component>
      <object_component id="oc-3bd">
         <name>.const:g_pui32Regs</name>
         <load_address>0x48c4</load_address>
         <run_address>0x48c4</run_address>
         <size>0x9c</size>
         <input_file_ref idref="fl-145"/>
      </object_component>
      <object_component id="oc-317">
         <name>.const:g_pui32GPIOBaseAddrs</name>
         <load_address>0x4960</load_address>
         <run_address>0x4960</run_address>
         <size>0x90</size>
         <input_file_ref idref="fl-146"/>
      </object_component>
      <object_component id="oc-328">
         <name>.const</name>
         <load_address>0x49f0</load_address>
         <run_address>0x49f0</run_address>
         <size>0x70</size>
         <input_file_ref idref="fl-145"/>
      </object_component>
      <object_component id="oc-313">
         <name>.const:g_pui32Xtals</name>
         <load_address>0x4a60</load_address>
         <run_address>0x4a60</run_address>
         <size>0x6c</size>
         <input_file_ref idref="fl-142"/>
      </object_component>
      <object_component id="oc-1c0">
         <name>.const:.string</name>
         <load_address>0x4acc</load_address>
         <run_address>0x4acc</run_address>
         <size>0x3</size>
         <input_file_ref idref="fl-6"/>
      </object_component>
      <object_component id="oc-3e8">
         <name>.cinit..data.load</name>
         <load_address>0x4ad0</load_address>
         <run_address>0x4ad0</run_address>
         <size>0x16</size>
      </object_component>
      <object_component id="oc-3e6">
         <name>__TI_handler_table</name>
         <load_address>0x4ae8</load_address>
         <run_address>0x4ae8</run_address>
         <size>0xc</size>
      </object_component>
      <object_component id="oc-3e9">
         <name>.cinit..bss.load</name>
         <load_address>0x4af8</load_address>
         <run_address>0x4af8</run_address>
         <size>0x8</size>
      </object_component>
      <object_component id="oc-3e7">
         <name>__TI_cinit_table</name>
         <load_address>0x4b00</load_address>
         <run_address>0x4b00</run_address>
         <size>0x10</size>
      </object_component>
      <object_component id="oc-4f">
         <name>.data</name>
         <load_address>0x20000cf8</load_address>
         <run_address>0x20000cf8</run_address>
         <size>0x4</size>
         <input_file_ref idref="fl-13b"/>
      </object_component>
      <object_component id="oc-13c">
         <name>.data</name>
         <load_address>0x20000ce0</load_address>
         <run_address>0x20000ce0</run_address>
         <size>0x8</size>
         <input_file_ref idref="fl-6"/>
      </object_component>
      <object_component id="oc-15e">
         <name>.data</name>
         <load_address>0x20000ce8</load_address>
         <run_address>0x20000ce8</run_address>
         <size>0x8</size>
         <input_file_ref idref="fl-13c"/>
      </object_component>
      <object_component id="oc-161">
         <name>.data</name>
         <load_address>0x20000cf0</load_address>
         <run_address>0x20000cf0</run_address>
         <size>0x8</size>
         <input_file_ref idref="fl-139"/>
      </object_component>
      <object_component id="oc-139">
         <name>.bss:g_ui16ADC0Result</name>
         <uninitialized>true</uninitialized>
         <run_address>0x20000400</run_address>
         <size>0x258</size>
         <input_file_ref idref="fl-5"/>
      </object_component>
      <object_component id="oc-13f">
         <name>.bss:g_ui16ADC1Result</name>
         <uninitialized>true</uninitialized>
         <run_address>0x20000658</run_address>
         <size>0x258</size>
         <input_file_ref idref="fl-5"/>
      </object_component>
      <object_component id="oc-20b">
         <name>.bss:ui8ControlTable</name>
         <uninitialized>true</uninitialized>
         <run_address>0x20000000</run_address>
         <size>0x400</size>
         <input_file_ref idref="fl-6"/>
      </object_component>
      <object_component id="oc-26e">
         <name>.common:crcConfig</name>
         <uninitialized>true</uninitialized>
         <run_address>0x200008da</run_address>
         <size>0x1</size>
      </object_component>
      <object_component id="oc-26f">
         <name>.common:addressWidth</name>
         <uninitialized>true</uninitialized>
         <run_address>0x200008d9</run_address>
         <size>0x1</size>
      </object_component>
      <object_component id="oc-378">
         <name>.common:status</name>
         <uninitialized>true</uninitialized>
         <run_address>0x200008dc</run_address>
         <size>0x1</size>
      </object_component>
      <object_component id="oc-270">
         <name>.common:features</name>
         <uninitialized>true</uninitialized>
         <run_address>0x200008db</run_address>
         <size>0x1</size>
      </object_component>
      <object_component id="oc-37c">
         <name>.common:CEState</name>
         <uninitialized>true</uninitialized>
         <run_address>0x200008d8</run_address>
         <size>0x1</size>
      </object_component>
      <object_component id="oc-bc">
         <name>.common:g_ui32SysTickCount</name>
         <uninitialized>true</uninitialized>
         <run_address>0x200008d0</run_address>
         <size>0x4</size>
      </object_component>
      <object_component id="oc-384">
         <name>.common:RF24_RX_buffer</name>
         <uninitialized>true</uninitialized>
         <run_address>0x200008b0</run_address>
         <size>0x20</size>
      </object_component>
      <object_component id="oc-38e">
         <name>.common:ui32PWMPeriod</name>
         <uninitialized>true</uninitialized>
         <run_address>0x200008d4</run_address>
         <size>0x4</size>
      </object_component>
      <object_component id="oc-28">
         <name>.stack</name>
         <uninitialized>true</uninitialized>
         <run_address>0x200008e0</run_address>
         <size>0x0</size>
         <input_file_ref idref="fl-135"/>
      </object_component>
      <object_component id="oc-3ea">
         <name>.stack</name>
         <uninitialized>true</uninitialized>
         <run_address>0x200008e0</run_address>
         <size>0x0</size>
      </object_component>
      <object_component id="oc-f">
         <name>.debug_info</name>
         <load_address>0x0</load_address>
         <run_address>0x0</run_address>
         <size>0xe1</size>
         <input_file_ref idref="fl-4"/>
      </object_component>
      <object_component id="oc-13">
         <name>.debug_info</name>
         <load_address>0xe1</load_address>
         <run_address>0xe1</run_address>
         <size>0xf3</size>
         <input_file_ref idref="fl-135"/>
      </object_component>
      <object_component id="oc-1a">
         <name>.debug_info</name>
         <load_address>0x1d4</load_address>
         <run_address>0x1d4</run_address>
         <size>0x194</size>
         <input_file_ref idref="fl-136"/>
      </object_component>
      <object_component id="oc-1d">
         <name>.debug_info</name>
         <load_address>0x368</load_address>
         <run_address>0x368</run_address>
         <size>0x16a</size>
         <input_file_ref idref="fl-138"/>
      </object_component>
      <object_component id="oc-25">
         <name>.debug_info</name>
         <load_address>0x4d2</load_address>
         <run_address>0x4d2</run_address>
         <size>0x18e</size>
         <input_file_ref idref="fl-137"/>
      </object_component>
      <object_component id="oc-2a">
         <name>.debug_info</name>
         <load_address>0x660</load_address>
         <run_address>0x660</run_address>
         <size>0x25d</size>
         <input_file_ref idref="fl-4"/>
      </object_component>
      <object_component id="oc-30">
         <name>.debug_info</name>
         <load_address>0x8bd</load_address>
         <run_address>0x8bd</run_address>
         <size>0x2a4</size>
         <input_file_ref idref="fl-5"/>
      </object_component>
      <object_component id="oc-36">
         <name>.debug_info</name>
         <load_address>0xb61</load_address>
         <run_address>0xb61</run_address>
         <size>0x97b</size>
         <input_file_ref idref="fl-6"/>
      </object_component>
      <object_component id="oc-3d">
         <name>.debug_info</name>
         <load_address>0x14dc</load_address>
         <run_address>0x14dc</run_address>
         <size>0x1ea</size>
         <input_file_ref idref="fl-4"/>
      </object_component>
      <object_component id="oc-40">
         <name>.debug_info</name>
         <load_address>0x16c6</load_address>
         <run_address>0x16c6</run_address>
         <size>0x13d</size>
         <input_file_ref idref="fl-13e"/>
      </object_component>
      <object_component id="oc-44">
         <name>.debug_info</name>
         <load_address>0x1803</load_address>
         <run_address>0x1803</run_address>
         <size>0x11c</size>
         <input_file_ref idref="fl-13d"/>
      </object_component>
      <object_component id="oc-4b">
         <name>.debug_info</name>
         <load_address>0x191f</load_address>
         <run_address>0x191f</run_address>
         <size>0x1c2</size>
         <input_file_ref idref="fl-139"/>
      </object_component>
      <object_component id="oc-50">
         <name>.debug_info</name>
         <load_address>0x1ae1</load_address>
         <run_address>0x1ae1</run_address>
         <size>0xbe</size>
         <input_file_ref idref="fl-13b"/>
      </object_component>
      <object_component id="oc-55">
         <name>.debug_info</name>
         <load_address>0x1b9f</load_address>
         <run_address>0x1b9f</run_address>
         <size>0xcc</size>
         <input_file_ref idref="fl-13a"/>
      </object_component>
      <object_component id="oc-59">
         <name>.debug_info</name>
         <load_address>0x1c6b</load_address>
         <run_address>0x1c6b</run_address>
         <size>0x46</size>
         <input_file_ref idref="fl-136"/>
      </object_component>
      <object_component id="oc-5e">
         <name>.debug_info</name>
         <load_address>0x1cb1</load_address>
         <run_address>0x1cb1</run_address>
         <size>0xf2</size>
         <input_file_ref idref="fl-136"/>
      </object_component>
      <object_component id="oc-60">
         <name>.debug_info</name>
         <load_address>0x1da3</load_address>
         <run_address>0x1da3</run_address>
         <size>0x46</size>
         <input_file_ref idref="fl-138"/>
      </object_component>
      <object_component id="oc-65">
         <name>.debug_info</name>
         <load_address>0x1de9</load_address>
         <run_address>0x1de9</run_address>
         <size>0xad</size>
         <input_file_ref idref="fl-138"/>
      </object_component>
      <object_component id="oc-68">
         <name>.debug_info</name>
         <load_address>0x1e96</load_address>
         <run_address>0x1e96</run_address>
         <size>0x1ef</size>
         <input_file_ref idref="fl-137"/>
      </object_component>
      <object_component id="oc-6d">
         <name>.debug_info</name>
         <load_address>0x2085</load_address>
         <run_address>0x2085</run_address>
         <size>0xb7</size>
         <input_file_ref idref="fl-137"/>
      </object_component>
      <object_component id="oc-6e">
         <name>.debug_info</name>
         <load_address>0x213c</load_address>
         <run_address>0x213c</run_address>
         <size>0x39</size>
         <input_file_ref idref="fl-137"/>
      </object_component>
      <object_component id="oc-76">
         <name>.debug_info</name>
         <load_address>0x2175</load_address>
         <run_address>0x2175</run_address>
         <size>0x363</size>
         <input_file_ref idref="fl-142"/>
      </object_component>
      <object_component id="oc-7b">
         <name>.debug_info</name>
         <load_address>0x24d8</load_address>
         <run_address>0x24d8</run_address>
         <size>0x158</size>
         <input_file_ref idref="fl-6"/>
      </object_component>
      <object_component id="oc-82">
         <name>.debug_info</name>
         <load_address>0x2630</load_address>
         <run_address>0x2630</run_address>
         <size>0x371</size>
         <input_file_ref idref="fl-6"/>
      </object_component>
      <object_component id="oc-89">
         <name>.debug_info</name>
         <load_address>0x29a1</load_address>
         <run_address>0x29a1</run_address>
         <size>0x1d3</size>
         <input_file_ref idref="fl-6"/>
      </object_component>
      <object_component id="oc-90">
         <name>.debug_info</name>
         <load_address>0x2b74</load_address>
         <run_address>0x2b74</run_address>
         <size>0x3ca</size>
         <input_file_ref idref="fl-6"/>
      </object_component>
      <object_component id="oc-97">
         <name>.debug_info</name>
         <load_address>0x2f3e</load_address>
         <run_address>0x2f3e</run_address>
         <size>0x300</size>
         <input_file_ref idref="fl-6"/>
      </object_component>
      <object_component id="oc-9e">
         <name>.debug_info</name>
         <load_address>0x323e</load_address>
         <run_address>0x323e</run_address>
         <size>0x207</size>
         <input_file_ref idref="fl-146"/>
      </object_component>
      <object_component id="oc-a4">
         <name>.debug_info</name>
         <load_address>0x3445</load_address>
         <run_address>0x3445</run_address>
         <size>0x24ab</size>
         <input_file_ref idref="fl-2"/>
      </object_component>
      <object_component id="oc-ac">
         <name>.debug_info</name>
         <load_address>0x58f0</load_address>
         <run_address>0x58f0</run_address>
         <size>0x27a</size>
         <input_file_ref idref="fl-3"/>
      </object_component>
      <object_component id="oc-b0">
         <name>.debug_info</name>
         <load_address>0x5b6a</load_address>
         <run_address>0x5b6a</run_address>
         <size>0x1e3</size>
         <input_file_ref idref="fl-146"/>
      </object_component>
      <object_component id="oc-b6">
         <name>.debug_info</name>
         <load_address>0x5d4d</load_address>
         <run_address>0x5d4d</run_address>
         <size>0x3f0</size>
         <input_file_ref idref="fl-5"/>
      </object_component>
      <object_component id="oc-bd">
         <name>.debug_info</name>
         <load_address>0x613d</load_address>
         <run_address>0x613d</run_address>
         <size>0x787</size>
         <input_file_ref idref="fl-5"/>
      </object_component>
      <object_component id="oc-c0">
         <name>.debug_info</name>
         <load_address>0x68c4</load_address>
         <run_address>0x68c4</run_address>
         <size>0x8b</size>
         <input_file_ref idref="fl-2"/>
      </object_component>
      <object_component id="oc-c8">
         <name>.debug_info</name>
         <load_address>0x694f</load_address>
         <run_address>0x694f</run_address>
         <size>0x1e1</size>
         <input_file_ref idref="fl-142"/>
      </object_component>
      <object_component id="oc-cd">
         <name>.debug_info</name>
         <load_address>0x6b30</load_address>
         <run_address>0x6b30</run_address>
         <size>0x2b4</size>
         <input_file_ref idref="fl-148"/>
      </object_component>
      <object_component id="oc-d4">
         <name>.debug_info</name>
         <load_address>0x6de4</load_address>
         <run_address>0x6de4</run_address>
         <size>0x28a</size>
         <input_file_ref idref="fl-148"/>
      </object_component>
      <object_component id="oc-d9">
         <name>.debug_info</name>
         <load_address>0x706e</load_address>
         <run_address>0x706e</run_address>
         <size>0x297</size>
         <input_file_ref idref="fl-148"/>
      </object_component>
      <object_component id="oc-df">
         <name>.debug_info</name>
         <load_address>0x7305</load_address>
         <run_address>0x7305</run_address>
         <size>0x2c0</size>
         <input_file_ref idref="fl-7"/>
      </object_component>
      <object_component id="oc-e5">
         <name>.debug_info</name>
         <load_address>0x75c5</load_address>
         <run_address>0x75c5</run_address>
         <size>0x204</size>
         <input_file_ref idref="fl-148"/>
      </object_component>
      <object_component id="oc-ec">
         <name>.debug_info</name>
         <load_address>0x77c9</load_address>
         <run_address>0x77c9</run_address>
         <size>0x20a</size>
         <input_file_ref idref="fl-148"/>
      </object_component>
      <object_component id="oc-f1">
         <name>.debug_info</name>
         <load_address>0x79d3</load_address>
         <run_address>0x79d3</run_address>
         <size>0x245</size>
         <input_file_ref idref="fl-148"/>
      </object_component>
      <object_component id="oc-f7">
         <name>.debug_info</name>
         <load_address>0x7c18</load_address>
         <run_address>0x7c18</run_address>
         <size>0x1f8</size>
         <input_file_ref idref="fl-148"/>
      </object_component>
      <object_component id="oc-fd">
         <name>.debug_info</name>
         <load_address>0x7e10</load_address>
         <run_address>0x7e10</run_address>
         <size>0x23b</size>
         <input_file_ref idref="fl-140"/>
      </object_component>
      <object_component id="oc-103">
         <name>.debug_info</name>
         <load_address>0x804b</load_address>
         <run_address>0x804b</run_address>
         <size>0x1e5</size>
         <input_file_ref idref="fl-141"/>
      </object_component>
      <object_component id="oc-109">
         <name>.debug_info</name>
         <load_address>0x8230</load_address>
         <run_address>0x8230</run_address>
         <size>0x35e</size>
         <input_file_ref idref="fl-140"/>
      </object_component>
      <object_component id="oc-10f">
         <name>.debug_info</name>
         <load_address>0x858e</load_address>
         <run_address>0x858e</run_address>
         <size>0x1ce</size>
         <input_file_ref idref="fl-140"/>
      </object_component>
      <object_component id="oc-115">
         <name>.debug_info</name>
         <load_address>0x875c</load_address>
         <run_address>0x875c</run_address>
         <size>0x116</size>
         <input_file_ref idref="fl-6"/>
      </object_component>
      <object_component id="oc-11c">
         <name>.debug_info</name>
         <load_address>0x8872</load_address>
         <run_address>0x8872</run_address>
         <size>0x18a</size>
         <input_file_ref idref="fl-140"/>
      </object_component>
      <object_component id="oc-122">
         <name>.debug_info</name>
         <load_address>0x89fc</load_address>
         <run_address>0x89fc</run_address>
         <size>0x18a</size>
         <input_file_ref idref="fl-140"/>
      </object_component>
      <object_component id="oc-128">
         <name>.debug_info</name>
         <load_address>0x8b86</load_address>
         <run_address>0x8b86</run_address>
         <size>0x1f6</size>
         <input_file_ref idref="fl-141"/>
      </object_component>
      <object_component id="oc-12e">
         <name>.debug_info</name>
         <load_address>0x8d7c</load_address>
         <run_address>0x8d7c</run_address>
         <size>0x1dc</size>
         <input_file_ref idref="fl-144"/>
      </object_component>
      <object_component id="oc-134">
         <name>.debug_info</name>
         <load_address>0x8f58</load_address>
         <run_address>0x8f58</run_address>
         <size>0x1df</size>
         <input_file_ref idref="fl-146"/>
      </object_component>
      <object_component id="oc-13a">
         <name>.debug_info</name>
         <load_address>0x9137</load_address>
         <run_address>0x9137</run_address>
         <size>0xd5</size>
         <input_file_ref idref="fl-5"/>
      </object_component>
      <object_component id="oc-13d">
         <name>.debug_info</name>
         <load_address>0x920c</load_address>
         <run_address>0x920c</run_address>
         <size>0x11b</size>
         <input_file_ref idref="fl-6"/>
      </object_component>
      <object_component id="oc-140">
         <name>.debug_info</name>
         <load_address>0x9327</load_address>
         <run_address>0x9327</run_address>
         <size>0xd5</size>
         <input_file_ref idref="fl-5"/>
      </object_component>
      <object_component id="oc-147">
         <name>.debug_info</name>
         <load_address>0x93fc</load_address>
         <run_address>0x93fc</run_address>
         <size>0x18b</size>
         <input_file_ref idref="fl-2"/>
      </object_component>
      <object_component id="oc-14c">
         <name>.debug_info</name>
         <load_address>0x9587</load_address>
         <run_address>0x9587</run_address>
         <size>0xf69</size>
         <input_file_ref idref="fl-6"/>
      </object_component>
      <object_component id="oc-150">
         <name>.debug_info</name>
         <load_address>0xa4f0</load_address>
         <run_address>0xa4f0</run_address>
         <size>0x84</size>
         <input_file_ref idref="fl-4"/>
      </object_component>
      <object_component id="oc-158">
         <name>.debug_info</name>
         <load_address>0xa574</load_address>
         <run_address>0xa574</run_address>
         <size>0x14b</size>
         <input_file_ref idref="fl-13f"/>
      </object_component>
      <object_component id="oc-15d">
         <name>.debug_info</name>
         <load_address>0xa6bf</load_address>
         <run_address>0xa6bf</run_address>
         <size>0x11b</size>
         <input_file_ref idref="fl-13d"/>
      </object_component>
      <object_component id="oc-15f">
         <name>.debug_info</name>
         <load_address>0xa7da</load_address>
         <run_address>0xa7da</run_address>
         <size>0xc8</size>
         <input_file_ref idref="fl-13c"/>
      </object_component>
      <object_component id="oc-162">
         <name>.debug_info</name>
         <load_address>0xa8a2</load_address>
         <run_address>0xa8a2</run_address>
         <size>0xeb</size>
         <input_file_ref idref="fl-139"/>
      </object_component>
      <object_component id="oc-165">
         <name>.debug_info</name>
         <load_address>0xa98d</load_address>
         <run_address>0xa98d</run_address>
         <size>0x146</size>
         <input_file_ref idref="fl-139"/>
      </object_component>
      <object_component id="oc-16a">
         <name>.debug_info</name>
         <load_address>0xaad3</load_address>
         <run_address>0xaad3</run_address>
         <size>0x2c</size>
         <input_file_ref idref="fl-136"/>
      </object_component>
      <object_component id="oc-171">
         <name>.debug_info</name>
         <load_address>0xaaff</load_address>
         <run_address>0xaaff</run_address>
         <size>0x2c</size>
         <input_file_ref idref="fl-138"/>
      </object_component>
      <object_component id="oc-17c">
         <name>.debug_info</name>
         <load_address>0xab2b</load_address>
         <run_address>0xab2b</run_address>
         <size>0x18b</size>
         <input_file_ref idref="fl-140"/>
      </object_component>
      <object_component id="oc-181">
         <name>.debug_info</name>
         <load_address>0xacb6</load_address>
         <run_address>0xacb6</run_address>
         <size>0x226</size>
         <input_file_ref idref="fl-142"/>
      </object_component>
      <object_component id="oc-184">
         <name>.debug_info</name>
         <load_address>0xaedc</load_address>
         <run_address>0xaedc</run_address>
         <size>0x1eb</size>
         <input_file_ref idref="fl-146"/>
      </object_component>
      <object_component id="oc-189">
         <name>.debug_info</name>
         <load_address>0xb0c7</load_address>
         <run_address>0xb0c7</run_address>
         <size>0x13f</size>
         <input_file_ref idref="fl-6"/>
      </object_component>
      <object_component id="oc-191">
         <name>.debug_info</name>
         <load_address>0xb206</load_address>
         <run_address>0xb206</run_address>
         <size>0x1c7</size>
         <input_file_ref idref="fl-142"/>
      </object_component>
      <object_component id="oc-197">
         <name>.debug_info</name>
         <load_address>0xb3cd</load_address>
         <run_address>0xb3cd</run_address>
         <size>0x219</size>
         <input_file_ref idref="fl-142"/>
      </object_component>
      <object_component id="oc-19c">
         <name>.debug_info</name>
         <load_address>0xb5e6</load_address>
         <run_address>0xb5e6</run_address>
         <size>0x1e4</size>
         <input_file_ref idref="fl-146"/>
      </object_component>
      <object_component id="oc-1a3">
         <name>.debug_info</name>
         <load_address>0xb7ca</load_address>
         <run_address>0xb7ca</run_address>
         <size>0x1dd</size>
         <input_file_ref idref="fl-146"/>
      </object_component>
      <object_component id="oc-1a8">
         <name>.debug_info</name>
         <load_address>0xb9a7</load_address>
         <run_address>0xb9a7</run_address>
         <size>0x217</size>
         <input_file_ref idref="fl-144"/>
      </object_component>
      <object_component id="oc-1ae">
         <name>.debug_info</name>
         <load_address>0xbbbe</load_address>
         <run_address>0xbbbe</run_address>
         <size>0x21a</size>
         <input_file_ref idref="fl-144"/>
      </object_component>
      <object_component id="oc-1b4">
         <name>.debug_info</name>
         <load_address>0xbdd8</load_address>
         <run_address>0xbdd8</run_address>
         <size>0x25a</size>
         <input_file_ref idref="fl-144"/>
      </object_component>
      <object_component id="oc-1ba">
         <name>.debug_info</name>
         <load_address>0xc032</load_address>
         <run_address>0xc032</run_address>
         <size>0x228</size>
         <input_file_ref idref="fl-144"/>
      </object_component>
      <object_component id="oc-1c1">
         <name>.debug_info</name>
         <load_address>0xc25a</load_address>
         <run_address>0xc25a</run_address>
         <size>0xce</size>
         <input_file_ref idref="fl-6"/>
      </object_component>
      <object_component id="oc-1c3">
         <name>.debug_info</name>
         <load_address>0xc328</load_address>
         <run_address>0xc328</run_address>
         <size>0x112</size>
         <input_file_ref idref="fl-2"/>
      </object_component>
      <object_component id="oc-1c9">
         <name>.debug_info</name>
         <load_address>0xc43a</load_address>
         <run_address>0xc43a</run_address>
         <size>0x1dd</size>
         <input_file_ref idref="fl-146"/>
      </object_component>
      <object_component id="oc-1cf">
         <name>.debug_info</name>
         <load_address>0xc617</load_address>
         <run_address>0xc617</run_address>
         <size>0x15c</size>
         <input_file_ref idref="fl-6"/>
      </object_component>
      <object_component id="oc-1d6">
         <name>.debug_info</name>
         <load_address>0xc773</load_address>
         <run_address>0xc773</run_address>
         <size>0x176</size>
         <input_file_ref idref="fl-140"/>
      </object_component>
      <object_component id="oc-1dd">
         <name>.debug_info</name>
         <load_address>0xc8e9</load_address>
         <run_address>0xc8e9</run_address>
         <size>0x1d0</size>
         <input_file_ref idref="fl-140"/>
      </object_component>
      <object_component id="oc-1e2">
         <name>.debug_info</name>
         <load_address>0xcab9</load_address>
         <run_address>0xcab9</run_address>
         <size>0x1e8</size>
         <input_file_ref idref="fl-140"/>
      </object_component>
      <object_component id="oc-1e8">
         <name>.debug_info</name>
         <load_address>0xcca1</load_address>
         <run_address>0xcca1</run_address>
         <size>0x217</size>
         <input_file_ref idref="fl-140"/>
      </object_component>
      <object_component id="oc-1ee">
         <name>.debug_info</name>
         <load_address>0xceb8</load_address>
         <run_address>0xceb8</run_address>
         <size>0x24a</size>
         <input_file_ref idref="fl-140"/>
      </object_component>
      <object_component id="oc-1f4">
         <name>.debug_info</name>
         <load_address>0xd102</load_address>
         <run_address>0xd102</run_address>
         <size>0x1cc</size>
         <input_file_ref idref="fl-145"/>
      </object_component>
      <object_component id="oc-1fa">
         <name>.debug_info</name>
         <load_address>0xd2ce</load_address>
         <run_address>0xd2ce</run_address>
         <size>0x1f0</size>
         <input_file_ref idref="fl-141"/>
      </object_component>
      <object_component id="oc-201">
         <name>.debug_info</name>
         <load_address>0xd4be</load_address>
         <run_address>0xd4be</run_address>
         <size>0x21e</size>
         <input_file_ref idref="fl-141"/>
      </object_component>
      <object_component id="oc-206">
         <name>.debug_info</name>
         <load_address>0xd6dc</load_address>
         <run_address>0xd6dc</run_address>
         <size>0x23b</size>
         <input_file_ref idref="fl-141"/>
      </object_component>
      <object_component id="oc-20c">
         <name>.debug_info</name>
         <load_address>0xd917</load_address>
         <run_address>0xd917</run_address>
         <size>0xde</size>
         <input_file_ref idref="fl-6"/>
      </object_component>
      <object_component id="oc-20f">
         <name>.debug_info</name>
         <load_address>0xd9f5</load_address>
         <run_address>0xd9f5</run_address>
         <size>0x217</size>
         <input_file_ref idref="fl-146"/>
      </object_component>
      <object_component id="oc-215">
         <name>.debug_info</name>
         <load_address>0xdc0c</load_address>
         <run_address>0xdc0c</run_address>
         <size>0x312</size>
         <input_file_ref idref="fl-146"/>
      </object_component>
      <object_component id="oc-21b">
         <name>.debug_info</name>
         <load_address>0xdf1e</load_address>
         <run_address>0xdf1e</run_address>
         <size>0x1a2</size>
         <input_file_ref idref="fl-145"/>
      </object_component>
      <object_component id="oc-221">
         <name>.debug_info</name>
         <load_address>0xe0c0</load_address>
         <run_address>0xe0c0</run_address>
         <size>0x1f8</size>
         <input_file_ref idref="fl-141"/>
      </object_component>
      <object_component id="oc-227">
         <name>.debug_info</name>
         <load_address>0xe2b8</load_address>
         <run_address>0xe2b8</run_address>
         <size>0x1d7</size>
         <input_file_ref idref="fl-146"/>
      </object_component>
      <object_component id="oc-22a">
         <name>.debug_info</name>
         <load_address>0xe48f</load_address>
         <run_address>0xe48f</run_address>
         <size>0x39c</size>
         <input_file_ref idref="fl-3"/>
      </object_component>
      <object_component id="oc-231">
         <name>.debug_info</name>
         <load_address>0xe82b</load_address>
         <run_address>0xe82b</run_address>
         <size>0x156</size>
         <input_file_ref idref="fl-3"/>
      </object_component>
      <object_component id="oc-238">
         <name>.debug_info</name>
         <load_address>0xe981</load_address>
         <run_address>0xe981</run_address>
         <size>0x158</size>
         <input_file_ref idref="fl-3"/>
      </object_component>
      <object_component id="oc-23e">
         <name>.debug_info</name>
         <load_address>0xead9</load_address>
         <run_address>0xead9</run_address>
         <size>0x1d7</size>
         <input_file_ref idref="fl-2"/>
      </object_component>
      <object_component id="oc-246">
         <name>.debug_info</name>
         <load_address>0xecb0</load_address>
         <run_address>0xecb0</run_address>
         <size>0x1c2</size>
         <input_file_ref idref="fl-2"/>
      </object_component>
      <object_component id="oc-24c">
         <name>.debug_info</name>
         <load_address>0xee72</load_address>
         <run_address>0xee72</run_address>
         <size>0x14b</size>
         <input_file_ref idref="fl-3"/>
      </object_component>
      <object_component id="oc-254">
         <name>.debug_info</name>
         <load_address>0xefbd</load_address>
         <run_address>0xefbd</run_address>
         <size>0x1a9</size>
         <input_file_ref idref="fl-2"/>
      </object_component>
      <object_component id="oc-25b">
         <name>.debug_info</name>
         <load_address>0xf166</load_address>
         <run_address>0xf166</run_address>
         <size>0x15a</size>
         <input_file_ref idref="fl-3"/>
      </object_component>
      <object_component id="oc-261">
         <name>.debug_info</name>
         <load_address>0xf2c0</load_address>
         <run_address>0xf2c0</run_address>
         <size>0x26b</size>
         <input_file_ref idref="fl-2"/>
      </object_component>
      <object_component id="oc-267">
         <name>.debug_info</name>
         <load_address>0xf52b</load_address>
         <run_address>0xf52b</run_address>
         <size>0x154</size>
         <input_file_ref idref="fl-3"/>
      </object_component>
      <object_component id="oc-273">
         <name>.debug_info</name>
         <load_address>0xf67f</load_address>
         <run_address>0xf67f</run_address>
         <size>0x25f</size>
         <input_file_ref idref="fl-143"/>
      </object_component>
      <object_component id="oc-279">
         <name>.debug_info</name>
         <load_address>0xf8de</load_address>
         <run_address>0xf8de</run_address>
         <size>0x263</size>
         <input_file_ref idref="fl-143"/>
      </object_component>
      <object_component id="oc-280">
         <name>.debug_info</name>
         <load_address>0xfb41</load_address>
         <run_address>0xfb41</run_address>
         <size>0x90</size>
         <input_file_ref idref="fl-140"/>
      </object_component>
      <object_component id="oc-286">
         <name>.debug_info</name>
         <load_address>0xfbd1</load_address>
         <run_address>0xfbd1</run_address>
         <size>0x21d</size>
         <input_file_ref idref="fl-6"/>
      </object_component>
      <object_component id="oc-28d">
         <name>.debug_info</name>
         <load_address>0xfdee</load_address>
         <run_address>0xfdee</run_address>
         <size>0x1a6</size>
         <input_file_ref idref="fl-6"/>
      </object_component>
      <object_component id="oc-294">
         <name>.debug_info</name>
         <load_address>0xff94</load_address>
         <run_address>0xff94</run_address>
         <size>0x5d1</size>
         <input_file_ref idref="fl-6"/>
      </object_component>
      <object_component id="oc-29b">
         <name>.debug_info</name>
         <load_address>0x10565</load_address>
         <run_address>0x10565</run_address>
         <size>0x118</size>
         <input_file_ref idref="fl-6"/>
      </object_component>
      <object_component id="oc-2a2">
         <name>.debug_info</name>
         <load_address>0x1067d</load_address>
         <run_address>0x1067d</run_address>
         <size>0x1c6</size>
         <input_file_ref idref="fl-6"/>
      </object_component>
      <object_component id="oc-2a9">
         <name>.debug_info</name>
         <load_address>0x10843</load_address>
         <run_address>0x10843</run_address>
         <size>0x19e</size>
         <input_file_ref idref="fl-6"/>
      </object_component>
      <object_component id="oc-2b1">
         <name>.debug_info</name>
         <load_address>0x109e1</load_address>
         <run_address>0x109e1</run_address>
         <size>0x1da</size>
         <input_file_ref idref="fl-144"/>
      </object_component>
      <object_component id="oc-2b6">
         <name>.debug_info</name>
         <load_address>0x10bbb</load_address>
         <run_address>0x10bbb</run_address>
         <size>0x15f</size>
         <input_file_ref idref="fl-6"/>
      </object_component>
      <object_component id="oc-2bd">
         <name>.debug_info</name>
         <load_address>0x10d1a</load_address>
         <run_address>0x10d1a</run_address>
         <size>0x156</size>
         <input_file_ref idref="fl-6"/>
      </object_component>
      <object_component id="oc-2c4">
         <name>.debug_info</name>
         <load_address>0x10e70</load_address>
         <run_address>0x10e70</run_address>
         <size>0x140</size>
         <input_file_ref idref="fl-6"/>
      </object_component>
      <object_component id="oc-2cb">
         <name>.debug_info</name>
         <load_address>0x10fb0</load_address>
         <run_address>0x10fb0</run_address>
         <size>0x1f1</size>
         <input_file_ref idref="fl-146"/>
      </object_component>
      <object_component id="oc-2d7">
         <name>.debug_info</name>
         <load_address>0x111a1</load_address>
         <run_address>0x111a1</run_address>
         <size>0x1a8</size>
         <input_file_ref idref="fl-148"/>
      </object_component>
      <object_component id="oc-2e0">
         <name>.debug_info</name>
         <load_address>0x11349</load_address>
         <run_address>0x11349</run_address>
         <size>0x1a6</size>
         <input_file_ref idref="fl-140"/>
      </object_component>
      <object_component id="oc-2e2">
         <name>.debug_info</name>
         <load_address>0x114ef</load_address>
         <run_address>0x114ef</run_address>
         <size>0x1cf</size>
         <input_file_ref idref="fl-141"/>
      </object_component>
      <object_component id="oc-2e9">
         <name>.debug_info</name>
         <load_address>0x116be</load_address>
         <run_address>0x116be</run_address>
         <size>0x194</size>
         <input_file_ref idref="fl-144"/>
      </object_component>
      <object_component id="oc-2f4">
         <name>.debug_info</name>
         <load_address>0x11852</load_address>
         <run_address>0x11852</run_address>
         <size>0x148</size>
         <input_file_ref idref="fl-13f"/>
      </object_component>
      <object_component id="oc-2f7">
         <name>.debug_info</name>
         <load_address>0x1199a</load_address>
         <run_address>0x1199a</run_address>
         <size>0x5e</size>
         <input_file_ref idref="fl-13d"/>
      </object_component>
      <object_component id="oc-2fd">
         <name>.debug_info</name>
         <load_address>0x119f8</load_address>
         <run_address>0x119f8</run_address>
         <size>0x1d4</size>
         <input_file_ref idref="fl-13c"/>
      </object_component>
      <object_component id="oc-304">
         <name>.debug_info</name>
         <load_address>0x11bcc</load_address>
         <run_address>0x11bcc</run_address>
         <size>0xd9</size>
         <input_file_ref idref="fl-13c"/>
      </object_component>
      <object_component id="oc-30c">
         <name>.debug_info</name>
         <load_address>0x11ca5</load_address>
         <run_address>0x11ca5</run_address>
         <size>0x5f</size>
         <input_file_ref idref="fl-142"/>
      </object_component>
      <object_component id="oc-314">
         <name>.debug_info</name>
         <load_address>0x11d04</load_address>
         <run_address>0x11d04</run_address>
         <size>0xff</size>
         <input_file_ref idref="fl-142"/>
      </object_component>
      <object_component id="oc-318">
         <name>.debug_info</name>
         <load_address>0x11e03</load_address>
         <run_address>0x11e03</run_address>
         <size>0x10d</size>
         <input_file_ref idref="fl-146"/>
      </object_component>
      <object_component id="oc-329">
         <name>.debug_info</name>
         <load_address>0x11f10</load_address>
         <run_address>0x11f10</run_address>
         <size>0x1c2</size>
         <input_file_ref idref="fl-145"/>
      </object_component>
      <object_component id="oc-32c">
         <name>.debug_info</name>
         <load_address>0x120d2</load_address>
         <run_address>0x120d2</run_address>
         <size>0x1ba</size>
         <input_file_ref idref="fl-145"/>
      </object_component>
      <object_component id="oc-335">
         <name>.debug_info</name>
         <load_address>0x1228c</load_address>
         <run_address>0x1228c</run_address>
         <size>0x176</size>
         <input_file_ref idref="fl-147"/>
      </object_component>
      <object_component id="oc-33f">
         <name>.debug_info</name>
         <load_address>0x12402</load_address>
         <run_address>0x12402</run_address>
         <size>0x1a8</size>
         <input_file_ref idref="fl-143"/>
      </object_component>
      <object_component id="oc-346">
         <name>.debug_info</name>
         <load_address>0x125aa</load_address>
         <run_address>0x125aa</run_address>
         <size>0x1dd</size>
         <input_file_ref idref="fl-146"/>
      </object_component>
      <object_component id="oc-34b">
         <name>.debug_info</name>
         <load_address>0x12787</load_address>
         <run_address>0x12787</run_address>
         <size>0x3c2</size>
         <input_file_ref idref="fl-143"/>
      </object_component>
      <object_component id="oc-352">
         <name>.debug_info</name>
         <load_address>0x12b49</load_address>
         <run_address>0x12b49</run_address>
         <size>0x1e9</size>
         <input_file_ref idref="fl-146"/>
      </object_component>
      <object_component id="oc-357">
         <name>.debug_info</name>
         <load_address>0x12d32</load_address>
         <run_address>0x12d32</run_address>
         <size>0x1f3</size>
         <input_file_ref idref="fl-146"/>
      </object_component>
      <object_component id="oc-35d">
         <name>.debug_info</name>
         <load_address>0x12f25</load_address>
         <run_address>0x12f25</run_address>
         <size>0x21f</size>
         <input_file_ref idref="fl-146"/>
      </object_component>
      <object_component id="oc-363">
         <name>.debug_info</name>
         <load_address>0x13144</load_address>
         <run_address>0x13144</run_address>
         <size>0x22d</size>
         <input_file_ref idref="fl-145"/>
      </object_component>
      <object_component id="oc-369">
         <name>.debug_info</name>
         <load_address>0x13371</load_address>
         <run_address>0x13371</run_address>
         <size>0x1a6</size>
         <input_file_ref idref="fl-143"/>
      </object_component>
      <object_component id="oc-36f">
         <name>.debug_info</name>
         <load_address>0x13517</load_address>
         <run_address>0x13517</run_address>
         <size>0x1fe</size>
         <input_file_ref idref="fl-143"/>
      </object_component>
      <object_component id="oc-375">
         <name>.debug_info</name>
         <load_address>0x13715</load_address>
         <run_address>0x13715</run_address>
         <size>0x4b8</size>
         <input_file_ref idref="fl-3"/>
      </object_component>
      <object_component id="oc-37e">
         <name>.debug_info</name>
         <load_address>0x13bcd</load_address>
         <run_address>0x13bcd</run_address>
         <size>0x1c3</size>
         <input_file_ref idref="fl-143"/>
      </object_component>
      <object_component id="oc-386">
         <name>.debug_info</name>
         <load_address>0x13d90</load_address>
         <run_address>0x13d90</run_address>
         <size>0x13d</size>
         <input_file_ref idref="fl-6"/>
      </object_component>
      <object_component id="oc-391">
         <name>.debug_info</name>
         <load_address>0x13ecd</load_address>
         <run_address>0x13ecd</run_address>
         <size>0x1e3</size>
         <input_file_ref idref="fl-141"/>
      </object_component>
      <object_component id="oc-39b">
         <name>.debug_info</name>
         <load_address>0x140b0</load_address>
         <run_address>0x140b0</run_address>
         <size>0x86</size>
         <input_file_ref idref="fl-140"/>
      </object_component>
      <object_component id="oc-3a6">
         <name>.debug_info</name>
         <load_address>0x14136</load_address>
         <run_address>0x14136</run_address>
         <size>0xcd</size>
         <input_file_ref idref="fl-13f"/>
[...]
      <symbol id="sm-160">
         <name>g_pfnVectors</name>
         <value>0x2000</value>
         <object_component_ref idref="oc-e"/>
      </symbol>
      <symbol id="sm-1aa">
         <name>g_ui32SysTickCount</name>
         <value>0x200008d0</value>
      </symbol>
      <symbol id="sm-1ab">
         <name>RF24_RX_buffer</name>
         <value>0x200008b0</value>
      </symbol>
      <symbol id="sm-1ac">
         <name>SysTickHandler</name>
         <value>0x3d51</value>
         <object_component_ref idref="oc-2f"/>
      </symbol>
      <symbol id="sm-1ad">
         <name>main</name>
         <value>0x3d5b</value>
         <object_component_ref idref="oc-2f"/>
      </symbol>
      <symbol id="sm-1ae">
         <name>g_ui16ADC0Result</name>
         <value>0x20000400</value>
         <object_component_ref idref="oc-139"/>
      </symbol>
      <symbol id="sm-1af">
         <name>GPIOAIntHandler</name>
         <value>0x3dab</value>
         <object_component_ref idref="oc-2f"/>
      </symbol>
      <symbol id="sm-1b0">
         <name>g_ui16ADC1Result</name>
         <value>0x20000658</value>
         <object_component_ref idref="oc-13f"/>
      </symbol>
      <symbol id="sm-1b1">
         <name>RF24_IntHandler</name>
         <value>0x31a1</value>
         <object_component_ref idref="oc-b5"/>
      </symbol>
      <symbol id="sm-306">
         <name>initSpeaker</name>
         <value>0x3875</value>
         <object_component_ref idref="oc-96"/>
      </symbol>
      <symbol id="sm-307">
         <name>enableMOTOR</name>
         <value>0x4821</value>
         <object_component_ref idref="oc-114"/>
      </symbol>
      <symbol id="sm-308">
         <name>setMotorSpeed</name>
         <value>0x43ed</value>
         <object_component_ref idref="oc-2a8"/>
      </symbol>
      <symbol id="sm-309">
         <name>ADC0IntHandler</name>
         <value>0x2f8f</value>
         <object_component_ref idref="oc-35"/>
      </symbol>
      <symbol id="sm-30a">
         <name>ADC1IntHandler</name>
         <value>0x2fe7</value>
         <object_component_ref idref="oc-35"/>
      </symbol>
      <symbol id="sm-30b">
         <name>setMotorDirection</name>
         <value>0x4393</value>
         <object_component_ref idref="oc-2a1"/>
      </symbol>
      <symbol id="sm-30c">
         <name>initMotor</name>
         <value>0x367d</value>
         <object_component_ref idref="oc-81"/>
      </symbol>
      <symbol id="sm-30d">
         <name>startSamplingMicSignals</name>
         <value>0x4525</value>
         <object_component_ref idref="oc-2bc"/>
      </symbol>
      <symbol id="sm-30e">
         <name>signalUnhandleError</name>
         <value>0x2f11</value>
         <object_component_ref idref="oc-35"/>
      </symbol>
      <symbol id="sm-30f">
         <name>testAllMotorModes</name>
         <value>0x2ad1</value>
         <object_component_ref idref="oc-293"/>
      </symbol>
      <symbol id="sm-310">
         <name>SpeakerTimerIntHandler</name>
         <value>0x3059</value>
         <object_component_ref idref="oc-35"/>
      </symbol>
      <symbol id="sm-311">
         <name>turnOffLED</name>
         <value>0x45f5</value>
         <object_component_ref idref="oc-188"/>
      </symbol>
      <symbol id="sm-312">
         <name>disableMOTOR</name>
         <value>0x4815</value>
         <object_component_ref idref="oc-29a"/>
      </symbol>
      <symbol id="sm-313">
         <name>sendTestData</name>
         <value>0x428b</value>
         <object_component_ref idref="oc-2b5"/>
      </symbol>
      <symbol id="sm-314">
         <name>startSpeaker</name>
         <value>0x45d9</value>
         <object_component_ref idref="oc-2c3"/>
      </symbol>
      <symbol id="sm-315">
         <name>sendDataToControlBoard</name>
         <value>0x306d</value>
         <object_component_ref idref="oc-35"/>
      </symbol>
      <symbol id="sm-316">
         <name>uDMAErrorHandler</name>
         <value>0x303f</value>
         <object_component_ref idref="oc-35"/>
      </symbol>
      <symbol id="sm-317">
         <name>initRfModule</name>
         <value>0x3c45</value>
         <object_component_ref idref="oc-88"/>
      </symbol>
      <symbol id="sm-318">
         <name>groundAdjacentADCPins</name>
         <value>0x45a1</value>
         <object_component_ref idref="oc-1ce"/>
      </symbol>
      <symbol id="sm-319">
         <name>initDistanceSensingModules</name>
         <value>0x343d</value>
         <object_component_ref idref="oc-8f"/>
      </symbol>
      <symbol id="sm-31a">
         <name>initADC</name>
         <value>0x2f45</value>
         <object_component_ref idref="oc-35"/>
      </symbol>
      <symbol id="sm-31b">
         <name>turnOnLED</name>
         <value>0x4545</value>
         <object_component_ref idref="oc-385"/>
      </symbol>
      <symbol id="sm-31c">
         <name>testRfTransmission</name>
         <value>0x3a3d</value>
         <object_component_ref idref="oc-285"/>
      </symbol>
      <symbol id="sm-31d">
         <name>initLED</name>
         <value>0x4505</value>
         <object_component_ref idref="oc-7a"/>
      </symbol>
      <symbol id="sm-31e">
         <name>testCarrierDetection</name>
         <value>0x420d</value>
         <object_component_ref idref="oc-28c"/>
      </symbol>
      <symbol id="sm-32a">
         <name>GPIOPinToggle</name>
         <value>0x401b</value>
         <object_component_ref idref="oc-de"/>
      </symbol>
      <symbol id="sm-32b">
         <name>ADCDitherEnable</name>
         <value>0x403b</value>
         <object_component_ref idref="oc-de"/>
      </symbol>
      <symbol id="sm-32c">
         <name>ADCDitherDisable</name>
         <value>0x4051</value>
         <object_component_ref idref="oc-de"/>
      </symbol>
      <symbol id="sm-33c">
         <name>_c_int00</name>
         <value>0x40b1</value>
         <object_component_ref idref="oc-11"/>
      </symbol>
      <symbol id="sm-33d">
         <name>__stack</name>
         <value>0x200008e0</value>
         <object_component_ref idref="oc-28"/>
      </symbol>
      <symbol id="sm-354">
         <name>__TI_decompress_none</name>
         <value>0x47cb</value>
         <object_component_ref idref="oc-16"/>
      </symbol>
      <symbol id="sm-378">
         <name>__TI_decompress_rle24</name>
         <value>0x48bb</value>
         <object_component_ref idref="oc-22"/>
      </symbol>
      <symbol id="sm-391">
         <name>__TI_zero_init</name>
         <value>0x473d</value>
         <object_component_ref idref="oc-1c"/>
      </symbol>
      <symbol id="sm-3b0">
         <name>C$$EXIT</name>
         <value>0x4185</value>
         <object_component_ref idref="oc-49"/>
      </symbol>
      <symbol id="sm-3b1">
         <name>abort</name>
         <value>0x4189</value>
         <object_component_ref idref="oc-49"/>
      </symbol>
      <symbol id="sm-3b2">
         <name>exit</name>
         <value>0x4191</value>
         <object_component_ref idref="oc-49"/>
      </symbol>
      <symbol id="sm-3b3">
         <name>__TI_dtors_ptr</name>
         <value>0x20000cf4</value>
         <object_component_ref idref="oc-161"/>
      </symbol>
      <symbol id="sm-3b4">
         <name>__TI_cleanup_ptr</name>
         <value>0x20000cf0</value>
         <object_component_ref idref="oc-161"/>
      </symbol>
      <symbol id="sm-3cf">
         <name>memcpy</name>
         <value>0x3b15</value>
         <object_component_ref idref="oc-53"/>
      </symbol>
      <symbol id="sm-3d0">
         <name>__aeabi_memcpy</name>
         <value>0x3b15</value>
         <object_component_ref idref="oc-53"/>
      </symbol>
      <symbol id="sm-3d1">
         <name>__aeabi_memcpy8</name>
         <value>0x3b15</value>
         <object_component_ref idref="oc-53"/>
      </symbol>
      <symbol id="sm-3d2">
         <name>__aeabi_memcpy4</name>
         <value>0x3b15</value>
         <object_component_ref idref="oc-53"/>
      </symbol>
      <symbol id="sm-3da">
         <name>main_func_sp</name>
         <value>0x20000cf8</value>
         <object_component_ref idref="oc-4f"/>
      </symbol>
      <symbol id="sm-3f3">
         <name>_nop</name>
         <value>0x46a7</value>
         <object_component_ref idref="oc-2fc"/>
      </symbol>
      <symbol id="sm-3f4">
         <name>_lock</name>
         <value>0x20000ce8</value>
         <object_component_ref idref="oc-15e"/>
      </symbol>
      <symbol id="sm-3f5">
         <name>_unlock</name>
         <value>0x20000cec</value>
         <object_component_ref idref="oc-15e"/>
      </symbol>
      <symbol id="sm-3f6">
         <name>_register_lock</name>
         <value>0x469f</value>
         <object_component_ref idref="oc-2fc"/>
      </symbol>
      <symbol id="sm-3f7">
         <name>_register_unlock</name>
         <value>0x4699</value>
         <object_component_ref idref="oc-2fc"/>
      </symbol>
      <symbol id="sm-40b">
         <name>_args_main</name>
         <value>0x4629</value>
         <object_component_ref idref="oc-43"/>
      </symbol>
      <symbol id="sm-428">
         <name>__TI_auto_init</name>
         <value>0x3bb1</value>
         <object_component_ref idref="oc-3e"/>
      </symbol>
      <symbol id="sm-441">
         <name>copy_in</name>
         <value>0x4141</value>
         <object_component_ref idref="oc-155"/>
      </symbol>
      <symbol id="sm-4c3">
         <name>uDMAChannelControlSet</name>
         <value>0x44bd</value>
         <object_component_ref idref="oc-1ed"/>
      </symbol>
      <symbol id="sm-4c4">
         <name>uDMAErrorStatusGet</name>
         <value>0x485d</value>
         <object_component_ref idref="oc-11b"/>
      </symbol>
      <symbol id="sm-4c5">
         <name>uDMAChannelModeGet</name>
         <value>0x4471</value>
         <object_component_ref idref="oc-fc"/>
      </symbol>
      <symbol id="sm-4c6">
         <name>uDMAErrorStatusClear</name>
         <value>0x4851</value>
         <object_component_ref idref="oc-121"/>
      </symbol>
      <symbol id="sm-4c7">
         <name>uDMAChannelTransferSet</name>
         <value>0x3dd1</value>
         <object_component_ref idref="oc-108"/>
      </symbol>
      <symbol id="sm-4c8">
         <name>uDMAChannelAssign</name>
         <value>0x4419</value>
         <object_component_ref idref="oc-1e1"/>
      </symbol>
      <symbol id="sm-4c9">
         <name>uDMAEnable</name>
         <value>0x4791</value>
         <object_component_ref idref="oc-1d5"/>
      </symbol>
      <symbol id="sm-4ca">
         <name>uDMAControlBaseSet</name>
         <value>0x4845</value>
         <object_component_ref idref="oc-1db"/>
      </symbol>
      <symbol id="sm-4cb">
         <name>uDMAChannelAttributeDisable</name>
         <value>0x40f9</value>
         <object_component_ref idref="oc-1e7"/>
      </symbol>
      <symbol id="sm-4cc">
         <name>uDMAChannelEnable</name>
         <value>0x4641</value>
         <object_component_ref idref="oc-10e"/>
      </symbol>
      <symbol id="sm-518">
         <name>TimerLoadSet</name>
         <value>0x472b</value>
         <object_component_ref idref="oc-1ff"/>
      </symbol>
      <symbol id="sm-519">
         <name>TimerDisable</name>
         <value>0x4685</value>
         <object_component_ref idref="oc-102"/>
      </symbol>
      <symbol id="sm-51a">
         <name>TimerEnable</name>
         <value>0x47bd</value>
         <object_component_ref idref="oc-390"/>
      </symbol>
      <symbol id="sm-51b">
         <name>TimerControlTrigger</name>
         <value>0x3f6d</value>
         <object_component_ref idref="oc-205"/>
      </symbol>
      <symbol id="sm-51c">
         <name>TimerIntEnable</name>
         <value>0x489b</value>
         <object_component_ref idref="oc-220"/>
      </symbol>
      <symbol id="sm-51d">
         <name>TimerConfigure</name>
         <value>0x3f11</value>
         <object_component_ref idref="oc-1f9"/>
      </symbol>
      <symbol id="sm-51e">
         <name>TimerIntClear</name>
         <value>0x48c1</value>
         <object_component_ref idref="oc-127"/>
      </symbol>
      <symbol id="sm-583">
         <name>SysCtlClockSet</name>
         <value>0x3785</value>
         <object_component_ref idref="oc-74"/>
      </symbol>
      <symbol id="sm-584">
         <name>SysCtlDelay</name>
         <value>0x48b5</value>
         <object_component_ref idref="oc-c5"/>
      </symbol>
      <symbol id="sm-585">
         <name>SysCtlPeripheralEnable</name>
         <value>0x4331</value>
         <object_component_ref idref="oc-c6"/>
      </symbol>
      <symbol id="sm-586">
         <name>SysCtlClockGet</name>
         <value>0x3565</value>
         <object_component_ref idref="oc-195"/>
      </symbol>
      <symbol id="sm-587">
         <name>SysCtlPWMClockSet</name>
         <value>0x4671</value>
         <object_component_ref idref="oc-18f"/>
      </symbol>
      <symbol id="sm-5c7">
         <name>SSIDataPut</name>
         <value>0x487d</value>
         <object_component_ref idref="oc-272"/>
      </symbol>
      <symbol id="sm-5c8">
         <name>SSIDataGet</name>
         <value>0x4809</value>
         <object_component_ref idref="oc-278"/>
      </symbol>
      <symbol id="sm-5c9">
         <name>SSIDataGetNonBlocking</name>
         <value>0x4719</value>
         <object_component_ref idref="oc-36e"/>
      </symbol>
      <symbol id="sm-5ca">
         <name>SSIConfigSetExpClk</name>
         <value>0x41c9</value>
         <object_component_ref idref="oc-34a"/>
      </symbol>
      <symbol id="sm-5cb">
         <name>SSIEnable</name>
         <value>0x4891</value>
         <object_component_ref idref="oc-368"/>
      </symbol>
      <symbol id="sm-5cc">
         <name>SSIDisable</name>
         <value>0x4887</value>
         <object_component_ref idref="oc-33e"/>
      </symbol>
      <symbol id="sm-601">
         <name>PWMGenPeriodSet</name>
         <value>0x475f</value>
         <object_component_ref idref="oc-1ad"/>
      </symbol>
      <symbol id="sm-602">
         <name>PWMGenDisable</name>
         <value>0x47f1</value>
         <object_component_ref idref="oc-12d"/>
      </symbol>
      <symbol id="sm-603">
         <name>PWMPulseWidthSet</name>
         <value>0x4565</value>
         <object_component_ref idref="oc-1b3"/>
      </symbol>
      <symbol id="sm-604">
         <name>PWMOutputState</name>
         <value>0x4707</value>
         <object_component_ref idref="oc-1b9"/>
      </symbol>
      <symbol id="sm-605">
         <name>PWMGenEnable</name>
         <value>0x47fd</value>
         <object_component_ref idref="oc-2af"/>
      </symbol>
      <symbol id="sm-606">
         <name>PWMGenConfigure</name>
         <value>0x44e1</value>
         <object_component_ref idref="oc-1a7"/>
      </symbol>
      <symbol id="sm-645">
         <name>IntPrioritySet</name>
         <value>0x4499</value>
         <object_component_ref idref="oc-362"/>
      </symbol>
      <symbol id="sm-646">
         <name>IntEnable</name>
         <value>0x3e51</value>
         <object_component_ref idref="oc-1f3"/>
      </symbol>
      <symbol id="sm-647">
         <name>IntMasterEnable</name>
         <value>0x4873</value>
         <object_component_ref idref="oc-21a"/>
      </symbol>
      <symbol id="sm-6cf">
         <name>GPIOPinTypePWM</name>
         <value>0x46e3</value>
         <object_component_ref idref="oc-1a1"/>
      </symbol>
      <symbol id="sm-6d0">
         <name>GPIOPinConfigure</name>
         <value>0x4069</value>
         <object_component_ref idref="oc-19b"/>
      </symbol>
      <symbol id="sm-6d1">
         <name>GPIOIntEnable</name>
         <value>0x47e5</value>
         <object_component_ref idref="oc-356"/>
      </symbol>
      <symbol id="sm-6d2">
         <name>GPIOIntTypeSet</name>
         <value>0x3fc5</value>
         <object_component_ref idref="oc-35c"/>
      </symbol>
      <symbol id="sm-6d3">
         <name>GPIOPinTypeADC</name>
         <value>0x46bf</value>
         <object_component_ref idref="oc-1c8"/>
      </symbol>
      <symbol id="sm-6d4">
         <name>GPIOPinTypeGPIOInput</name>
         <value>0x46d1</value>
         <object_component_ref idref="oc-350"/>
      </symbol>
      <symbol id="sm-6d5">
         <name>GPIOIntClear</name>
         <value>0x48a3</value>
         <object_component_ref idref="oc-2ca"/>
      </symbol>
      <symbol id="sm-6d6">
         <name>GPIOIntStatus</name>
         <value>0x47af</value>
         <object_component_ref idref="oc-af"/>
      </symbol>
      <symbol id="sm-6d7">
         <name>GPIOPinTypeGPIOOutput</name>
         <value>0x4611</value>
         <object_component_ref idref="oc-182"/>
      </symbol>
      <symbol id="sm-6d8">
         <name>GPIOPinRead</name>
         <value>0x48a9</value>
         <object_component_ref idref="oc-133"/>
      </symbol>
      <symbol id="sm-6d9">
         <name>GPIODirModeSet</name>
         <value>0x4445</value>
         <object_component_ref idref="oc-20e"/>
      </symbol>
      <symbol id="sm-6da">
         <name>GPIOPinWrite</name>
         <value>0x48af</value>
         <object_component_ref idref="oc-9d"/>
      </symbol>
      <symbol id="sm-6db">
         <name>GPIOPadConfigSet</name>
         <value>0x330d</value>
         <object_component_ref idref="oc-214"/>
      </symbol>
      <symbol id="sm-6dc">
         <name>GPIOPinTypeSSI</name>
         <value>0x46f5</value>
         <object_component_ref idref="oc-344"/>
      </symbol>
      <symbol id="sm-6e6">
         <name>CPUcpsie</name>
         <value>0x47d9</value>
         <object_component_ref idref="oc-334"/>
      </symbol>
      <symbol id="sm-72d">
         <name>ADCSequenceDMAEnable</name>
         <value>0x474f</value>
         <object_component_ref idref="oc-ea"/>
      </symbol>
      <symbol id="sm-72e">
         <name>ADCSequenceEnable</name>
         <value>0x47a1</value>
         <object_component_ref idref="oc-e4"/>
      </symbol>
      <symbol id="sm-72f">
         <name>ADCSequenceConfigure</name>
         <value>0x424d</value>
         <object_component_ref idref="oc-d2"/>
      </symbol>
      <symbol id="sm-730">
         <name>ADCSequenceStepConfigure</name>
         <value>0x3cd1</value>
         <object_component_ref idref="oc-d8"/>
      </symbol>
      <symbol id="sm-731">
         <name>ADCIntClear</name>
         <value>0x4869</value>
         <object_component_ref idref="oc-f6"/>
      </symbol>
      <symbol id="sm-732">
         <name>ADCHardwareOversampleConfigure</name>
         <value>0x46ad</value>
         <object_component_ref idref="oc-cc"/>
      </symbol>
      <symbol id="sm-733">
         <name>ADCIntStatus</name>
         <value>0x4365</value>
         <object_component_ref idref="oc-f0"/>
      </symbol>
      <symbol id="sm-734">
         <name>__TI_static_base__</name>
         <value>0x4ad0</value>
      </symbol>
      <symbol id="sm-735">
         <name>__TI_args_main</name>
         <value>0x1</value>
      </symbol>
      <symbol id="sm-736">
         <name>SHT$$INIT_ARRAY$$Limit</name>
         <value>0x0</value>
      </symbol>
      <symbol id="sm-737">
         <name>SHT$$INIT_ARRAY$$Base</name>
         <value>0x0</value>
      </symbol>
   </symbol_table>
   <title>Link successful</title>
</link_info>
