******************************************************************************
                  TI ARM Linker PC v5.1.6                      
******************************************************************************
>> Linked Mon Dec 22 22:37:47 2014

OUTPUT FILE NAME:   <Bootloader_Test_OOP.out>
ENTRY POINT SYMBOL: "_c_int00"  address: 0000d9f5


MEMORY CONFIGURATION

         name            origin    length      used     unused   attr    fill
----------------------  --------  ---------  --------  --------  ----  --------
  FLASH                 00004000   00040000  0000aa14  000355ec  R  X
  SRAM                  20000000   00008000  000072f9  00000d07  RW X


SEGMENT ALLOCATION MAP

run origin  load origin   length   init length attrs members
----------  ----------- ---------- ----------- ----- -------
00004000    00004000    0000aa18   0000aa18    r-x
  00004000    00004000    0000026c   0000026c    r-- .intvecs
  0000426c    0000426c    0000a478   0000a478    r-x .text
  0000e6e4    0000e6e4    000002c0   000002c0    r-- .const
  0000e9a8    0000e9a8    00000070   00000070    r-- .cinit
20000000    20000000    000065a8   00000000    rw-
  20000000    20000000    00005000   00000000    rw- .stack
  20005000    20005000    000015a8   00000000    rw- .data
20006800    20006800    00000d51   00000000    rw-
  20006800    20006800    00000d51   00000000    rw- .bss


SECTION ALLOCATION MAP

 output                                  attributes/
section   page    origin      length       input sections
--------  ----  ----------  ----------   ----------------
.init_array 
*          0    00004000    00000000     UNINITIALIZED

.intvecs   0    00004000    0000026c     
                  00004000    0000026c     tm4c123gh6pm_startup_ccs.obj (.intvecs)

.text      0    0000426c    0000a478     
                  0000426c    00004344     MainBoardDriver.obj (.text)
                  000085b0    00001c20     main.obj (.text)
                  0000a1d0    00001094     Trilateration.obj (.text)
                  0000b264    00000860     nRF24L01.obj (.text)
                  0000bac4    000005e2     TDOA.obj (.text)
                  0000c0a6    00000002     --HOLE-- [fill = 0]
                  0000c0a8    000002f0     MainBoardDriver.obj (.text:initPeripheralsForAnalogFunction)
                  0000c398    00000200     dsplib-cm4f.lib : arm_fir_f32.obj (.text:arm_fir_f32)
                  0000c598    000001b6     rtsv7M4_T_le_v4SPD16_eabi.lib : fd_add_t2.obj (.text)
                  0000c74e    00000002     --HOLE-- [fill = 0]
                  0000c750    0000015c     MainBoardDriver.obj (.text:initMotor)
                  0000c8ac    00000136     rtsv7M4_T_le_v4SPD16_eabi.lib : fd_div_t2.obj (.text)
                  0000c9e2    00000130     driverlib.lib : gpio.obj (.text:GPIOPadConfigSet)
                  0000cb12    00000002     --HOLE-- [fill = 0]
                  0000cb14    00000118                   : sysctl.obj (.text:SysCtlClockGet)
                  0000cc2c    000000fc     rtsv7M4_T_le_v4SPD16_eabi.lib : fd_mul_t2.obj (.text)
                  0000cd28    000000f4     MainBoardDriver.obj (.text:initRfModule)
                  0000ce1c    000000f0     driverlib.lib : sysctl.obj (.text:SysCtlClockSet)
                  0000cf0c    000000e4     MainBoardDriver.obj (.text:initSpeaker)
                  0000cff0    000000dc     TM4C123_nRF24L01.obj (.text:initSpiForRF)
                  0000d0cc    000000d8     MainBoardDriver.obj (.text:testRfTransmission)
                  0000d1a4    0000009c     rtsv7M4_T_le_v4SPD16_eabi.lib : memcpy_t2.obj (.text)
                  0000d240    00000094                                   : auto_init.obj (.text)
                  0000d2d4    00000086                                   : fd_cmp_t2.obj (.text:__aeabi_cdcmple)
                  0000d35a    00000086                                   : fd_cmp_t2.obj (.text:__aeabi_cdrcmple)
                  0000d3e0    00000080     driverlib.lib : adc.obj (.text:ADCSequenceStepConfigure)
                  0000d460    00000080                   : udma.obj (.text:uDMAChannelTransferSet)
                  0000d4e0    00000078     rtsv7M4_T_le_v4SPD16_eabi.lib : memset_t2.obj (.text)
                  0000d558    00000070     custom_led.obj (.text)
                  0000d5c8    00000070     MainBoardDriver.obj (.text:initLowPowerMode)
                  0000d638    00000064     driverlib.lib : sysctl.obj (.text:SysCtlDeepSleepClockConfigSet)
                  0000d69c    00000060                   : interrupt.obj (.text:IntDisable)
                  0000d6fc    00000060                   : interrupt.obj (.text:IntEnable)
                  0000d75c    0000005e     rtsv7M4_T_le_v4SPD16_eabi.lib : copy_decompress_rle.obj (.text)
                  0000d7ba    00000002     --HOLE-- [fill = 0]
                  0000d7bc    0000005c     driverlib.lib : timer.obj (.text:TimerConfigure)
                  0000d818    00000058                   : timer.obj (.text:TimerControlTrigger)
                  0000d870    00000056                   : gpio.obj (.text:GPIOIntTypeSet)
                  0000d8c6    00000002     --HOLE-- [fill = 0]
                  0000d8c8    00000050                   : sysctl.obj (.text:SysCtlPeripheralReset)
                  0000d918    0000004a     rtsv7M4_T_le_v4SPD16_eabi.lib : fd_tos_t2.obj (.text)
                  0000d962    00000002     --HOLE-- [fill = 0]
                  0000d964    00000048     driverlib.lib : eeprom.obj (.text:EEPROMProgramNonBlocking)
                  0000d9ac    00000048                   : gpio.obj (.text:GPIOPinConfigure)
                  0000d9f4    00000048     rtsv7M4_T_le_v4SPD16_eabi.lib : boot.obj (.text)
                  0000da3c    00000048                                   : fd_toi_t2.obj (.text)
                  0000da84    00000048     driverlib.lib : udma.obj (.text:uDMAChannelAttributeDisable)
                  0000dacc    00000044                   : sysctl.obj (.text:SysCtlPeripheralClockGating)
                  0000db10    00000044     rtsv7M4_T_le_v4SPD16_eabi.lib : cpy_tbl.obj (.text)
                  0000db54    00000044                                   : exit.obj (.text)
                  0000db98    00000044                                   : fd_tou_t2.obj (.text)
                  0000dbdc    00000042     driverlib.lib : ssi.obj (.text:SSIConfigSetExpClk)
                  0000dc1e    00000002     --HOLE-- [fill = 0]
                  0000dc20    00000040                   : eeprom.obj (.text:EEPROMInit)
                  0000dc60    00000040     TM4C123_nRF24L01.obj (.text)
                  0000dca0    00000040     rtsv7M4_T_le_v4SPD16_eabi.lib : signal.obj (.text)
                  0000dce0    00000040     MainBoardDriver.obj (.text:testCarrierDetection)
                  0000dd20    0000003e     driverlib.lib : adc.obj (.text:ADCSequenceConfigure)
                  0000dd5e    00000002     --HOLE-- [fill = 0]
                  0000dd60    0000003c                   : eeprom.obj (.text:_EEPROMSectorMaskSet)
                  0000dd9c    0000003c     MainBoardDriver.obj (.text:sendTestData)
                  0000ddd8    00000038     TDOA.obj (.text:TDOA_initFilters)
                  0000de10    00000038     rtsv7M4_T_le_v4SPD16_eabi.lib : fs_tod_t2.obj (.text)
                  0000de48    00000034     driverlib.lib : eeprom.obj (.text:EEPROMIntClear)
                  0000de7c    00000034                   : eeprom.obj (.text:EEPROMRead)
                  0000deb0    00000034     nRF24L01.obj (.text:RF24_writeRegister)
                  0000dee4    00000034     driverlib.lib : sysctl.obj (.text:SysCtlPeripheralDeepSleepEnable)
                  0000df18    00000034                   : sysctl.obj (.text:SysCtlPeripheralEnable)
                  0000df4c    00000034                   : sysctl.obj (.text:SysCtlPeripheralSleepEnable)
                  0000df80    00000034                   : eeprom.obj (.text:_EEPROMSectorMaskClear)
                  0000dfb4    00000034     rtsv7M4_T_le_v4SPD16_eabi.lib : feraiseexcept.obj (.text)
                  0000dfe8    00000030                                   : xferaise.obj (.text)
                  0000e018    00000030     MainBoardDriver.obj (.text:startSamplingMicSignals)
                  0000e048    0000002e     driverlib.lib : adc.obj (.text:ADCIntStatus)
                  0000e076    0000002e     rtsv7M4_T_le_v4SPD16_eabi.lib : i_tofd_t2.obj (.text)
                  0000e0a4    0000002e                                   : raise.obj (.text)
                  0000e0d2    00000002     --HOLE-- [fill = 0]
                  0000e0d4    0000002c     driverlib.lib : udma.obj (.text:uDMAChannelAssign)
                  0000e100    0000002a                   : gpio.obj (.text:GPIODirModeSet)
                  0000e12a    00000002     --HOLE-- [fill = 0]
                  0000e12c    00000028     MainBoardDriver.obj (.text:startSpeaker)
                  0000e154    00000028     driverlib.lib : udma.obj (.text:uDMAChannelModeGet)
                  0000e17c    00000026     MainBoardDriver.obj (.text:gotoSleepMode)
                  0000e1a2    00000002     --HOLE-- [fill = 0]
                  0000e1a4    00000024     driverlib.lib : interrupt.obj (.text:IntPrioritySet)
                  0000e1c8    00000024     rtsv7M4_T_le_v4SPD16_eabi.lib : sqrtf.obj (.text)
                  0000e1ec    00000024     driverlib.lib : udma.obj (.text:uDMAChannelControlSet)
                  0000e210    00000024     MainBoardDriver.obj (.text:wakeUpFormLPM)
                  0000e234    00000022     driverlib.lib : pwm.obj (.text:PWMGenConfigure)
                  0000e256    00000002     --HOLE-- [fill = 0]
                  0000e258    00000020                   : eeprom.obj (.text:EEPROMIntDisable)
                  0000e278    00000020                   : sysctl.obj (.text:SysCtlDeepSleep)
                  0000e298    00000020     MainBoardDriver.obj (.text:initLED)
                  0000e2b8    00000020     rtsv7M4_T_le_v4SPD16_eabi.lib : u_tofd_t2.obj (.text)
                  0000e2d8    0000001e     driverlib.lib : pwm.obj (.text:PWMPulseWidthSet)
                  0000e2f6    0000001e     dsplib-cm4f.lib : arm_fir_init_f32.obj (.text:arm_fir_init_f32)
                  0000e314    0000001c     TM4C123_nRF24L01.obj (.text:clearRfCE)
                  0000e330    0000001c     MainBoardDriver.obj (.text:generateRandomByte)
                  0000e34c    0000001c     TM4C123_nRF24L01.obj (.text:setRfCE)
                  0000e368    00000018     driverlib.lib : gpio.obj (.text:GPIOPinTypeGPIOOutput)
                  0000e380    00000018     rtsv7M4_T_le_v4SPD16_eabi.lib : args_main.obj (.text)
                  0000e398    00000018     driverlib.lib : udma.obj (.text:uDMAChannelEnable)
                  0000e3b0    00000016                   : adc.obj (.text:ADCProcessorTrigger)
                  0000e3c6    00000016     nRF24L01.obj (.text:RF24_setConfigureRegister)
                  0000e3dc    00000014     driverlib.lib : sysctl.obj (.text:SysCtlPWMClockSet)
                  0000e3f0    00000014                   : timer.obj (.text:TimerDisable)
                  0000e404    00000014     rtsv7M4_T_le_v4SPD16_eabi.lib : _lock.obj (.text)
                  0000e418    00000014     MainBoardDriver.obj (.text:startSamplingBatteryVoltage)
                  0000e42c    00000012     driverlib.lib : adc.obj (.text:ADCHardwareOversampleConfigure)
                  0000e43e    00000012                   : gpio.obj (.text:GPIOPinTypeADC)
                  0000e450    00000012                   : gpio.obj (.text:GPIOPinTypeGPIOInput)
                  0000e462    00000012                   : gpio.obj (.text:GPIOPinTypePWM)
                  0000e474    00000012                   : gpio.obj (.text:GPIOPinTypeSSI)
                  0000e486    00000012                   : pwm.obj (.text:PWMOutputState)
                  0000e498    00000012                   : ssi.obj (.text:SSIDataGetNonBlocking)
                  0000e4aa    00000012                   : timer.obj (.text:TimerLoadSet)
                  0000e4bc    00000012     rtsv7M4_T_le_v4SPD16_eabi.lib : copy_zero_init.obj (.text:decompress:ZI)
                  0000e4ce    00000012     MainBoardDriver.obj (.text:gotoDeepSleepMode)
                  0000e4e0    00000010     driverlib.lib : adc.obj (.text:ADCSequenceDMAEnable)
                  0000e4f0    00000010                   : fpu.obj (.text:FPUEnable)
                  0000e500    00000010                   : fpu.obj (.text:FPULazyStackingEnable)
                  0000e510    00000010                   : pwm.obj (.text:PWMGenPeriodSet)
                  0000e520    00000010                   : eeprom.obj (.text:_EEPROMWaitForDone)
                  0000e530    00000010     TM4C123_nRF24L01.obj (.text:clearRfCSN)
                  0000e540    00000010     TM4C123_nRF24L01.obj (.text:setRfCSN)
                  0000e550    00000010     driverlib.lib : udma.obj (.text:uDMAEnable)
                  0000e560    0000000e                   : adc.obj (.text:ADCSequenceEnable)
                  0000e56e    0000000e                   : gpio.obj (.text:GPIOIntStatus)
                  0000e57c    0000000e                   : timer.obj (.text:TimerEnable)
                  0000e58a    0000000e     rtsv7M4_T_le_v4SPD16_eabi.lib : copy_decompress_none.obj (.text:decompress:none)
                  0000e598    0000000c     driverlib.lib : cpu.obj (.text:CPUcpsie)
                  0000e5a4    0000000c                   : eeprom.obj (.text:EEPROMStatusGet)
                  0000e5b0    0000000c                   : gpio.obj (.text:GPIOIntEnable)
                  0000e5bc    0000000c                   : interrupt.obj (.text:IntTrigger)
                  0000e5c8    0000000c                   : pwm.obj (.text:PWMGenDisable)
                  0000e5d4    0000000c                   : pwm.obj (.text:PWMGenEnable)
                  0000e5e0    0000000c                   : ssi.obj (.text:SSIDataGet)
                  0000e5ec    0000000c                   : sysctl.obj (.text:SysCtlDeepSleepPowerSet)
                  0000e5f8    0000000c                   : sysctl.obj (.text:SysCtlLDODeepSleepSet)
                  0000e604    0000000c                   : sysctl.obj (.text:SysCtlLDOSleepSet)
                  0000e610    0000000c                   : sysctl.obj (.text:SysCtlSleepPowerSet)
                  0000e61c    0000000c     MainBoardDriver.obj (.text:disableMOTOR)
                  0000e628    0000000c     MainBoardDriver.obj (.text:enableMOTOR)
                  0000e634    0000000c     TM4C123_nRF24L01.obj (.text:getCEState)
                  0000e640    0000000c     tm4c123gh6pm_startup_ccs.obj (.text)
                  0000e64c    0000000c     driverlib.lib : udma.obj (.text:uDMAControlBaseSet)
                  0000e658    0000000c                   : udma.obj (.text:uDMAErrorStatusClear)
                  0000e664    0000000c                   : udma.obj (.text:uDMAErrorStatusGet)
                  0000e670    0000000a                   : adc.obj (.text:ADCIntClear)
                  0000e67a    0000000a                   : interrupt.obj (.text:IntMasterEnable)
                  0000e684    0000000a                   : ssi.obj (.text:SSIDataPut)
                  0000e68e    0000000a                   : ssi.obj (.text:SSIDisable)
                  0000e698    0000000a                   : ssi.obj (.text:SSIEnable)
                  0000e6a2    0000000a                   : timer.obj (.text:TimerIntStatus)
                  0000e6ac    00000008                   : timer.obj (.text:TimerIntEnable)
                  0000e6b4    00000006                   : gpio.obj (.text:GPIOIntClear)
                  0000e6ba    00000006                   : gpio.obj (.text:GPIOPinRead)
                  0000e6c0    00000006                   : gpio.obj (.text:GPIOPinWrite)
                  0000e6c6    00000006                   : sysctl.obj (.text:SysCtlDelay)
                  0000e6cc    00000006                   : timer.obj (.text:TimerClockSourceSet)
                  0000e6d2    00000006     rtsv7M4_T_le_v4SPD16_eabi.lib : copy_decompress_rle.obj (.text:decompress:rle24)
                  0000e6d8    00000004     driverlib.lib : cpu.obj (.text:CPUwfi)
                  0000e6dc    00000004                   : pwm.obj (.text:PWMSyncTimeBase)
                  0000e6e0    00000004                   : timer.obj (.text:TimerIntClear)

.const     0    0000e6e4    000002c0     
                  0000e6e4    0000009c     driverlib.lib : interrupt.obj (.const:g_pui32Regs)
                  0000e780    00000090                   : gpio.obj (.const:g_pui32GPIOBaseAddrs)
                  0000e810    00000088     main.obj (.const:$P$T0$1)
                  0000e898    00000070     driverlib.lib : interrupt.obj (.const)
                  0000e908    0000006c                   : sysctl.obj (.const:g_pui32Xtals)
                  0000e974    00000030     TDOA.obj (.const)

.cinit     0    0000e9a8    00000070     
                  0000e9a8    0000004c     (.cinit..data.load) [load image, compression = rle]
                  0000e9f4    0000000c     (__TI_handler_table)
                  0000ea00    00000008     (.cinit..bss.load) [load image, compression = zero_init]
                  0000ea08    00000010     (__TI_cinit_table)

.stack     0    20000000    00005000     UNINITIALIZED
                  20000000    00005000     --HOLE--

.data      0    20005000    000015a8     UNINITIALIZED
                  20005000    000004b0     TDOA.obj (.data:OutputMicA)
                  200054b0    000004b0     TDOA.obj (.data:OutputMicB)
                  20005960    000004b0     TDOA.obj (.data:SamplesMicA)
                  20005e10    000004b0     TDOA.obj (.data:SamplesMicB)
                  200062c0    000000b0     rtsv7M4_T_le_v4SPD16_eabi.lib : signal.obj (.data:sigtable)
                  20006370    000000ac     TDOA.obj (.data:pStateA)
                  2000641c    000000ac     TDOA.obj (.data:pStateB)
                  200064c8    00000068     rtsv7M4_T_le_v4SPD16_eabi.lib : xfvalues.obj (.data)
                  20006530    00000055     MainBoardDriver.obj (.data)
                  20006585    00000003     --HOLE--
                  20006588    00000008     rtsv7M4_T_le_v4SPD16_eabi.lib : _lock.obj (.data)
                  20006590    00000008                                   : exit.obj (.data)
                  20006598    00000008                                   : feraiseexcept.obj (.data)
                  200065a0    00000004                                   : errno.obj (.data)
                  200065a4    00000004                                   : stkdepth_vars.obj (.data)

.bss       0    20006800    00000d51     UNINITIALIZED
                  20006800    00000400     MainBoardDriver.obj (.bss:ui8ControlTable)
                  20006c00    00000348     MainBoardDriver.obj (.bss:OneHopNeighborsTable)
                  20006f48    00000258     MainBoardDriver.obj (.bss:g_pui16ADC0Result)
                  200071a0    00000258     MainBoardDriver.obj (.bss:g_pui16ADC1Result)
                  200073f8    00000078     MainBoardDriver.obj (.bss:locs)
                  20007470    00000050     MainBoardDriver.obj (.bss:NeighborsTable)
                  200074c0    0000000c     (.common:FilterA)
                  200074cc    0000000c     (.common:FilterB)
                  200074d8    00000008     (.common:g_pui8RandomBuffer)
                  200074e0    00000008     (.common:g_vector)
                  200074e8    00000004     (.common:FilterCoeffs)
                  200074ec    00000004     (.common:g_f32MaxEnvelopeA)
                  200074f0    00000004     (.common:g_f32MaxEnvelopeB)
                  200074f4    00000004     (.common:g_f32PeakEnvelopeA)
                  200074f8    00000004     (.common:g_f32PeakEnvelopeB)
                  200074fc    00000004     (.common:g_fRobotOrientedAngle)
                  20007500    00000004     (.common:g_fStepSize)
                  20007504    00000004     (.common:g_fStopCondition)
                  20007508    00000004     (.common:g_fStopCondition2)
                  2000750c    00000004     (.common:g_ui32EEPROMAdderss)
                  20007510    00000004     (.common:g_ui32LocalLoop)
                  20007514    00000004     (.common:g_ui32LocalLoopStop)
                  20007518    00000004     (.common:g_ui32OriginID)
                  2000751c    00000004     (.common:g_ui32RequestRobotID)
                  20007520    00000004     (.common:g_ui32RobotID)
                  20007524    00000004     (.common:g_ui32RotationHopID)
                  20007528    00000004     (.common:g_ui8LocsCounter)
                  2000752c    00000004     (.common:timerALastDelayPeriod)
                  20007530    00000004     (.common:timerBLastDelayPeriod)
                  20007534    00000004     (.common:ui32PWMPeriod)
                  20007538    00000002     (.common:g_ui16BatteryVoltage)
                  2000753a    00000001     (.common:CEState)
                  2000753b    00000001     (.common:addressWidth)
                  2000753c    00000001     (.common:crcConfig)
                  2000753d    00000001     (.common:features)
                  2000753e    00000001     (.common:g_bBypassThisState)
                  2000753f    00000001     (.common:g_bDelayTimerAFlagAssert)
                  20007540    00000001     (.common:g_bDelayTimerBFlagAssert)
                  20007541    00000001     (.common:g_bIsActiveCoordinatesFixing)
                  20007542    00000001     (.common:g_bIsAllowToMove)
                  20007543    00000001     (.common:g_bIsCounterClockwiseOriented)
                  20007544    00000001     (.common:g_bIsGradientSearchStop)
                  20007545    00000001     (.common:g_bIsNetworkRotated)
                  20007546    00000001     (.common:g_bIsNewTDOAResults)
                  20007547    00000001     (.common:g_bIsRobotResponse)
                  20007548    00000001     (.common:g_bIsValidVector)
                  20007549    00000001     (.common:g_eProcessState)
                  2000754a    00000001     (.common:g_eRobotResponseState)
                  2000754b    00000001     (.common:g_ui8Hopth)
                  2000754c    00000001     (.common:g_ui8NeighborsCounter)
                  2000754d    00000001     (.common:g_ui8OriginNumberOfNeighbors)
                  2000754e    00000001     (.common:g_ui8ReBroadcastCounter)
                  2000754f    00000001     (.common:g_ui8ReTransmitCounter)
                  20007550    00000001     (.common:status)


LINKER GENERATED COPY TABLES

__TI_cinit_table @ 0000ea08 records: 2, size/record: 8, table size: 16
	.data: load addr=0000e9a8, load size=0000004c bytes, run addr=20005000, run size=000015a8 bytes, compression=rle
	.bss: load addr=0000ea00, load size=00000008 bytes, run addr=20006800, run size=00000d51 bytes, compression=zero_init


LINKER GENERATED HANDLER TABLE

__TI_handler_table @ 0000e9f4 records: 3, size/record: 4, table size: 12
	index: 0, handler: __TI_decompress_rle24
	index: 1, handler: __TI_decompress_none
	index: 2, handler: __TI_zero_init


GLOBAL SYMBOLS: SORTED ALPHABETICALLY BY Name 

address    name
--------   ----
00007e1f   ADC0IntHandler
00007e7b   ADC1IntHandler
0000e42d   ADCHardwareOversampleConfigure
0000e671   ADCIntClear
0000e049   ADCIntStatus
0000e3b1   ADCProcessorTrigger
0000dd21   ADCSequenceConfigure
0000e4e1   ADCSequenceDMAEnable
0000e561   ADCSequenceEnable
0000d3e1   ADCSequenceStepConfigure
00007ee5   BatterySequenceIntHandler
0000db55   C$$EXIT
0000e599   CPUcpsie
0000e6d9   CPUwfi
0000a175   DelayTimerAIntHanler
0000a187   DelayTimerBIntHanler
0000dc21   EEPROMInit
0000de49   EEPROMIntClear
0000e259   EEPROMIntDisable
0000d965   EEPROMProgramNonBlocking
0000de7d   EEPROMRead
0000e5a5   EEPROMStatusGet
0000e4f1   FPUEnable
0000e501   FPULazyStackingEnable
200074c0   FilterA
200074cc   FilterB
200074e8   FilterCoeffs
0000e101   GPIODirModeSet
0000e6b5   GPIOIntClear
0000e5b1   GPIOIntEnable
0000e56f   GPIOIntStatus
0000d871   GPIOIntTypeSet
0000c9e3   GPIOPadConfigSet
0000d9ad   GPIOPinConfigure
0000e6bb   GPIOPinRead
0000e43f   GPIOPinTypeADC
0000e451   GPIOPinTypeGPIOInput
0000e369   GPIOPinTypeGPIOOutput
0000e463   GPIOPinTypePWM
0000e475   GPIOPinTypeSSI
0000e6c1   GPIOPinWrite
0000d69d   IntDisable
0000d6fd   IntEnable
0000e67b   IntMasterEnable
0000e1a5   IntPrioritySet
0000e5bd   IntTrigger
0000a14d   LowPowerModeIntHandler
20007470   NeighborsTable
20006c00   OneHopNeighborsTable
20005000   OutputMicA
200054b0   OutputMicB
0000e235   PWMGenConfigure
0000e5c9   PWMGenDisable
0000e5d5   PWMGenEnable
0000e511   PWMGenPeriodSet
0000e487   PWMOutputState
0000e2d9   PWMPulseWidthSet
0000e6dd   PWMSyncTimeBase
00009b55   RF24_IntHandler
0000b883   RF24_PIPE_close
0000b8df   RF24_PIPE_closeAll
0000b971   RF24_PIPE_isOpen
0000b8fb   RF24_PIPE_open
0000b9b1   RF24_PIPE_setPacketSize
0000baaf   RF24_RETRANS_getLastRetransmits
0000ba75   RF24_RETRANS_setCount
0000ba35   RF24_RETRANS_setDelay
0000b7c7   RF24_RX_activate
20006530   RF24_RX_buffer
0000b869   RF24_RX_carrierDetection
0000b7b1   RF24_RX_flush
0000b75f   RF24_RX_getPayloadData
0000b73b   RF24_RX_getPayloadWidth
0000b7e9   RF24_RX_isEmpty
0000b809   RF24_RX_sendAckWithPayload
0000b6d3   RF24_RX_setAddress
0000b69d   RF24_TX_activate
20006550   RF24_TX_buffer
0000b671   RF24_TX_flush
0000b6bf   RF24_TX_pulseTransmit
0000b687   RF24_TX_reuseLastPayload
0000b581   RF24_TX_setAddress
0000b5d1   RF24_TX_writePayloadAck
0000b61d   RF24_TX_writePayloadNoAck
0000b515   RF24_clearIrqFlag
0000b327   RF24_disableFeatures
0000b2ed   RF24_enableFeatures
0000b3cb   RF24_getCurrentState
0000b4e1   RF24_getIrqFlag
0000b351   RF24_getLostPackets
0000b265   RF24_init
0000b35f   RF24_isAlive
0000b54f   RF24_readRegister
0000b47b   RF24_scan
0000b3ad   RF24_setAddressWidth
0000b397   RF24_setChannel
0000e3c7   RF24_setConfigureRegister
0000b385   RF24_setSpeedAndPower
0000b425   RF24_startPowerDown
0000b439   RF24_startStandby
0000deb1   RF24_writeRegister
00007f41   RandomGeneratorIntHandler
0000e641   ResetISR
0000a125   RobotResponseIntHandler
UNDEFED    SHT$$INIT_ARRAY$$Base
UNDEFED    SHT$$INIT_ARRAY$$Limit
0000dc61   SPI_sendAndGetData
0000dbdd   SSIConfigSetExpClk
0000e5e1   SSIDataGet
0000e499   SSIDataGetNonBlocking
0000e685   SSIDataPut
0000e68f   SSIDisable
0000e699   SSIEnable
20005960   SamplesMicA
20005e10   SamplesMicB
00007fe5   SpeakerTimerIntHandler
0000cb15   SysCtlClockGet
0000ce1d   SysCtlClockSet
0000e279   SysCtlDeepSleep
0000d639   SysCtlDeepSleepClockConfigSet
0000e5ed   SysCtlDeepSleepPowerSet
0000e6c7   SysCtlDelay
0000e5f9   SysCtlLDODeepSleepSet
0000e605   SysCtlLDOSleepSet
0000e3dd   SysCtlPWMClockSet
0000dacd   SysCtlPeripheralClockGating
0000dee5   SysCtlPeripheralDeepSleepEnable
0000df19   SysCtlPeripheralEnable
0000d8c9   SysCtlPeripheralReset
0000df4d   SysCtlPeripheralSleepEnable
0000e6d9   SysCtlSleep
0000e611   SysCtlSleepPowerSet
0000bd65   TDOA_find3LocalPeaks
0000bbd5   TDOA_getDistances
0000ddd9   TDOA_initFilters
0000bf19   TDOA_interPeak
0000bfed   TDOA_larange
0000be3d   TDOA_reachBottom
0000beb5   TDOA_reachPeak
0000bac5   TDOA_run
0000e6cd   TimerClockSourceSet
0000d7bd   TimerConfigure
0000d819   TimerControlTrigger
0000e3f1   TimerDisable
0000e57d   TimerEnable
0000e6e1   TimerIntClear
0000e6ad   TimerIntEnable
0000e6a3   TimerIntStatus
0000e4ab   TimerLoadSet
0000a227   Tri_addLocation
0000b1cb   Tri_calculateAverageDistance
0000a1d1   Tri_clearLocs
0000a37d   Tri_findAllPointsFromFirstTwoPoints
0000a68d   Tri_findAllPossibleRemainPoints
0000a8b9   Tri_findAngleInLocalCoordination
0000a27f   Tri_findLocs
0000ae51   Tri_findSignedYaxis
0000b189   Tri_getDistanceFromRobotToMe
0000a969   Tri_getThreeEdgeFormOriginal
0000afbd   Tri_isLocationsTableContain
0000b0e9   Tri_isRobotYNeighborsIncludeRobotX
0000ad05   Tri_trilaterateFromSixEdgeAndAngleOffset
0000abe9   Tri_tryToFindTwoLocatedNeighbors
0000aff9   Tri_tryToFindTwoXYNeighbors
0000af39   Tri_tryToGetDistance
0000aeeb   Tri_tryToGetNeighborsDistance
200065a0   _Errno
200064c8   _FDenorm
200064d8   _FEps
200064e8   _FInf
200064f8   _FNan
20006518   _FRteps
20006508   _FSnan
20006528   _FXbig
2000652c   _FZero
20006598   _Fenv
0000dfe9   _Feraise
2000659c   _Tls_setup__Fenv
00009ae9   _Z12RobotProcessv
00009229   _Z19StateSix_Locomotionv
00009441   _Z20SwarmStateOne_TShapev
00008a9d   _Z21StateThree_VoteOriginv
00008607   _Z24StateOne_MeasureDistancev
00008be1   _Z30StateFour_RequestRotateNetworkv
00008f39   _Z32StateFive_ReduceCoordinatesErrorv
000088c5   _Z43StateTwo_ExchangeTableAndCalculateLocsTablev
20005000   __STACK_END
00005000   __STACK_SIZE
20000200   __STACK_TOP
0000ea08   __TI_CINIT_Base
0000ea18   __TI_CINIT_Limit
0000e9f4   __TI_Handler_Table_Base
0000ea00   __TI_Handler_Table_Limit
00000001   __TI_args_main
0000d241   __TI_auto_init
20006590   __TI_cleanup_ptr
0000e58b   __TI_decompress_none
0000e6d3   __TI_decompress_rle24
20006594   __TI_dtors_ptr
0000e9a8   __TI_static_base__
0000e4bd   __TI_zero_init
0000d2d5   __aeabi_cdcmpeq
0000d2d5   __aeabi_cdcmple
0000d35b   __aeabi_cdrcmple
0000d919   __aeabi_d2f
0000da3d   __aeabi_d2iz
0000db99   __aeabi_d2uiz
0000c5a3   __aeabi_dadd
0000c8ad   __aeabi_ddiv
0000cc2d   __aeabi_dmul
0000c599   __aeabi_dsub
0000de11   __aeabi_f2d
0000e077   __aeabi_i2d
0000d4e1   __aeabi_memclr
0000d4e1   __aeabi_memclr4
0000d4e1   __aeabi_memclr8
0000d1a5   __aeabi_memcpy
0000d1a5   __aeabi_memcpy4
0000d1a5   __aeabi_memcpy8
0000d4e3   __aeabi_memset
0000d4e3   __aeabi_memset4
0000d4e3   __aeabi_memset8
0000e2b9   __aeabi_ui2d
ffffffff   __binit__
ffffffff   __c_args__
20000000   __stack
0000e381   _args_main
0000d9f5   _c_int00
20006588   _lock
0000e413   _nop
0000e40b   _register_lock
0000e405   _register_unlock
2000658c   _unlock
0000db59   abort
00004a43   addToNeighborTable
0000c399   arm_fir_f32
0000e2f7   arm_fir_init_f32
ffffffff   binit
00008341   broadcastLocalNeighbor
00004741   calACos
0000466d   calASin
00004629   calCos
000044c9   calSin
000073bd   calculateDistanceBetweenTwoNode
00006b9d   calculateQuadrant
0000597b   calculateRealVector
00006d3d   calculateRobotAngleWithXAxis
00006c81   calculateRobotOrientation
00006e8d   calculateTotalDistance
00004d5d   checkAndResponeMyNeighborsTableToOneRobot
00005e79   checkVarianceCondition
000074b3   clearNeighborTable
000074c7   clearOneHopNeighborTable
000068ed   clearRequestNeighbor
0000e315   clearRfCE
0000e531   clearRfCSN
00007a1f   configureMotors
000042d3   construct4BytesToInt32
00004299   construct4BytesToUint32
0000db11   copy_in
0000476d   cosinesRuleForTriangles
2000657c   countAdcDMAsStopped
0000491f   debugBreakpoint
0000430d   delayRandom
000043af   delayTimerA
00004405   delayTimerB
00004461   delayTimerNonInt
00007519   deleteNeighborInInNeighborTable
000076ad   deleteNeighborInLocationsTable
000075c9   deleteNeighborInOneHopTable
00007829   deleteTable
0000e61d   disableMOTOR
0000dc87   disableRF24Interrupt
0000e629   enableMOTOR
0000dc91   enableRF24Interrupt
0000db61   exit
0000dfb5   feraiseexcept
0000547b   forwardDistanceTest
0000543d   forwardPeriodTest
2000753e   g_bBypassThisState
2000753f   g_bDelayTimerAFlagAssert
20007540   g_bDelayTimerBFlagAssert
20007541   g_bIsActiveCoordinatesFixing
20007542   g_bIsAllowToMove
20007543   g_bIsCounterClockwiseOriented
20007544   g_bIsGradientSearchStop
20007545   g_bIsNetworkRotated
20007546   g_bIsNewTDOAResults
20007547   g_bIsRobotResponse
20007548   g_bIsValidVector
20006584   g_eCPUState
20007549   g_eProcessState
2000754a   g_eRobotResponseState
20006574   g_f32Intercept
200074ec   g_f32MaxEnvelopeA
200074f0   g_f32MaxEnvelopeB
200074f4   g_f32PeakEnvelopeA
200074f8   g_f32PeakEnvelopeB
20006578   g_f32Slope
200074fc   g_fRobotOrientedAngle
20007500   g_fStepSize
20007504   g_fStopCondition
20007508   g_fStopCondition2
00004000   g_pfnVectors
20006f48   g_pui16ADC0Result
200071a0   g_pui16ADC1Result
200074d8   g_pui8RandomBuffer
20007538   g_ui16BatteryVoltage
2000750c   g_ui32EEPROMAdderss
20007510   g_ui32LocalLoop
20007514   g_ui32LocalLoopStop
20007518   g_ui32OriginID
2000751c   g_ui32RequestRobotID
20007520   g_ui32RobotID
20007524   g_ui32RotationHopID
2000754b   g_ui8Hopth
20007528   g_ui8LocsCounter
2000754c   g_ui8NeighborsCounter
2000754d   g_ui8OriginNumberOfNeighbors
20006570   g_ui8RandomNumber
2000754e   g_ui8ReBroadcastCounter
2000754f   g_ui8ReTransmitCounter
200074e0   g_vector
0000e331   generateRandomByte
00007db1   generateRandomRange
00005af9   getAngleFromTable
0000e635   getCEState
000055fd   getHopOriginTableAndRotate
000065e9   getMyVector
00004e9d   getNeighborNeighborsTable
000067e5   getNeighborVector
000066dd   getNeighborVectorAndFlag
00008525   goBackward
00008505   goStraight
0000e4cf   gotoDeepSleepMode
0000e17d   gotoSleepMode
000083a5   initEEPROM
0000e299   initLED
0000d559   initLeds
0000d5c9   initLowPowerMode
0000c751   initMotor
0000c0a9   initPeripheralsForAnalogFunction
0000cd29   initRfModule
00004951   initRobotProcess
0000cf0d   initSpeaker
0000cff1   initSpiForRF
00004337   initTimerDelay
00005a09   isLocationTableContainID
00005575   isNeedRotateCoordinate
000047c1   isTriangle
0000483d   isValidTriangle
200073f8   locs
000085b1   main
200065a4   main_func_sp
0000d1a5   memcpy
0000d4e9   memset
00007413   notifyNewVectorToNeigbors
0000426d   parse32BitTo4Bytes
0000e0a5   raise
00008439   readFormEEPROM
000043f5   reloadDelayTimerA
0000444f   reloadDelayTimerB
000054b5   responseCorrectionAngleAndOriented
00004a99   responseTDOAResultsToNeighbor
0000dc7b   rfDelayLoop
000053f5   rotateClockwiseAngleTest
000053b1   rotateClockwiseTest
00007b4d   rotateClockwiseWithAngle
00005bc5   rotateLocationTable
00006995   runForwardAndCalculatteNewPosition
00007cc9   runForwardWithDistance
00008035   sendDataToControlBoard
00005169   sendLocationsTableToControlBoard
000081c9   sendMessageToOneNeighbor
000050c1   sendNeighborsTableToControlBoard
00005285   sendOneHopNeighborsTableToControlBoard
0000dd9d   sendTestData
0000503d   sendVectorToControlBoard
0000846f   setAddressEEPROM
000078b7   setMotorLeftDirectionAndSpeed
0000796b   setMotorRightDirectionAndSpeed
0000e34d   setRfCE
0000e541   setRfCSN
0000dca1   signal
0000786d   signalUnhandleError
00008545   spinClockwise
00008565   spinCounterclockwise
0000e1c9   sqrtf
0000e419   startSamplingBatteryVoltage
0000e019   startSamplingMicSignals
0000e12d   startSpeaker
00007aa7   stopMotorLeft
00007add   stopMotorRight
00007b0f   stopMotors
00004c71   storeNeighorVectorAndDistanceToTables
0000621d   synchronousLocsTableAndMyVector
0000dce1   testCarrierDetection
0000d0cd   testRfTransmission
0000d5a3   toggleLED
00005a61   tryToGetCommonNeighborID
000084b1   tryToGetMotorsParameterInEEPROM
0000629d   tryToResponeNeighborVector
00006401   tryToResponeVectorAndFlag
0000650d   tryToResponseVector
0000d58b   turnOffLED
0000d571   turnOnLED
0000e0d5   uDMAChannelAssign
0000da85   uDMAChannelAttributeDisable
0000e1ed   uDMAChannelControlSet
0000e399   uDMAChannelEnable
0000e155   uDMAChannelModeGet
0000d461   uDMAChannelTransferSet
0000e64d   uDMAControlBaseSet
0000e551   uDMAEnable
00007fcb   uDMAErrorHandler
0000e659   uDMAErrorStatusClear
0000e665   uDMAErrorStatusGet
00005ce1   updateGradient
00005fc5   updateLocsByOtherRobotCurrentPosition
000077a9   updateNeighborInLocationTable
0000691d   updateNeighborVectorInLocsTableByRequest
00005501   updateOrRejectNetworkOrigin
00005f2d   updatePosition
000044a3   vsqrtf
0000e211   wakeUpFormLPM
000083cd   writeToEEPROM


GLOBAL SYMBOLS: SORTED BY Symbol Address 

address    name
--------   ----
00000001   __TI_args_main
00004000   g_pfnVectors
0000426d   parse32BitTo4Bytes
00004299   construct4BytesToUint32
000042d3   construct4BytesToInt32
0000430d   delayRandom
00004337   initTimerDelay
000043af   delayTimerA
000043f5   reloadDelayTimerA
00004405   delayTimerB
0000444f   reloadDelayTimerB
00004461   delayTimerNonInt
000044a3   vsqrtf
000044c9   calSin
00004629   calCos
0000466d   calASin
00004741   calACos
0000476d   cosinesRuleForTriangles
000047c1   isTriangle
0000483d   isValidTriangle
0000491f   debugBreakpoint
00004951   initRobotProcess
00004a43   addToNeighborTable
00004a99   responseTDOAResultsToNeighbor
00004c71   storeNeighorVectorAndDistanceToTables
00004d5d   checkAndResponeMyNeighborsTableToOneRobot
00004e9d   getNeighborNeighborsTable
00005000   __STACK_SIZE
0000503d   sendVectorToControlBoard
000050c1   sendNeighborsTableToControlBoard
00005169   sendLocationsTableToControlBoard
00005285   sendOneHopNeighborsTableToControlBoard
000053b1   rotateClockwiseTest
000053f5   rotateClockwiseAngleTest
0000543d   forwardPeriodTest
0000547b   forwardDistanceTest
000054b5   responseCorrectionAngleAndOriented
00005501   updateOrRejectNetworkOrigin
00005575   isNeedRotateCoordinate
000055fd   getHopOriginTableAndRotate
0000597b   calculateRealVector
00005a09   isLocationTableContainID
00005a61   tryToGetCommonNeighborID
00005af9   getAngleFromTable
00005bc5   rotateLocationTable
00005ce1   updateGradient
00005e79   checkVarianceCondition
00005f2d   updatePosition
00005fc5   updateLocsByOtherRobotCurrentPosition
0000621d   synchronousLocsTableAndMyVector
0000629d   tryToResponeNeighborVector
00006401   tryToResponeVectorAndFlag
0000650d   tryToResponseVector
000065e9   getMyVector
000066dd   getNeighborVectorAndFlag
000067e5   getNeighborVector
000068ed   clearRequestNeighbor
0000691d   updateNeighborVectorInLocsTableByRequest
00006995   runForwardAndCalculatteNewPosition
00006b9d   calculateQuadrant
00006c81   calculateRobotOrientation
00006d3d   calculateRobotAngleWithXAxis
00006e8d   calculateTotalDistance
000073bd   calculateDistanceBetweenTwoNode
00007413   notifyNewVectorToNeigbors
000074b3   clearNeighborTable
000074c7   clearOneHopNeighborTable
00007519   deleteNeighborInInNeighborTable
000075c9   deleteNeighborInOneHopTable
000076ad   deleteNeighborInLocationsTable
000077a9   updateNeighborInLocationTable
00007829   deleteTable
0000786d   signalUnhandleError
000078b7   setMotorLeftDirectionAndSpeed
0000796b   setMotorRightDirectionAndSpeed
00007a1f   configureMotors
00007aa7   stopMotorLeft
00007add   stopMotorRight
00007b0f   stopMotors
00007b4d   rotateClockwiseWithAngle
00007cc9   runForwardWithDistance
00007db1   generateRandomRange
00007e1f   ADC0IntHandler
00007e7b   ADC1IntHandler
00007ee5   BatterySequenceIntHandler
00007f41   RandomGeneratorIntHandler
00007fcb   uDMAErrorHandler
00007fe5   SpeakerTimerIntHandler
00008035   sendDataToControlBoard
000081c9   sendMessageToOneNeighbor
00008341   broadcastLocalNeighbor
000083a5   initEEPROM
000083cd   writeToEEPROM
00008439   readFormEEPROM
0000846f   setAddressEEPROM
000084b1   tryToGetMotorsParameterInEEPROM
00008505   goStraight
00008525   goBackward
00008545   spinClockwise
00008565   spinCounterclockwise
000085b1   main
00008607   _Z24StateOne_MeasureDistancev
000088c5   _Z43StateTwo_ExchangeTableAndCalculateLocsTablev
00008a9d   _Z21StateThree_VoteOriginv
00008be1   _Z30StateFour_RequestRotateNetworkv
00008f39   _Z32StateFive_ReduceCoordinatesErrorv
00009229   _Z19StateSix_Locomotionv
00009441   _Z20SwarmStateOne_TShapev
00009ae9   _Z12RobotProcessv
00009b55   RF24_IntHandler
0000a125   RobotResponseIntHandler
0000a14d   LowPowerModeIntHandler
0000a175   DelayTimerAIntHanler
0000a187   DelayTimerBIntHanler
0000a1d1   Tri_clearLocs
0000a227   Tri_addLocation
0000a27f   Tri_findLocs
0000a37d   Tri_findAllPointsFromFirstTwoPoints
0000a68d   Tri_findAllPossibleRemainPoints
0000a8b9   Tri_findAngleInLocalCoordination
0000a969   Tri_getThreeEdgeFormOriginal
0000abe9   Tri_tryToFindTwoLocatedNeighbors
0000ad05   Tri_trilaterateFromSixEdgeAndAngleOffset
0000ae51   Tri_findSignedYaxis
0000aeeb   Tri_tryToGetNeighborsDistance
0000af39   Tri_tryToGetDistance
0000afbd   Tri_isLocationsTableContain
0000aff9   Tri_tryToFindTwoXYNeighbors
0000b0e9   Tri_isRobotYNeighborsIncludeRobotX
0000b189   Tri_getDistanceFromRobotToMe
0000b1cb   Tri_calculateAverageDistance
0000b265   RF24_init
0000b2ed   RF24_enableFeatures
0000b327   RF24_disableFeatures
0000b351   RF24_getLostPackets
0000b35f   RF24_isAlive
0000b385   RF24_setSpeedAndPower
0000b397   RF24_setChannel
0000b3ad   RF24_setAddressWidth
0000b3cb   RF24_getCurrentState
0000b425   RF24_startPowerDown
0000b439   RF24_startStandby
0000b47b   RF24_scan
0000b4e1   RF24_getIrqFlag
0000b515   RF24_clearIrqFlag
0000b54f   RF24_readRegister
0000b581   RF24_TX_setAddress
0000b5d1   RF24_TX_writePayloadAck
0000b61d   RF24_TX_writePayloadNoAck
0000b671   RF24_TX_flush
0000b687   RF24_TX_reuseLastPayload
0000b69d   RF24_TX_activate
0000b6bf   RF24_TX_pulseTransmit
0000b6d3   RF24_RX_setAddress
0000b73b   RF24_RX_getPayloadWidth
0000b75f   RF24_RX_getPayloadData
0000b7b1   RF24_RX_flush
0000b7c7   RF24_RX_activate
0000b7e9   RF24_RX_isEmpty
0000b809   RF24_RX_sendAckWithPayload
0000b869   RF24_RX_carrierDetection
0000b883   RF24_PIPE_close
0000b8df   RF24_PIPE_closeAll
0000b8fb   RF24_PIPE_open
0000b971   RF24_PIPE_isOpen
0000b9b1   RF24_PIPE_setPacketSize
0000ba35   RF24_RETRANS_setDelay
0000ba75   RF24_RETRANS_setCount
0000baaf   RF24_RETRANS_getLastRetransmits
0000bac5   TDOA_run
0000bbd5   TDOA_getDistances
0000bd65   TDOA_find3LocalPeaks
0000be3d   TDOA_reachBottom
0000beb5   TDOA_reachPeak
0000bf19   TDOA_interPeak
0000bfed   TDOA_larange
0000c0a9   initPeripheralsForAnalogFunction
0000c399   arm_fir_f32
0000c599   __aeabi_dsub
0000c5a3   __aeabi_dadd
0000c751   initMotor
0000c8ad   __aeabi_ddiv
0000c9e3   GPIOPadConfigSet
0000cb15   SysCtlClockGet
0000cc2d   __aeabi_dmul
0000cd29   initRfModule
0000ce1d   SysCtlClockSet
0000cf0d   initSpeaker
0000cff1   initSpiForRF
0000d0cd   testRfTransmission
0000d1a5   __aeabi_memcpy
0000d1a5   __aeabi_memcpy4
0000d1a5   __aeabi_memcpy8
0000d1a5   memcpy
0000d241   __TI_auto_init
0000d2d5   __aeabi_cdcmpeq
0000d2d5   __aeabi_cdcmple
0000d35b   __aeabi_cdrcmple
0000d3e1   ADCSequenceStepConfigure
0000d461   uDMAChannelTransferSet
0000d4e1   __aeabi_memclr
0000d4e1   __aeabi_memclr4
0000d4e1   __aeabi_memclr8
0000d4e3   __aeabi_memset
0000d4e3   __aeabi_memset4
0000d4e3   __aeabi_memset8
0000d4e9   memset
0000d559   initLeds
0000d571   turnOnLED
0000d58b   turnOffLED
0000d5a3   toggleLED
0000d5c9   initLowPowerMode
0000d639   SysCtlDeepSleepClockConfigSet
0000d69d   IntDisable
0000d6fd   IntEnable
0000d7bd   TimerConfigure
0000d819   TimerControlTrigger
0000d871   GPIOIntTypeSet
0000d8c9   SysCtlPeripheralReset
0000d919   __aeabi_d2f
0000d965   EEPROMProgramNonBlocking
0000d9ad   GPIOPinConfigure
0000d9f5   _c_int00
0000da3d   __aeabi_d2iz
0000da85   uDMAChannelAttributeDisable
0000dacd   SysCtlPeripheralClockGating
0000db11   copy_in
0000db55   C$$EXIT
0000db59   abort
0000db61   exit
0000db99   __aeabi_d2uiz
0000dbdd   SSIConfigSetExpClk
0000dc21   EEPROMInit
0000dc61   SPI_sendAndGetData
0000dc7b   rfDelayLoop
0000dc87   disableRF24Interrupt
0000dc91   enableRF24Interrupt
0000dca1   signal
0000dce1   testCarrierDetection
0000dd21   ADCSequenceConfigure
0000dd9d   sendTestData
0000ddd9   TDOA_initFilters
0000de11   __aeabi_f2d
0000de49   EEPROMIntClear
0000de7d   EEPROMRead
0000deb1   RF24_writeRegister
0000dee5   SysCtlPeripheralDeepSleepEnable
0000df19   SysCtlPeripheralEnable
0000df4d   SysCtlPeripheralSleepEnable
0000dfb5   feraiseexcept
0000dfe9   _Feraise
0000e019   startSamplingMicSignals
0000e049   ADCIntStatus
0000e077   __aeabi_i2d
0000e0a5   raise
0000e0d5   uDMAChannelAssign
0000e101   GPIODirModeSet
0000e12d   startSpeaker
0000e155   uDMAChannelModeGet
0000e17d   gotoSleepMode
0000e1a5   IntPrioritySet
0000e1c9   sqrtf
0000e1ed   uDMAChannelControlSet
0000e211   wakeUpFormLPM
0000e235   PWMGenConfigure
0000e259   EEPROMIntDisable
0000e279   SysCtlDeepSleep
0000e299   initLED
0000e2b9   __aeabi_ui2d
0000e2d9   PWMPulseWidthSet
0000e2f7   arm_fir_init_f32
0000e315   clearRfCE
0000e331   generateRandomByte
0000e34d   setRfCE
0000e369   GPIOPinTypeGPIOOutput
0000e381   _args_main
0000e399   uDMAChannelEnable
0000e3b1   ADCProcessorTrigger
0000e3c7   RF24_setConfigureRegister
0000e3dd   SysCtlPWMClockSet
0000e3f1   TimerDisable
0000e405   _register_unlock
0000e40b   _register_lock
0000e413   _nop
0000e419   startSamplingBatteryVoltage
0000e42d   ADCHardwareOversampleConfigure
0000e43f   GPIOPinTypeADC
0000e451   GPIOPinTypeGPIOInput
0000e463   GPIOPinTypePWM
0000e475   GPIOPinTypeSSI
0000e487   PWMOutputState
0000e499   SSIDataGetNonBlocking
0000e4ab   TimerLoadSet
0000e4bd   __TI_zero_init
0000e4cf   gotoDeepSleepMode
0000e4e1   ADCSequenceDMAEnable
0000e4f1   FPUEnable
0000e501   FPULazyStackingEnable
0000e511   PWMGenPeriodSet
0000e531   clearRfCSN
0000e541   setRfCSN
0000e551   uDMAEnable
0000e561   ADCSequenceEnable
0000e56f   GPIOIntStatus
0000e57d   TimerEnable
0000e58b   __TI_decompress_none
0000e599   CPUcpsie
0000e5a5   EEPROMStatusGet
0000e5b1   GPIOIntEnable
0000e5bd   IntTrigger
0000e5c9   PWMGenDisable
0000e5d5   PWMGenEnable
0000e5e1   SSIDataGet
0000e5ed   SysCtlDeepSleepPowerSet
0000e5f9   SysCtlLDODeepSleepSet
0000e605   SysCtlLDOSleepSet
0000e611   SysCtlSleepPowerSet
0000e61d   disableMOTOR
0000e629   enableMOTOR
0000e635   getCEState
0000e641   ResetISR
0000e64d   uDMAControlBaseSet
0000e659   uDMAErrorStatusClear
0000e665   uDMAErrorStatusGet
0000e671   ADCIntClear
0000e67b   IntMasterEnable
0000e685   SSIDataPut
0000e68f   SSIDisable
0000e699   SSIEnable
0000e6a3   TimerIntStatus
0000e6ad   TimerIntEnable
0000e6b5   GPIOIntClear
0000e6bb   GPIOPinRead
0000e6c1   GPIOPinWrite
0000e6c7   SysCtlDelay
0000e6cd   TimerClockSourceSet
0000e6d3   __TI_decompress_rle24
0000e6d9   CPUwfi
0000e6d9   SysCtlSleep
0000e6dd   PWMSyncTimeBase
0000e6e1   TimerIntClear
0000e9a8   __TI_static_base__
0000e9f4   __TI_Handler_Table_Base
0000ea00   __TI_Handler_Table_Limit
0000ea08   __TI_CINIT_Base
0000ea18   __TI_CINIT_Limit
20000000   __stack
20000200   __STACK_TOP
20005000   OutputMicA
20005000   __STACK_END
200054b0   OutputMicB
20005960   SamplesMicA
20005e10   SamplesMicB
200064c8   _FDenorm
200064d8   _FEps
200064e8   _FInf
200064f8   _FNan
20006508   _FSnan
20006518   _FRteps
20006528   _FXbig
2000652c   _FZero
20006530   RF24_RX_buffer
20006550   RF24_TX_buffer
20006570   g_ui8RandomNumber
20006574   g_f32Intercept
20006578   g_f32Slope
2000657c   countAdcDMAsStopped
20006584   g_eCPUState
20006588   _lock
2000658c   _unlock
20006590   __TI_cleanup_ptr
20006594   __TI_dtors_ptr
20006598   _Fenv
2000659c   _Tls_setup__Fenv
200065a0   _Errno
200065a4   main_func_sp
20006c00   OneHopNeighborsTable
20006f48   g_pui16ADC0Result
200071a0   g_pui16ADC1Result
200073f8   locs
20007470   NeighborsTable
200074c0   FilterA
200074cc   FilterB
200074d8   g_pui8RandomBuffer
200074e0   g_vector
200074e8   FilterCoeffs
200074ec   g_f32MaxEnvelopeA
200074f0   g_f32MaxEnvelopeB
200074f4   g_f32PeakEnvelopeA
200074f8   g_f32PeakEnvelopeB
200074fc   g_fRobotOrientedAngle
20007500   g_fStepSize
20007504   g_fStopCondition
20007508   g_fStopCondition2
2000750c   g_ui32EEPROMAdderss
20007510   g_ui32LocalLoop
20007514   g_ui32LocalLoopStop
20007518   g_ui32OriginID
2000751c   g_ui32RequestRobotID
20007520   g_ui32RobotID
20007524   g_ui32RotationHopID
20007528   g_ui8LocsCounter
20007538   g_ui16BatteryVoltage
2000753e   g_bBypassThisState
2000753f   g_bDelayTimerAFlagAssert
20007540   g_bDelayTimerBFlagAssert
20007541   g_bIsActiveCoordinatesFixing
20007542   g_bIsAllowToMove
20007543   g_bIsCounterClockwiseOriented
20007544   g_bIsGradientSearchStop
20007545   g_bIsNetworkRotated
20007546   g_bIsNewTDOAResults
20007547   g_bIsRobotResponse
20007548   g_bIsValidVector
20007549   g_eProcessState
2000754a   g_eRobotResponseState
2000754b   g_ui8Hopth
2000754c   g_ui8NeighborsCounter
2000754d   g_ui8OriginNumberOfNeighbors
2000754e   g_ui8ReBroadcastCounter
2000754f   g_ui8ReTransmitCounter
ffffffff   __binit__
ffffffff   __c_args__
ffffffff   binit
UNDEFED    SHT$$INIT_ARRAY$$Base
UNDEFED    SHT$$INIT_ARRAY$$Limit

[426 symbols]
