Archive member included because of file (symbol)

d:/program files/ti/ccsv6/tools/compiler/gcc-arm-none-eabi-4_7-2013q3/bin/../lib/gcc/arm-none-eabi/4.7.4/../../../../arm-none-eabi/lib\libc.a(lib_a-__atexit.o)
                              d:/program files/ti/ccsv6/tools/compiler/gcc-arm-none-eabi-4_7-2013q3/bin/../lib/gcc/arm-none-eabi/4.7.4/../../../../arm-none-eabi/lib/crt0.o (__register_exitproc)
d:/program files/ti/ccsv6/tools/compiler/gcc-arm-none-eabi-4_7-2013q3/bin/../lib/gcc/arm-none-eabi/4.7.4/../../../../arm-none-eabi/lib\libc.a(lib_a-exit.o)
                              d:/program files/ti/ccsv6/tools/compiler/gcc-arm-none-eabi-4_7-2013q3/bin/../lib/gcc/arm-none-eabi/4.7.4/../../../../arm-none-eabi/lib/crt0.o (exit)
d:/program files/ti/ccsv6/tools/compiler/gcc-arm-none-eabi-4_7-2013q3/bin/../lib/gcc/arm-none-eabi/4.7.4/../../../../arm-none-eabi/lib\libc.a(lib_a-fini.o)
                              d:/program files/ti/ccsv6/tools/compiler/gcc-arm-none-eabi-4_7-2013q3/bin/../lib/gcc/arm-none-eabi/4.7.4/../../../../arm-none-eabi/lib/crt0.o (__libc_fini_array)
d:/program files/ti/ccsv6/tools/compiler/gcc-arm-none-eabi-4_7-2013q3/bin/../lib/gcc/arm-none-eabi/4.7.4/../../../../arm-none-eabi/lib\libc.a(lib_a-impure.o)
                              d:/program files/ti/ccsv6/tools/compiler/gcc-arm-none-eabi-4_7-2013q3/bin/../lib/gcc/arm-none-eabi/4.7.4/../../../../arm-none-eabi/lib\libc.a(lib_a-__atexit.o) (_global_impure_ptr)
d:/program files/ti/ccsv6/tools/compiler/gcc-arm-none-eabi-4_7-2013q3/bin/../lib/gcc/arm-none-eabi/4.7.4/../../../../arm-none-eabi/lib\libc.a(lib_a-init.o)
                              d:/program files/ti/ccsv6/tools/compiler/gcc-arm-none-eabi-4_7-2013q3/bin/../lib/gcc/arm-none-eabi/4.7.4/../../../../arm-none-eabi/lib/crt0.o (__libc_init_array)
d:/program files/ti/ccsv6/tools/compiler/gcc-arm-none-eabi-4_7-2013q3/bin/../lib/gcc/arm-none-eabi/4.7.4/../../../../arm-none-eabi/lib\libc.a(lib_a-memset.o)
                              d:/program files/ti/ccsv6/tools/compiler/gcc-arm-none-eabi-4_7-2013q3/bin/../lib/gcc/arm-none-eabi/4.7.4/../../../../arm-none-eabi/lib/crt0.o (memset)
d:/program files/ti/ccsv6/tools/compiler/gcc-arm-none-eabi-4_7-2013q3/bin/../lib/gcc/arm-none-eabi/4.7.4/../../../../arm-none-eabi/lib\libc.a(lib_a-__call_atexit.o)
                              d:/program files/ti/ccsv6/tools/compiler/gcc-arm-none-eabi-4_7-2013q3/bin/../lib/gcc/arm-none-eabi/4.7.4/../../../../arm-none-eabi/lib\libc.a(lib_a-exit.o) (__call_exitprocs)
d:/program files/ti/ccsv6/tools/compiler/gcc-arm-none-eabi-4_7-2013q3/bin/../lib/gcc/arm-none-eabi/4.7.4/../../../../arm-none-eabi/lib\libc.a(lib_a-atexit.o)
                              d:/program files/ti/ccsv6/tools/compiler/gcc-arm-none-eabi-4_7-2013q3/bin/../lib/gcc/arm-none-eabi/4.7.4/../../../../arm-none-eabi/lib\libc.a(lib_a-__call_atexit.o) (atexit)
d:/program files/ti/ccsv6/tools/compiler/gcc-arm-none-eabi-4_7-2013q3/bin/../lib/gcc/arm-none-eabi/4.7.4/../../../../arm-none-eabi/lib\libnosys.a(_exit.o)
                              d:/program files/ti/ccsv6/tools/compiler/gcc-arm-none-eabi-4_7-2013q3/bin/../lib/gcc/arm-none-eabi/4.7.4/../../../../arm-none-eabi/lib\libc.a(lib_a-exit.o) (_exit)
D:/Program Files/TI/TivaWare_C_Series-2.1.0.12573/driverlib/gcc\libdriver.a(adc.o)
                              ./MainBoardDriver.o (ADCIntStatus)
D:/Program Files/TI/TivaWare_C_Series-2.1.0.12573/driverlib/gcc\libdriver.a(gpio.o)
                              ./MainBoardDriver.o (GPIODirModeSet)
D:/Program Files/TI/TivaWare_C_Series-2.1.0.12573/driverlib/gcc\libdriver.a(interrupt.o)
                              ./libnrf24l01/src/TM4C123_nRF24L01.o (IntMasterEnable)
D:/Program Files/TI/TivaWare_C_Series-2.1.0.12573/driverlib/gcc\libdriver.a(pwm.o)
                              ./MainBoardDriver.o (PWMGenConfigure)
D:/Program Files/TI/TivaWare_C_Series-2.1.0.12573/driverlib/gcc\libdriver.a(ssi.o)
                              ./libnrf24l01/src/TM4C123_nRF24L01.o (SSIConfigSetExpClk)
D:/Program Files/TI/TivaWare_C_Series-2.1.0.12573/driverlib/gcc\libdriver.a(sysctl.o)
                              ./libnrf24l01/src/TM4C123_nRF24L01.o (SysCtlPeripheralEnable)
D:/Program Files/TI/TivaWare_C_Series-2.1.0.12573/driverlib/gcc\libdriver.a(timer.o)
                              ./MainBoardDriver.o (TimerEnable)
D:/Program Files/TI/TivaWare_C_Series-2.1.0.12573/driverlib/gcc\libdriver.a(udma.o)
                              ./MainBoardDriver.o (uDMAEnable)
D:/Program Files/TI/TivaWare_C_Series-2.1.0.12573/driverlib/gcc\libdriver.a(cpu.o)
                              D:/Program Files/TI/TivaWare_C_Series-2.1.0.12573/driverlib/gcc\libdriver.a(interrupt.o) (CPUcpsid)

Allocating common symbols
Common symbol       size              file

g_ui16ADC0Result    0x258             ./main.o
g_ui16ADC1Result    0x258             ./main.o
g_ui32SysTickCount  0x4               ./main.o
ui8LeftMotorDutyCycles
[...]
Memory Configuration

Name             Origin             Length             Attributes
FLASH            0x00002000         0x00040000         xr
SRAM             0x20000000         0x00008000         xw
*default*        0x00000000         0xffffffff

Linker script and memory map

LOAD d:/program files/ti/ccsv6/tools/compiler/gcc-arm-none-eabi-4_7-2013q3/bin/../lib/gcc/arm-none-eabi/4.7.4/crti.o
LOAD d:/program files/ti/ccsv6/tools/compiler/gcc-arm-none-eabi-4_7-2013q3/bin/../lib/gcc/arm-none-eabi/4.7.4/crtbegin.o
LOAD d:/program files/ti/ccsv6/tools/compiler/gcc-arm-none-eabi-4_7-2013q3/bin/../lib/gcc/arm-none-eabi/4.7.4/../../../../arm-none-eabi/lib/crt0.o
LOAD ./libnrf24l01/src/nRF24L01.o
LOAD ./libnrf24l01/src/TM4C123_nRF24L01.o
LOAD ./tm4c123gh6pm_startup_ccs_gcc.o
LOAD ./main.o
LOAD ./MainBoardDriver.o
LOAD ./CustomTivaDrivers.o
                0x00002000                PROVIDE (_intvecs_base_address, 0x2000)

.intvecs        0x00002000      0x26c
 *(.intvecs)
 .intvecs       0x00002000      0x26c ./tm4c123gh6pm_startup_ccs_gcc.o
                0x00002000                g_pfnVectors
                0x20000000                PROVIDE (_vtable_base_address, 0x20000000)

.vtable
 *(.vtable)

.text           0x0000226c     0x5530
 CREATE_OBJECT_SYMBOLS
 *(.text)
 .text          0x0000226c        0x0 d:/program files/ti/ccsv6/tools/compiler/gcc-arm-none-eabi-4_7-2013q3/bin/../lib/gcc/arm-none-eabi/4.7.4/crti.o
 .text          0x0000226c       0x94 d:/program files/ti/ccsv6/tools/compiler/gcc-arm-none-eabi-4_7-2013q3/bin/../lib/gcc/arm-none-eabi/4.7.4/crtbegin.o
 .text          0x00002300      0x110 d:/program files/ti/ccsv6/tools/compiler/gcc-arm-none-eabi-4_7-2013q3/bin/../lib/gcc/arm-none-eabi/4.7.4/../../../../arm-none-eabi/lib/crt0.o
                0x00002300                _start
                0x00002300                start
                0x00002300                _mainCRTStartup
 .text          0x00002410        0x0 ./libnrf24l01/src/nRF24L01.o
 .text          0x00002410        0x0 ./libnrf24l01/src/TM4C123_nRF24L01.o
 .text          0x00002410        0x0 ./tm4c123gh6pm_startup_ccs_gcc.o
 .text          0x00002410        0x0 ./main.o
 .text          0x00002410        0x0 ./MainBoardDriver.o
 .text          0x00002410        0x0 ./CustomTivaDrivers.o
 .text          0x00002410        0x0 d:/program files/ti/ccsv6/tools/compiler/gcc-arm-none-eabi-4_7-2013q3/bin/../lib/gcc/arm-none-eabi/4.7.4/../../../../arm-none-eabi/lib\libc.a(lib_a-__atexit.o)
 .text          0x00002410        0x0 d:/program files/ti/ccsv6/tools/compiler/gcc-arm-none-eabi-4_7-2013q3/bin/../lib/gcc/arm-none-eabi/4.7.4/../../../../arm-none-eabi/lib\libc.a(lib_a-exit.o)
 .text          0x00002410        0x0 d:/program files/ti/ccsv6/tools/compiler/gcc-arm-none-eabi-4_7-2013q3/bin/../lib/gcc/arm-none-eabi/4.7.4/../../../../arm-none-eabi/lib\libc.a(lib_a-fini.o)
 .text          0x00002410        0x0 d:/program files/ti/ccsv6/tools/compiler/gcc-arm-none-eabi-4_7-2013q3/bin/../lib/gcc/arm-none-eabi/4.7.4/../../../../arm-none-eabi/lib\libc.a(lib_a-impure.o)
 .text          0x00002410        0x0 d:/program files/ti/ccsv6/tools/compiler/gcc-arm-none-eabi-4_7-2013q3/bin/../lib/gcc/arm-none-eabi/4.7.4/../../../../arm-none-eabi/lib\libc.a(lib_a-init.o)
 .text          0x00002410        0x0 d:/program files/ti/ccsv6/tools/compiler/gcc-arm-none-eabi-4_7-2013q3/bin/../lib/gcc/arm-none-eabi/4.7.4/../../../../arm-none-eabi/lib\libc.a(lib_a-memset.o)
 .text          0x00002410        0x0 d:/program files/ti/ccsv6/tools/compiler/gcc-arm-none-eabi-4_7-2013q3/bin/../lib/gcc/arm-none-eabi/4.7.4/../../../../arm-none-eabi/lib\libc.a(lib_a-__call_atexit.o)
 .text          0x00002410        0x0 d:/program files/ti/ccsv6/tools/compiler/gcc-arm-none-eabi-4_7-2013q3/bin/../lib/gcc/arm-none-eabi/4.7.4/../../../../arm-none-eabi/lib\libc.a(lib_a-atexit.o)
 .text          0x00002410        0x0 d:/program files/ti/ccsv6/tools/compiler/gcc-arm-none-eabi-4_7-2013q3/bin/../lib/gcc/arm-none-eabi/4.7.4/../../../../arm-none-eabi/lib\libnosys.a(_exit.o)
 .text          0x00002410        0x0 D:/Program Files/TI/TivaWare_C_Series-2.1.0.12573/driverlib/gcc\libdriver.a(adc.o)
 .text          0x00002410        0x0 D:/Program Files/TI/TivaWare_C_Series-2.1.0.12573/driverlib/gcc\libdriver.a(gpio.o)
 .text          0x00002410        0x0 D:/Program Files/TI/TivaWare_C_Series-2.1.0.12573/driverlib/gcc\libdriver.a(interrupt.o)
 .text          0x00002410        0x0 D:/Program Files/TI/TivaWare_C_Series-2.1.0.12573/driverlib/gcc\libdriver.a(pwm.o)
 .text          0x00002410        0x0 D:/Program Files/TI/TivaWare_C_Series-2.1.0.12573/driverlib/gcc\libdriver.a(ssi.o)
 .text          0x00002410        0x0 D:/Program Files/TI/TivaWare_C_Series-2.1.0.12573/driverlib/gcc\libdriver.a(sysctl.o)
 .text          0x00002410        0x0 D:/Program Files/TI/TivaWare_C_Series-2.1.0.12573/driverlib/gcc\libdriver.a(timer.o)
 .text          0x00002410        0x0 D:/Program Files/TI/TivaWare_C_Series-2.1.0.12573/driverlib/gcc\libdriver.a(udma.o)
 .text          0x00002410        0x0 D:/Program Files/TI/TivaWare_C_Series-2.1.0.12573/driverlib/gcc\libdriver.a(cpu.o)
 .text          0x00002410        0x0 d:/program files/ti/ccsv6/tools/compiler/gcc-arm-none-eabi-4_7-2013q3/bin/../lib/gcc/arm-none-eabi/4.7.4/crtend.o
 .text          0x00002410        0x0 d:/program files/ti/ccsv6/tools/compiler/gcc-arm-none-eabi-4_7-2013q3/bin/../lib/gcc/arm-none-eabi/4.7.4/crtn.o
 *(.text.*)
 .text.RF24_init
                0x00002410       0xdc ./libnrf24l01/src/nRF24L01.o
                0x00002410                RF24_init
 .text.RF24_enableFeatures
                0x000024ec       0x70 ./libnrf24l01/src/nRF24L01.o
                0x000024ec                RF24_enableFeatures
 .text.RF24_disableFeatures
                0x0000255c       0x60 ./libnrf24l01/src/nRF24L01.o
                0x0000255c                RF24_disableFeatures
 .text.RF24_getLostPackets
                0x000025bc       0x18 ./libnrf24l01/src/nRF24L01.o
                0x000025bc                RF24_getLostPackets
 .text.RF24_isAlive
                0x000025d4       0x3c ./libnrf24l01/src/nRF24L01.o
                0x000025d4                RF24_isAlive
 .text.RF24_setConfigureRegister
                0x00002610       0x24 ./libnrf24l01/src/nRF24L01.o
                0x00002610                RF24_setConfigureRegister
 .text.RF24_getConfigureRegister
                0x00002634       0x14 ./libnrf24l01/src/nRF24L01.o
                0x00002634                RF24_getConfigureRegister
 .text.RF24_setSpeedAndPower
                0x00002648       0x28 ./libnrf24l01/src/nRF24L01.o
                0x00002648                RF24_setSpeedAndPower
 .text.RF24_setChannel
                0x00002670       0x24 ./libnrf24l01/src/nRF24L01.o
                0x00002670                RF24_setChannel
 .text.RF24_setAddressWidth
                0x00002694       0x28 ./libnrf24l01/src/nRF24L01.o
                0x00002694                RF24_setAddressWidth
 .text.RF24_getCurrentState
                0x000026bc       0x90 ./libnrf24l01/src/nRF24L01.o
                0x000026bc                RF24_getCurrentState
 .text.RF24_startPowerDown
                0x0000274c       0x20 ./libnrf24l01/src/nRF24L01.o
                0x0000274c                RF24_startPowerDown
 .text.RF24_startStandby
                0x0000276c       0x6c ./libnrf24l01/src/nRF24L01.o
                0x0000276c                RF24_startStandby
 .text.RF24_scan
                0x000027d8       0x7c ./libnrf24l01/src/nRF24L01.o
                0x000027d8                RF24_scan
 .text.RF24_getIrqFlag
                0x00002854       0x70 ./libnrf24l01/src/nRF24L01.o
                0x00002854                RF24_getIrqFlag
 .text.RF24_clearIrqFlag
                0x000028c4       0x64 ./libnrf24l01/src/nRF24L01.o
                0x000028c4                RF24_clearIrqFlag
 .text.RF24_readRegister
                0x00002928       0x44 ./libnrf24l01/src/nRF24L01.o
                0x00002928                RF24_readRegister
 .text.RF24_writeRegister
                0x0000296c       0x44 ./libnrf24l01/src/nRF24L01.o
                0x0000296c                RF24_writeRegister
 .text.RF24_TX_setAddress
                0x000029b0       0x64 ./libnrf24l01/src/nRF24L01.o
                0x000029b0                RF24_TX_setAddress
 .text.RF24_TX_writePayloadAck
                0x00002a14       0x60 ./libnrf24l01/src/nRF24L01.o
                0x00002a14                RF24_TX_writePayloadAck
 .text.RF24_TX_writePayloadNoAck
                0x00002a74       0x74 ./libnrf24l01/src/nRF24L01.o
                0x00002a74                RF24_TX_writePayloadNoAck
 .text.RF24_TX_flush
                0x00002ae8       0x24 ./libnrf24l01/src/nRF24L01.o
                0x00002ae8                RF24_TX_flush
 .text.RF24_TX_reuseLastPayload
                0x00002b0c       0x24 ./libnrf24l01/src/nRF24L01.o
                0x00002b0c                RF24_TX_reuseLastPayload
 .text.RF24_TX_activate
                0x00002b30       0x30 ./libnrf24l01/src/nRF24L01.o
                0x00002b30                RF24_TX_activate
 .text.RF24_TX_pulseTransmit
                0x00002b60       0x18 ./libnrf24l01/src/nRF24L01.o
                0x00002b60                RF24_TX_pulseTransmit
 .text.RF24_RX_setAddress
                0x00002b78       0x8c ./libnrf24l01/src/nRF24L01.o
                0x00002b78                RF24_RX_setAddress
 .text.RF24_RX_getPayloadWidth
                0x00002c04       0x3c ./libnrf24l01/src/nRF24L01.o
                0x00002c04                RF24_RX_getPayloadWidth
 .text.RF24_RX_getPayloadData
                0x00002c40       0x74 ./libnrf24l01/src/nRF24L01.o
                0x00002c40                RF24_RX_getPayloadData
 .text.RF24_RX_flush
                0x00002cb4       0x24 ./libnrf24l01/src/nRF24L01.o
                0x00002cb4                RF24_RX_flush
 .text.RF24_RX_activate
                0x00002cd8       0x30 ./libnrf24l01/src/nRF24L01.o
                0x00002cd8                RF24_RX_activate
 .text.RF24_RX_isEmpty
                0x00002d08       0x30 ./libnrf24l01/src/nRF24L01.o
                0x00002d08                RF24_RX_isEmpty
 .text.RF24_RX_sendAckWithPayload
                0x00002d38       0x84 ./libnrf24l01/src/nRF24L01.o
                0x00002d38                RF24_RX_sendAckWithPayload
 .text.RF24_RX_carrierDetection
                0x00002dbc       0x2c ./libnrf24l01/src/nRF24L01.o
                0x00002dbc                RF24_RX_carrierDetection
 .text.RF24_PIPE_close
                0x00002de8       0x80 ./libnrf24l01/src/nRF24L01.o
                0x00002de8                RF24_PIPE_close
 .text.RF24_PIPE_closeAll
                0x00002e68       0x2c ./libnrf24l01/src/nRF24L01.o
                0x00002e68                RF24_PIPE_closeAll
 .text.RF24_PIPE_open
                0x00002e94       0x90 ./libnrf24l01/src/nRF24L01.o
                0x00002e94                RF24_PIPE_open
 .text.RF24_PIPE_isOpen
                0x00002f24       0x50 ./libnrf24l01/src/nRF24L01.o
                0x00002f24                RF24_PIPE_isOpen
 .text.RF24_PIPE_setPacketSize
                0x00002f74       0xa8 ./libnrf24l01/src/nRF24L01.o
                0x00002f74                RF24_PIPE_setPacketSize
 .text.RF24_RETRANS_setDelay
                0x0000301c       0x40 ./libnrf24l01/src/nRF24L01.o
                0x0000301c                RF24_RETRANS_setDelay
 .text.RF24_RETRANS_setCount
                0x0000305c       0x40 ./libnrf24l01/src/nRF24L01.o
                0x0000305c                RF24_RETRANS_setCount
 .text.RF24_RETRANS_getLastRetransmits
                0x0000309c       0x18 ./libnrf24l01/src/nRF24L01.o
                0x0000309c                RF24_RETRANS_getLastRetransmits
 .text.initSpiForRF
                0x000030b4      0x124 ./libnrf24l01/src/TM4C123_nRF24L01.o
                0x000030b4                initSpiForRF
 .text.setRfCSN
                0x000031d8       0x18 ./libnrf24l01/src/TM4C123_nRF24L01.o
                0x000031d8                setRfCSN
 .text.clearRfCSN
                0x000031f0       0x18 ./libnrf24l01/src/TM4C123_nRF24L01.o
                0x000031f0                clearRfCSN
 .text.setRfCE  0x00003208       0x24 ./libnrf24l01/src/TM4C123_nRF24L01.o
                0x00003208                setRfCE
 .text.clearRfCE
                0x0000322c       0x24 ./libnrf24l01/src/TM4C123_nRF24L01.o
                0x0000322c                clearRfCE
 .text.SPI_sendAndGetData
                0x00003250       0x38 ./libnrf24l01/src/TM4C123_nRF24L01.o
                0x00003250                SPI_sendAndGetData
 .text.rfDelayLoop
                0x00003288       0x18 ./libnrf24l01/src/TM4C123_nRF24L01.o
                0x00003288                rfDelayLoop
 .text.getCEState
                0x000032a0       0x18 ./libnrf24l01/src/TM4C123_nRF24L01.o
                0x000032a0                getCEState
 .text.ResetISR
                0x000032b8       0x84 ./tm4c123gh6pm_startup_ccs_gcc.o
                0x000032b8                ResetISR
 .text.NmiSR    0x0000333c        0x8 ./tm4c123gh6pm_startup_ccs_gcc.o
 .text.FaultISR
                0x00003344        0x8 ./tm4c123gh6pm_startup_ccs_gcc.o
 .text.IntDefaultHandler
                0x0000334c        0x8 ./tm4c123gh6pm_startup_ccs_gcc.o
 .text.SysTickHandler
                0x00003354       0x24 ./main.o
                0x00003354                SysTickHandler
 .text.main     0x00003378       0x7c ./main.o
                0x00003378                main
 .text.GPIOAIntHandler
                0x000033f4       0x1c ./main.o
                0x000033f4                GPIOAIntHandler
 .text.RF24_IntHandler
                0x00003410      0x2f8 ./main.o
                0x00003410                RF24_IntHandler
 .text.initLED  0x00003708       0x2c ./MainBoardDriver.o
                0x00003708                initLED
 .text.turnOnLED
                0x00003734       0x28 ./MainBoardDriver.o
                0x00003734                turnOnLED
 .text.turnOffLED
                0x0000375c       0x28 ./MainBoardDriver.o
                0x0000375c                turnOffLED
 .text.toggleLED
                0x00003784       0x3c ./MainBoardDriver.o
                0x00003784                toggleLED
 .text.signalUnhandleError
                0x000037c0       0x68 ./MainBoardDriver.o
                0x000037c0                signalUnhandleError
 .text.initMotor
                0x00003828      0x1a8 ./MainBoardDriver.o
                0x00003828                initMotor
 .text.enableMOTOR
                0x000039d0       0x18 ./MainBoardDriver.o
                0x000039d0                enableMOTOR
 .text.disableMOTOR
                0x000039e8       0x18 ./MainBoardDriver.o
                0x000039e8                disableMOTOR
 .text.setMotorDirection
                0x00003a00       0x40 ./MainBoardDriver.o
                0x00003a00                setMotorDirection
 .text.testAllMotorModes
                0x00003a40      0x620 ./MainBoardDriver.o
                0x00003a40                testAllMotorModes
 .text.setMotorSpeed
                0x00004060       0x44 ./MainBoardDriver.o
                0x00004060                setMotorSpeed
 .text.initADC  0x000040a4       0x64 ./MainBoardDriver.o
                0x000040a4                initADC
 .text.groundAdjacentADCPins
                0x00004108       0x2c ./MainBoardDriver.o
                0x00004108                groundAdjacentADCPins
 .text.initDistanceSensingModules
                0x00004134      0x1a4 ./MainBoardDriver.o
                0x00004134                initDistanceSensingModules
 .text.startSamplingMicSignals
                0x000042d8       0x28 ./MainBoardDriver.o
                0x000042d8                startSamplingMicSignals
 .text.ADC0IntHandler
                0x00004300       0xa8 ./MainBoardDriver.o
                0x00004300                ADC0IntHandler
 .text.ADC1IntHandler
                0x000043a8       0xa8 ./MainBoardDriver.o
                0x000043a8                ADC1IntHandler
 .text.uDMAErrorHandler
                0x00004450       0x38 ./MainBoardDriver.o
                0x00004450                uDMAErrorHandler
 .text.initBatteryChannel
                0x00004488       0xf4 ./MainBoardDriver.o
                0x00004488                initBatteryChannel
 .text.startSamplingBatteryVoltage
                0x0000457c       0x18 ./MainBoardDriver.o
                0x0000457c                startSamplingBatteryVoltage
 .text.BatterySequenceIntHandler
                0x00004594       0x6c ./MainBoardDriver.o
                0x00004594                BatterySequenceIntHandler
 .text.initSpeaker
                0x00004600      0x16c ./MainBoardDriver.o
                0x00004600                initSpeaker
 .text.startSpeaker
                0x0000476c       0x3c ./MainBoardDriver.o
                0x0000476c                startSpeaker
 .text.SpeakerTimerIntHandler
                0x000047a8       0x4c ./MainBoardDriver.o
                0x000047a8                SpeakerTimerIntHandler
 .text.initRfModule
                0x000047f4       0x9c ./MainBoardDriver.o
                0x000047f4                initRfModule
 .text.sendDataToControlBoard
                0x00004890      0x158 ./MainBoardDriver.o
                0x00004890                sendDataToControlBoard
 .text.testCarrierDetection
                0x000049e8       0x60 ./MainBoardDriver.o
                0x000049e8                testCarrierDetection
 .text.testRfTransmission
                0x00004a48      0x120 ./MainBoardDriver.o
                0x00004a48                testRfTransmission
 .text.sendTestData
                0x00004b68       0x50 ./MainBoardDriver.o
                0x00004b68                sendTestData
 .text.initLowPowerMode
                0x00004bb8       0x90 ./MainBoardDriver.o
                0x00004bb8                initLowPowerMode
 .text.gotoSleepMode
                0x00004c48       0x24 ./MainBoardDriver.o
                0x00004c48                gotoSleepMode
 .text.gotoDeepSleepMode
                0x00004c6c       0x14 ./MainBoardDriver.o
                0x00004c6c                gotoDeepSleepMode
 .text.wakeUpFormLPM
                0x00004c80       0x30 ./MainBoardDriver.o
                0x00004c80                wakeUpFormLPM
 .text.GPIOPinToggle
                0x00004cb0       0x38 ./CustomTivaDrivers.o
                0x00004cb0                GPIOPinToggle
 .text.ADCDitherEnable
                0x00004ce8       0x28 ./CustomTivaDrivers.o
                0x00004ce8                ADCDitherEnable
 .text.ADCDitherDisable
                0x00004d10       0x28 ./CustomTivaDrivers.o
                0x00004d10                ADCDitherDisable
 .text.__register_exitproc
                0x00004d38       0xf4 d:/program files/ti/ccsv6/tools/compiler/gcc-arm-none-eabi-4_7-2013q3/bin/../lib/gcc/arm-none-eabi/4.7.4/../../../../arm-none-eabi/lib\libc.a(lib_a-__atexit.o)
                0x00004d38                __register_exitproc
 .text.exit     0x00004e2c       0x34 d:/program files/ti/ccsv6/tools/compiler/gcc-arm-none-eabi-4_7-2013q3/bin/../lib/gcc/arm-none-eabi/4.7.4/../../../../arm-none-eabi/lib\libc.a(lib_a-exit.o)
                0x00004e2c                exit
 .text.__libc_fini_array
                0x00004e60       0x44 d:/program files/ti/ccsv6/tools/compiler/gcc-arm-none-eabi-4_7-2013q3/bin/../lib/gcc/arm-none-eabi/4.7.4/../../../../arm-none-eabi/lib\libc.a(lib_a-fini.o)
                0x00004e60                __libc_fini_array
 .text.__libc_init_array
                0x00004ea4       0x88 d:/program files/ti/ccsv6/tools/compiler/gcc-arm-none-eabi-4_7-2013q3/bin/../lib/gcc/arm-none-eabi/4.7.4/../../../../arm-none-eabi/lib\libc.a(lib_a-init.o)
                0x00004ea4                __libc_init_array
 .text.memset   0x00004f2c       0xf8 d:/program files/ti/ccsv6/tools/compiler/gcc-arm-none-eabi-4_7-2013q3/bin/../lib/gcc/arm-none-eabi/4.7.4/../../../../arm-none-eabi/lib\libc.a(lib_a-memset.o)
                0x00004f2c                memset
 .text.startup.register_fini
                0x00005024       0x24 d:/program files/ti/ccsv6/tools/compiler/gcc-arm-none-eabi-4_7-2013q3/bin/../lib/gcc/arm-none-eabi/4.7.4/../../../../arm-none-eabi/lib\libc.a(lib_a-__call_atexit.o)
 .text.__call_exitprocs
                0x00005048      0x17c d:/program files/ti/ccsv6/tools/compiler/gcc-arm-none-eabi-4_7-2013q3/bin/../lib/gcc/arm-none-eabi/4.7.4/../../../../arm-none-eabi/lib\libc.a(lib_a-__call_atexit.o)
                0x00005048                __call_exitprocs
 .text.atexit   0x000051c4       0x20 d:/program files/ti/ccsv6/tools/compiler/gcc-arm-none-eabi-4_7-2013q3/bin/../lib/gcc/arm-none-eabi/4.7.4/../../../../arm-none-eabi/lib\libc.a(lib_a-atexit.o)
                0x000051c4                atexit
 .text._exit    0x000051e4        0x4 d:/program files/ti/ccsv6/tools/compiler/gcc-arm-none-eabi-4_7-2013q3/bin/../lib/gcc/arm-none-eabi/4.7.4/../../../../arm-none-eabi/lib\libnosys.a(_exit.o)
                0x000051e4                _exit
 .text._ADCIntNumberGet
                0x000051e8       0x4c D:/Program Files/TI/TivaWare_C_Series-2.1.0.12573/driverlib/gcc\libdriver.a(adc.o)
 .text.ADCIntRegister
                0x00005234       0x1a D:/Program Files/TI/TivaWare_C_Series-2.1.0.12573/driverlib/gcc\libdriver.a(adc.o)
                0x00005234                ADCIntRegister
 .text.ADCIntUnregister
                0x0000524e       0x16 D:/Program Files/TI/TivaWare_C_Series-2.1.0.12573/driverlib/gcc\libdriver.a(adc.o)
                0x0000524e                ADCIntUnregister
 .text.ADCIntDisable
                0x00005264        0xe D:/Program Files/TI/TivaWare_C_Series-2.1.0.12573/driverlib/gcc\libdriver.a(adc.o)
                0x00005264                ADCIntDisable
 .text.ADCIntEnable
                0x00005272        0xe D:/Program Files/TI/TivaWare_C_Series-2.1.0.12573/driverlib/gcc\libdriver.a(adc.o)
                0x00005272                ADCIntEnable
 .text.ADCIntStatus
                0x00005280       0x36 D:/Program Files/TI/TivaWare_C_Series-2.1.0.12573/driverlib/gcc\libdriver.a(adc.o)
                0x00005280                ADCIntStatus
 .text.ADCIntClear
                0x000052b6        0x8 D:/Program Files/TI/TivaWare_C_Series-2.1.0.12573/driverlib/gcc\libdriver.a(adc.o)
                0x000052b6                ADCIntClear
 .text.ADCSequenceEnable
                0x000052be        0xe D:/Program Files/TI/TivaWare_C_Series-2.1.0.12573/driverlib/gcc\libdriver.a(adc.o)
                0x000052be                ADCSequenceEnable
 .text.ADCSequenceDisable
                0x000052cc        0xe D:/Program Files/TI/TivaWare_C_Series-2.1.0.12573/driverlib/gcc\libdriver.a(adc.o)
                0x000052cc                ADCSequenceDisable
 .text.ADCSequenceConfigure
                0x000052da       0x48 D:/Program Files/TI/TivaWare_C_Series-2.1.0.12573/driverlib/gcc\libdriver.a(adc.o)
                0x000052da                ADCSequenceConfigure
 .text.ADCSequenceStepConfigure
                0x00005322       0x8c D:/Program Files/TI/TivaWare_C_Series-2.1.0.12573/driverlib/gcc\libdriver.a(adc.o)
                0x00005322                ADCSequenceStepConfigure
 .text.ADCSequenceOverflow
                0x000053ae        0xa D:/Program Files/TI/TivaWare_C_Series-2.1.0.12573/driverlib/gcc\libdriver.a(adc.o)
                0x000053ae                ADCSequenceOverflow
 .text.ADCSequenceOverflowClear
                0x000053b8        0x8 D:/Program Files/TI/TivaWare_C_Series-2.1.0.12573/driverlib/gcc\libdriver.a(adc.o)
                0x000053b8                ADCSequenceOverflowClear
 .text.ADCSequenceUnderflow
                0x000053c0        0xa D:/Program Files/TI/TivaWare_C_Series-2.1.0.12573/driverlib/gcc\libdriver.a(adc.o)
                0x000053c0                ADCSequenceUnderflow
 .text.ADCSequenceUnderflowClear
                0x000053ca        0x8 D:/Program Files/TI/TivaWare_C_Series-2.1.0.12573/driverlib/gcc\libdriver.a(adc.o)
                0x000053ca                ADCSequenceUnderflowClear
 .text.ADCSequenceDataGet
                0x000053d2       0x20 D:/Program Files/TI/TivaWare_C_Series-2.1.0.12573/driverlib/gcc\libdriver.a(adc.o)
                0x000053d2                ADCSequenceDataGet
 .text.ADCProcessorTrigger
                0x000053f2       0x1a D:/Program Files/TI/TivaWare_C_Series-2.1.0.12573/driverlib/gcc\libdriver.a(adc.o)
                0x000053f2                ADCProcessorTrigger
 .text.ADCSoftwareOversampleConfigure
                0x0000540c       0x18 D:/Program Files/TI/TivaWare_C_Series-2.1.0.12573/driverlib/gcc\libdriver.a(adc.o)
                0x0000540c                ADCSoftwareOversampleConfigure
 .text.ADCSoftwareOversampleStepConfigure
                0x00005424       0x78 D:/Program Files/TI/TivaWare_C_Series-2.1.0.12573/driverlib/gcc\libdriver.a(adc.o)
                0x00005424                ADCSoftwareOversampleStepConfigure
 .text.ADCSoftwareOversampleDataGet
                0x0000549c       0x30 D:/Program Files/TI/TivaWare_C_Series-2.1.0.12573/driverlib/gcc\libdriver.a(adc.o)
                0x0000549c                ADCSoftwareOversampleDataGet
 .text.ADCHardwareOversampleConfigure
                0x000054cc       0x12 D:/Program Files/TI/TivaWare_C_Series-2.1.0.12573/driverlib/gcc\libdriver.a(adc.o)
                0x000054cc                ADCHardwareOversampleConfigure
 .text.ADCComparatorConfigure
                0x000054de        0xa D:/Program Files/TI/TivaWare_C_Series-2.1.0.12573/driverlib/gcc\libdriver.a(adc.o)
                0x000054de                ADCComparatorConfigure
 .text.ADCComparatorRegionSet
                0x000054e8        0xe D:/Program Files/TI/TivaWare_C_Series-2.1.0.12573/driverlib/gcc\libdriver.a(adc.o)
                0x000054e8                ADCComparatorRegionSet
 .text.ADCComparatorReset
                0x000054f6       0x1e D:/Program Files/TI/TivaWare_C_Series-2.1.0.12573/driverlib/gcc\libdriver.a(adc.o)
                0x000054f6                ADCComparatorReset
 .text.ADCComparatorIntDisable
                0x00005514       0x10 D:/Program Files/TI/TivaWare_C_Series-2.1.0.12573/driverlib/gcc\libdriver.a(adc.o)
                0x00005514                ADCComparatorIntDisable
 .text.ADCComparatorIntEnable
                0x00005524       0x10 D:/Program Files/TI/TivaWare_C_Series-2.1.0.12573/driverlib/gcc\libdriver.a(adc.o)
                0x00005524                ADCComparatorIntEnable
 .text.ADCComparatorIntStatus
                0x00005534        0x4 D:/Program Files/TI/TivaWare_C_Series-2.1.0.12573/driverlib/gcc\libdriver.a(adc.o)
                0x00005534                ADCComparatorIntStatus
 .text.ADCComparatorIntClear
                0x00005538        0x4 D:/Program Files/TI/TivaWare_C_Series-2.1.0.12573/driverlib/gcc\libdriver.a(adc.o)
                0x00005538                ADCComparatorIntClear
 .text.ADCIntDisableEx
                0x0000553c        0xa D:/Program Files/TI/TivaWare_C_Series-2.1.0.12573/driverlib/gcc\libdriver.a(adc.o)
                0x0000553c                ADCIntDisableEx
 .text.ADCIntEnableEx
                0x00005546        0x8 D:/Program Files/TI/TivaWare_C_Series-2.1.0.12573/driverlib/gcc\libdriver.a(adc.o)
                0x00005546                ADCIntEnableEx
 .text.ADCIntStatusEx
                0x0000554e       0x14 D:/Program Files/TI/TivaWare_C_Series-2.1.0.12573/driverlib/gcc\libdriver.a(adc.o)
                0x0000554e                ADCIntStatusEx
 .text.ADCIntClearEx
                0x00005562        0x8 D:/Program Files/TI/TivaWare_C_Series-2.1.0.12573/driverlib/gcc\libdriver.a(adc.o)
                0x00005562                ADCIntClearEx
 .text.ADCReferenceSet
                0x0000556a        0xc D:/Program Files/TI/TivaWare_C_Series-2.1.0.12573/driverlib/gcc\libdriver.a(adc.o)
                0x0000556a                ADCReferenceSet
 .text.ADCReferenceGet
                0x00005576        0x8 D:/Program Files/TI/TivaWare_C_Series-2.1.0.12573/driverlib/gcc\libdriver.a(adc.o)
                0x00005576                ADCReferenceGet
 .text.ADCPhaseDelaySet
                0x0000557e        0x4 D:/Program Files/TI/TivaWare_C_Series-2.1.0.12573/driverlib/gcc\libdriver.a(adc.o)
                0x0000557e                ADCPhaseDelaySet
 .text.ADCPhaseDelayGet
                0x00005582        0x4 D:/Program Files/TI/TivaWare_C_Series-2.1.0.12573/driverlib/gcc\libdriver.a(adc.o)
                0x00005582                ADCPhaseDelayGet
 .text.ADCSequenceDMAEnable
                0x00005586       0x10 D:/Program Files/TI/TivaWare_C_Series-2.1.0.12573/driverlib/gcc\libdriver.a(adc.o)
                0x00005586                ADCSequenceDMAEnable
 .text.ADCSequenceDMADisable
                0x00005596       0x10 D:/Program Files/TI/TivaWare_C_Series-2.1.0.12573/driverlib/gcc\libdriver.a(adc.o)
                0x00005596                ADCSequenceDMADisable
 .text.ADCBusy  0x000055a6        0x8 D:/Program Files/TI/TivaWare_C_Series-2.1.0.12573/driverlib/gcc\libdriver.a(adc.o)
                0x000055a6                ADCBusy
 .text.ADCClockConfigSet
                0x000055ae       0x1a D:/Program Files/TI/TivaWare_C_Series-2.1.0.12573/driverlib/gcc\libdriver.a(adc.o)
                0x000055ae                ADCClockConfigSet
 .text.ADCClockConfigGet
                0x000055c8       0x1c D:/Program Files/TI/TivaWare_C_Series-2.1.0.12573/driverlib/gcc\libdriver.a(adc.o)
                0x000055c8                ADCClockConfigGet
 .text._GPIOIntNumberGet
                0x000055e4       0x48 D:/Program Files/TI/TivaWare_C_Series-2.1.0.12573/driverlib/gcc\libdriver.a(gpio.o)
 .text.GPIODirModeSet
                0x0000562c       0x2e D:/Program Files/TI/TivaWare_C_Series-2.1.0.12573/driverlib/gcc\libdriver.a(gpio.o)
                0x0000562c                GPIODirModeSet
 .text.GPIODirModeGet
                0x0000565a       0x24 D:/Program Files/TI/TivaWare_C_Series-2.1.0.12573/driverlib/gcc\libdriver.a(gpio.o)
                0x0000565a                GPIODirModeGet
 .text.GPIOIntTypeSet
                0x0000567e       0x62 D:/Program Files/TI/TivaWare_C_Series-2.1.0.12573/driverlib/gcc\libdriver.a(gpio.o)
                0x0000567e                GPIOIntTypeSet
 .text.GPIOIntTypeGet
                0x000056e0       0x42 D:/Program Files/TI/TivaWare_C_Series-2.1.0.12573/driverlib/gcc\libdriver.a(gpio.o)
                0x000056e0                GPIOIntTypeGet
 .text.GPIOPadConfigSet
                0x00005722      0x14e D:/Program Files/TI/TivaWare_C_Series-2.1.0.12573/driverlib/gcc\libdriver.a(gpio.o)
                0x00005722                GPIOPadConfigSet
 .text.GPIOPadConfigGet
                0x00005870       0xbc D:/Program Files/TI/TivaWare_C_Series-2.1.0.12573/driverlib/gcc\libdriver.a(gpio.o)
                0x00005870                GPIOPadConfigGet
 .text.GPIOIntEnable
                0x0000592c        0xc D:/Program Files/TI/TivaWare_C_Series-2.1.0.12573/driverlib/gcc\libdriver.a(gpio.o)
                0x0000592c                GPIOIntEnable
 .text.GPIOIntDisable
                0x00005938        0xe D:/Program Files/TI/TivaWare_C_Series-2.1.0.12573/driverlib/gcc\libdriver.a(gpio.o)
                0x00005938                GPIOIntDisable
 .text.GPIOIntStatus
                0x00005946        0xe D:/Program Files/TI/TivaWare_C_Series-2.1.0.12573/driverlib/gcc\libdriver.a(gpio.o)
                0x00005946                GPIOIntStatus
 .text.GPIOIntClear
                0x00005954        0x6 D:/Program Files/TI/TivaWare_C_Series-2.1.0.12573/driverlib/gcc\libdriver.a(gpio.o)
                0x00005954                GPIOIntClear
 .text.GPIOIntRegister
                0x0000595a       0x1a D:/Program Files/TI/TivaWare_C_Series-2.1.0.12573/driverlib/gcc\libdriver.a(gpio.o)
                0x0000595a                GPIOIntRegister
 .text.GPIOIntUnregister
                0x00005974       0x16 D:/Program Files/TI/TivaWare_C_Series-2.1.0.12573/driverlib/gcc\libdriver.a(gpio.o)
                0x00005974                GPIOIntUnregister
 .text.GPIOPinRead
                0x0000598a        0x6 D:/Program Files/TI/TivaWare_C_Series-2.1.0.12573/driverlib/gcc\libdriver.a(gpio.o)
                0x0000598a                GPIOPinRead
 .text.GPIOPinWrite
                0x00005990        0x6 D:/Program Files/TI/TivaWare_C_Series-2.1.0.12573/driverlib/gcc\libdriver.a(gpio.o)
                0x00005990                GPIOPinWrite
 .text.GPIOPinTypeADC
                0x00005996       0x1c D:/Program Files/TI/TivaWare_C_Series-2.1.0.12573/driverlib/gcc\libdriver.a(gpio.o)
                0x00005996                GPIOPinTypeADC
 .text.GPIOPinTypeCAN
                0x000059b2       0x1c D:/Program Files/TI/TivaWare_C_Series-2.1.0.12573/driverlib/gcc\libdriver.a(gpio.o)
                0x000059b2                GPIOPinTypeCAN
 .text.GPIOPinTypeComparator
                0x000059ce       0x1c D:/Program Files/TI/TivaWare_C_Series-2.1.0.12573/driverlib/gcc\libdriver.a(gpio.o)
                0x000059ce                GPIOPinTypeComparator
 .text.GPIOPinTypeEPI
                0x000059ea       0x1c D:/Program Files/TI/TivaWare_C_Series-2.1.0.12573/driverlib/gcc\libdriver.a(gpio.o)
                0x000059ea                GPIOPinTypeEPI
 .text.GPIOPinTypeEthernetLED
                0x00005a06       0x1c D:/Program Files/TI/TivaWare_C_Series-2.1.0.12573/driverlib/gcc\libdriver.a(gpio.o)
                0x00005a06                GPIOPinTypeEthernetLED
 .text.GPIOPinTypeEthernetMII
                0x00005a22       0x1c D:/Program Files/TI/TivaWare_C_Series-2.1.0.12573/driverlib/gcc\libdriver.a(gpio.o)
                0x00005a22                GPIOPinTypeEthernetMII
 .text.GPIOPinTypeGPIOInput
                0x00005a3e       0x1c D:/Program Files/TI/TivaWare_C_Series-2.1.0.12573/driverlib/gcc\libdriver.a(gpio.o)
                0x00005a3e                GPIOPinTypeGPIOInput
 .text.GPIOPinTypeGPIOOutput
                0x00005a5a       0x1c D:/Program Files/TI/TivaWare_C_Series-2.1.0.12573/driverlib/gcc\libdriver.a(gpio.o)
                0x00005a5a                GPIOPinTypeGPIOOutput
 .text.GPIOPinTypeGPIOOutputOD
                0x00005a76       0x1c D:/Program Files/TI/TivaWare_C_Series-2.1.0.12573/driverlib/gcc\libdriver.a(gpio.o)
                0x00005a76                GPIOPinTypeGPIOOutputOD
 .text.GPIOPinTypeI2C
                0x00005a92       0x1c D:/Program Files/TI/TivaWare_C_Series-2.1.0.12573/driverlib/gcc\libdriver.a(gpio.o)
                0x00005a92                GPIOPinTypeI2C
 .text.GPIOPinTypeI2CSCL
                0x00005aae       0x1c D:/Program Files/TI/TivaWare_C_Series-2.1.0.12573/driverlib/gcc\libdriver.a(gpio.o)
                0x00005aae                GPIOPinTypeI2CSCL
 .text.GPIOPinTypeLCD
                0x00005aca       0x1c D:/Program Files/TI/TivaWare_C_Series-2.1.0.12573/driverlib/gcc\libdriver.a(gpio.o)
                0x00005aca                GPIOPinTypeLCD
 .text.GPIOPinTypeLPC
                0x00005ae6       0x1c D:/Program Files/TI/TivaWare_C_Series-2.1.0.12573/driverlib/gcc\libdriver.a(gpio.o)
                0x00005ae6                GPIOPinTypeLPC
 .text.GPIOPinTypePECIRx
                0x00005b02       0x1c D:/Program Files/TI/TivaWare_C_Series-2.1.0.12573/driverlib/gcc\libdriver.a(gpio.o)
                0x00005b02                GPIOPinTypePECIRx
 .text.GPIOPinTypePECITx
                0x00005b1e       0x1c D:/Program Files/TI/TivaWare_C_Series-2.1.0.12573/driverlib/gcc\libdriver.a(gpio.o)
                0x00005b1e                GPIOPinTypePECITx
 .text.GPIOPinTypePWM
                0x00005b3a       0x1c D:/Program Files/TI/TivaWare_C_Series-2.1.0.12573/driverlib/gcc\libdriver.a(gpio.o)
                0x00005b3a                GPIOPinTypePWM
 .text.GPIOPinTypeQEI
                0x00005b56       0x1c D:/Program Files/TI/TivaWare_C_Series-2.1.0.12573/driverlib/gcc\libdriver.a(gpio.o)
                0x00005b56                GPIOPinTypeQEI
 .text.GPIOPinTypeSSI
                0x00005b72       0x1c D:/Program Files/TI/TivaWare_C_Series-2.1.0.12573/driverlib/gcc\libdriver.a(gpio.o)
                0x00005b72                GPIOPinTypeSSI
 .text.GPIOPinTypeTimer
                0x00005b8e       0x1c D:/Program Files/TI/TivaWare_C_Series-2.1.0.12573/driverlib/gcc\libdriver.a(gpio.o)
                0x00005b8e                GPIOPinTypeTimer
 .text.GPIOPinTypeUART
                0x00005baa       0x1c D:/Program Files/TI/TivaWare_C_Series-2.1.0.12573/driverlib/gcc\libdriver.a(gpio.o)
                0x00005baa                GPIOPinTypeUART
 .text.GPIOPinTypeUSBAnalog
                0x00005bc6       0x1c D:/Program Files/TI/TivaWare_C_Series-2.1.0.12573/driverlib/gcc\libdriver.a(gpio.o)
                0x00005bc6                GPIOPinTypeUSBAnalog
 .text.GPIOPinTypeUSBDigital
                0x00005be2       0x1c D:/Program Files/TI/TivaWare_C_Series-2.1.0.12573/driverlib/gcc\libdriver.a(gpio.o)
                0x00005be2                GPIOPinTypeUSBDigital
 .text.GPIOPinTypeWakeHigh
                0x00005bfe       0x1e D:/Program Files/TI/TivaWare_C_Series-2.1.0.12573/driverlib/gcc\libdriver.a(gpio.o)
                0x00005bfe                GPIOPinTypeWakeHigh
 .text.GPIOPinTypeWakeLow
                0x00005c1c       0x1e D:/Program Files/TI/TivaWare_C_Series-2.1.0.12573/driverlib/gcc\libdriver.a(gpio.o)
                0x00005c1c                GPIOPinTypeWakeLow
 .text.GPIOPinTypeKBRow
                0x00005c3a       0x1c D:/Program Files/TI/TivaWare_C_Series-2.1.0.12573/driverlib/gcc\libdriver.a(gpio.o)
                0x00005c3a                GPIOPinTypeKBRow
 .text.GPIOPinTypeKBColumn
                0x00005c56       0x1c D:/Program Files/TI/TivaWare_C_Series-2.1.0.12573/driverlib/gcc\libdriver.a(gpio.o)
                0x00005c56                GPIOPinTypeKBColumn
 .text.GPIOPinTypeLEDSeq
                0x00005c72       0x1c D:/Program Files/TI/TivaWare_C_Series-2.1.0.12573/driverlib/gcc\libdriver.a(gpio.o)
                0x00005c72                GPIOPinTypeLEDSeq
 .text.GPIOPinTypeCIR
                0x00005c8e       0x1c D:/Program Files/TI/TivaWare_C_Series-2.1.0.12573/driverlib/gcc\libdriver.a(gpio.o)
                0x00005c8e                GPIOPinTypeCIR
 .text.GPIOPinWakeStatus
                0x00005caa        0x6 D:/Program Files/TI/TivaWare_C_Series-2.1.0.12573/driverlib/gcc\libdriver.a(gpio.o)
                0x00005caa                GPIOPinWakeStatus
 .text.GPIOPinConfigure
                0x00005cb0       0x4c D:/Program Files/TI/TivaWare_C_Series-2.1.0.12573/driverlib/gcc\libdriver.a(gpio.o)
                0x00005cb0                GPIOPinConfigure
 .text.GPIODMATriggerEnable
                0x00005cfc        0xc D:/Program Files/TI/TivaWare_C_Series-2.1.0.12573/driverlib/gcc\libdriver.a(gpio.o)
                0x00005cfc                GPIODMATriggerEnable
 .text.GPIODMATriggerDisable
                0x00005d08        0xe D:/Program Files/TI/TivaWare_C_Series-2.1.0.12573/driverlib/gcc\libdriver.a(gpio.o)
                0x00005d08                GPIODMATriggerDisable
 .text.GPIOADCTriggerEnable
                0x00005d16        0xc D:/Program Files/TI/TivaWare_C_Series-2.1.0.12573/driverlib/gcc\libdriver.a(gpio.o)
                0x00005d16                GPIOADCTriggerEnable
 .text.GPIOADCTriggerDisable
                0x00005d22        0xe D:/Program Files/TI/TivaWare_C_Series-2.1.0.12573/driverlib/gcc\libdriver.a(gpio.o)
                0x00005d22                GPIOADCTriggerDisable
 .text._IntDefaultHandler
                0x00005d30        0x2 D:/Program Files/TI/TivaWare_C_Series-2.1.0.12573/driverlib/gcc\libdriver.a(interrupt.o)
 .text.IntMasterEnable
                0x00005d32        0xe D:/Program Files/TI/TivaWare_C_Series-2.1.0.12573/driverlib/gcc\libdriver.a(interrupt.o)
                0x00005d32                IntMasterEnable
 .text.IntMasterDisable
                0x00005d40        0xe D:/Program Files/TI/TivaWare_C_Series-2.1.0.12573/driverlib/gcc\libdriver.a(interrupt.o)
                0x00005d40                IntMasterDisable
 *fill*         0x00005d4e        0x2 00
 .text.IntRegister
                0x00005d50       0x30 D:/Program Files/TI/TivaWare_C_Series-2.1.0.12573/driverlib/gcc\libdriver.a(interrupt.o)
                0x00005d50                IntRegister
 .text.IntUnregister
                0x00005d80       0x14 D:/Program Files/TI/TivaWare_C_Series-2.1.0.12573/driverlib/gcc\libdriver.a(interrupt.o)
                0x00005d80                IntUnregister
 .text.IntPriorityGroupingSet
                0x00005d94       0x1c D:/Program Files/TI/TivaWare_C_Series-2.1.0.12573/driverlib/gcc\libdriver.a(interrupt.o)
                0x00005d94                IntPriorityGroupingSet
 .text.IntPriorityGroupingGet
                0x00005db0       0x24 D:/Program Files/TI/TivaWare_C_Series-2.1.0.12573/driverlib/gcc\libdriver.a(interrupt.o)
                0x00005db0                IntPriorityGroupingGet
 .text.IntPrioritySet
                0x00005dd4       0x28 D:/Program Files/TI/TivaWare_C_Series-2.1.0.12573/driverlib/gcc\libdriver.a(interrupt.o)
                0x00005dd4                IntPrioritySet
 .text.IntPriorityGet
                0x00005dfc       0x1c D:/Program Files/TI/TivaWare_C_Series-2.1.0.12573/driverlib/gcc\libdriver.a(interrupt.o)
                0x00005dfc                IntPriorityGet
 .text.IntEnable
                0x00005e18       0x60 D:/Program Files/TI/TivaWare_C_Series-2.1.0.12573/driverlib/gcc\libdriver.a(interrupt.o)
                0x00005e18                IntEnable
 .text.IntDisable
                0x00005e78       0x60 D:/Program Files/TI/TivaWare_C_Series-2.1.0.12573/driverlib/gcc\libdriver.a(interrupt.o)
                0x00005e78                IntDisable
 .text.IntIsEnabled
                0x00005ed8       0x64 D:/Program Files/TI/TivaWare_C_Series-2.1.0.12573/driverlib/gcc\libdriver.a(interrupt.o)
                0x00005ed8                IntIsEnabled
 .text.IntPendSet
                0x00005f3c       0x50 D:/Program Files/TI/TivaWare_C_Series-2.1.0.12573/driverlib/gcc\libdriver.a(interrupt.o)
                0x00005f3c                IntPendSet
 .text.IntPendClear
                0x00005f8c       0x40 D:/Program Files/TI/TivaWare_C_Series-2.1.0.12573/driverlib/gcc\libdriver.a(interrupt.o)
                0x00005f8c                IntPendClear
 .text.IntPriorityMaskSet
                0x00005fcc        0x4 D:/Program Files/TI/TivaWare_C_Series-2.1.0.12573/driverlib/gcc\libdriver.a(interrupt.o)
                0x00005fcc                IntPriorityMaskSet
 .text.IntPriorityMaskGet
                0x00005fd0        0x4 D:/Program Files/TI/TivaWare_C_Series-2.1.0.12573/driverlib/gcc\libdriver.a(interrupt.o)
                0x00005fd0                IntPriorityMaskGet
 .text.IntTrigger
                0x00005fd4        0xc D:/Program Files/TI/TivaWare_C_Series-2.1.0.12573/driverlib/gcc\libdriver.a(interrupt.o)
                0x00005fd4                IntTrigger
 .text._PWMGenIntNumberGet
                0x00005fe0      0x120 D:/Program Files/TI/TivaWare_C_Series-2.1.0.12573/driverlib/gcc\libdriver.a(pwm.o)
 .text._PWMFaultIntNumberGet
                0x00006100       0x50 D:/Program Files/TI/TivaWare_C_Series-2.1.0.12573/driverlib/gcc\libdriver.a(pwm.o)
 .text.PWMGenConfigure
                0x00006150       0x34 D:/Program Files/TI/TivaWare_C_Series-2.1.0.12573/driverlib/gcc\libdriver.a(pwm.o)
                0x00006150                PWMGenConfigure
 .text.PWMGenPeriodSet
                0x00006184       0x14 D:/Program Files/TI/TivaWare_C_Series-2.1.0.12573/driverlib/gcc\libdriver.a(pwm.o)
                0x00006184                PWMGenPeriodSet
 .text.PWMGenPeriodGet
                0x00006198       0x18 D:/Program Files/TI/TivaWare_C_Series-2.1.0.12573/driverlib/gcc\libdriver.a(pwm.o)
                0x00006198                PWMGenPeriodGet
 .text.PWMGenEnable
                0x000061b0        0xa D:/Program Files/TI/TivaWare_C_Series-2.1.0.12573/driverlib/gcc\libdriver.a(pwm.o)
                0x000061b0                PWMGenEnable
 .text.PWMGenDisable
                0x000061ba        0xa D:/Program Files/TI/TivaWare_C_Series-2.1.0.12573/driverlib/gcc\libdriver.a(pwm.o)
                0x000061ba                PWMGenDisable
 .text.PWMPulseWidthSet
                0x000061c4       0x22 D:/Program Files/TI/TivaWare_C_Series-2.1.0.12573/driverlib/gcc\libdriver.a(pwm.o)
                0x000061c4                PWMPulseWidthSet
 .text.PWMPulseWidthGet
                0x000061e6       0x24 D:/Program Files/TI/TivaWare_C_Series-2.1.0.12573/driverlib/gcc\libdriver.a(pwm.o)
                0x000061e6                PWMPulseWidthGet
 .text.PWMDeadBandEnable
                0x0000620a       0x10 D:/Program Files/TI/TivaWare_C_Series-2.1.0.12573/driverlib/gcc\libdriver.a(pwm.o)
                0x0000620a                PWMDeadBandEnable
 .text.PWMDeadBandDisable
                0x0000621a        0xc D:/Program Files/TI/TivaWare_C_Series-2.1.0.12573/driverlib/gcc\libdriver.a(pwm.o)
                0x0000621a                PWMDeadBandDisable
 .text.PWMSyncUpdate
                0x00006226        0x4 D:/Program Files/TI/TivaWare_C_Series-2.1.0.12573/driverlib/gcc\libdriver.a(pwm.o)
                0x00006226                PWMSyncUpdate
 .text.PWMSyncTimeBase
                0x0000622a        0x4 D:/Program Files/TI/TivaWare_C_Series-2.1.0.12573/driverlib/gcc\libdriver.a(pwm.o)
                0x0000622a                PWMSyncTimeBase
 .text.PWMOutputState
                0x0000622e       0x14 D:/Program Files/TI/TivaWare_C_Series-2.1.0.12573/driverlib/gcc\libdriver.a(pwm.o)
                0x0000622e                PWMOutputState
 .text.PWMOutputInvert
                0x00006242       0x14 D:/Program Files/TI/TivaWare_C_Series-2.1.0.12573/driverlib/gcc\libdriver.a(pwm.o)
                0x00006242                PWMOutputInvert
 .text.PWMOutputFaultLevel
                0x00006256       0x14 D:/Program Files/TI/TivaWare_C_Series-2.1.0.12573/driverlib/gcc\libdriver.a(pwm.o)
                0x00006256                PWMOutputFaultLevel
 .text.PWMOutputFault
                0x0000626a       0x14 D:/Program Files/TI/TivaWare_C_Series-2.1.0.12573/driverlib/gcc\libdriver.a(pwm.o)
                0x0000626a                PWMOutputFault
 .text.PWMGenIntRegister
                0x0000627e       0x1a D:/Program Files/TI/TivaWare_C_Series-2.1.0.12573/driverlib/gcc\libdriver.a(pwm.o)
                0x0000627e                PWMGenIntRegister
 .text.PWMGenIntUnregister
                0x00006298       0x16 D:/Program Files/TI/TivaWare_C_Series-2.1.0.12573/driverlib/gcc\libdriver.a(pwm.o)
                0x00006298                PWMGenIntUnregister
 .text.PWMFaultIntRegister
                0x000062ae       0x1a D:/Program Files/TI/TivaWare_C_Series-2.1.0.12573/driverlib/gcc\libdriver.a(pwm.o)
                0x000062ae                PWMFaultIntRegister
 .text.PWMFaultIntUnregister
                0x000062c8       0x16 D:/Program Files/TI/TivaWare_C_Series-2.1.0.12573/driverlib/gcc\libdriver.a(pwm.o)
                0x000062c8                PWMFaultIntUnregister
 .text.PWMGenIntTrigEnable
                0x000062de        0xa D:/Program Files/TI/TivaWare_C_Series-2.1.0.12573/driverlib/gcc\libdriver.a(pwm.o)
                0x000062de                PWMGenIntTrigEnable
 .text.PWMGenIntTrigDisable
                0x000062e8        0xc D:/Program Files/TI/TivaWare_C_Series-2.1.0.12573/driverlib/gcc\libdriver.a(pwm.o)
                0x000062e8                PWMGenIntTrigDisable
 .text.PWMGenIntStatus
                0x000062f4        0xc D:/Program Files/TI/TivaWare_C_Series-2.1.0.12573/driverlib/gcc\libdriver.a(pwm.o)
                0x000062f4                PWMGenIntStatus
 .text.PWMGenIntClear
                0x00006300        0x6 D:/Program Files/TI/TivaWare_C_Series-2.1.0.12573/driverlib/gcc\libdriver.a(pwm.o)
                0x00006300                PWMGenIntClear
 .text.PWMIntEnable
                0x00006306        0x8 D:/Program Files/TI/TivaWare_C_Series-2.1.0.12573/driverlib/gcc\libdriver.a(pwm.o)
                0x00006306                PWMIntEnable
 .text.PWMIntDisable
                0x0000630e        0xa D:/Program Files/TI/TivaWare_C_Series-2.1.0.12573/driverlib/gcc\libdriver.a(pwm.o)
                0x0000630e                PWMIntDisable
 .text.PWMFaultIntClear
                0x00006318        0x8 D:/Program Files/TI/TivaWare_C_Series-2.1.0.12573/driverlib/gcc\libdriver.a(pwm.o)
                0x00006318                PWMFaultIntClear
 .text.PWMIntStatus
                0x00006320        0xa D:/Program Files/TI/TivaWare_C_Series-2.1.0.12573/driverlib/gcc\libdriver.a(pwm.o)
                0x00006320                PWMIntStatus
 .text.PWMFaultIntClearExt
                0x0000632a        0x4 D:/Program Files/TI/TivaWare_C_Series-2.1.0.12573/driverlib/gcc\libdriver.a(pwm.o)
                0x0000632a                PWMFaultIntClearExt
 .text.PWMGenFaultConfigure
                0x0000632e       0x18 D:/Program Files/TI/TivaWare_C_Series-2.1.0.12573/driverlib/gcc\libdriver.a(pwm.o)
                0x0000632e                PWMGenFaultConfigure
 .text.PWMGenFaultTriggerSet
                0x00006346        0xc D:/Program Files/TI/TivaWare_C_Series-2.1.0.12573/driverlib/gcc\libdriver.a(pwm.o)
                0x00006346                PWMGenFaultTriggerSet
 .text.PWMGenFaultTriggerGet
                0x00006352        0xe D:/Program Files/TI/TivaWare_C_Series-2.1.0.12573/driverlib/gcc\libdriver.a(pwm.o)
                0x00006352                PWMGenFaultTriggerGet
 .text.PWMGenFaultStatus
                0x00006360       0x1c D:/Program Files/TI/TivaWare_C_Series-2.1.0.12573/driverlib/gcc\libdriver.a(pwm.o)
                0x00006360                PWMGenFaultStatus
 .text.PWMGenFaultClear
                0x0000637c       0x18 D:/Program Files/TI/TivaWare_C_Series-2.1.0.12573/driverlib/gcc\libdriver.a(pwm.o)
                0x0000637c                PWMGenFaultClear
 .text.PWMClockSet
                0x00006394       0x14 D:/Program Files/TI/TivaWare_C_Series-2.1.0.12573/driverlib/gcc\libdriver.a(pwm.o)
                0x00006394                PWMClockSet
 .text.PWMClockGet
                0x000063a8       0x1c D:/Program Files/TI/TivaWare_C_Series-2.1.0.12573/driverlib/gcc\libdriver.a(pwm.o)
                0x000063a8                PWMClockGet
 .text.PWMOutputUpdateMode
                0x000063c4       0x32 D:/Program Files/TI/TivaWare_C_Series-2.1.0.12573/driverlib/gcc\libdriver.a(pwm.o)
                0x000063c4                PWMOutputUpdateMode
 *fill*         0x000063f6        0x2 00
 .text._SSIIntNumberGet
                0x000063f8       0x48 D:/Program Files/TI/TivaWare_C_Series-2.1.0.12573/driverlib/gcc\libdriver.a(ssi.o)
 .text.SSIConfigSetExpClk
                0x00006440       0x4a D:/Program Files/TI/TivaWare_C_Series-2.1.0.12573/driverlib/gcc\libdriver.a(ssi.o)
                0x00006440                SSIConfigSetExpClk
 .text.SSIEnable
                0x0000648a        0xa D:/Program Files/TI/TivaWare_C_Series-2.1.0.12573/driverlib/gcc\libdriver.a(ssi.o)
                0x0000648a                SSIEnable
 .text.SSIDisable
                0x00006494        0xa D:/Program Files/TI/TivaWare_C_Series-2.1.0.12573/driverlib/gcc\libdriver.a(ssi.o)
                0x00006494                SSIDisable
 .text.SSIIntRegister
                0x0000649e       0x1a D:/Program Files/TI/TivaWare_C_Series-2.1.0.12573/driverlib/gcc\libdriver.a(ssi.o)
                0x0000649e                SSIIntRegister
 .text.SSIIntUnregister
                0x000064b8       0x16 D:/Program Files/TI/TivaWare_C_Series-2.1.0.12573/driverlib/gcc\libdriver.a(ssi.o)
                0x000064b8                SSIIntUnregister
 .text.SSIIntEnable
                0x000064ce        0x8 D:/Program Files/TI/TivaWare_C_Series-2.1.0.12573/driverlib/gcc\libdriver.a(ssi.o)
                0x000064ce                SSIIntEnable
 .text.SSIIntDisable
                0x000064d6        0xa D:/Program Files/TI/TivaWare_C_Series-2.1.0.12573/driverlib/gcc\libdriver.a(ssi.o)
                0x000064d6                SSIIntDisable
 .text.SSIIntStatus
                0x000064e0        0xa D:/Program Files/TI/TivaWare_C_Series-2.1.0.12573/driverlib/gcc\libdriver.a(ssi.o)
                0x000064e0                SSIIntStatus
 .text.SSIIntClear
                0x000064ea        0x4 D:/Program Files/TI/TivaWare_C_Series-2.1.0.12573/driverlib/gcc\libdriver.a(ssi.o)
                0x000064ea                SSIIntClear
 .text.SSIDataPut
                0x000064ee        0xc D:/Program Files/TI/TivaWare_C_Series-2.1.0.12573/driverlib/gcc\libdriver.a(ssi.o)
                0x000064ee                SSIDataPut
 .text.SSIDataPutNonBlocking
                0x000064fa       0x12 D:/Program Files/TI/TivaWare_C_Series-2.1.0.12573/driverlib/gcc\libdriver.a(ssi.o)
                0x000064fa                SSIDataPutNonBlocking
 .text.SSIDataGet
                0x0000650c        0xe D:/Program Files/TI/TivaWare_C_Series-2.1.0.12573/driverlib/gcc\libdriver.a(ssi.o)
                0x0000650c                SSIDataGet
 .text.SSIDataGetNonBlocking
                0x0000651a       0x14 D:/Program Files/TI/TivaWare_C_Series-2.1.0.12573/driverlib/gcc\libdriver.a(ssi.o)
                0x0000651a                SSIDataGetNonBlocking
 .text.SSIDMAEnable
                0x0000652e        0x8 D:/Program Files/TI/TivaWare_C_Series-2.1.0.12573/driverlib/gcc\libdriver.a(ssi.o)
                0x0000652e                SSIDMAEnable
 .text.SSIDMADisable
                0x00006536        0xa D:/Program Files/TI/TivaWare_C_Series-2.1.0.12573/driverlib/gcc\libdriver.a(ssi.o)
                0x00006536                SSIDMADisable
 .text.SSIBusy  0x00006540        0x8 D:/Program Files/TI/TivaWare_C_Series-2.1.0.12573/driverlib/gcc\libdriver.a(ssi.o)
                0x00006540                SSIBusy
 .text.SSIClockSourceSet
                0x00006548        0x6 D:/Program Files/TI/TivaWare_C_Series-2.1.0.12573/driverlib/gcc\libdriver.a(ssi.o)
                0x00006548                SSIClockSourceSet
 .text.SSIClockSourceGet
                0x0000654e        0x6 D:/Program Files/TI/TivaWare_C_Series-2.1.0.12573/driverlib/gcc\libdriver.a(ssi.o)
                0x0000654e                SSIClockSourceGet
 .text.SSIAdvModeSet
                0x00006554        0xc D:/Program Files/TI/TivaWare_C_Series-2.1.0.12573/driverlib/gcc\libdriver.a(ssi.o)
                0x00006554                SSIAdvModeSet
 .text.SSIAdvDataPutFrameEnd
                0x00006560       0x14 D:/Program Files/TI/TivaWare_C_Series-2.1.0.12573/driverlib/gcc\libdriver.a(ssi.o)
                0x00006560                SSIAdvDataPutFrameEnd
 .text.SSIAdvDataPutFrameEndNonBlocking
                0x00006574       0x1a D:/Program Files/TI/TivaWare_C_Series-2.1.0.12573/driverlib/gcc\libdriver.a(ssi.o)
                0x00006574                SSIAdvDataPutFrameEndNonBlocking
 .text.SSIAdvFrameHoldEnable
                0x0000658e        0xa D:/Program Files/TI/TivaWare_C_Series-2.1.0.12573/driverlib/gcc\libdriver.a(ssi.o)
                0x0000658e                SSIAdvFrameHoldEnable
 .text.SSIAdvFrameHoldDisable
                0x00006598        0xa D:/Program Files/TI/TivaWare_C_Series-2.1.0.12573/driverlib/gcc\libdriver.a(ssi.o)
                0x00006598                SSIAdvFrameHoldDisable
 *fill*         0x000065a2        0x2 00
 .text._SysCtlMemTimingGet
                0x000065a4       0x24 D:/Program Files/TI/TivaWare_C_Series-2.1.0.12573/driverlib/gcc\libdriver.a(sysctl.o)
 .text.SysCtlSRAMSizeGet
                0x000065c8       0x10 D:/Program Files/TI/TivaWare_C_Series-2.1.0.12573/driverlib/gcc\libdriver.a(sysctl.o)
                0x000065c8                SysCtlSRAMSizeGet
 .text.SysCtlFlashSizeGet
                0x000065d8       0x40 D:/Program Files/TI/TivaWare_C_Series-2.1.0.12573/driverlib/gcc\libdriver.a(sysctl.o)
                0x000065d8                SysCtlFlashSizeGet
 .text.SysCtlFlashSectorSizeGet
                0x00006618       0x3c D:/Program Files/TI/TivaWare_C_Series-2.1.0.12573/driverlib/gcc\libdriver.a(sysctl.o)
                0x00006618                SysCtlFlashSectorSizeGet
 .text.SysCtlPeripheralPresent
                0x00006654       0x34 D:/Program Files/TI/TivaWare_C_Series-2.1.0.12573/driverlib/gcc\libdriver.a(sysctl.o)
                0x00006654                SysCtlPeripheralPresent
 .text.SysCtlPeripheralReady
                0x00006688       0x34 D:/Program Files/TI/TivaWare_C_Series-2.1.0.12573/driverlib/gcc\libdriver.a(sysctl.o)
                0x00006688                SysCtlPeripheralReady
 .text.SysCtlPeripheralPowerOn
                0x000066bc       0x30 D:/Program Files/TI/TivaWare_C_Series-2.1.0.12573/driverlib/gcc\libdriver.a(sysctl.o)
                0x000066bc                SysCtlPeripheralPowerOn
 .text.SysCtlPeripheralPowerOff
                0x000066ec       0x30 D:/Program Files/TI/TivaWare_C_Series-2.1.0.12573/driverlib/gcc\libdriver.a(sysctl.o)
                0x000066ec                SysCtlPeripheralPowerOff
 .text.SysCtlPeripheralReset
                0x0000671c       0x48 D:/Program Files/TI/TivaWare_C_Series-2.1.0.12573/driverlib/gcc\libdriver.a(sysctl.o)
                0x0000671c                SysCtlPeripheralReset
 .text.SysCtlPeripheralEnable
                0x00006764       0x30 D:/Program Files/TI/TivaWare_C_Series-2.1.0.12573/driverlib/gcc\libdriver.a(sysctl.o)
                0x00006764                SysCtlPeripheralEnable
 .text.SysCtlPeripheralDisable
                0x00006794       0x30 D:/Program Files/TI/TivaWare_C_Series-2.1.0.12573/driverlib/gcc\libdriver.a(sysctl.o)
                0x00006794                SysCtlPeripheralDisable
 .text.SysCtlPeripheralSleepEnable
                0x000067c4       0x30 D:/Program Files/TI/TivaWare_C_Series-2.1.0.12573/driverlib/gcc\libdriver.a(sysctl.o)
                0x000067c4                SysCtlPeripheralSleepEnable
 .text.SysCtlPeripheralSleepDisable
                0x000067f4       0x30 D:/Program Files/TI/TivaWare_C_Series-2.1.0.12573/driverlib/gcc\libdriver.a(sysctl.o)
                0x000067f4                SysCtlPeripheralSleepDisable
 .text.SysCtlPeripheralDeepSleepEnable
                0x00006824       0x30 D:/Program Files/TI/TivaWare_C_Series-2.1.0.12573/driverlib/gcc\libdriver.a(sysctl.o)
                0x00006824                SysCtlPeripheralDeepSleepEnable
 .text.SysCtlPeripheralDeepSleepDisable
                0x00006854       0x30 D:/Program Files/TI/TivaWare_C_Series-2.1.0.12573/driverlib/gcc\libdriver.a(sysctl.o)
                0x00006854                SysCtlPeripheralDeepSleepDisable
 .text.SysCtlPeripheralClockGating
                0x00006884       0x50 D:/Program Files/TI/TivaWare_C_Series-2.1.0.12573/driverlib/gcc\libdriver.a(sysctl.o)
                0x00006884                SysCtlPeripheralClockGating
 .text.SysCtlIntRegister
                0x000068d4       0x14 D:/Program Files/TI/TivaWare_C_Series-2.1.0.12573/driverlib/gcc\libdriver.a(sysctl.o)
                0x000068d4                SysCtlIntRegister
 .text.SysCtlIntUnregister
                0x000068e8       0x12 D:/Program Files/TI/TivaWare_C_Series-2.1.0.12573/driverlib/gcc\libdriver.a(sysctl.o)
                0x000068e8                SysCtlIntUnregister
 *fill*         0x000068fa        0x2 00
 .text.SysCtlIntEnable
                0x000068fc       0x10 D:/Program Files/TI/TivaWare_C_Series-2.1.0.12573/driverlib/gcc\libdriver.a(sysctl.o)
                0x000068fc                SysCtlIntEnable
 .text.SysCtlIntDisable
                0x0000690c       0x10 D:/Program Files/TI/TivaWare_C_Series-2.1.0.12573/driverlib/gcc\libdriver.a(sysctl.o)
                0x0000690c                SysCtlIntDisable
 .text.SysCtlIntClear
                0x0000691c        0xc D:/Program Files/TI/TivaWare_C_Series-2.1.0.12573/driverlib/gcc\libdriver.a(sysctl.o)
                0x0000691c                SysCtlIntClear
 .text.SysCtlIntStatus
                0x00006928       0x18 D:/Program Files/TI/TivaWare_C_Series-2.1.0.12573/driverlib/gcc\libdriver.a(sysctl.o)
                0x00006928                SysCtlIntStatus
 .text.SysCtlLDOSleepSet
                0x00006940        0xc D:/Program Files/TI/TivaWare_C_Series-2.1.0.12573/driverlib/gcc\libdriver.a(sysctl.o)
                0x00006940                SysCtlLDOSleepSet
 .text.SysCtlLDOSleepGet
                0x0000694c        0xc D:/Program Files/TI/TivaWare_C_Series-2.1.0.12573/driverlib/gcc\libdriver.a(sysctl.o)
                0x0000694c                SysCtlLDOSleepGet
 .text.SysCtlLDODeepSleepSet
                0x00006958        0xc D:/Program Files/TI/TivaWare_C_Series-2.1.0.12573/driverlib/gcc\libdriver.a(sysctl.o)
                0x00006958                SysCtlLDODeepSleepSet
 .text.SysCtlLDODeepSleepGet
                0x00006964        0xc D:/Program Files/TI/TivaWare_C_Series-2.1.0.12573/driverlib/gcc\libdriver.a(sysctl.o)
                0x00006964                SysCtlLDODeepSleepGet
 .text.SysCtlSleepPowerSet
                0x00006970        0xc D:/Program Files/TI/TivaWare_C_Series-2.1.0.12573/driverlib/gcc\libdriver.a(sysctl.o)
                0x00006970                SysCtlSleepPowerSet
 .text.SysCtlDeepSleepPowerSet
                0x0000697c        0xc D:/Program Files/TI/TivaWare_C_Series-2.1.0.12573/driverlib/gcc\libdriver.a(sysctl.o)
                0x0000697c                SysCtlDeepSleepPowerSet
 .text.SysCtlReset
                0x00006988       0x10 D:/Program Files/TI/TivaWare_C_Series-2.1.0.12573/driverlib/gcc\libdriver.a(sysctl.o)
                0x00006988                SysCtlReset
 .text.SysCtlSleep
                0x00006998        0x4 D:/Program Files/TI/TivaWare_C_Series-2.1.0.12573/driverlib/gcc\libdriver.a(sysctl.o)
                0x00006998                SysCtlSleep
 .text.SysCtlDeepSleep
                0x0000699c       0x20 D:/Program Files/TI/TivaWare_C_Series-2.1.0.12573/driverlib/gcc\libdriver.a(sysctl.o)
                0x0000699c                SysCtlDeepSleep
 .text.SysCtlResetCauseGet
                0x000069bc        0xc D:/Program Files/TI/TivaWare_C_Series-2.1.0.12573/driverlib/gcc\libdriver.a(sysctl.o)
                0x000069bc                SysCtlResetCauseGet
 .text.SysCtlResetCauseClear
                0x000069c8       0x10 D:/Program Files/TI/TivaWare_C_Series-2.1.0.12573/driverlib/gcc\libdriver.a(sysctl.o)
                0x000069c8                SysCtlResetCauseClear
 .text.SysCtlDelay
                0x000069d8        0x6 D:/Program Files/TI/TivaWare_C_Series-2.1.0.12573/driverlib/gcc\libdriver.a(sysctl.o)
                0x000069d8                SysCtlDelay
 *fill*         0x000069de        0x2 00
 .text.SysCtlMOSCConfigSet
                0x000069e0        0xc D:/Program Files/TI/TivaWare_C_Series-2.1.0.12573/driverlib/gcc\libdriver.a(sysctl.o)
                0x000069e0                SysCtlMOSCConfigSet
 .text.SysCtlPIOSCCalibrate
                0x000069ec       0x54 D:/Program Files/TI/TivaWare_C_Series-2.1.0.12573/driverlib/gcc\libdriver.a(sysctl.o)
                0x000069ec                SysCtlPIOSCCalibrate
 .text.SysCtlResetBehaviorSet
                0x00006a40        0xc D:/Program Files/TI/TivaWare_C_Series-2.1.0.12573/driverlib/gcc\libdriver.a(sysctl.o)
                0x00006a40                SysCtlResetBehaviorSet
 .text.SysCtlResetBehaviorGet
                0x00006a4c        0xc D:/Program Files/TI/TivaWare_C_Series-2.1.0.12573/driverlib/gcc\libdriver.a(sysctl.o)
                0x00006a4c                SysCtlResetBehaviorGet
 .text.SysCtlClockFreqSet
                0x00006a58      0x264 D:/Program Files/TI/TivaWare_C_Series-2.1.0.12573/driverlib/gcc\libdriver.a(sysctl.o)
                0x00006a58                SysCtlClockFreqSet
 .text.SysCtlClockSet
                0x00006cbc      0x128 D:/Program Files/TI/TivaWare_C_Series-2.1.0.12573/driverlib/gcc\libdriver.a(sysctl.o)
                0x00006cbc                SysCtlClockSet
 .text.SysCtlClockGet
                0x00006de4      0x15c D:/Program Files/TI/TivaWare_C_Series-2.1.0.12573/driverlib/gcc\libdriver.a(sysctl.o)
                0x00006de4                SysCtlClockGet
 .text.SysCtlDeepSleepClockSet
                0x00006f40        0xc D:/Program Files/TI/TivaWare_C_Series-2.1.0.12573/driverlib/gcc\libdriver.a(sysctl.o)
                0x00006f40                SysCtlDeepSleepClockSet
 .text.SysCtlDeepSleepClockConfigSet
                0x00006f4c       0x68 D:/Program Files/TI/TivaWare_C_Series-2.1.0.12573/driverlib/gcc\libdriver.a(sysctl.o)
                0x00006f4c                SysCtlDeepSleepClockConfigSet
 .text.SysCtlPWMClockSet
                0x00006fb4       0x14 D:/Program Files/TI/TivaWare_C_Series-2.1.0.12573/driverlib/gcc\libdriver.a(sysctl.o)
                0x00006fb4                SysCtlPWMClockSet
 .text.SysCtlPWMClockGet
                0x00006fc8       0x18 D:/Program Files/TI/TivaWare_C_Series-2.1.0.12573/driverlib/gcc\libdriver.a(sysctl.o)
                0x00006fc8                SysCtlPWMClockGet
 .text.SysCtlGPIOAHBEnable
                0x00006fe0       0x1c D:/Program Files/TI/TivaWare_C_Series-2.1.0.12573/driverlib/gcc\libdriver.a(sysctl.o)
                0x00006fe0                SysCtlGPIOAHBEnable
 .text.SysCtlGPIOAHBDisable
                0x00006ffc       0x1c D:/Program Files/TI/TivaWare_C_Series-2.1.0.12573/driverlib/gcc\libdriver.a(sysctl.o)
                0x00006ffc                SysCtlGPIOAHBDisable
 .text.SysCtlUSBPLLEnable
                0x00007018       0x10 D:/Program Files/TI/TivaWare_C_Series-2.1.0.12573/driverlib/gcc\libdriver.a(sysctl.o)
                0x00007018                SysCtlUSBPLLEnable
 .text.SysCtlUSBPLLDisable
                0x00007028       0x10 D:/Program Files/TI/TivaWare_C_Series-2.1.0.12573/driverlib/gcc\libdriver.a(sysctl.o)
                0x00007028                SysCtlUSBPLLDisable
 .text.SysCtlVoltageEventConfig
                0x00007038        0xc D:/Program Files/TI/TivaWare_C_Series-2.1.0.12573/driverlib/gcc\libdriver.a(sysctl.o)
                0x00007038                SysCtlVoltageEventConfig
 .text.SysCtlVoltageEventStatus
                0x00007044        0xc D:/Program Files/TI/TivaWare_C_Series-2.1.0.12573/driverlib/gcc\libdriver.a(sysctl.o)
                0x00007044                SysCtlVoltageEventStatus
 .text.SysCtlVoltageEventClear
                0x00007050       0x10 D:/Program Files/TI/TivaWare_C_Series-2.1.0.12573/driverlib/gcc\libdriver.a(sysctl.o)
                0x00007050                SysCtlVoltageEventClear
 .text.SysCtlNMIStatus
                0x00007060        0xc D:/Program Files/TI/TivaWare_C_Series-2.1.0.12573/driverlib/gcc\libdriver.a(sysctl.o)
                0x00007060                SysCtlNMIStatus
 .text.SysCtlNMIClear
                0x0000706c       0x10 D:/Program Files/TI/TivaWare_C_Series-2.1.0.12573/driverlib/gcc\libdriver.a(sysctl.o)
                0x0000706c                SysCtlNMIClear
 .text.SysCtlClockOutConfig
                0x0000707c       0x14 D:/Program Files/TI/TivaWare_C_Series-2.1.0.12573/driverlib/gcc\libdriver.a(sysctl.o)
                0x0000707c                SysCtlClockOutConfig
 .text.SysCtlAltClkConfig
                0x00007090        0xc D:/Program Files/TI/TivaWare_C_Series-2.1.0.12573/driverlib/gcc\libdriver.a(sysctl.o)
                0x00007090                SysCtlAltClkConfig
 .text._TimerIntNumberGet
                0x0000709c       0x54 D:/Program Files/TI/TivaWare_C_Series-2.1.0.12573/driverlib/gcc\libdriver.a(timer.o)
 .text.TimerEnable
                0x000070f0       0x12 D:/Program Files/TI/TivaWare_C_Series-2.1.0.12573/driverlib/gcc\libdriver.a(timer.o)
                0x000070f0                TimerEnable
 .text.TimerDisable
                0x00007102       0x12 D:/Program Files/TI/TivaWare_C_Series-2.1.0.12573/driverlib/gcc\libdriver.a(timer.o)
                0x00007102                TimerDisable
 .text.TimerConfigure
                0x00007114       0x64 D:/Program Files/TI/TivaWare_C_Series-2.1.0.12573/driverlib/gcc\libdriver.a(timer.o)
                0x00007114                TimerConfigure
 .text.TimerControlLevel
                0x00007178       0x20 D:/Program Files/TI/TivaWare_C_Series-2.1.0.12573/driverlib/gcc\libdriver.a(timer.o)
                0x00007178                TimerControlLevel
 .text.TimerControlTrigger
                0x00007198       0x5c D:/Program Files/TI/TivaWare_C_Series-2.1.0.12573/driverlib/gcc\libdriver.a(timer.o)
                0x00007198                TimerControlTrigger
 .text.TimerControlEvent
                0x000071f4       0x18 D:/Program Files/TI/TivaWare_C_Series-2.1.0.12573/driverlib/gcc\libdriver.a(timer.o)
                0x000071f4                TimerControlEvent
 .text.TimerControlStall
                0x0000720c       0x20 D:/Program Files/TI/TivaWare_C_Series-2.1.0.12573/driverlib/gcc\libdriver.a(timer.o)
                0x0000720c                TimerControlStall
 .text.TimerControlWaitOnTrigger
                0x0000722c       0x34 D:/Program Files/TI/TivaWare_C_Series-2.1.0.12573/driverlib/gcc\libdriver.a(timer.o)
                0x0000722c                TimerControlWaitOnTrigger
 .text.TimerRTCEnable
                0x00007260        0xa D:/Program Files/TI/TivaWare_C_Series-2.1.0.12573/driverlib/gcc\libdriver.a(timer.o)
                0x00007260                TimerRTCEnable
 .text.TimerRTCDisable
                0x0000726a        0xa D:/Program Files/TI/TivaWare_C_Series-2.1.0.12573/driverlib/gcc\libdriver.a(timer.o)
                0x0000726a                TimerRTCDisable
 .text.TimerClockSourceSet
                0x00007274        0x6 D:/Program Files/TI/TivaWare_C_Series-2.1.0.12573/driverlib/gcc\libdriver.a(timer.o)
                0x00007274                TimerClockSourceSet
 .text.TimerClockSourceGet
                0x0000727a        0x6 D:/Program Files/TI/TivaWare_C_Series-2.1.0.12573/driverlib/gcc\libdriver.a(timer.o)
                0x0000727a                TimerClockSourceGet
 .text.TimerPrescaleSet
                0x00007280       0x12 D:/Program Files/TI/TivaWare_C_Series-2.1.0.12573/driverlib/gcc\libdriver.a(timer.o)
                0x00007280                TimerPrescaleSet
 .text.TimerPrescaleGet
                0x00007292        0xa D:/Program Files/TI/TivaWare_C_Series-2.1.0.12573/driverlib/gcc\libdriver.a(timer.o)
                0x00007292                TimerPrescaleGet
 .text.TimerPrescaleMatchSet
                0x0000729c       0x12 D:/Program Files/TI/TivaWare_C_Series-2.1.0.12573/driverlib/gcc\libdriver.a(timer.o)
                0x0000729c                TimerPrescaleMatchSet
 .text.TimerPrescaleMatchGet
                0x000072ae        0xa D:/Program Files/TI/TivaWare_C_Series-2.1.0.12573/driverlib/gcc\libdriver.a(timer.o)
                0x000072ae                TimerPrescaleMatchGet
 .text.TimerLoadSet
                0x000072b8       0x12 D:/Program Files/TI/TivaWare_C_Series-2.1.0.12573/driverlib/gcc\libdriver.a(timer.o)
                0x000072b8                TimerLoadSet
 .text.TimerLoadGet
                0x000072ca        0xa D:/Program Files/TI/TivaWare_C_Series-2.1.0.12573/driverlib/gcc\libdriver.a(timer.o)
                0x000072ca                TimerLoadGet
 .text.TimerLoadSet64
                0x000072d4        0x6 D:/Program Files/TI/TivaWare_C_Series-2.1.0.12573/driverlib/gcc\libdriver.a(timer.o)
                0x000072d4                TimerLoadSet64
 .text.TimerLoadGet64
                0x000072da       0x14 D:/Program Files/TI/TivaWare_C_Series-2.1.0.12573/driverlib/gcc\libdriver.a(timer.o)
                0x000072da                TimerLoadGet64
 .text.TimerValueGet
                0x000072ee        0xa D:/Program Files/TI/TivaWare_C_Series-2.1.0.12573/driverlib/gcc\libdriver.a(timer.o)
                0x000072ee                TimerValueGet
 .text.TimerValueGet64
                0x000072f8       0x14 D:/Program Files/TI/TivaWare_C_Series-2.1.0.12573/driverlib/gcc\libdriver.a(timer.o)
                0x000072f8                TimerValueGet64
 .text.TimerMatchSet
                0x0000730c       0x12 D:/Program Files/TI/TivaWare_C_Series-2.1.0.12573/driverlib/gcc\libdriver.a(timer.o)
                0x0000730c                TimerMatchSet
 .text.TimerMatchGet
                0x0000731e        0xa D:/Program Files/TI/TivaWare_C_Series-2.1.0.12573/driverlib/gcc\libdriver.a(timer.o)
                0x0000731e                TimerMatchGet
 .text.TimerMatchSet64
                0x00007328        0x6 D:/Program Files/TI/TivaWare_C_Series-2.1.0.12573/driverlib/gcc\libdriver.a(timer.o)
                0x00007328                TimerMatchSet64
 .text.TimerMatchGet64
                0x0000732e       0x14 D:/Program Files/TI/TivaWare_C_Series-2.1.0.12573/driverlib/gcc\libdriver.a(timer.o)
                0x0000732e                TimerMatchGet64
 .text.TimerIntRegister
                0x00007342       0x1a D:/Program Files/TI/TivaWare_C_Series-2.1.0.12573/driverlib/gcc\libdriver.a(timer.o)
                0x00007342                TimerIntRegister
 .text.TimerIntUnregister
                0x0000735c       0x16 D:/Program Files/TI/TivaWare_C_Series-2.1.0.12573/driverlib/gcc\libdriver.a(timer.o)
                0x0000735c                TimerIntUnregister
 .text.TimerIntEnable
                0x00007372        0x8 D:/Program Files/TI/TivaWare_C_Series-2.1.0.12573/driverlib/gcc\libdriver.a(timer.o)
                0x00007372                TimerIntEnable
 .text.TimerIntDisable
                0x0000737a        0xa D:/Program Files/TI/TivaWare_C_Series-2.1.0.12573/driverlib/gcc\libdriver.a(timer.o)
                0x0000737a                TimerIntDisable
 .text.TimerIntStatus
                0x00007384        0xa D:/Program Files/TI/TivaWare_C_Series-2.1.0.12573/driverlib/gcc\libdriver.a(timer.o)
                0x00007384                TimerIntStatus
 .text.TimerIntClear
                0x0000738e        0x4 D:/Program Files/TI/TivaWare_C_Series-2.1.0.12573/driverlib/gcc\libdriver.a(timer.o)
                0x0000738e                TimerIntClear
 .text.TimerSynchronize
                0x00007392        0x4 D:/Program Files/TI/TivaWare_C_Series-2.1.0.12573/driverlib/gcc\libdriver.a(timer.o)
                0x00007392                TimerSynchronize
 .text.TimerADCEventSet
                0x00007396        0x4 D:/Program Files/TI/TivaWare_C_Series-2.1.0.12573/driverlib/gcc\libdriver.a(timer.o)
                0x00007396                TimerADCEventSet
 .text.TimerADCEventGet
                0x0000739a        0x4 D:/Program Files/TI/TivaWare_C_Series-2.1.0.12573/driverlib/gcc\libdriver.a(timer.o)
                0x0000739a                TimerADCEventGet
 .text.TimerDMAEventSet
                0x0000739e        0x4 D:/Program Files/TI/TivaWare_C_Series-2.1.0.12573/driverlib/gcc\libdriver.a(timer.o)
                0x0000739e                TimerDMAEventSet
 .text.TimerDMAEventGet
                0x000073a2        0x4 D:/Program Files/TI/TivaWare_C_Series-2.1.0.12573/driverlib/gcc\libdriver.a(timer.o)
                0x000073a2                TimerDMAEventGet
 .text.TimerUpdateMode
                0x000073a6       0x2a D:/Program Files/TI/TivaWare_C_Series-2.1.0.12573/driverlib/gcc\libdriver.a(timer.o)
                0x000073a6                TimerUpdateMode
 .text.uDMAEnable
                0x000073d0        0xc D:/Program Files/TI/TivaWare_C_Series-2.1.0.12573/driverlib/gcc\libdriver.a(udma.o)
                0x000073d0                uDMAEnable
 .text.uDMADisable
                0x000073dc        0xc D:/Program Files/TI/TivaWare_C_Series-2.1.0.12573/driverlib/gcc\libdriver.a(udma.o)
                0x000073dc                uDMADisable
 .text.uDMAErrorStatusGet
                0x000073e8        0xc D:/Program Files/TI/TivaWare_C_Series-2.1.0.12573/driverlib/gcc\libdriver.a(udma.o)
                0x000073e8                uDMAErrorStatusGet
 .text.uDMAErrorStatusClear
                0x000073f4        0xc D:/Program Files/TI/TivaWare_C_Series-2.1.0.12573/driverlib/gcc\libdriver.a(udma.o)
                0x000073f4                uDMAErrorStatusClear
 .text.uDMAChannelEnable
                0x00007400       0x14 D:/Program Files/TI/TivaWare_C_Series-2.1.0.12573/driverlib/gcc\libdriver.a(udma.o)
                0x00007400                uDMAChannelEnable
 .text.uDMAChannelDisable
                0x00007414       0x14 D:/Program Files/TI/TivaWare_C_Series-2.1.0.12573/driverlib/gcc\libdriver.a(udma.o)
                0x00007414                uDMAChannelDisable
 .text.uDMAChannelIsEnabled
                0x00007428       0x1c D:/Program Files/TI/TivaWare_C_Series-2.1.0.12573/driverlib/gcc\libdriver.a(udma.o)
                0x00007428                uDMAChannelIsEnabled
 .text.uDMAControlBaseSet
                0x00007444        0xc D:/Program Files/TI/TivaWare_C_Series-2.1.0.12573/driverlib/gcc\libdriver.a(udma.o)
                0x00007444                uDMAControlBaseSet
 .text.uDMAControlBaseGet
                0x00007450        0xc D:/Program Files/TI/TivaWare_C_Series-2.1.0.12573/driverlib/gcc\libdriver.a(udma.o)
                0x00007450                uDMAControlBaseGet
 .text.uDMAControlAlternateBaseGet
                0x0000745c        0xc D:/Program Files/TI/TivaWare_C_Series-2.1.0.12573/driverlib/gcc\libdriver.a(udma.o)
                0x0000745c                uDMAControlAlternateBaseGet
 .text.uDMAChannelRequest
                0x00007468       0x14 D:/Program Files/TI/TivaWare_C_Series-2.1.0.12573/driverlib/gcc\libdriver.a(udma.o)
                0x00007468                uDMAChannelRequest
 .text.uDMAChannelAttributeEnable
                0x0000747c       0x50 D:/Program Files/TI/TivaWare_C_Series-2.1.0.12573/driverlib/gcc\libdriver.a(udma.o)
                0x0000747c                uDMAChannelAttributeEnable
 .text.uDMAChannelAttributeDisable
                0x000074cc       0x50 D:/Program Files/TI/TivaWare_C_Series-2.1.0.12573/driverlib/gcc\libdriver.a(udma.o)
                0x000074cc                uDMAChannelAttributeDisable
 .text.uDMAChannelAttributeGet
                0x0000751c       0x4c D:/Program Files/TI/TivaWare_C_Series-2.1.0.12573/driverlib/gcc\libdriver.a(udma.o)
                0x0000751c                uDMAChannelAttributeGet
 .text.uDMAChannelControlSet
                0x00007568       0x24 D:/Program Files/TI/TivaWare_C_Series-2.1.0.12573/driverlib/gcc\libdriver.a(udma.o)
                0x00007568                uDMAChannelControlSet
 .text.uDMAChannelTransferSet
                0x0000758c       0x84 D:/Program Files/TI/TivaWare_C_Series-2.1.0.12573/driverlib/gcc\libdriver.a(udma.o)
                0x0000758c                uDMAChannelTransferSet
 .text.uDMAChannelScatterGatherSet
                0x00007610       0x50 D:/Program Files/TI/TivaWare_C_Series-2.1.0.12573/driverlib/gcc\libdriver.a(udma.o)
                0x00007610                uDMAChannelScatterGatherSet
 .text.uDMAChannelSizeGet
                0x00007660       0x24 D:/Program Files/TI/TivaWare_C_Series-2.1.0.12573/driverlib/gcc\libdriver.a(udma.o)
                0x00007660                uDMAChannelSizeGet
 .text.uDMAChannelModeGet
                0x00007684       0x28 D:/Program Files/TI/TivaWare_C_Series-2.1.0.12573/driverlib/gcc\libdriver.a(udma.o)
                0x00007684                uDMAChannelModeGet
 .text.uDMAIntRegister
                0x000076ac       0x12 D:/Program Files/TI/TivaWare_C_Series-2.1.0.12573/driverlib/gcc\libdriver.a(udma.o)
                0x000076ac                uDMAIntRegister
 .text.uDMAIntUnregister
                0x000076be       0x12 D:/Program Files/TI/TivaWare_C_Series-2.1.0.12573/driverlib/gcc\libdriver.a(udma.o)
                0x000076be                uDMAIntUnregister
 .text.uDMAIntStatus
                0x000076d0        0xc D:/Program Files/TI/TivaWare_C_Series-2.1.0.12573/driverlib/gcc\libdriver.a(udma.o)
                0x000076d0                uDMAIntStatus
 .text.uDMAIntClear
                0x000076dc        0xc D:/Program Files/TI/TivaWare_C_Series-2.1.0.12573/driverlib/gcc\libdriver.a(udma.o)
                0x000076dc                uDMAIntClear
 .text.uDMAChannelAssign
                0x000076e8       0x30 D:/Program Files/TI/TivaWare_C_Series-2.1.0.12573/driverlib/gcc\libdriver.a(udma.o)
                0x000076e8                uDMAChannelAssign
 .text.uDMAChannelSelectSecondary
                0x00007718       0x10 D:/Program Files/TI/TivaWare_C_Series-2.1.0.12573/driverlib/gcc\libdriver.a(udma.o)
                0x00007718                uDMAChannelSelectSecondary
 .text.uDMAChannelSelectDefault
                0x00007728       0x10 D:/Program Files/TI/TivaWare_C_Series-2.1.0.12573/driverlib/gcc\libdriver.a(udma.o)
                0x00007728                uDMAChannelSelectDefault
 .text.CPUcpsid
                0x00007738        0x8 D:/Program Files/TI/TivaWare_C_Series-2.1.0.12573/driverlib/gcc\libdriver.a(cpu.o)
                0x00007738                CPUcpsid
 .text.CPUprimask
                0x00007740        0x6 D:/Program Files/TI/TivaWare_C_Series-2.1.0.12573/driverlib/gcc\libdriver.a(cpu.o)
                0x00007740                CPUprimask
 .text.CPUcpsie
                0x00007746        0x8 D:/Program Files/TI/TivaWare_C_Series-2.1.0.12573/driverlib/gcc\libdriver.a(cpu.o)
                0x00007746                CPUcpsie
 .text.CPUwfi   0x0000774e        0x4 D:/Program Files/TI/TivaWare_C_Series-2.1.0.12573/driverlib/gcc\libdriver.a(cpu.o)
                0x0000774e                CPUwfi
 .text.CPUbasepriSet
                0x00007752        0x6 D:/Program Files/TI/TivaWare_C_Series-2.1.0.12573/driverlib/gcc\libdriver.a(cpu.o)
                0x00007752                CPUbasepriSet
 .text.CPUbasepriGet
                0x00007758        0x6 D:/Program Files/TI/TivaWare_C_Series-2.1.0.12573/driverlib/gcc\libdriver.a(cpu.o)
                0x00007758                CPUbasepriGet
                0x00007760                . = ALIGN (0x4)
 *fill*         0x0000775e        0x2 00
 *(.ctors)
                0x00007760                . = ALIGN (0x4)
 *(.dtors)
                0x00007760                . = ALIGN (0x4)
                0x00007760                __init_array_start = .
 *(.init_array*)
 .init_array    0x00007760        0x4 d:/program files/ti/ccsv6/tools/compiler/gcc-arm-none-eabi-4_7-2013q3/bin/../lib/gcc/arm-none-eabi/4.7.4/crtbegin.o
 .init_array.00000
                0x00007764        0x4 d:/program files/ti/ccsv6/tools/compiler/gcc-arm-none-eabi-4_7-2013q3/bin/../lib/gcc/arm-none-eabi/4.7.4/../../../../arm-none-eabi/lib\libc.a(lib_a-__call_atexit.o)
                0x00007768                __init_array_end = .
 *(.init)
 .init          0x00007768        0xc d:/program files/ti/ccsv6/tools/compiler/gcc-arm-none-eabi-4_7-2013q3/bin/../lib/gcc/arm-none-eabi/4.7.4/crti.o
                0x00007768                _init
 .init          0x00007774        0xc d:/program files/ti/ccsv6/tools/compiler/gcc-arm-none-eabi-4_7-2013q3/bin/../lib/gcc/arm-none-eabi/4.7.4/crtn.o
 *(.fini*)
 .fini          0x00007780        0xc d:/program files/ti/ccsv6/tools/compiler/gcc-arm-none-eabi-4_7-2013q3/bin/../lib/gcc/arm-none-eabi/4.7.4/crti.o
                0x00007780                _fini
 .fini_array    0x0000778c        0x4 d:/program files/ti/ccsv6/tools/compiler/gcc-arm-none-eabi-4_7-2013q3/bin/../lib/gcc/arm-none-eabi/4.7.4/crtbegin.o
 .fini          0x00007790        0xc d:/program files/ti/ccsv6/tools/compiler/gcc-arm-none-eabi-4_7-2013q3/bin/../lib/gcc/arm-none-eabi/4.7.4/crtn.o
                0x0000779c                PROVIDE (__etext, .)
                0x0000779c                PROVIDE (_etext, .)
                0x0000779c                PROVIDE (etext, .)

.glue_7         0x0000779c        0x0
 .glue_7        0x00000000        0x0 linker stubs

.glue_7t        0x0000779c        0x0
 .glue_7t       0x00000000        0x0 linker stubs

.vfp11_veneer   0x0000779c        0x0
 .vfp11_veneer  0x00000000        0x0 linker stubs

.v4_bx          0x0000779c        0x0
 .v4_bx         0x00000000        0x0 linker stubs

.iplt           0x0000779c        0x0
 .iplt          0x00000000        0x0 d:/program files/ti/ccsv6/tools/compiler/gcc-arm-none-eabi-4_7-2013q3/bin/../lib/gcc/arm-none-eabi/4.7.4/crtbegin.o

.rodata         0x0000779c      0x5cc
 *(.rodata)
 .rodata        0x0000779c        0x4 ./MainBoardDriver.o
 *(.rodata*)
 .rodata.str1.4
                0x000077a0        0x4 d:/program files/ti/ccsv6/tools/compiler/gcc-arm-none-eabi-4_7-2013q3/bin/../lib/gcc/arm-none-eabi/4.7.4/../../../../arm-none-eabi/lib\libc.a(lib_a-impure.o)
 .rodata._global_impure_ptr
                0x000077a4        0x4 d:/program files/ti/ccsv6/tools/compiler/gcc-arm-none-eabi-4_7-2013q3/bin/../lib/gcc/arm-none-eabi/4.7.4/../../../../arm-none-eabi/lib\libc.a(lib_a-impure.o)
                0x000077a4                _global_impure_ptr
 .rodata.g_ppui32GPIOIntMapSnowflake
                0x000077a8       0xc0 D:/Program Files/TI/TivaWare_C_Series-2.1.0.12573/driverlib/gcc\libdriver.a(gpio.o)
 .rodata.g_pui32GPIOBaseAddrs
                0x00007868       0x90 D:/Program Files/TI/TivaWare_C_Series-2.1.0.12573/driverlib/gcc\libdriver.a(gpio.o)
 .rodata.g_ppui32GPIOIntMapBlizzard
                0x000078f8       0xc0 D:/Program Files/TI/TivaWare_C_Series-2.1.0.12573/driverlib/gcc\libdriver.a(gpio.o)
 .rodata.g_pui32Priority
                0x000079b8       0x20 D:/Program Files/TI/TivaWare_C_Series-2.1.0.12573/driverlib/gcc\libdriver.a(interrupt.o)
 .rodata.g_pui32Dii16Regs
                0x000079d8       0x14 D:/Program Files/TI/TivaWare_C_Series-2.1.0.12573/driverlib/gcc\libdriver.a(interrupt.o)
 .rodata.g_pui32PendRegs
                0x000079ec       0x14 D:/Program Files/TI/TivaWare_C_Series-2.1.0.12573/driverlib/gcc\libdriver.a(interrupt.o)
 .rodata.g_pui32Regs
                0x00007a00       0x9c D:/Program Files/TI/TivaWare_C_Series-2.1.0.12573/driverlib/gcc\libdriver.a(interrupt.o)
 .rodata.g_pui32EnRegs
                0x00007a9c       0x14 D:/Program Files/TI/TivaWare_C_Series-2.1.0.12573/driverlib/gcc\libdriver.a(interrupt.o)
 .rodata.g_pui32UnpendRegs
                0x00007ab0       0x14 D:/Program Files/TI/TivaWare_C_Series-2.1.0.12573/driverlib/gcc\libdriver.a(interrupt.o)
 .rodata.g_ppui32SSIIntMap
                0x00007ac4       0x20 D:/Program Files/TI/TivaWare_C_Series-2.1.0.12573/driverlib/gcc\libdriver.a(ssi.o)
 .rodata.g_ppui32SSIIntMapSnowflake
                0x00007ae4       0x20 D:/Program Files/TI/TivaWare_C_Series-2.1.0.12573/driverlib/gcc\libdriver.a(ssi.o)
 .rodata.g_pppui32XTALtoVCO
                0x00007b04      0x120 D:/Program Files/TI/TivaWare_C_Series-2.1.0.12573/driverlib/gcc\libdriver.a(sysctl.o)
 .rodata.g_pui32VCOFrequencies
                0x00007c24        0x8 D:/Program Files/TI/TivaWare_C_Series-2.1.0.12573/driverlib/gcc\libdriver.a(sysctl.o)
 .rodata.g_sXTALtoMEMTIM
                0x00007c2c       0x30 D:/Program Files/TI/TivaWare_C_Series-2.1.0.12573/driverlib/gcc\libdriver.a(sysctl.o)
 .rodata.g_pui32Xtals
                0x00007c5c       0x6c D:/Program Files/TI/TivaWare_C_Series-2.1.0.12573/driverlib/gcc\libdriver.a(sysctl.o)
 .rodata.g_ppui32TimerIntMapSnowflake
                0x00007cc8       0x40 D:/Program Files/TI/TivaWare_C_Series-2.1.0.12573/driverlib/gcc\libdriver.a(timer.o)
 .rodata.g_ppui32TimerIntMap
                0x00007d08       0x60 D:/Program Files/TI/TivaWare_C_Series-2.1.0.12573/driverlib/gcc\libdriver.a(timer.o)

.eh_frame       0x00007d68        0x4
 .eh_frame      0x00007d68        0x0 d:/program files/ti/ccsv6/tools/compiler/gcc-arm-none-eabi-4_7-2013q3/bin/../lib/gcc/arm-none-eabi/4.7.4/crtbegin.o
 .eh_frame      0x00007d68        0x4 d:/program files/ti/ccsv6/tools/compiler/gcc-arm-none-eabi-4_7-2013q3/bin/../lib/gcc/arm-none-eabi/4.7.4/crtend.o

.data           0x20000000      0x434 load address 0x00007d6c
                0x00007d6c                __data_load__ = LOADADDR (.data)
                0x20000000                __data_start__ = .
 *(.data)
 .data          0x20000000        0x0 d:/program files/ti/ccsv6/tools/compiler/gcc-arm-none-eabi-4_7-2013q3/bin/../lib/gcc/arm-none-eabi/4.7.4/crti.o
 .data          0x20000000        0x4 d:/program files/ti/ccsv6/tools/compiler/gcc-arm-none-eabi-4_7-2013q3/bin/../lib/gcc/arm-none-eabi/4.7.4/crtbegin.o
                0x20000000                __dso_handle
 .data          0x20000004        0x0 d:/program files/ti/ccsv6/tools/compiler/gcc-arm-none-eabi-4_7-2013q3/bin/../lib/gcc/arm-none-eabi/4.7.4/../../../../arm-none-eabi/lib/crt0.o
 .data          0x20000004        0x0 ./libnrf24l01/src/nRF24L01.o
 .data          0x20000004        0x0 ./libnrf24l01/src/TM4C123_nRF24L01.o
 .data          0x20000004        0x0 ./tm4c123gh6pm_startup_ccs_gcc.o
 .data          0x20000004        0x0 ./main.o
 .data          0x20000004        0x0 ./MainBoardDriver.o
 .data          0x20000004        0x0 ./CustomTivaDrivers.o
 .data          0x20000004        0x0 d:/program files/ti/ccsv6/tools/compiler/gcc-arm-none-eabi-4_7-2013q3/bin/../lib/gcc/arm-none-eabi/4.7.4/../../../../arm-none-eabi/lib\libc.a(lib_a-__atexit.o)
 .data          0x20000004        0x0 d:/program files/ti/ccsv6/tools/compiler/gcc-arm-none-eabi-4_7-2013q3/bin/../lib/gcc/arm-none-eabi/4.7.4/../../../../arm-none-eabi/lib\libc.a(lib_a-exit.o)
 .data          0x20000004        0x0 d:/program files/ti/ccsv6/tools/compiler/gcc-arm-none-eabi-4_7-2013q3/bin/../lib/gcc/arm-none-eabi/4.7.4/../../../../arm-none-eabi/lib\libc.a(lib_a-fini.o)
 .data          0x20000004        0x0 d:/program files/ti/ccsv6/tools/compiler/gcc-arm-none-eabi-4_7-2013q3/bin/../lib/gcc/arm-none-eabi/4.7.4/../../../../arm-none-eabi/lib\libc.a(lib_a-impure.o)
 .data          0x20000004        0x0 d:/program files/ti/ccsv6/tools/compiler/gcc-arm-none-eabi-4_7-2013q3/bin/../lib/gcc/arm-none-eabi/4.7.4/../../../../arm-none-eabi/lib\libc.a(lib_a-init.o)
 .data          0x20000004        0x0 d:/program files/ti/ccsv6/tools/compiler/gcc-arm-none-eabi-4_7-2013q3/bin/../lib/gcc/arm-none-eabi/4.7.4/../../../../arm-none-eabi/lib\libc.a(lib_a-memset.o)
 .data          0x20000004        0x0 d:/program files/ti/ccsv6/tools/compiler/gcc-arm-none-eabi-4_7-2013q3/bin/../lib/gcc/arm-none-eabi/4.7.4/../../../../arm-none-eabi/lib\libc.a(lib_a-__call_atexit.o)
 .data          0x20000004        0x0 d:/program files/ti/ccsv6/tools/compiler/gcc-arm-none-eabi-4_7-2013q3/bin/../lib/gcc/arm-none-eabi/4.7.4/../../../../arm-none-eabi/lib\libc.a(lib_a-atexit.o)
 .data          0x20000004        0x0 d:/program files/ti/ccsv6/tools/compiler/gcc-arm-none-eabi-4_7-2013q3/bin/../lib/gcc/arm-none-eabi/4.7.4/../../../../arm-none-eabi/lib\libnosys.a(_exit.o)
 .data          0x20000004        0x0 D:/Program Files/TI/TivaWare_C_Series-2.1.0.12573/driverlib/gcc\libdriver.a(adc.o)
 .data          0x20000004        0x0 D:/Program Files/TI/TivaWare_C_Series-2.1.0.12573/driverlib/gcc\libdriver.a(gpio.o)
 .data          0x20000004        0x0 D:/Program Files/TI/TivaWare_C_Series-2.1.0.12573/driverlib/gcc\libdriver.a(interrupt.o)
 .data          0x20000004        0x0 D:/Program Files/TI/TivaWare_C_Series-2.1.0.12573/driverlib/gcc\libdriver.a(pwm.o)
 .data          0x20000004        0x0 D:/Program Files/TI/TivaWare_C_Series-2.1.0.12573/driverlib/gcc\libdriver.a(ssi.o)
 .data          0x20000004        0x0 D:/Program Files/TI/TivaWare_C_Series-2.1.0.12573/driverlib/gcc\libdriver.a(sysctl.o)
 .data          0x20000004        0x0 D:/Program Files/TI/TivaWare_C_Series-2.1.0.12573/driverlib/gcc\libdriver.a(timer.o)
 .data          0x20000004        0x0 D:/Program Files/TI/TivaWare_C_Series-2.1.0.12573/driverlib/gcc\libdriver.a(udma.o)
 .data          0x20000004        0x0 D:/Program Files/TI/TivaWare_C_Series-2.1.0.12573/driverlib/gcc\libdriver.a(cpu.o)
 .data          0x20000004        0x0 d:/program files/ti/ccsv6/tools/compiler/gcc-arm-none-eabi-4_7-2013q3/bin/../lib/gcc/arm-none-eabi/4.7.4/crtend.o
 .data          0x20000004        0x0 d:/program files/ti/ccsv6/tools/compiler/gcc-arm-none-eabi-4_7-2013q3/bin/../lib/gcc/arm-none-eabi/4.7.4/crtn.o
 *(.data*)
 .data.CPUState
                0x20000004        0x1 ./MainBoardDriver.o
                0x20000004                CPUState
 *fill*         0x20000005        0x3 00
 .data.impure_data
                0x20000008      0x428 d:/program files/ti/ccsv6/tools/compiler/gcc-arm-none-eabi-4_7-2013q3/bin/../lib/gcc/arm-none-eabi/4.7.4/../../../../arm-none-eabi/lib\libc.a(lib_a-impure.o)
 .data._impure_ptr
                0x20000430        0x4 d:/program files/ti/ccsv6/tools/compiler/gcc-arm-none-eabi-4_7-2013q3/bin/../lib/gcc/arm-none-eabi/4.7.4/../../../../arm-none-eabi/lib\libc.a(lib_a-impure.o)
                0x20000430                _impure_ptr
                0x20000434                . = ALIGN (0x4)
                0x20000434                __data_end__ = .

.jcr            0x20000434        0x4 load address 0x000081a0