Archive member included because of file (symbol)

c:/ti/ccsv6/tools/compiler/gcc-arm-none-eabi-4_7-2013q3/bin/../lib/gcc/arm-none-eabi/4.7.4/../../../../arm-none-eabi/lib\libc.a(lib_a-__atexit.o)
                              c:/ti/ccsv6/tools/compiler/gcc-arm-none-eabi-4_7-2013q3/bin/../lib/gcc/arm-none-eabi/4.7.4/../../../../arm-none-eabi/lib/crt0.o (__register_exitproc)
c:/ti/ccsv6/tools/compiler/gcc-arm-none-eabi-4_7-2013q3/bin/../lib/gcc/arm-none-eabi/4.7.4/../../../../arm-none-eabi/lib\libc.a(lib_a-exit.o)
                              c:/ti/ccsv6/tools/compiler/gcc-arm-none-eabi-4_7-2013q3/bin/../lib/gcc/arm-none-eabi/4.7.4/../../../../arm-none-eabi/lib/crt0.o (exit)
c:/ti/ccsv6/tools/compiler/gcc-arm-none-eabi-4_7-2013q3/bin/../lib/gcc/arm-none-eabi/4.7.4/../../../../arm-none-eabi/lib\libc.a(lib_a-fini.o)
                              c:/ti/ccsv6/tools/compiler/gcc-arm-none-eabi-4_7-2013q3/bin/../lib/gcc/arm-none-eabi/4.7.4/../../../../arm-none-eabi/lib/crt0.o (__libc_fini_array)
c:/ti/ccsv6/tools/compiler/gcc-arm-none-eabi-4_7-2013q3/bin/../lib/gcc/arm-none-eabi/4.7.4/../../../../arm-none-eabi/lib\libc.a(lib_a-impure.o)
                              c:/ti/ccsv6/tools/compiler/gcc-arm-none-eabi-4_7-2013q3/bin/../lib/gcc/arm-none-eabi/4.7.4/../../../../arm-none-eabi/lib\libc.a(lib_a-__atexit.o) (_global_impure_ptr)
c:/ti/ccsv6/tools/compiler/gcc-arm-none-eabi-4_7-2013q3/bin/../lib/gcc/arm-none-eabi/4.7.4/../../../../arm-none-eabi/lib\libc.a(lib_a-init.o)
                              c:/ti/ccsv6/tools/compiler/gcc-arm-none-eabi-4_7-2013q3/bin/../lib/gcc/arm-none-eabi/4.7.4/../../../../arm-none-eabi/lib/crt0.o (__libc_init_array)
c:/ti/ccsv6/tools/compiler/gcc-arm-none-eabi-4_7-2013q3/bin/../lib/gcc/arm-none-eabi/4.7.4/../../../../arm-none-eabi/lib\libc.a(lib_a-memset.o)
                              c:/ti/ccsv6/tools/compiler/gcc-arm-none-eabi-4_7-2013q3/bin/../lib/gcc/arm-none-eabi/4.7.4/../../../../arm-none-eabi/lib/crt0.o (memset)
c:/ti/ccsv6/tools/compiler/gcc-arm-none-eabi-4_7-2013q3/bin/../lib/gcc/arm-none-eabi/4.7.4/../../../../arm-none-eabi/lib\libc.a(lib_a-__call_atexit.o)
                              c:/ti/ccsv6/tools/compiler/gcc-arm-none-eabi-4_7-2013q3/bin/../lib/gcc/arm-none-eabi/4.7.4/../../../../arm-none-eabi/lib\libc.a(lib_a-exit.o) (__call_exitprocs)
c:/ti/ccsv6/tools/compiler/gcc-arm-none-eabi-4_7-2013q3/bin/../lib/gcc/arm-none-eabi/4.7.4/../../../../arm-none-eabi/lib\libc.a(lib_a-atexit.o)
                              c:/ti/ccsv6/tools/compiler/gcc-arm-none-eabi-4_7-2013q3/bin/../lib/gcc/arm-none-eabi/4.7.4/../../../../arm-none-eabi/lib\libc.a(lib_a-__call_atexit.o) (atexit)
c:/ti/ccsv6/tools/compiler/gcc-arm-none-eabi-4_7-2013q3/bin/../lib/gcc/arm-none-eabi/4.7.4/../../../../arm-none-eabi/lib\libnosys.a(_exit.o)
                              c:/ti/ccsv6/tools/compiler/gcc-arm-none-eabi-4_7-2013q3/bin/../lib/gcc/arm-none-eabi/4.7.4/../../../../arm-none-eabi/lib\libc.a(lib_a-exit.o) (_exit)
D:/Portable/Programs/TivaDriver/driverlib/gcc\libdriver.a(adc.o)
                              ./main.o (ADCIntStatus)
D:/Portable/Programs/TivaDriver/driverlib/gcc\libdriver.a(gpio.o)
                              ./libnrf24l01/src/TM4C123_nRF24L01.o (GPIOIntTypeSet)
D:/Portable/Programs/TivaDriver/driverlib/gcc\libdriver.a(interrupt.o)
                              ./libnrf24l01/src/TM4C123_nRF24L01.o (IntMasterEnable)
D:/Portable/Programs/TivaDriver/driverlib/gcc\libdriver.a(ssi.o)
                              ./libnrf24l01/src/TM4C123_nRF24L01.o (SSIConfigSetExpClk)
D:/Portable/Programs/TivaDriver/driverlib/gcc\libdriver.a(sysctl.o)
                              ./libnrf24l01/src/TM4C123_nRF24L01.o (SysCtlPeripheralEnable)
D:/Portable/Programs/TivaDriver/driverlib/gcc\libdriver.a(systick.o)
                              ./main.o (SysTickEnable)
D:/Portable/Programs/TivaDriver/driverlib/gcc\libdriver.a(timer.o)
                              ./main.o (TimerEnable)
D:/Portable/Programs/TivaDriver/driverlib/gcc\libdriver.a(udma.o)
                              ./main.o (uDMAEnable)
D:/Portable/Programs/TivaDriver/driverlib/gcc\libdriver.a(cpu.o)
                              D:/Portable/Programs/TivaDriver/driverlib/gcc\libdriver.a(interrupt.o) (CPUcpsid)

Allocating common symbols
Common symbol       size              file

g_ui16ADC0Result    0x800             ./main.o
g_ui16ADC1Result    0x800             ./main.o
g_ui32SysTickCount  0x4               ./main.o
ui8ControlTable     0x400             ./main.o
RF24_RX_buffer      0x20              ./main.o

Memory Configuration

Name             Origin             Length             Attributes
FLASH            0x00000000         0x00040000         xr
SRAM             0x20000000         0x00008000         xw
*default*        0x00000000         0xffffffff

Linker script and memory map

LOAD c:/ti/ccsv6/tools/compiler/gcc-arm-none-eabi-4_7-2013q3/bin/../lib/gcc/arm-none-eabi/4.7.4/crti.o
LOAD c:/ti/ccsv6/tools/compiler/gcc-arm-none-eabi-4_7-2013q3/bin/../lib/gcc/arm-none-eabi/4.7.4/crtbegin.o
LOAD c:/ti/ccsv6/tools/compiler/gcc-arm-none-eabi-4_7-2013q3/bin/../lib/gcc/arm-none-eabi/4.7.4/../../../../arm-none-eabi/lib/crt0.o
LOAD ./libnrf24l01/src/nRF24L01.o
LOAD ./libnrf24l01/src/TM4C123_nRF24L01.o
LOAD ./tm4c123gh6pm_startup_ccs_gcc.o
LOAD ./main.o
                0x00000000                PROVIDE (_intvecs_base_address, 0x0)

.intvecs        0x00000000      0x26c
 *(.intvecs)
 .intvecs       0x00000000      0x26c ./tm4c123gh6pm_startup_ccs_gcc.o
                0x00000000                g_pfnVectors
                0x20000000                PROVIDE (_vtable_base_address, 0x20000000)

.vtable
 *(.vtable)

.text           0x0000026c     0x3d7c
 CREATE_OBJECT_SYMBOLS
 *(.text)
 .text          0x0000026c        0x0 c:/ti/ccsv6/tools/compiler/gcc-arm-none-eabi-4_7-2013q3/bin/../lib/gcc/arm-none-eabi/4.7.4/crti.o
 .text          0x0000026c       0x94 c:/ti/ccsv6/tools/compiler/gcc-arm-none-eabi-4_7-2013q3/bin/../lib/gcc/arm-none-eabi/4.7.4/crtbegin.o
 .text          0x00000300      0x110 c:/ti/ccsv6/tools/compiler/gcc-arm-none-eabi-4_7-2013q3/bin/../lib/gcc/arm-none-eabi/4.7.4/../../../../arm-none-eabi/lib/crt0.o
                0x00000300                _start
                0x00000300                start
                0x00000300                _mainCRTStartup
 .text          0x00000410        0x0 ./libnrf24l01/src/nRF24L01.o
 .text          0x00000410        0x0 ./libnrf24l01/src/TM4C123_nRF24L01.o
 .text          0x00000410        0x0 ./tm4c123gh6pm_startup_ccs_gcc.o
 .text          0x00000410        0x0 ./main.o
 .text          0x00000410        0x0 c:/ti/ccsv6/tools/compiler/gcc-arm-none-eabi-4_7-2013q3/bin/../lib/gcc/arm-none-eabi/4.7.4/../../../../arm-none-eabi/lib\libc.a(lib_a-__atexit.o)
 .text          0x00000410        0x0 c:/ti/ccsv6/tools/compiler/gcc-arm-none-eabi-4_7-2013q3/bin/../lib/gcc/arm-none-eabi/4.7.4/../../../../arm-none-eabi/lib\libc.a(lib_a-exit.o)
 .text          0x00000410        0x0 c:/ti/ccsv6/tools/compiler/gcc-arm-none-eabi-4_7-2013q3/bin/../lib/gcc/arm-none-eabi/4.7.4/../../../../arm-none-eabi/lib\libc.a(lib_a-fini.o)
 .text          0x00000410        0x0 c:/ti/ccsv6/tools/compiler/gcc-arm-none-eabi-4_7-2013q3/bin/../lib/gcc/arm-none-eabi/4.7.4/../../../../arm-none-eabi/lib\libc.a(lib_a-impure.o)
 .text          0x00000410        0x0 c:/ti/ccsv6/tools/compiler/gcc-arm-none-eabi-4_7-2013q3/bin/../lib/gcc/arm-none-eabi/4.7.4/../../../../arm-none-eabi/lib\libc.a(lib_a-init.o)
 .text          0x00000410        0x0 c:/ti/ccsv6/tools/compiler/gcc-arm-none-eabi-4_7-2013q3/bin/../lib/gcc/arm-none-eabi/4.7.4/../../../../arm-none-eabi/lib\libc.a(lib_a-memset.o)
 .text          0x00000410        0x0 c:/ti/ccsv6/tools/compiler/gcc-arm-none-eabi-4_7-2013q3/bin/../lib/gcc/arm-none-eabi/4.7.4/../../../../arm-none-eabi/lib\libc.a(lib_a-__call_atexit.o)
 .text          0x00000410        0x0 c:/ti/ccsv6/tools/compiler/gcc-arm-none-eabi-4_7-2013q3/bin/../lib/gcc/arm-none-eabi/4.7.4/../../../../arm-none-eabi/lib\libc.a(lib_a-atexit.o)
 .text          0x00000410        0x0 c:/ti/ccsv6/tools/compiler/gcc-arm-none-eabi-4_7-2013q3/bin/../lib/gcc/arm-none-eabi/4.7.4/../../../../arm-none-eabi/lib\libnosys.a(_exit.o)
 .text          0x00000410        0x0 D:/Portable/Programs/TivaDriver/driverlib/gcc\libdriver.a(adc.o)
 .text          0x00000410        0x0 D:/Portable/Programs/TivaDriver/driverlib/gcc\libdriver.a(gpio.o)
 .text          0x00000410        0x0 D:/Portable/Programs/TivaDriver/driverlib/gcc\libdriver.a(interrupt.o)
 .text          0x00000410        0x0 D:/Portable/Programs/TivaDriver/driverlib/gcc\libdriver.a(ssi.o)
 .text          0x00000410        0x0 D:/Portable/Programs/TivaDriver/driverlib/gcc\libdriver.a(sysctl.o)
 .text          0x00000410        0x0 D:/Portable/Programs/TivaDriver/driverlib/gcc\libdriver.a(systick.o)
 .text          0x00000410        0x0 D:/Portable/Programs/TivaDriver/driverlib/gcc\libdriver.a(timer.o)
 .text          0x00000410        0x0 D:/Portable/Programs/TivaDriver/driverlib/gcc\libdriver.a(udma.o)
 .text          0x00000410        0x0 D:/Portable/Programs/TivaDriver/driverlib/gcc\libdriver.a(cpu.o)
 .text          0x00000410        0x0 c:/ti/ccsv6/tools/compiler/gcc-arm-none-eabi-4_7-2013q3/bin/../lib/gcc/arm-none-eabi/4.7.4/crtend.o
 .text          0x00000410        0x0 c:/ti/ccsv6/tools/compiler/gcc-arm-none-eabi-4_7-2013q3/bin/../lib/gcc/arm-none-eabi/4.7.4/crtn.o
 *(.text.*)
 .text.RF24_init
                0x00000410       0xdc ./libnrf24l01/src/nRF24L01.o
                0x00000410                RF24_init
 .text.RF24_enableFeatures
                0x000004ec       0x5c ./libnrf24l01/src/nRF24L01.o
                0x000004ec                RF24_enableFeatures
 .text.RF24_disableFeatures
                0x00000548       0x60 ./libnrf24l01/src/nRF24L01.o
                0x00000548                RF24_disableFeatures
 .text.RF24_getLostPackets
                0x000005a8       0x18 ./libnrf24l01/src/nRF24L01.o
                0x000005a8                RF24_getLostPackets
 .text.RF24_isAlive
                0x000005c0       0x3c ./libnrf24l01/src/nRF24L01.o
                0x000005c0                RF24_isAlive
 .text.RF24_setConfigureRegister
                0x000005fc       0x20 ./libnrf24l01/src/nRF24L01.o
                0x000005fc                RF24_setConfigureRegister
 .text.RF24_getConfigureRegister
                0x0000061c       0x14 ./libnrf24l01/src/nRF24L01.o
                0x0000061c                RF24_getConfigureRegister
 .text.RF24_setSpeedAndPower
                0x00000630       0x38 ./libnrf24l01/src/nRF24L01.o
                0x00000630                RF24_setSpeedAndPower
 .text.RF24_setChannel
                0x00000668       0x24 ./libnrf24l01/src/nRF24L01.o
                0x00000668                RF24_setChannel
 .text.RF24_setAddressWidth
                0x0000068c       0x28 ./libnrf24l01/src/nRF24L01.o
                0x0000068c                RF24_setAddressWidth
 .text.RF24_getCurrentState
                0x000006b4       0x90 ./libnrf24l01/src/nRF24L01.o
                0x000006b4                RF24_getCurrentState
 .text.RF24_startPowerDown
                0x00000744       0x20 ./libnrf24l01/src/nRF24L01.o
                0x00000744                RF24_startPowerDown
 .text.RF24_startStandby
                0x00000764       0x6c ./libnrf24l01/src/nRF24L01.o
                0x00000764                RF24_startStandby
 .text.RF24_scan
                0x000007d0       0x7c ./libnrf24l01/src/nRF24L01.o
                0x000007d0                RF24_scan
 .text.RF24_getIrqFlag
                0x0000084c       0x6c ./libnrf24l01/src/nRF24L01.o
                0x0000084c                RF24_getIrqFlag
 .text.RF24_clearIrqFlag
                0x000008b8       0x64 ./libnrf24l01/src/nRF24L01.o
                0x000008b8                RF24_clearIrqFlag
 .text.RF24_readRegister
                0x0000091c       0x40 ./libnrf24l01/src/nRF24L01.o
                0x0000091c                RF24_readRegister
 .text.RF24_writeRegister
                0x0000095c       0x44 ./libnrf24l01/src/nRF24L01.o
                0x0000095c                RF24_writeRegister
 .text.RF24_TX_setAddress
                0x000009a0       0x64 ./libnrf24l01/src/nRF24L01.o
                0x000009a0                RF24_TX_setAddress
 .text.RF24_TX_writePayloadAck
                0x00000a04       0x60 ./libnrf24l01/src/nRF24L01.o
                0x00000a04                RF24_TX_writePayloadAck
 .text.RF24_TX_writePayloadNoAck
                0x00000a64       0x74 ./libnrf24l01/src/nRF24L01.o
                0x00000a64                RF24_TX_writePayloadNoAck
 .text.RF24_TX_flush
                0x00000ad8       0x24 ./libnrf24l01/src/nRF24L01.o
                0x00000ad8                RF24_TX_flush
 .text.RF24_TX_reuseLastPayload
                0x00000afc       0x28 ./libnrf24l01/src/nRF24L01.o
                0x00000afc                RF24_TX_reuseLastPayload
 .text.RF24_TX_activate
                0x00000b24       0x2c ./libnrf24l01/src/nRF24L01.o
                0x00000b24                RF24_TX_activate
 .text.RF24_TX_pulseTransmit
                0x00000b50       0x18 ./libnrf24l01/src/nRF24L01.o
                0x00000b50                RF24_TX_pulseTransmit
 .text.RF24_RX_setAddress
                0x00000b68       0x8c ./libnrf24l01/src/nRF24L01.o
                0x00000b68                RF24_RX_setAddress
 .text.RF24_RX_getPayloadWidth
                0x00000bf4       0x3c ./libnrf24l01/src/nRF24L01.o
                0x00000bf4                RF24_RX_getPayloadWidth
 .text.RF24_RX_getPayloadData
                0x00000c30       0x74 ./libnrf24l01/src/nRF24L01.o
                0x00000c30                RF24_RX_getPayloadData
 .text.RF24_RX_flush
                0x00000ca4       0x24 ./libnrf24l01/src/nRF24L01.o
                0x00000ca4                RF24_RX_flush
 .text.RF24_RX_activate
                0x00000cc8       0x30 ./libnrf24l01/src/nRF24L01.o
                0x00000cc8                RF24_RX_activate
 .text.RF24_RX_isEmpty
                0x00000cf8       0x50 ./libnrf24l01/src/nRF24L01.o
                0x00000cf8                RF24_RX_isEmpty
 .text.RF24_RX_sendAckWithPayload
                0x00000d48       0x84 ./libnrf24l01/src/nRF24L01.o
                0x00000d48                RF24_RX_sendAckWithPayload
 .text.RF24_PIPE_close
                0x00000dcc       0x80 ./libnrf24l01/src/nRF24L01.o
                0x00000dcc                RF24_PIPE_close
 .text.RF24_PIPE_closeAll
                0x00000e4c       0x2c ./libnrf24l01/src/nRF24L01.o
                0x00000e4c                RF24_PIPE_closeAll
 .text.RF24_PIPE_open
                0x00000e78       0x90 ./libnrf24l01/src/nRF24L01.o
                0x00000e78                RF24_PIPE_open
 .text.RF24_PIPE_isOpen
                0x00000f08       0x50 ./libnrf24l01/src/nRF24L01.o
                0x00000f08                RF24_PIPE_isOpen
 .text.RF24_PIPE_setPacketSize
                0x00000f58       0xa8 ./libnrf24l01/src/nRF24L01.o
                0x00000f58                RF24_PIPE_setPacketSize
 .text.RF24_RETRANS_setDelay
                0x00001000       0x3c ./libnrf24l01/src/nRF24L01.o
                0x00001000                RF24_RETRANS_setDelay
 .text.RF24_RETRANS_setCount
                0x0000103c       0x3c ./libnrf24l01/src/nRF24L01.o
                0x0000103c                RF24_RETRANS_setCount
 .text.RF24_RETRANS_getLastRetransmits
                0x00001078       0x18 ./libnrf24l01/src/nRF24L01.o
                0x00001078                RF24_RETRANS_getLastRetransmits
 .text.initSpiForRF
                0x00001090      0x13c ./libnrf24l01/src/TM4C123_nRF24L01.o
                0x00001090                initSpiForRF
 .text.setRfCSN
                0x000011cc       0x1c ./libnrf24l01/src/TM4C123_nRF24L01.o
                0x000011cc                setRfCSN
 .text.clearRfCSN
                0x000011e8       0x1c ./libnrf24l01/src/TM4C123_nRF24L01.o
                0x000011e8                clearRfCSN
 .text.setRfCE  0x00001204       0x28 ./libnrf24l01/src/TM4C123_nRF24L01.o
                0x00001204                setRfCE
 .text.clearRfCE
                0x0000122c       0x28 ./libnrf24l01/src/TM4C123_nRF24L01.o
                0x0000122c                clearRfCE
 .text.SPI_sendAndGetData
                0x00001254       0x38 ./libnrf24l01/src/TM4C123_nRF24L01.o
                0x00001254                SPI_sendAndGetData
 .text.rfDelayLoop
                0x0000128c       0x18 ./libnrf24l01/src/TM4C123_nRF24L01.o
                0x0000128c                rfDelayLoop
 .text.getCEState
                0x000012a4       0x18 ./libnrf24l01/src/TM4C123_nRF24L01.o
                0x000012a4                getCEState
 .text.ResetISR
                0x000012bc       0x84 ./tm4c123gh6pm_startup_ccs_gcc.o
                0x000012bc                ResetISR
 .text.NmiSR    0x00001340        0x8 ./tm4c123gh6pm_startup_ccs_gcc.o
 .text.FaultISR
                0x00001348        0x8 ./tm4c123gh6pm_startup_ccs_gcc.o
 .text.IntDefaultHandler
                0x00001350        0x8 ./tm4c123gh6pm_startup_ccs_gcc.o
 .text.main     0x00001358      0x22c ./main.o
                0x00001358                main
 .text.initADC  0x00001584       0x60 ./main.o
                0x00001584                initADC
 .text.initRfModule
                0x000015e4       0x9c ./main.o
                0x000015e4                initRfModule
 .text.GPIOPinToggle
                0x00001680       0x38 ./main.o
                0x00001680                GPIOPinToggle
 .text.GPIOEIntHandler
                0x000016b8       0x20 ./main.o
                0x000016b8                GPIOEIntHandler
 .text.RF24_IntHandler
                0x000016d8       0xa8 ./main.o
                0x000016d8                RF24_IntHandler
 .text.ADC0IntHandler
                0x00001780       0x8c ./main.o
                0x00001780                ADC0IntHandler
 .text.ADC1IntHandler
                0x0000180c       0x8c ./main.o
                0x0000180c                ADC1IntHandler
 .text.uDMAErrorHandler
                0x00001898       0x4c ./main.o
                0x00001898                uDMAErrorHandler
 .text.SysTickHandler
                0x000018e4       0x24 ./main.o
                0x000018e4                SysTickHandler
 .text.__register_exitproc
                0x00001908       0xf4 c:/ti/ccsv6/tools/compiler/gcc-arm-none-eabi-4_7-2013q3/bin/../lib/gcc/arm-none-eabi/4.7.4/../../../../arm-none-eabi/lib\libc.a(lib_a-__atexit.o)
                0x00001908                __register_exitproc
 .text.exit     0x000019fc       0x34 c:/ti/ccsv6/tools/compiler/gcc-arm-none-eabi-4_7-2013q3/bin/../lib/gcc/arm-none-eabi/4.7.4/../../../../arm-none-eabi/lib\libc.a(lib_a-exit.o)
                0x000019fc                exit
 .text.__libc_fini_array
                0x00001a30       0x44 c:/ti/ccsv6/tools/compiler/gcc-arm-none-eabi-4_7-2013q3/bin/../lib/gcc/arm-none-eabi/4.7.4/../../../../arm-none-eabi/lib\libc.a(lib_a-fini.o)
                0x00001a30                __libc_fini_array
 .text.__libc_init_array
                0x00001a74       0x88 c:/ti/ccsv6/tools/compiler/gcc-arm-none-eabi-4_7-2013q3/bin/../lib/gcc/arm-none-eabi/4.7.4/../../../../arm-none-eabi/lib\libc.a(lib_a-init.o)
                0x00001a74                __libc_init_array
 .text.memset   0x00001afc       0xf8 c:/ti/ccsv6/tools/compiler/gcc-arm-none-eabi-4_7-2013q3/bin/../lib/gcc/arm-none-eabi/4.7.4/../../../../arm-none-eabi/lib\libc.a(lib_a-memset.o)
                0x00001afc                memset
 .text.startup.register_fini
                0x00001bf4       0x24 c:/ti/ccsv6/tools/compiler/gcc-arm-none-eabi-4_7-2013q3/bin/../lib/gcc/arm-none-eabi/4.7.4/../../../../arm-none-eabi/lib\libc.a(lib_a-__call_atexit.o)
 .text.__call_exitprocs
                0x00001c18      0x17c c:/ti/ccsv6/tools/compiler/gcc-arm-none-eabi-4_7-2013q3/bin/../lib/gcc/arm-none-eabi/4.7.4/../../../../arm-none-eabi/lib\libc.a(lib_a-__call_atexit.o)
                0x00001c18                __call_exitprocs
 .text.atexit   0x00001d94       0x20 c:/ti/ccsv6/tools/compiler/gcc-arm-none-eabi-4_7-2013q3/bin/../lib/gcc/arm-none-eabi/4.7.4/../../../../arm-none-eabi/lib\libc.a(lib_a-atexit.o)
                0x00001d94                atexit
 .text._exit    0x00001db4        0x4 c:/ti/ccsv6/tools/compiler/gcc-arm-none-eabi-4_7-2013q3/bin/../lib/gcc/arm-none-eabi/4.7.4/../../../../arm-none-eabi/lib\libnosys.a(_exit.o)
                0x00001db4                _exit
 .text._ADCIntNumberGet
                0x00001db8       0x4c D:/Portable/Programs/TivaDriver/driverlib/gcc\libdriver.a(adc.o)
 .text.ADCIntRegister
                0x00001e04       0x1a D:/Portable/Programs/TivaDriver/driverlib/gcc\libdriver.a(adc.o)
                0x00001e04                ADCIntRegister
 .text.ADCIntUnregister
                0x00001e1e       0x16 D:/Portable/Programs/TivaDriver/driverlib/gcc\libdriver.a(adc.o)
                0x00001e1e                ADCIntUnregister
 .text.ADCIntDisable
                0x00001e34        0xe D:/Portable/Programs/TivaDriver/driverlib/gcc\libdriver.a(adc.o)
                0x00001e34                ADCIntDisable
 .text.ADCIntEnable
                0x00001e42        0xe D:/Portable/Programs/TivaDriver/driverlib/gcc\libdriver.a(adc.o)
                0x00001e42                ADCIntEnable
 .text.ADCIntStatus
                0x00001e50       0x36 D:/Portable/Programs/TivaDriver/driverlib/gcc\libdriver.a(adc.o)
                0x00001e50                ADCIntStatus
 .text.ADCIntClear
                0x00001e86        0x8 D:/Portable/Programs/TivaDriver/driverlib/gcc\libdriver.a(adc.o)
                0x00001e86                ADCIntClear
 .text.ADCSequenceEnable
                0x00001e8e        0xe D:/Portable/Programs/TivaDriver/driverlib/gcc\libdriver.a(adc.o)
                0x00001e8e                ADCSequenceEnable
 .text.ADCSequenceDisable
                0x00001e9c        0xe D:/Portable/Programs/TivaDriver/driverlib/gcc\libdriver.a(adc.o)
                0x00001e9c                ADCSequenceDisable
 .text.ADCSequenceConfigure
                0x00001eaa       0x48 D:/Portable/Programs/TivaDriver/driverlib/gcc\libdriver.a(adc.o)
                0x00001eaa                ADCSequenceConfigure
 .text.ADCSequenceStepConfigure
                0x00001ef2       0x8c D:/Portable/Programs/TivaDriver/driverlib/gcc\libdriver.a(adc.o)
                0x00001ef2                ADCSequenceStepConfigure
 .text.ADCSequenceOverflow
                0x00001f7e        0xa D:/Portable/Programs/TivaDriver/driverlib/gcc\libdriver.a(adc.o)
                0x00001f7e                ADCSequenceOverflow
 .text.ADCSequenceOverflowClear
                0x00001f88        0x8 D:/Portable/Programs/TivaDriver/driverlib/gcc\libdriver.a(adc.o)
                0x00001f88                ADCSequenceOverflowClear
 .text.ADCSequenceUnderflow
                0x00001f90        0xa D:/Portable/Programs/TivaDriver/driverlib/gcc\libdriver.a(adc.o)
                0x00001f90                ADCSequenceUnderflow
 .text.ADCSequenceUnderflowClear
                0x00001f9a        0x8 D:/Portable/Programs/TivaDriver/driverlib/gcc\libdriver.a(adc.o)
                0x00001f9a                ADCSequenceUnderflowClear
 .text.ADCSequenceDataGet
                0x00001fa2       0x20 D:/Portable/Programs/TivaDriver/driverlib/gcc\libdriver.a(adc.o)
                0x00001fa2                ADCSequenceDataGet
 .text.ADCProcessorTrigger
                0x00001fc2       0x1a D:/Portable/Programs/TivaDriver/driverlib/gcc\libdriver.a(adc.o)
                0x00001fc2                ADCProcessorTrigger
 .text.ADCSoftwareOversampleConfigure
                0x00001fdc       0x18 D:/Portable/Programs/TivaDriver/driverlib/gcc\libdriver.a(adc.o)
                0x00001fdc                ADCSoftwareOversampleConfigure
 .text.ADCSoftwareOversampleStepConfigure
                0x00001ff4       0x78 D:/Portable/Programs/TivaDriver/driverlib/gcc\libdriver.a(adc.o)
                0x00001ff4                ADCSoftwareOversampleStepConfigure
 .text.ADCSoftwareOversampleDataGet
                0x0000206c       0x30 D:/Portable/Programs/TivaDriver/driverlib/gcc\libdriver.a(adc.o)
                0x0000206c                ADCSoftwareOversampleDataGet
 .text.ADCHardwareOversampleConfigure
                0x0000209c       0x12 D:/Portable/Programs/TivaDriver/driverlib/gcc\libdriver.a(adc.o)
                0x0000209c                ADCHardwareOversampleConfigure
 .text.ADCComparatorConfigure
                0x000020ae        0xa D:/Portable/Programs/TivaDriver/driverlib/gcc\libdriver.a(adc.o)
                0x000020ae                ADCComparatorConfigure
 .text.ADCComparatorRegionSet
                0x000020b8        0xe D:/Portable/Programs/TivaDriver/driverlib/gcc\libdriver.a(adc.o)
                0x000020b8                ADCComparatorRegionSet
 .text.ADCComparatorReset
                0x000020c6       0x1e D:/Portable/Programs/TivaDriver/driverlib/gcc\libdriver.a(adc.o)
                0x000020c6                ADCComparatorReset
 .text.ADCComparatorIntDisable
                0x000020e4       0x10 D:/Portable/Programs/TivaDriver/driverlib/gcc\libdriver.a(adc.o)
                0x000020e4                ADCComparatorIntDisable
 .text.ADCComparatorIntEnable
                0x000020f4       0x10 D:/Portable/Programs/TivaDriver/driverlib/gcc\libdriver.a(adc.o)
                0x000020f4                ADCComparatorIntEnable
 .text.ADCComparatorIntStatus
                0x00002104        0x4 D:/Portable/Programs/TivaDriver/driverlib/gcc\libdriver.a(adc.o)
                0x00002104                ADCComparatorIntStatus
 .text.ADCComparatorIntClear
                0x00002108        0x4 D:/Portable/Programs/TivaDriver/driverlib/gcc\libdriver.a(adc.o)
                0x00002108                ADCComparatorIntClear
 .text.ADCIntDisableEx
                0x0000210c        0xa D:/Portable/Programs/TivaDriver/driverlib/gcc\libdriver.a(adc.o)
                0x0000210c                ADCIntDisableEx
 .text.ADCIntEnableEx
                0x00002116        0x8 D:/Portable/Programs/TivaDriver/driverlib/gcc\libdriver.a(adc.o)
                0x00002116                ADCIntEnableEx
 .text.ADCIntStatusEx
                0x0000211e       0x14 D:/Portable/Programs/TivaDriver/driverlib/gcc\libdriver.a(adc.o)
                0x0000211e                ADCIntStatusEx
 .text.ADCIntClearEx
                0x00002132        0x8 D:/Portable/Programs/TivaDriver/driverlib/gcc\libdriver.a(adc.o)
                0x00002132                ADCIntClearEx
 .text.ADCReferenceSet
                0x0000213a        0xc D:/Portable/Programs/TivaDriver/driverlib/gcc\libdriver.a(adc.o)
                0x0000213a                ADCReferenceSet
 .text.ADCReferenceGet
                0x00002146        0x8 D:/Portable/Programs/TivaDriver/driverlib/gcc\libdriver.a(adc.o)
                0x00002146                ADCReferenceGet
 .text.ADCPhaseDelaySet
                0x0000214e        0x4 D:/Portable/Programs/TivaDriver/driverlib/gcc\libdriver.a(adc.o)
                0x0000214e                ADCPhaseDelaySet
 .text.ADCPhaseDelayGet
                0x00002152        0x4 D:/Portable/Programs/TivaDriver/driverlib/gcc\libdriver.a(adc.o)
                0x00002152                ADCPhaseDelayGet
 .text.ADCSequenceDMAEnable
                0x00002156       0x10 D:/Portable/Programs/TivaDriver/driverlib/gcc\libdriver.a(adc.o)
                0x00002156                ADCSequenceDMAEnable
 .text.ADCSequenceDMADisable
                0x00002166       0x10 D:/Portable/Programs/TivaDriver/driverlib/gcc\libdriver.a(adc.o)
                0x00002166                ADCSequenceDMADisable
 .text.ADCBusy  0x00002176        0x8 D:/Portable/Programs/TivaDriver/driverlib/gcc\libdriver.a(adc.o)
                0x00002176                ADCBusy
 .text.ADCClockConfigSet
                0x0000217e       0x1a D:/Portable/Programs/TivaDriver/driverlib/gcc\libdriver.a(adc.o)
                0x0000217e                ADCClockConfigSet
 .text.ADCClockConfigGet
                0x00002198       0x1c D:/Portable/Programs/TivaDriver/driverlib/gcc\libdriver.a(adc.o)
                0x00002198                ADCClockConfigGet
 .text._GPIOIntNumberGet
                0x000021b4       0x48 D:/Portable/Programs/TivaDriver/driverlib/gcc\libdriver.a(gpio.o)
 .text.GPIODirModeSet
                0x000021fc       0x2e D:/Portable/Programs/TivaDriver/driverlib/gcc\libdriver.a(gpio.o)
                0x000021fc                GPIODirModeSet
 .text.GPIODirModeGet
                0x0000222a       0x24 D:/Portable/Programs/TivaDriver/driverlib/gcc\libdriver.a(gpio.o)
                0x0000222a                GPIODirModeGet
 .text.GPIOIntTypeSet
                0x0000224e       0x62 D:/Portable/Programs/TivaDriver/driverlib/gcc\libdriver.a(gpio.o)
                0x0000224e                GPIOIntTypeSet
 .text.GPIOIntTypeGet
                0x000022b0       0x42 D:/Portable/Programs/TivaDriver/driverlib/gcc\libdriver.a(gpio.o)
                0x000022b0                GPIOIntTypeGet
 .text.GPIOPadConfigSet
                0x000022f2      0x14e D:/Portable/Programs/TivaDriver/driverlib/gcc\libdriver.a(gpio.o)
                0x000022f2                GPIOPadConfigSet
 .text.GPIOPadConfigGet
                0x00002440       0xbc D:/Portable/Programs/TivaDriver/driverlib/gcc\libdriver.a(gpio.o)
                0x00002440                GPIOPadConfigGet
 .text.GPIOIntEnable
                0x000024fc        0xc D:/Portable/Programs/TivaDriver/driverlib/gcc\libdriver.a(gpio.o)
                0x000024fc                GPIOIntEnable
 .text.GPIOIntDisable
                0x00002508        0xe D:/Portable/Programs/TivaDriver/driverlib/gcc\libdriver.a(gpio.o)
                0x00002508                GPIOIntDisable
 .text.GPIOIntStatus
                0x00002516        0xe D:/Portable/Programs/TivaDriver/driverlib/gcc\libdriver.a(gpio.o)
                0x00002516                GPIOIntStatus
 .text.GPIOIntClear
                0x00002524        0x6 D:/Portable/Programs/TivaDriver/driverlib/gcc\libdriver.a(gpio.o)
                0x00002524                GPIOIntClear
 .text.GPIOIntRegister
                0x0000252a       0x1a D:/Portable/Programs/TivaDriver/driverlib/gcc\libdriver.a(gpio.o)
                0x0000252a                GPIOIntRegister
 .text.GPIOIntUnregister
                0x00002544       0x16 D:/Portable/Programs/TivaDriver/driverlib/gcc\libdriver.a(gpio.o)
                0x00002544                GPIOIntUnregister
 .text.GPIOPinRead
                0x0000255a        0x6 D:/Portable/Programs/TivaDriver/driverlib/gcc\libdriver.a(gpio.o)
                0x0000255a                GPIOPinRead
 .text.GPIOPinWrite
                0x00002560        0x6 D:/Portable/Programs/TivaDriver/driverlib/gcc\libdriver.a(gpio.o)
                0x00002560                GPIOPinWrite
 .text.GPIOPinTypeADC
                0x00002566       0x1c D:/Portable/Programs/TivaDriver/driverlib/gcc\libdriver.a(gpio.o)
                0x00002566                GPIOPinTypeADC
 .text.GPIOPinTypeCAN
                0x00002582       0x1c D:/Portable/Programs/TivaDriver/driverlib/gcc\libdriver.a(gpio.o)
                0x00002582                GPIOPinTypeCAN
 .text.GPIOPinTypeComparator
                0x0000259e       0x1c D:/Portable/Programs/TivaDriver/driverlib/gcc\libdriver.a(gpio.o)
                0x0000259e                GPIOPinTypeComparator
 .text.GPIOPinTypeEPI
                0x000025ba       0x1c D:/Portable/Programs/TivaDriver/driverlib/gcc\libdriver.a(gpio.o)
                0x000025ba                GPIOPinTypeEPI
 .text.GPIOPinTypeEthernetLED
                0x000025d6       0x1c D:/Portable/Programs/TivaDriver/driverlib/gcc\libdriver.a(gpio.o)
                0x000025d6                GPIOPinTypeEthernetLED
 .text.GPIOPinTypeEthernetMII
                0x000025f2       0x1c D:/Portable/Programs/TivaDriver/driverlib/gcc\libdriver.a(gpio.o)
                0x000025f2                GPIOPinTypeEthernetMII
 .text.GPIOPinTypeGPIOInput
                0x0000260e       0x1c D:/Portable/Programs/TivaDriver/driverlib/gcc\libdriver.a(gpio.o)
                0x0000260e                GPIOPinTypeGPIOInput
 .text.GPIOPinTypeGPIOOutput
                0x0000262a       0x1c D:/Portable/Programs/TivaDriver/driverlib/gcc\libdriver.a(gpio.o)
                0x0000262a                GPIOPinTypeGPIOOutput
 .text.GPIOPinTypeGPIOOutputOD
                0x00002646       0x1c D:/Portable/Programs/TivaDriver/driverlib/gcc\libdriver.a(gpio.o)
                0x00002646                GPIOPinTypeGPIOOutputOD
 .text.GPIOPinTypeI2C
                0x00002662       0x1c D:/Portable/Programs/TivaDriver/driverlib/gcc\libdriver.a(gpio.o)
                0x00002662                GPIOPinTypeI2C
 .text.GPIOPinTypeI2CSCL
                0x0000267e       0x1c D:/Portable/Programs/TivaDriver/driverlib/gcc\libdriver.a(gpio.o)
                0x0000267e                GPIOPinTypeI2CSCL
 .text.GPIOPinTypeLCD
                0x0000269a       0x1c D:/Portable/Programs/TivaDriver/driverlib/gcc\libdriver.a(gpio.o)
                0x0000269a                GPIOPinTypeLCD
 .text.GPIOPinTypeLPC
                0x000026b6       0x1c D:/Portable/Programs/TivaDriver/driverlib/gcc\libdriver.a(gpio.o)
                0x000026b6                GPIOPinTypeLPC
 .text.GPIOPinTypePECIRx
                0x000026d2       0x1c D:/Portable/Programs/TivaDriver/driverlib/gcc\libdriver.a(gpio.o)
                0x000026d2                GPIOPinTypePECIRx
 .text.GPIOPinTypePECITx
                0x000026ee       0x1c D:/Portable/Programs/TivaDriver/driverlib/gcc\libdriver.a(gpio.o)
                0x000026ee                GPIOPinTypePECITx
 .text.GPIOPinTypePWM
                0x0000270a       0x1c D:/Portable/Programs/TivaDriver/driverlib/gcc\libdriver.a(gpio.o)
                0x0000270a                GPIOPinTypePWM
 .text.GPIOPinTypeQEI
                0x00002726       0x1c D:/Portable/Programs/TivaDriver/driverlib/gcc\libdriver.a(gpio.o)
                0x00002726                GPIOPinTypeQEI
 .text.GPIOPinTypeSSI
                0x00002742       0x1c D:/Portable/Programs/TivaDriver/driverlib/gcc\libdriver.a(gpio.o)
                0x00002742                GPIOPinTypeSSI
 .text.GPIOPinTypeTimer
                0x0000275e       0x1c D:/Portable/Programs/TivaDriver/driverlib/gcc\libdriver.a(gpio.o)
                0x0000275e                GPIOPinTypeTimer
 .text.GPIOPinTypeUART
                0x0000277a       0x1c D:/Portable/Programs/TivaDriver/driverlib/gcc\libdriver.a(gpio.o)
                0x0000277a                GPIOPinTypeUART
 .text.GPIOPinTypeUSBAnalog
                0x00002796       0x1c D:/Portable/Programs/TivaDriver/driverlib/gcc\libdriver.a(gpio.o)
                0x00002796                GPIOPinTypeUSBAnalog
 .text.GPIOPinTypeUSBDigital
                0x000027b2       0x1c D:/Portable/Programs/TivaDriver/driverlib/gcc\libdriver.a(gpio.o)
                0x000027b2                GPIOPinTypeUSBDigital
 .text.GPIOPinTypeWakeHigh
                0x000027ce       0x1e D:/Portable/Programs/TivaDriver/driverlib/gcc\libdriver.a(gpio.o)
                0x000027ce                GPIOPinTypeWakeHigh
 .text.GPIOPinTypeWakeLow
                0x000027ec       0x1e D:/Portable/Programs/TivaDriver/driverlib/gcc\libdriver.a(gpio.o)
                0x000027ec                GPIOPinTypeWakeLow
 .text.GPIOPinTypeKBRow
                0x0000280a       0x1c D:/Portable/Programs/TivaDriver/driverlib/gcc\libdriver.a(gpio.o)
                0x0000280a                GPIOPinTypeKBRow
 .text.GPIOPinTypeKBColumn
                0x00002826       0x1c D:/Portable/Programs/TivaDriver/driverlib/gcc\libdriver.a(gpio.o)
                0x00002826                GPIOPinTypeKBColumn
 .text.GPIOPinTypeLEDSeq
                0x00002842       0x1c D:/Portable/Programs/TivaDriver/driverlib/gcc\libdriver.a(gpio.o)
                0x00002842                GPIOPinTypeLEDSeq
 .text.GPIOPinTypeCIR
                0x0000285e       0x1c D:/Portable/Programs/TivaDriver/driverlib/gcc\libdriver.a(gpio.o)
                0x0000285e                GPIOPinTypeCIR
 .text.GPIOPinWakeStatus
                0x0000287a        0x6 D:/Portable/Programs/TivaDriver/driverlib/gcc\libdriver.a(gpio.o)
                0x0000287a                GPIOPinWakeStatus
 .text.GPIOPinConfigure
                0x00002880       0x4c D:/Portable/Programs/TivaDriver/driverlib/gcc\libdriver.a(gpio.o)
                0x00002880                GPIOPinConfigure
 .text.GPIODMATriggerEnable
                0x000028cc        0xc D:/Portable/Programs/TivaDriver/driverlib/gcc\libdriver.a(gpio.o)
                0x000028cc                GPIODMATriggerEnable
 .text.GPIODMATriggerDisable
                0x000028d8        0xe D:/Portable/Programs/TivaDriver/driverlib/gcc\libdriver.a(gpio.o)
                0x000028d8                GPIODMATriggerDisable
 .text.GPIOADCTriggerEnable
                0x000028e6        0xc D:/Portable/Programs/TivaDriver/driverlib/gcc\libdriver.a(gpio.o)
                0x000028e6                GPIOADCTriggerEnable
 .text.GPIOADCTriggerDisable
                0x000028f2        0xe D:/Portable/Programs/TivaDriver/driverlib/gcc\libdriver.a(gpio.o)
                0x000028f2                GPIOADCTriggerDisable
 .text._IntDefaultHandler
                0x00002900        0x2 D:/Portable/Programs/TivaDriver/driverlib/gcc\libdriver.a(interrupt.o)
 .text.IntMasterEnable
                0x00002902        0xe D:/Portable/Programs/TivaDriver/driverlib/gcc\libdriver.a(interrupt.o)
                0x00002902                IntMasterEnable
 .text.IntMasterDisable
                0x00002910        0xe D:/Portable/Programs/TivaDriver/driverlib/gcc\libdriver.a(interrupt.o)
                0x00002910                IntMasterDisable
 *fill*         0x0000291e        0x2 00
 .text.IntRegister
                0x00002920       0x30 D:/Portable/Programs/TivaDriver/driverlib/gcc\libdriver.a(interrupt.o)
                0x00002920                IntRegister
 .text.IntUnregister
                0x00002950       0x14 D:/Portable/Programs/TivaDriver/driverlib/gcc\libdriver.a(interrupt.o)
                0x00002950                IntUnregister
 .text.IntPriorityGroupingSet
                0x00002964       0x1c D:/Portable/Programs/TivaDriver/driverlib/gcc\libdriver.a(interrupt.o)
                0x00002964                IntPriorityGroupingSet
 .text.IntPriorityGroupingGet
                0x00002980       0x24 D:/Portable/Programs/TivaDriver/driverlib/gcc\libdriver.a(interrupt.o)
                0x00002980                IntPriorityGroupingGet
 .text.IntPrioritySet
                0x000029a4       0x28 D:/Portable/Programs/TivaDriver/driverlib/gcc\libdriver.a(interrupt.o)
                0x000029a4                IntPrioritySet
 .text.IntPriorityGet
                0x000029cc       0x1c D:/Portable/Programs/TivaDriver/driverlib/gcc\libdriver.a(interrupt.o)
                0x000029cc                IntPriorityGet
 .text.IntEnable
                0x000029e8       0x60 D:/Portable/Programs/TivaDriver/driverlib/gcc\libdriver.a(interrupt.o)
                0x000029e8                IntEnable
 .text.IntDisable
                0x00002a48       0x60 D:/Portable/Programs/TivaDriver/driverlib/gcc\libdriver.a(interrupt.o)
                0x00002a48                IntDisable
 .text.IntIsEnabled
                0x00002aa8       0x64 D:/Portable/Programs/TivaDriver/driverlib/gcc\libdriver.a(interrupt.o)
                0x00002aa8                IntIsEnabled
 .text.IntPendSet
                0x00002b0c       0x50 D:/Portable/Programs/TivaDriver/driverlib/gcc\libdriver.a(interrupt.o)
                0x00002b0c                IntPendSet
 .text.IntPendClear
                0x00002b5c       0x40 D:/Portable/Programs/TivaDriver/driverlib/gcc\libdriver.a(interrupt.o)
                0x00002b5c                IntPendClear
 .text.IntPriorityMaskSet
                0x00002b9c        0x4 D:/Portable/Programs/TivaDriver/driverlib/gcc\libdriver.a(interrupt.o)
                0x00002b9c                IntPriorityMaskSet
 .text.IntPriorityMaskGet
                0x00002ba0        0x4 D:/Portable/Programs/TivaDriver/driverlib/gcc\libdriver.a(interrupt.o)
                0x00002ba0                IntPriorityMaskGet
 .text.IntTrigger
                0x00002ba4        0xc D:/Portable/Programs/TivaDriver/driverlib/gcc\libdriver.a(interrupt.o)
                0x00002ba4                IntTrigger
 .text._SSIIntNumberGet
                0x00002bb0       0x48 D:/Portable/Programs/TivaDriver/driverlib/gcc\libdriver.a(ssi.o)
 .text.SSIConfigSetExpClk
                0x00002bf8       0x4a D:/Portable/Programs/TivaDriver/driverlib/gcc\libdriver.a(ssi.o)
                0x00002bf8                SSIConfigSetExpClk
 .text.SSIEnable
                0x00002c42        0xa D:/Portable/Programs/TivaDriver/driverlib/gcc\libdriver.a(ssi.o)
                0x00002c42                SSIEnable
 .text.SSIDisable
                0x00002c4c        0xa D:/Portable/Programs/TivaDriver/driverlib/gcc\libdriver.a(ssi.o)
                0x00002c4c                SSIDisable
 .text.SSIIntRegister
                0x00002c56       0x1a D:/Portable/Programs/TivaDriver/driverlib/gcc\libdriver.a(ssi.o)
                0x00002c56                SSIIntRegister
 .text.SSIIntUnregister
                0x00002c70       0x16 D:/Portable/Programs/TivaDriver/driverlib/gcc\libdriver.a(ssi.o)
                0x00002c70                SSIIntUnregister
 .text.SSIIntEnable
                0x00002c86        0x8 D:/Portable/Programs/TivaDriver/driverlib/gcc\libdriver.a(ssi.o)
                0x00002c86                SSIIntEnable
 .text.SSIIntDisable
                0x00002c8e        0xa D:/Portable/Programs/TivaDriver/driverlib/gcc\libdriver.a(ssi.o)
                0x00002c8e                SSIIntDisable
 .text.SSIIntStatus
                0x00002c98        0xa D:/Portable/Programs/TivaDriver/driverlib/gcc\libdriver.a(ssi.o)
                0x00002c98                SSIIntStatus
 .text.SSIIntClear
                0x00002ca2        0x4 D:/Portable/Programs/TivaDriver/driverlib/gcc\libdriver.a(ssi.o)
                0x00002ca2                SSIIntClear
 .text.SSIDataPut
                0x00002ca6        0xc D:/Portable/Programs/TivaDriver/driverlib/gcc\libdriver.a(ssi.o)
                0x00002ca6                SSIDataPut
 .text.SSIDataPutNonBlocking
                0x00002cb2       0x12 D:/Portable/Programs/TivaDriver/driverlib/gcc\libdriver.a(ssi.o)
                0x00002cb2                SSIDataPutNonBlocking
 .text.SSIDataGet
                0x00002cc4        0xe D:/Portable/Programs/TivaDriver/driverlib/gcc\libdriver.a(ssi.o)
                0x00002cc4                SSIDataGet
 .text.SSIDataGetNonBlocking
                0x00002cd2       0x14 D:/Portable/Programs/TivaDriver/driverlib/gcc\libdriver.a(ssi.o)
                0x00002cd2                SSIDataGetNonBlocking
 .text.SSIDMAEnable
                0x00002ce6        0x8 D:/Portable/Programs/TivaDriver/driverlib/gcc\libdriver.a(ssi.o)
                0x00002ce6                SSIDMAEnable
 .text.SSIDMADisable
                0x00002cee        0xa D:/Portable/Programs/TivaDriver/driverlib/gcc\libdriver.a(ssi.o)
                0x00002cee                SSIDMADisable
 .text.SSIBusy  0x00002cf8        0x8 D:/Portable/Programs/TivaDriver/driverlib/gcc\libdriver.a(ssi.o)
                0x00002cf8                SSIBusy
 .text.SSIClockSourceSet
                0x00002d00        0x6 D:/Portable/Programs/TivaDriver/driverlib/gcc\libdriver.a(ssi.o)
                0x00002d00                SSIClockSourceSet
 .text.SSIClockSourceGet
                0x00002d06        0x6 D:/Portable/Programs/TivaDriver/driverlib/gcc\libdriver.a(ssi.o)
                0x00002d06                SSIClockSourceGet
 .text.SSIAdvModeSet
                0x00002d0c        0xc D:/Portable/Programs/TivaDriver/driverlib/gcc\libdriver.a(ssi.o)
                0x00002d0c                SSIAdvModeSet
 .text.SSIAdvDataPutFrameEnd
                0x00002d18       0x14 D:/Portable/Programs/TivaDriver/driverlib/gcc\libdriver.a(ssi.o)
                0x00002d18                SSIAdvDataPutFrameEnd
 .text.SSIAdvDataPutFrameEndNonBlocking
                0x00002d2c       0x1a D:/Portable/Programs/TivaDriver/driverlib/gcc\libdriver.a(ssi.o)
                0x00002d2c                SSIAdvDataPutFrameEndNonBlocking
 .text.SSIAdvFrameHoldEnable
                0x00002d46        0xa D:/Portable/Programs/TivaDriver/driverlib/gcc\libdriver.a(ssi.o)
                0x00002d46                SSIAdvFrameHoldEnable
 .text.SSIAdvFrameHoldDisable
                0x00002d50        0xa D:/Portable/Programs/TivaDriver/driverlib/gcc\libdriver.a(ssi.o)
                0x00002d50                SSIAdvFrameHoldDisable
 *fill*         0x00002d5a        0x2 00
 .text._SysCtlMemTimingGet
                0x00002d5c       0x24 D:/Portable/Programs/TivaDriver/driverlib/gcc\libdriver.a(sysctl.o)
 .text.SysCtlSRAMSizeGet
                0x00002d80       0x10 D:/Portable/Programs/TivaDriver/driverlib/gcc\libdriver.a(sysctl.o)
                0x00002d80                SysCtlSRAMSizeGet
 .text.SysCtlFlashSizeGet
                0x00002d90       0x40 D:/Portable/Programs/TivaDriver/driverlib/gcc\libdriver.a(sysctl.o)
                0x00002d90                SysCtlFlashSizeGet
 .text.SysCtlFlashSectorSizeGet
                0x00002dd0       0x3c D:/Portable/Programs/TivaDriver/driverlib/gcc\libdriver.a(sysctl.o)
                0x00002dd0                SysCtlFlashSectorSizeGet
 .text.SysCtlPeripheralPresent
                0x00002e0c       0x34 D:/Portable/Programs/TivaDriver/driverlib/gcc\libdriver.a(sysctl.o)
                0x00002e0c                SysCtlPeripheralPresent
 .text.SysCtlPeripheralReady
                0x00002e40       0x34 D:/Portable/Programs/TivaDriver/driverlib/gcc\libdriver.a(sysctl.o)
                0x00002e40                SysCtlPeripheralReady
 .text.SysCtlPeripheralPowerOn
                0x00002e74       0x30 D:/Portable/Programs/TivaDriver/driverlib/gcc\libdriver.a(sysctl.o)
                0x00002e74                SysCtlPeripheralPowerOn
 .text.SysCtlPeripheralPowerOff
                0x00002ea4       0x30 D:/Portable/Programs/TivaDriver/driverlib/gcc\libdriver.a(sysctl.o)
                0x00002ea4                SysCtlPeripheralPowerOff
 .text.SysCtlPeripheralReset
                0x00002ed4       0x48 D:/Portable/Programs/TivaDriver/driverlib/gcc\libdriver.a(sysctl.o)
                0x00002ed4                SysCtlPeripheralReset
 .text.SysCtlPeripheralEnable
                0x00002f1c       0x30 D:/Portable/Programs/TivaDriver/driverlib/gcc\libdriver.a(sysctl.o)
                0x00002f1c                SysCtlPeripheralEnable
 .text.SysCtlPeripheralDisable
                0x00002f4c       0x30 D:/Portable/Programs/TivaDriver/driverlib/gcc\libdriver.a(sysctl.o)
                0x00002f4c                SysCtlPeripheralDisable
 .text.SysCtlPeripheralSleepEnable
                0x00002f7c       0x30 D:/Portable/Programs/TivaDriver/driverlib/gcc\libdriver.a(sysctl.o)
                0x00002f7c                SysCtlPeripheralSleepEnable
 .text.SysCtlPeripheralSleepDisable
                0x00002fac       0x30 D:/Portable/Programs/TivaDriver/driverlib/gcc\libdriver.a(sysctl.o)
                0x00002fac                SysCtlPeripheralSleepDisable
 .text.SysCtlPeripheralDeepSleepEnable
                0x00002fdc       0x30 D:/Portable/Programs/TivaDriver/driverlib/gcc\libdriver.a(sysctl.o)
                0x00002fdc                SysCtlPeripheralDeepSleepEnable
 .text.SysCtlPeripheralDeepSleepDisable
                0x0000300c       0x30 D:/Portable/Programs/TivaDriver/driverlib/gcc\libdriver.a(sysctl.o)
                0x0000300c                SysCtlPeripheralDeepSleepDisable
 .text.SysCtlPeripheralClockGating
                0x0000303c       0x50 D:/Portable/Programs/TivaDriver/driverlib/gcc\libdriver.a(sysctl.o)
                0x0000303c                SysCtlPeripheralClockGating
 .text.SysCtlIntRegister
                0x0000308c       0x14 D:/Portable/Programs/TivaDriver/driverlib/gcc\libdriver.a(sysctl.o)
                0x0000308c                SysCtlIntRegister
 .text.SysCtlIntUnregister
                0x000030a0       0x12 D:/Portable/Programs/TivaDriver/driverlib/gcc\libdriver.a(sysctl.o)
                0x000030a0                SysCtlIntUnregister
 *fill*         0x000030b2        0x2 00
 .text.SysCtlIntEnable
                0x000030b4       0x10 D:/Portable/Programs/TivaDriver/driverlib/gcc\libdriver.a(sysctl.o)
                0x000030b4                SysCtlIntEnable
 .text.SysCtlIntDisable
                0x000030c4       0x10 D:/Portable/Programs/TivaDriver/driverlib/gcc\libdriver.a(sysctl.o)
                0x000030c4                SysCtlIntDisable
 .text.SysCtlIntClear
                0x000030d4        0xc D:/Portable/Programs/TivaDriver/driverlib/gcc\libdriver.a(sysctl.o)
                0x000030d4                SysCtlIntClear
 .text.SysCtlIntStatus
                0x000030e0       0x18 D:/Portable/Programs/TivaDriver/driverlib/gcc\libdriver.a(sysctl.o)
                0x000030e0                SysCtlIntStatus
 .text.SysCtlLDOSleepSet
                0x000030f8        0xc D:/Portable/Programs/TivaDriver/driverlib/gcc\libdriver.a(sysctl.o)
                0x000030f8                SysCtlLDOSleepSet
 .text.SysCtlLDOSleepGet
                0x00003104        0xc D:/Portable/Programs/TivaDriver/driverlib/gcc\libdriver.a(sysctl.o)
                0x00003104                SysCtlLDOSleepGet
 .text.SysCtlLDODeepSleepSet
                0x00003110        0xc D:/Portable/Programs/TivaDriver/driverlib/gcc\libdriver.a(sysctl.o)
                0x00003110                SysCtlLDODeepSleepSet
 .text.SysCtlLDODeepSleepGet
                0x0000311c        0xc D:/Portable/Programs/TivaDriver/driverlib/gcc\libdriver.a(sysctl.o)
                0x0000311c                SysCtlLDODeepSleepGet
 .text.SysCtlSleepPowerSet
                0x00003128        0xc D:/Portable/Programs/TivaDriver/driverlib/gcc\libdriver.a(sysctl.o)
                0x00003128                SysCtlSleepPowerSet
 .text.SysCtlDeepSleepPowerSet
                0x00003134        0xc D:/Portable/Programs/TivaDriver/driverlib/gcc\libdriver.a(sysctl.o)
                0x00003134                SysCtlDeepSleepPowerSet
 .text.SysCtlReset
                0x00003140       0x10 D:/Portable/Programs/TivaDriver/driverlib/gcc\libdriver.a(sysctl.o)
                0x00003140                SysCtlReset
 .text.SysCtlSleep
                0x00003150        0x4 D:/Portable/Programs/TivaDriver/driverlib/gcc\libdriver.a(sysctl.o)
                0x00003150                SysCtlSleep
 .text.SysCtlDeepSleep
                0x00003154       0x20 D:/Portable/Programs/TivaDriver/driverlib/gcc\libdriver.a(sysctl.o)
                0x00003154                SysCtlDeepSleep
 .text.SysCtlResetCauseGet
                0x00003174        0xc D:/Portable/Programs/TivaDriver/driverlib/gcc\libdriver.a(sysctl.o)
                0x00003174                SysCtlResetCauseGet
 .text.SysCtlResetCauseClear
                0x00003180       0x10 D:/Portable/Programs/TivaDriver/driverlib/gcc\libdriver.a(sysctl.o)
                0x00003180                SysCtlResetCauseClear
 .text.SysCtlDelay
                0x00003190        0x6 D:/Portable/Programs/TivaDriver/driverlib/gcc\libdriver.a(sysctl.o)
                0x00003190                SysCtlDelay
 *fill*         0x00003196        0x2 00
 .text.SysCtlMOSCConfigSet
                0x00003198        0xc D:/Portable/Programs/TivaDriver/driverlib/gcc\libdriver.a(sysctl.o)
                0x00003198                SysCtlMOSCConfigSet
 .text.SysCtlPIOSCCalibrate
                0x000031a4       0x54 D:/Portable/Programs/TivaDriver/driverlib/gcc\libdriver.a(sysctl.o)
                0x000031a4                SysCtlPIOSCCalibrate
 .text.SysCtlResetBehaviorSet
                0x000031f8        0xc D:/Portable/Programs/TivaDriver/driverlib/gcc\libdriver.a(sysctl.o)
                0x000031f8                SysCtlResetBehaviorSet
 .text.SysCtlResetBehaviorGet
                0x00003204        0xc D:/Portable/Programs/TivaDriver/driverlib/gcc\libdriver.a(sysctl.o)
                0x00003204                SysCtlResetBehaviorGet
 .text.SysCtlClockFreqSet
                0x00003210      0x264 D:/Portable/Programs/TivaDriver/driverlib/gcc\libdriver.a(sysctl.o)
                0x00003210                SysCtlClockFreqSet
 .text.SysCtlClockSet
                0x00003474      0x128 D:/Portable/Programs/TivaDriver/driverlib/gcc\libdriver.a(sysctl.o)
                0x00003474                SysCtlClockSet
 .text.SysCtlClockGet
                0x0000359c      0x15c D:/Portable/Programs/TivaDriver/driverlib/gcc\libdriver.a(sysctl.o)
                0x0000359c                SysCtlClockGet
 .text.SysCtlDeepSleepClockSet
                0x000036f8        0xc D:/Portable/Programs/TivaDriver/driverlib/gcc\libdriver.a(sysctl.o)
                0x000036f8                SysCtlDeepSleepClockSet
 .text.SysCtlDeepSleepClockConfigSet
                0x00003704       0x68 D:/Portable/Programs/TivaDriver/driverlib/gcc\libdriver.a(sysctl.o)
                0x00003704                SysCtlDeepSleepClockConfigSet
 .text.SysCtlPWMClockSet
                0x0000376c       0x14 D:/Portable/Programs/TivaDriver/driverlib/gcc\libdriver.a(sysctl.o)
                0x0000376c                SysCtlPWMClockSet
 .text.SysCtlPWMClockGet
                0x00003780       0x18 D:/Portable/Programs/TivaDriver/driverlib/gcc\libdriver.a(sysctl.o)
                0x00003780                SysCtlPWMClockGet
 .text.SysCtlGPIOAHBEnable
                0x00003798       0x1c D:/Portable/Programs/TivaDriver/driverlib/gcc\libdriver.a(sysctl.o)
                0x00003798                SysCtlGPIOAHBEnable
 .text.SysCtlGPIOAHBDisable
                0x000037b4       0x1c D:/Portable/Programs/TivaDriver/driverlib/gcc\libdriver.a(sysctl.o)
                0x000037b4                SysCtlGPIOAHBDisable
 .text.SysCtlUSBPLLEnable
                0x000037d0       0x10 D:/Portable/Programs/TivaDriver/driverlib/gcc\libdriver.a(sysctl.o)
                0x000037d0                SysCtlUSBPLLEnable
 .text.SysCtlUSBPLLDisable
                0x000037e0       0x10 D:/Portable/Programs/TivaDriver/driverlib/gcc\libdriver.a(sysctl.o)
                0x000037e0                SysCtlUSBPLLDisable
 .text.SysCtlVoltageEventConfig
                0x000037f0        0xc D:/Portable/Programs/TivaDriver/driverlib/gcc\libdriver.a(sysctl.o)
                0x000037f0                SysCtlVoltageEventConfig
 .text.SysCtlVoltageEventStatus
                0x000037fc        0xc D:/Portable/Programs/TivaDriver/driverlib/gcc\libdriver.a(sysctl.o)
                0x000037fc                SysCtlVoltageEventStatus
 .text.SysCtlVoltageEventClear
                0x00003808       0x10 D:/Portable/Programs/TivaDriver/driverlib/gcc\libdriver.a(sysctl.o)
                0x00003808                SysCtlVoltageEventClear
 .text.SysCtlNMIStatus
                0x00003818        0xc D:/Portable/Programs/TivaDriver/driverlib/gcc\libdriver.a(sysctl.o)
                0x00003818                SysCtlNMIStatus
 .text.SysCtlNMIClear
                0x00003824       0x10 D:/Portable/Programs/TivaDriver/driverlib/gcc\libdriver.a(sysctl.o)
                0x00003824                SysCtlNMIClear
 .text.SysCtlClockOutConfig
                0x00003834       0x14 D:/Portable/Programs/TivaDriver/driverlib/gcc\libdriver.a(sysctl.o)
                0x00003834                SysCtlClockOutConfig
 .text.SysCtlAltClkConfig
                0x00003848        0xc D:/Portable/Programs/TivaDriver/driverlib/gcc\libdriver.a(sysctl.o)
                0x00003848                SysCtlAltClkConfig
 .text.SysTickEnable
                0x00003854       0x10 D:/Portable/Programs/TivaDriver/driverlib/gcc\libdriver.a(systick.o)
                0x00003854                SysTickEnable
 .text.SysTickDisable
                0x00003864       0x10 D:/Portable/Programs/TivaDriver/driverlib/gcc\libdriver.a(systick.o)
                0x00003864                SysTickDisable
 .text.SysTickIntRegister
                0x00003874       0x1c D:/Portable/Programs/TivaDriver/driverlib/gcc\libdriver.a(systick.o)
                0x00003874                SysTickIntRegister
 .text.SysTickIntUnregister
                0x00003890       0x14 D:/Portable/Programs/TivaDriver/driverlib/gcc\libdriver.a(systick.o)
                0x00003890                SysTickIntUnregister
 .text.SysTickIntEnable
                0x000038a4       0x10 D:/Portable/Programs/TivaDriver/driverlib/gcc\libdriver.a(systick.o)
                0x000038a4                SysTickIntEnable
 .text.SysTickIntDisable
                0x000038b4       0x10 D:/Portable/Programs/TivaDriver/driverlib/gcc\libdriver.a(systick.o)
                0x000038b4                SysTickIntDisable
 .text.SysTickPeriodSet
                0x000038c4        0xc D:/Portable/Programs/TivaDriver/driverlib/gcc\libdriver.a(systick.o)
                0x000038c4                SysTickPeriodSet
 .text.SysTickPeriodGet
                0x000038d0        0xc D:/Portable/Programs/TivaDriver/driverlib/gcc\libdriver.a(systick.o)
                0x000038d0                SysTickPeriodGet
 .text.SysTickValueGet
                0x000038dc        0xc D:/Portable/Programs/TivaDriver/driverlib/gcc\libdriver.a(systick.o)
                0x000038dc                SysTickValueGet
 .text._TimerIntNumberGet
                0x000038e8       0x54 D:/Portable/Programs/TivaDriver/driverlib/gcc\libdriver.a(timer.o)
 .text.TimerEnable
                0x0000393c       0x12 D:/Portable/Programs/TivaDriver/driverlib/gcc\libdriver.a(timer.o)
                0x0000393c                TimerEnable
 .text.TimerDisable
                0x0000394e       0x12 D:/Portable/Programs/TivaDriver/driverlib/gcc\libdriver.a(timer.o)
                0x0000394e                TimerDisable
 .text.TimerConfigure
                0x00003960       0x64 D:/Portable/Programs/TivaDriver/driverlib/gcc\libdriver.a(timer.o)
                0x00003960                TimerConfigure
 .text.TimerControlLevel
                0x000039c4       0x20 D:/Portable/Programs/TivaDriver/driverlib/gcc\libdriver.a(timer.o)
                0x000039c4                TimerControlLevel
 .text.TimerControlTrigger
                0x000039e4       0x5c D:/Portable/Programs/TivaDriver/driverlib/gcc\libdriver.a(timer.o)
                0x000039e4                TimerControlTrigger
 .text.TimerControlEvent
                0x00003a40       0x18 D:/Portable/Programs/TivaDriver/driverlib/gcc\libdriver.a(timer.o)
                0x00003a40                TimerControlEvent
 .text.TimerControlStall
                0x00003a58       0x20 D:/Portable/Programs/TivaDriver/driverlib/gcc\libdriver.a(timer.o)
                0x00003a58                TimerControlStall
 .text.TimerControlWaitOnTrigger
                0x00003a78       0x34 D:/Portable/Programs/TivaDriver/driverlib/gcc\libdriver.a(timer.o)
                0x00003a78                TimerControlWaitOnTrigger
 .text.TimerRTCEnable
                0x00003aac        0xa D:/Portable/Programs/TivaDriver/driverlib/gcc\libdriver.a(timer.o)
                0x00003aac                TimerRTCEnable
 .text.TimerRTCDisable
                0x00003ab6        0xa D:/Portable/Programs/TivaDriver/driverlib/gcc\libdriver.a(timer.o)
                0x00003ab6                TimerRTCDisable
 .text.TimerClockSourceSet
                0x00003ac0        0x6 D:/Portable/Programs/TivaDriver/driverlib/gcc\libdriver.a(timer.o)
                0x00003ac0                TimerClockSourceSet
 .text.TimerClockSourceGet
                0x00003ac6        0x6 D:/Portable/Programs/TivaDriver/driverlib/gcc\libdriver.a(timer.o)
                0x00003ac6                TimerClockSourceGet
 .text.TimerPrescaleSet
                0x00003acc       0x12 D:/Portable/Programs/TivaDriver/driverlib/gcc\libdriver.a(timer.o)
                0x00003acc                TimerPrescaleSet
 .text.TimerPrescaleGet
                0x00003ade        0xa D:/Portable/Programs/TivaDriver/driverlib/gcc\libdriver.a(timer.o)
                0x00003ade                TimerPrescaleGet
 .text.TimerPrescaleMatchSet
                0x00003ae8       0x12 D:/Portable/Programs/TivaDriver/driverlib/gcc\libdriver.a(timer.o)
                0x00003ae8                TimerPrescaleMatchSet
 .text.TimerPrescaleMatchGet
                0x00003afa        0xa D:/Portable/Programs/TivaDriver/driverlib/gcc\libdriver.a(timer.o)
                0x00003afa                TimerPrescaleMatchGet
 .text.TimerLoadSet
                0x00003b04       0x12 D:/Portable/Programs/TivaDriver/driverlib/gcc\libdriver.a(timer.o)
                0x00003b04                TimerLoadSet
 .text.TimerLoadGet
                0x00003b16        0xa D:/Portable/Programs/TivaDriver/driverlib/gcc\libdriver.a(timer.o)
                0x00003b16                TimerLoadGet
 .text.TimerLoadSet64
                0x00003b20        0x6 D:/Portable/Programs/TivaDriver/driverlib/gcc\libdriver.a(timer.o)
                0x00003b20                TimerLoadSet64
 .text.TimerLoadGet64
                0x00003b26       0x14 D:/Portable/Programs/TivaDriver/driverlib/gcc\libdriver.a(timer.o)
                0x00003b26                TimerLoadGet64
 .text.TimerValueGet
                0x00003b3a        0xa D:/Portable/Programs/TivaDriver/driverlib/gcc\libdriver.a(timer.o)
                0x00003b3a                TimerValueGet
 .text.TimerValueGet64
                0x00003b44       0x14 D:/Portable/Programs/TivaDriver/driverlib/gcc\libdriver.a(timer.o)
                0x00003b44                TimerValueGet64
 .text.TimerMatchSet
                0x00003b58       0x12 D:/Portable/Programs/TivaDriver/driverlib/gcc\libdriver.a(timer.o)
                0x00003b58                TimerMatchSet
 .text.TimerMatchGet
                0x00003b6a        0xa D:/Portable/Programs/TivaDriver/driverlib/gcc\libdriver.a(timer.o)
                0x00003b6a                TimerMatchGet
 .text.TimerMatchSet64
                0x00003b74        0x6 D:/Portable/Programs/TivaDriver/driverlib/gcc\libdriver.a(timer.o)
                0x00003b74                TimerMatchSet64
 .text.TimerMatchGet64
                0x00003b7a       0x14 D:/Portable/Programs/TivaDriver/driverlib/gcc\libdriver.a(timer.o)
                0x00003b7a                TimerMatchGet64
 .text.TimerIntRegister
                0x00003b8e       0x1a D:/Portable/Programs/TivaDriver/driverlib/gcc\libdriver.a(timer.o)
                0x00003b8e                TimerIntRegister
 .text.TimerIntUnregister
                0x00003ba8       0x16 D:/Portable/Programs/TivaDriver/driverlib/gcc\libdriver.a(timer.o)
                0x00003ba8                TimerIntUnregister
 .text.TimerIntEnable
                0x00003bbe        0x8 D:/Portable/Programs/TivaDriver/driverlib/gcc\libdriver.a(timer.o)
                0x00003bbe                TimerIntEnable
 .text.TimerIntDisable
                0x00003bc6        0xa D:/Portable/Programs/TivaDriver/driverlib/gcc\libdriver.a(timer.o)
                0x00003bc6                TimerIntDisable
 .text.TimerIntStatus
                0x00003bd0        0xa D:/Portable/Programs/TivaDriver/driverlib/gcc\libdriver.a(timer.o)
                0x00003bd0                TimerIntStatus
 .text.TimerIntClear
                0x00003bda        0x4 D:/Portable/Programs/TivaDriver/driverlib/gcc\libdriver.a(timer.o)
                0x00003bda                TimerIntClear
 .text.TimerSynchronize
                0x00003bde        0x4 D:/Portable/Programs/TivaDriver/driverlib/gcc\libdriver.a(timer.o)
                0x00003bde                TimerSynchronize
 .text.TimerADCEventSet
                0x00003be2        0x4 D:/Portable/Programs/TivaDriver/driverlib/gcc\libdriver.a(timer.o)
                0x00003be2                TimerADCEventSet
 .text.TimerADCEventGet
                0x00003be6        0x4 D:/Portable/Programs/TivaDriver/driverlib/gcc\libdriver.a(timer.o)
                0x00003be6                TimerADCEventGet
 .text.TimerDMAEventSet
                0x00003bea        0x4 D:/Portable/Programs/TivaDriver/driverlib/gcc\libdriver.a(timer.o)
                0x00003bea                TimerDMAEventSet
 .text.TimerDMAEventGet
                0x00003bee        0x4 D:/Portable/Programs/TivaDriver/driverlib/gcc\libdriver.a(timer.o)
                0x00003bee                TimerDMAEventGet
 .text.TimerUpdateMode
                0x00003bf2       0x2a D:/Portable/Programs/TivaDriver/driverlib/gcc\libdriver.a(timer.o)
                0x00003bf2                TimerUpdateMode
 .text.uDMAEnable
                0x00003c1c        0xc D:/Portable/Programs/TivaDriver/driverlib/gcc\libdriver.a(udma.o)
                0x00003c1c                uDMAEnable
 .text.uDMADisable
                0x00003c28        0xc D:/Portable/Programs/TivaDriver/driverlib/gcc\libdriver.a(udma.o)
                0x00003c28                uDMADisable
 .text.uDMAErrorStatusGet
                0x00003c34        0xc D:/Portable/Programs/TivaDriver/driverlib/gcc\libdriver.a(udma.o)
                0x00003c34                uDMAErrorStatusGet
 .text.uDMAErrorStatusClear
                0x00003c40        0xc D:/Portable/Programs/TivaDriver/driverlib/gcc\libdriver.a(udma.o)
                0x00003c40                uDMAErrorStatusClear
 .text.uDMAChannelEnable
                0x00003c4c       0x14 D:/Portable/Programs/TivaDriver/driverlib/gcc\libdriver.a(udma.o)
                0x00003c4c                uDMAChannelEnable
 .text.uDMAChannelDisable
                0x00003c60       0x14 D:/Portable/Programs/TivaDriver/driverlib/gcc\libdriver.a(udma.o)
                0x00003c60                uDMAChannelDisable
 .text.uDMAChannelIsEnabled
                0x00003c74       0x1c D:/Portable/Programs/TivaDriver/driverlib/gcc\libdriver.a(udma.o)
                0x00003c74                uDMAChannelIsEnabled
 .text.uDMAControlBaseSet
                0x00003c90        0xc D:/Portable/Programs/TivaDriver/driverlib/gcc\libdriver.a(udma.o)
                0x00003c90                uDMAControlBaseSet
 .text.uDMAControlBaseGet
                0x00003c9c        0xc D:/Portable/Programs/TivaDriver/driverlib/gcc\libdriver.a(udma.o)
                0x00003c9c                uDMAControlBaseGet
 .text.uDMAControlAlternateBaseGet
                0x00003ca8        0xc D:/Portable/Programs/TivaDriver/driverlib/gcc\libdriver.a(udma.o)
                0x00003ca8                uDMAControlAlternateBaseGet
 .text.uDMAChannelRequest
                0x00003cb4       0x14 D:/Portable/Programs/TivaDriver/driverlib/gcc\libdriver.a(udma.o)
                0x00003cb4                uDMAChannelRequest
 .text.uDMAChannelAttributeEnable
                0x00003cc8       0x50 D:/Portable/Programs/TivaDriver/driverlib/gcc\libdriver.a(udma.o)
                0x00003cc8                uDMAChannelAttributeEnable
 .text.uDMAChannelAttributeDisable
                0x00003d18       0x50 D:/Portable/Programs/TivaDriver/driverlib/gcc\libdriver.a(udma.o)
                0x00003d18                uDMAChannelAttributeDisable
 .text.uDMAChannelAttributeGet
                0x00003d68       0x4c D:/Portable/Programs/TivaDriver/driverlib/gcc\libdriver.a(udma.o)
                0x00003d68                uDMAChannelAttributeGet
 .text.uDMAChannelControlSet
                0x00003db4       0x24 D:/Portable/Programs/TivaDriver/driverlib/gcc\libdriver.a(udma.o)
                0x00003db4                uDMAChannelControlSet
 .text.uDMAChannelTransferSet
                0x00003dd8       0x84 D:/Portable/Programs/TivaDriver/driverlib/gcc\libdriver.a(udma.o)
                0x00003dd8                uDMAChannelTransferSet
 .text.uDMAChannelScatterGatherSet
                0x00003e5c       0x50 D:/Portable/Programs/TivaDriver/driverlib/gcc\libdriver.a(udma.o)
                0x00003e5c                uDMAChannelScatterGatherSet
 .text.uDMAChannelSizeGet
                0x00003eac       0x24 D:/Portable/Programs/TivaDriver/driverlib/gcc\libdriver.a(udma.o)
                0x00003eac                uDMAChannelSizeGet
 .text.uDMAChannelModeGet
                0x00003ed0       0x28 D:/Portable/Programs/TivaDriver/driverlib/gcc\libdriver.a(udma.o)
                0x00003ed0                uDMAChannelModeGet
 .text.uDMAIntRegister
                0x00003ef8       0x12 D:/Portable/Programs/TivaDriver/driverlib/gcc\libdriver.a(udma.o)
                0x00003ef8                uDMAIntRegister
 .text.uDMAIntUnregister
                0x00003f0a       0x12 D:/Portable/Programs/TivaDriver/driverlib/gcc\libdriver.a(udma.o)
                0x00003f0a                uDMAIntUnregister
 .text.uDMAIntStatus
                0x00003f1c        0xc D:/Portable/Programs/TivaDriver/driverlib/gcc\libdriver.a(udma.o)
                0x00003f1c                uDMAIntStatus
 .text.uDMAIntClear
                0x00003f28        0xc D:/Portable/Programs/TivaDriver/driverlib/gcc\libdriver.a(udma.o)
                0x00003f28                uDMAIntClear
 .text.uDMAChannelAssign
                0x00003f34       0x30 D:/Portable/Programs/TivaDriver/driverlib/gcc\libdriver.a(udma.o)
                0x00003f34                uDMAChannelAssign
 .text.uDMAChannelSelectSecondary
                0x00003f64       0x10 D:/Portable/Programs/TivaDriver/driverlib/gcc\libdriver.a(udma.o)
                0x00003f64                uDMAChannelSelectSecondary
 .text.uDMAChannelSelectDefault
                0x00003f74       0x10 D:/Portable/Programs/TivaDriver/driverlib/gcc\libdriver.a(udma.o)
                0x00003f74                uDMAChannelSelectDefault
 .text.CPUcpsid
                0x00003f84        0x8 D:/Portable/Programs/TivaDriver/driverlib/gcc\libdriver.a(cpu.o)
                0x00003f84                CPUcpsid
 .text.CPUprimask
                0x00003f8c        0x6 D:/Portable/Programs/TivaDriver/driverlib/gcc\libdriver.a(cpu.o)
                0x00003f8c                CPUprimask
 .text.CPUcpsie
                0x00003f92        0x8 D:/Portable/Programs/TivaDriver/driverlib/gcc\libdriver.a(cpu.o)
                0x00003f92                CPUcpsie
 .text.CPUwfi   0x00003f9a        0x4 D:/Portable/Programs/TivaDriver/driverlib/gcc\libdriver.a(cpu.o)
                0x00003f9a                CPUwfi
 .text.CPUbasepriSet
                0x00003f9e        0x6 D:/Portable/Programs/TivaDriver/driverlib/gcc\libdriver.a(cpu.o)
                0x00003f9e                CPUbasepriSet
 .text.CPUbasepriGet
                0x00003fa4        0x6 D:/Portable/Programs/TivaDriver/driverlib/gcc\libdriver.a(cpu.o)
                0x00003fa4                CPUbasepriGet
                0x00003fac                . = ALIGN (0x4)
 *fill*         0x00003faa        0x2 00
 *(.ctors)
                0x00003fac                . = ALIGN (0x4)
 *(.dtors)
                0x00003fac                . = ALIGN (0x4)
                0x00003fac                __init_array_start = .
 *(.init_array*)
 .init_array    0x00003fac        0x4 c:/ti/ccsv6/tools/compiler/gcc-arm-none-eabi-4_7-2013q3/bin/../lib/gcc/arm-none-eabi/4.7.4/crtbegin.o
 .init_array.00000
                0x00003fb0        0x4 c:/ti/ccsv6/tools/compiler/gcc-arm-none-eabi-4_7-2013q3/bin/../lib/gcc/arm-none-eabi/4.7.4/../../../../arm-none-eabi/lib\libc.a(lib_a-__call_atexit.o)
                0x00003fb4                __init_array_end = .
 *(.init)
 .init          0x00003fb4        0xc c:/ti/ccsv6/tools/compiler/gcc-arm-none-eabi-4_7-2013q3/bin/../lib/gcc/arm-none-eabi/4.7.4/crti.o
                0x00003fb4                _init
 .init          0x00003fc0        0xc c:/ti/ccsv6/tools/compiler/gcc-arm-none-eabi-4_7-2013q3/bin/../lib/gcc/arm-none-eabi/4.7.4/crtn.o
 *(.fini*)
 .fini          0x00003fcc        0xc c:/ti/ccsv6/tools/compiler/gcc-arm-none-eabi-4_7-2013q3/bin/../lib/gcc/arm-none-eabi/4.7.4/crti.o
                0x00003fcc                _fini
 .fini_array    0x00003fd8        0x4 c:/ti/ccsv6/tools/compiler/gcc-arm-none-eabi-4_7-2013q3/bin/../lib/gcc/arm-none-eabi/4.7.4/crtbegin.o
 .fini          0x00003fdc        0xc c:/ti/ccsv6/tools/compiler/gcc-arm-none-eabi-4_7-2013q3/bin/../lib/gcc/arm-none-eabi/4.7.4/crtn.o
                0x00003fe8                PROVIDE (__etext, .)
                0x00003fe8                PROVIDE (_etext, .)
                0x00003fe8                PROVIDE (etext, .)

.glue_7         0x00003fe8        0x0
 .glue_7        0x00000000        0x0 linker stubs

.glue_7t        0x00003fe8        0x0
 .glue_7t       0x00000000        0x0 linker stubs

.vfp11_veneer   0x00003fe8        0x0
 .vfp11_veneer  0x00000000        0x0 linker stubs

.v4_bx          0x00003fe8        0x0
 .v4_bx         0x00000000        0x0 linker stubs

.iplt           0x00003fe8        0x0
 .iplt          0x00000000        0x0 c:/ti/ccsv6/tools/compiler/gcc-arm-none-eabi-4_7-2013q3/bin/../lib/gcc/arm-none-eabi/4.7.4/crtbegin.o

.rodata         0x00003fe8      0x5cc
 *(.rodata)
 .rodata        0x00003fe8        0x4 ./main.o
 *(.rodata*)
 .rodata.str1.4
                0x00003fec        0x4 c:/ti/ccsv6/tools/compiler/gcc-arm-none-eabi-4_7-2013q3/bin/../lib/gcc/arm-none-eabi/4.7.4/../../../../arm-none-eabi/lib\libc.a(lib_a-impure.o)
 .rodata._global_impure_ptr
                0x00003ff0        0x4 c:/ti/ccsv6/tools/compiler/gcc-arm-none-eabi-4_7-2013q3/bin/../lib/gcc/arm-none-eabi/4.7.4/../../../../arm-none-eabi/lib\libc.a(lib_a-impure.o)
                0x00003ff0                _global_impure_ptr
 .rodata.g_ppui32GPIOIntMapSnowflake
                0x00003ff4       0xc0 D:/Portable/Programs/TivaDriver/driverlib/gcc\libdriver.a(gpio.o)
 .rodata.g_pui32GPIOBaseAddrs
                0x000040b4       0x90 D:/Portable/Programs/TivaDriver/driverlib/gcc\libdriver.a(gpio.o)
 .rodata.g_ppui32GPIOIntMapBlizzard
                0x00004144       0xc0 D:/Portable/Programs/TivaDriver/driverlib/gcc\libdriver.a(gpio.o)
 .rodata.g_pui32Priority
                0x00004204       0x20 D:/Portable/Programs/TivaDriver/driverlib/gcc\libdriver.a(interrupt.o)
 .rodata.g_pui32Dii16Regs
                0x00004224       0x14 D:/Portable/Programs/TivaDriver/driverlib/gcc\libdriver.a(interrupt.o)
 .rodata.g_pui32PendRegs
                0x00004238       0x14 D:/Portable/Programs/TivaDriver/driverlib/gcc\libdriver.a(interrupt.o)
 .rodata.g_pui32Regs
                0x0000424c       0x9c D:/Portable/Programs/TivaDriver/driverlib/gcc\libdriver.a(interrupt.o)
 .rodata.g_pui32EnRegs
                0x000042e8       0x14 D:/Portable/Programs/TivaDriver/driverlib/gcc\libdriver.a(interrupt.o)
 .rodata.g_pui32UnpendRegs
                0x000042fc       0x14 D:/Portable/Programs/TivaDriver/driverlib/gcc\libdriver.a(interrupt.o)
 .rodata.g_ppui32SSIIntMap
                0x00004310       0x20 D:/Portable/Programs/TivaDriver/driverlib/gcc\libdriver.a(ssi.o)
 .rodata.g_ppui32SSIIntMapSnowflake
                0x00004330       0x20 D:/Portable/Programs/TivaDriver/driverlib/gcc\libdriver.a(ssi.o)
 .rodata.g_pppui32XTALtoVCO
                0x00004350      0x120 D:/Portable/Programs/TivaDriver/driverlib/gcc\libdriver.a(sysctl.o)
 .rodata.g_pui32VCOFrequencies
                0x00004470        0x8 D:/Portable/Programs/TivaDriver/driverlib/gcc\libdriver.a(sysctl.o)
 .rodata.g_sXTALtoMEMTIM
                0x00004478       0x30 D:/Portable/Programs/TivaDriver/driverlib/gcc\libdriver.a(sysctl.o)
 .rodata.g_pui32Xtals
                0x000044a8       0x6c D:/Portable/Programs/TivaDriver/driverlib/gcc\libdriver.a(sysctl.o)
 .rodata.g_ppui32TimerIntMapSnowflake
                0x00004514       0x40 D:/Portable/Programs/TivaDriver/driverlib/gcc\libdriver.a(timer.o)
 .rodata.g_ppui32TimerIntMap
                0x00004554       0x60 D:/Portable/Programs/TivaDriver/driverlib/gcc\libdriver.a(timer.o)

.eh_frame       0x000045b4        0x4
 .eh_frame      0x000045b4        0x0 c:/ti/ccsv6/tools/compiler/gcc-arm-none-eabi-4_7-2013q3/bin/../lib/gcc/arm-none-eabi/4.7.4/crtbegin.o
 .eh_frame      0x000045b4        0x4 c:/ti/ccsv6/tools/compiler/gcc-arm-none-eabi-4_7-2013q3/bin/../lib/gcc/arm-none-eabi/4.7.4/crtend.o

.data           0x20000000      0x434 load address 0x000045b8
                0x000045b8                __data_load__ = LOADADDR (.data)
                0x20000000                __data_start__ = .
 *(.data)
 .data          0x20000000        0x0 c:/ti/ccsv6/tools/compiler/gcc-arm-none-eabi-4_7-2013q3/bin/../lib/gcc/arm-none-eabi/4.7.4/crti.o
 .data          0x20000000        0x4 c:/ti/ccsv6/tools/compiler/gcc-arm-none-eabi-4_7-2013q3/bin/../lib/gcc/arm-none-eabi/4.7.4/crtbegin.o
                0x20000000                __dso_handle
 .data          0x20000004        0x0 c:/ti/ccsv6/tools/compiler/gcc-arm-none-eabi-4_7-2013q3/bin/../lib/gcc/arm-none-eabi/4.7.4/../../../../arm-none-eabi/lib/crt0.o
 .data          0x20000004        0x0 ./libnrf24l01/src/nRF24L01.o
 .data          0x20000004        0x0 ./libnrf24l01/src/TM4C123_nRF24L01.o
 .data          0x20000004        0x0 ./tm4c123gh6pm_startup_ccs_gcc.o
 .data          0x20000004        0x0 ./main.o
 .data          0x20000004        0x0 c:/ti/ccsv6/tools/compiler/gcc-arm-none-eabi-4_7-2013q3/bin/../lib/gcc/arm-none-eabi/4.7.4/../../../../arm-none-eabi/lib\libc.a(lib_a-__atexit.o)
 .data          0x20000004        0x0 c:/ti/ccsv6/tools/compiler/gcc-arm-none-eabi-4_7-2013q3/bin/../lib/gcc/arm-none-eabi/4.7.4/../../../../arm-none-eabi/lib\libc.a(lib_a-exit.o)
 .data          0x20000004        0x0 c:/ti/ccsv6/tools/compiler/gcc-arm-none-eabi-4_7-2013q3/bin/../lib/gcc/arm-none-eabi/4.7.4/../../../../arm-none-eabi/lib\libc.a(lib_a-fini.o)
 .data          0x20000004        0x0 c:/ti/ccsv6/tools/compiler/gcc-arm-none-eabi-4_7-2013q3/bin/../lib/gcc/arm-none-eabi/4.7.4/../../../../arm-none-eabi/lib\libc.a(lib_a-impure.o)
 .data          0x20000004        0x0 c:/ti/ccsv6/tools/compiler/gcc-arm-none-eabi-4_7-2013q3/bin/../lib/gcc/arm-none-eabi/4.7.4/../../../../arm-none-eabi/lib\libc.a(lib_a-init.o)
 .data          0x20000004        0x0 c:/ti/ccsv6/tools/compiler/gcc-arm-none-eabi-4_7-2013q3/bin/../lib/gcc/arm-none-eabi/4.7.4/../../../../arm-none-eabi/lib\libc.a(lib_a-memset.o)
[...]
 .data          0x20000004        0x0 c:/ti/ccsv6/tools/compiler/gcc-arm-none-eabi-4_7-2013q3/bin/../lib/gcc/arm-none-eabi/4.7.4/../../../../arm-none-eabi/lib\libnosys.a(_exit.o)
 .data          0x20000004        0x0 D:/Portable/Programs/TivaDriver/driverlib/gcc\libdriver.a(adc.o)
 .data          0x20000004        0x0 D:/Portable/Programs/TivaDriver/driverlib/gcc\libdriver.a(gpio.o)
 .data          0x20000004        0x0 D:/Portable/Programs/TivaDriver/driverlib/gcc\libdriver.a(interrupt.o)
 .data          0x20000004        0x0 D:/Portable/Programs/TivaDriver/driverlib/gcc\libdriver.a(ssi.o)
 .data          0x20000004        0x0 D:/Portable/Programs/TivaDriver/driverlib/gcc\libdriver.a(sysctl.o)
 .data          0x20000004        0x0 D:/Portable/Programs/TivaDriver/driverlib/gcc\libdriver.a(systick.o)
 .data          0x20000004        0x0 D:/Portable/Programs/TivaDriver/driverlib/gcc\libdriver.a(timer.o)
 .data          0x20000004        0x0 D:/Portable/Programs/TivaDriver/driverlib/gcc\libdriver.a(udma.o)
 .data          0x20000004        0x0 D:/Portable/Programs/TivaDriver/driverlib/gcc\libdriver.a(cpu.o)
 .data          0x20000004        0x0 c:/ti/ccsv6/tools/compiler/gcc-arm-none-eabi-4_7-2013q3/bin/../lib/gcc/arm-none-eabi/4.7.4/crtend.o
 .data          0x20000004        0x0 c:/ti/ccsv6/tools/compiler/gcc-arm-none-eabi-4_7-2013q3/bin/../lib/gcc/arm-none-eabi/4.7.4/crtn.o
 *(.data*)
 *fill*         0x20000004        0x4 00
 .data.impure_data
                0x20000008      0x428 c:/ti/ccsv6/tools/compiler/gcc-arm-none-eabi-4_7-2013q3/bin/../lib/gcc/arm-none-eabi/4.7.4/../../../../arm-none-eabi/lib\libc.a(lib_a-impure.o)
 .data._impure_ptr
                0x20000430        0x4 c:/ti/ccsv6/tools/compiler/gcc-arm-none-eabi-4_7-2013q3/bin/../lib/gcc/arm-none-eabi/4.7.4/../../../../arm-none-eabi/lib\libc.a(lib_a-impure.o)
                0x20000430                _impure_ptr
                0x20000434                . = ALIGN (0x4)
                0x20000434                __data_end__ = .

.jcr            0x20000434        0x4 load address 0x000049ec
 .jcr           0x20000434        0x0 c:/ti/ccsv6/tools/compiler/gcc-arm-none-eabi-4_7-2013q3/bin/../lib/gcc/arm-none-eabi/4.7.4/crtbegin.o
 .jcr           0x20000434        0x4 c:/ti/ccsv6/tools/compiler/gcc-arm-none-eabi-4_7-2013q3/bin/../lib/gcc/arm-none-eabi/4.7.4/crtend.o

.igot.plt       0x20000438        0x0 load address 0x000049f0
 .igot.plt      0x00000000        0x0 c:/ti/ccsv6/tools/compiler/gcc-arm-none-eabi-4_7-2013q3/bin/../lib/gcc/arm-none-eabi/4.7.4/crtbegin.o

vtable          0x20000800      0x400 load address 0x000049f0
                0x20000800                . = ALIGN (0x400)
                0x20000800                PROVIDE (__start_vtable, ABSOLUTE (.))
 vtable         0x20000800      0x400 D:/Portable/Programs/TivaDriver/driverlib/gcc\libdriver.a(interrupt.o)
                0x20000c00                PROVIDE (__stop_vtable, .)

.ARM.exidx      0x00004df0        0x8
                0x00004df0                __exidx_start = .
 *(.ARM.exidx* .gnu.linkonce.armexidx.*)
 .ARM.exidx     0x00004df0        0x8 c:/ti/ccsv6/tools/compiler/gcc-arm-none-eabi-4_7-2013q3/bin/../lib/gcc/arm-none-eabi/4.7.4/../../../../arm-none-eabi/lib/crt0.o
                0x00004df8                __exidx_end = .

.ARM.extab      0x00004df8        0x0
 *(.ARM.extab* .gnu.linkonce.armextab.*)
 .ARM.extab     0x00004df8        0x0 c:/ti/ccsv6/tools/compiler/gcc-arm-none-eabi-4_7-2013q3/bin/../lib/gcc/arm-none-eabi/4.7.4/../../../../arm-none-eabi/lib/crt0.o

.rel.dyn        0x00004df8        0x0
 .rel.iplt      0x00000000        0x0 c:/ti/ccsv6/tools/compiler/gcc-arm-none-eabi-4_7-2013q3/bin/../lib/gcc/arm-none-eabi/4.7.4/crtbegin.o

.bss            0x20000c00     0x1c20
                0x20000c00                __bss_start__ = .
 *(.shbss)
 *(.bss)
 .bss           0x20000c00        0x0 c:/ti/ccsv6/tools/compiler/gcc-arm-none-eabi-4_7-2013q3/bin/../lib/gcc/arm-none-eabi/4.7.4/crti.o
 .bss           0x20000c00       0x1c c:/ti/ccsv6/tools/compiler/gcc-arm-none-eabi-4_7-2013q3/bin/../lib/gcc/arm-none-eabi/4.7.4/crtbegin.o
 .bss           0x20000c1c        0x0 c:/ti/ccsv6/tools/compiler/gcc-arm-none-eabi-4_7-2013q3/bin/../lib/gcc/arm-none-eabi/4.7.4/../../../../arm-none-eabi/lib/crt0.o
 .bss           0x20000c1c        0x0 ./libnrf24l01/src/nRF24L01.o
 .bss           0x20000c1c        0x0 ./libnrf24l01/src/TM4C123_nRF24L01.o
 .bss           0x20000c1c        0x0 ./tm4c123gh6pm_startup_ccs_gcc.o
 .bss           0x20000c1c        0x0 ./main.o
 .bss           0x20000c1c        0x0 c:/ti/ccsv6/tools/compiler/gcc-arm-none-eabi-4_7-2013q3/bin/../lib/gcc/arm-none-eabi/4.7.4/../../../../arm-none-eabi/lib\libc.a(lib_a-__atexit.o)
 .bss           0x20000c1c        0x0 c:/ti/ccsv6/tools/compiler/gcc-arm-none-eabi-4_7-2013q3/bin/../lib/gcc/arm-none-eabi/4.7.4/../../../../arm-none-eabi/lib\libc.a(lib_a-exit.o)
 .bss           0x20000c1c        0x0 c:/ti/ccsv6/tools/compiler/gcc-arm-none-eabi-4_7-2013q3/bin/../lib/gcc/arm-none-eabi/4.7.4/../../../../arm-none-eabi/lib\libc.a(lib_a-fini.o)
 .bss           0x20000c1c        0x0 c:/ti/ccsv6/tools/compiler/gcc-arm-none-eabi-4_7-2013q3/bin/../lib/gcc/arm-none-eabi/4.7.4/../../../../arm-none-eabi/lib\libc.a(lib_a-impure.o)
 .bss           0x20000c1c        0x0 c:/ti/ccsv6/tools/compiler/gcc-arm-none-eabi-4_7-2013q3/bin/../lib/gcc/arm-none-eabi/4.7.4/../../../../arm-none-eabi/lib\libc.a(lib_a-init.o)
 .bss           0x20000c1c        0x0 c:/ti/ccsv6/tools/compiler/gcc-arm-none-eabi-4_7-2013q3/bin/../lib/gcc/arm-none-eabi/4.7.4/../../../../arm-none-eabi/lib\libc.a(lib_a-memset.o)
 .bss           0x20000c1c        0x0 c:/ti/ccsv6/tools/compiler/gcc-arm-none-eabi-4_7-2013q3/bin/../lib/gcc/arm-none-eabi/4.7.4/../../../../arm-none-eabi/lib\libc.a(lib_a-__call_atexit.o)
 .bss           0x20000c1c        0x0 c:/ti/ccsv6/tools/compiler/gcc-arm-none-eabi-4_7-2013q3/bin/../lib/gcc/arm-none-eabi/4.7.4/../../../../arm-none-eabi/lib\libc.a(lib_a-atexit.o)
 .bss           0x20000c1c        0x0 c:/ti/ccsv6/tools/compiler/gcc-arm-none-eabi-4_7-2013q3/bin/../lib/gcc/arm-none-eabi/4.7.4/../../../../arm-none-eabi/lib\libnosys.a(_exit.o)
 .bss           0x20000c1c        0x0 D:/Portable/Programs/TivaDriver/driverlib/gcc\libdriver.a(adc.o)
 .bss           0x20000c1c        0x0 D:/Portable/Programs/TivaDriver/driverlib/gcc\libdriver.a(gpio.o)
 .bss           0x20000c1c        0x0 D:/Portable/Programs/TivaDriver/driverlib/gcc\libdriver.a(interrupt.o)
 .bss           0x20000c1c        0x0 D:/Portable/Programs/TivaDriver/driverlib/gcc\libdriver.a(ssi.o)
 .bss           0x20000c1c        0x0 D:/Portable/Programs/TivaDriver/driverlib/gcc\libdriver.a(sysctl.o)
 .bss           0x20000c1c        0x0 D:/Portable/Programs/TivaDriver/driverlib/gcc\libdriver.a(systick.o)
 .bss           0x20000c1c        0x0 D:/Portable/Programs/TivaDriver/driverlib/gcc\libdriver.a(timer.o)
 .bss           0x20000c1c        0x0 D:/Portable/Programs/TivaDriver/driverlib/gcc\libdriver.a(udma.o)
 .bss           0x20000c1c        0x0 D:/Portable/Programs/TivaDriver/driverlib/gcc\libdriver.a(cpu.o)
 .bss           0x20000c1c        0x0 c:/ti/ccsv6/tools/compiler/gcc-arm-none-eabi-4_7-2013q3/bin/../lib/gcc/arm-none-eabi/4.7.4/crtend.o
 .bss           0x20000c1c        0x0 c:/ti/ccsv6/tools/compiler/gcc-arm-none-eabi-4_7-2013q3/bin/../lib/gcc/arm-none-eabi/4.7.4/crtn.o
 *(.bss.*)
 .bss.crcConfig
                0x20000c1c        0x1 ./libnrf24l01/src/nRF24L01.o
 .bss.addressWidth
                0x20000c1d        0x1 ./libnrf24l01/src/nRF24L01.o
 .bss.status    0x20000c1e        0x1 ./libnrf24l01/src/nRF24L01.o
 .bss.features  0x20000c1f        0x1 ./libnrf24l01/src/nRF24L01.o
 .bss.CEState   0x20000c20        0x1 ./libnrf24l01/src/TM4C123_nRF24L01.o
 *fill*         0x20000c21        0x3 00
 .bss.pui32Stack
                0x20000c24      0x200 ./tm4c123gh6pm_startup_ccs_gcc.o
 .bss.g_ui32uDMAErrCount
                0x20000e24        0x4 ./main.o
                0x20000e24                g_ui32uDMAErrCount
 .bss.g_pui8OversampleFactor
                0x20000e28        0x3 D:/Portable/Programs/TivaDriver/driverlib/gcc\libdriver.a(adc.o)
 *(COMMON)
 *fill*         0x20000e2b      0x1d5 00
 COMMON         0x20001000     0x1820 ./main.o
                0x20001000                g_ui16ADC0Result
                0x20001800                g_ui16ADC1Result
                0x20002000                g_ui32SysTickCount
                0x20002400                ui8ControlTable
                0x20002800                RF24_RX_buffer
                0x20002820                . = ALIGN (0x4)
                0x20002820                __bss_end__ = .

.heap           0x20002820        0x0
                0x20002820                __heap_start__ = .
                0x20002820                end = __heap_start__
                0x20002820                _end = end
                0x20002820                __end = end
 *(.heap)
                0x20002820                __heap_end__ = .
                0x20002820                __HeapLimit = __heap_end__

.stack          0x20002820        0x0
                0x20002820                _stack = .
                0x20002820                __stack = .
 *(.stack)
START GROUP
LOAD c:/ti/ccsv6/tools/compiler/gcc-arm-none-eabi-4_7-2013q3/bin/../lib/gcc/arm-none-eabi/4.7.4/../../../../arm-none-eabi/lib\libc.a
LOAD c:/ti/ccsv6/tools/compiler/gcc-arm-none-eabi-4_7-2013q3/bin/../lib/gcc/arm-none-eabi/4.7.4\libgcc.a
LOAD c:/ti/ccsv6/tools/compiler/gcc-arm-none-eabi-4_7-2013q3/bin/../lib/gcc/arm-none-eabi/4.7.4/../../../../arm-none-eabi/lib\libnosys.a
LOAD D:/Portable/Programs/TivaDriver/driverlib/gcc\libdriver.a
END GROUP
START GROUP
LOAD c:/ti/ccsv6/tools/compiler/gcc-arm-none-eabi-4_7-2013q3/bin/../lib/gcc/arm-none-eabi/4.7.4\libgcc.a
LOAD c:/ti/ccsv6/tools/compiler/gcc-arm-none-eabi-4_7-2013q3/bin/../lib/gcc/arm-none-eabi/4.7.4/../../../../arm-none-eabi/lib\libg.a
LOAD c:/ti/ccsv6/tools/compiler/gcc-arm-none-eabi-4_7-2013q3/bin/../lib/gcc/arm-none-eabi/4.7.4/../../../../arm-none-eabi/lib\libc.a
END GROUP
LOAD c:/ti/ccsv6/tools/compiler/gcc-arm-none-eabi-4_7-2013q3/bin/../lib/gcc/arm-none-eabi/4.7.4/crtend.o
LOAD c:/ti/ccsv6/tools/compiler/gcc-arm-none-eabi-4_7-2013q3/bin/../lib/gcc/arm-none-eabi/4.7.4/crtn.o
OUTPUT(distanceSensingRF.out elf32-littlearm)

.ARM.attributes
                0x00000000       0x37
 .ARM.attributes
                0x00000000       0x16 c:/ti/ccsv6/tools/compiler/gcc-arm-none-eabi-4_7-2013q3/bin/../lib/gcc/arm-none-eabi/4.7.4/crti.o
 .ARM.attributes
                0x00000016       0x30 c:/ti/ccsv6/tools/compiler/gcc-arm-none-eabi-4_7-2013q3/bin/../lib/gcc/arm-none-eabi/4.7.4/crtbegin.o
 .ARM.attributes
                0x00000046       0x14 c:/ti/ccsv6/tools/compiler/gcc-arm-none-eabi-4_7-2013q3/bin/../lib/gcc/arm-none-eabi/4.7.4/../../../../arm-none-eabi/lib/crt0.o
 .ARM.attributes
                0x0000005a       0x39 ./libnrf24l01/src/nRF24L01.o
 .ARM.attributes
                0x00000093       0x39 ./libnrf24l01/src/TM4C123_nRF24L01.o
 .ARM.attributes
                0x000000cc       0x39 ./tm4c123gh6pm_startup_ccs_gcc.o
 .ARM.attributes
                0x00000105       0x39 ./main.o
 .ARM.attributes
                0x0000013e       0x30 c:/ti/ccsv6/tools/compiler/gcc-arm-none-eabi-4_7-2013q3/bin/../lib/gcc/arm-none-eabi/4.7.4/../../../../arm-none-eabi/lib\libc.a(lib_a-__atexit.o)
 .ARM.attributes
                0x0000016e       0x30 c:/ti/ccsv6/tools/compiler/gcc-arm-none-eabi-4_7-2013q3/bin/../lib/gcc/arm-none-eabi/4.7.4/../../../../arm-none-eabi/lib\libc.a(lib_a-exit.o)
 .ARM.attributes
                0x0000019e       0x30 c:/ti/ccsv6/tools/compiler/gcc-arm-none-eabi-4_7-2013q3/bin/../lib/gcc/arm-none-eabi/4.7.4/../../../../arm-none-eabi/lib\libc.a(lib_a-fini.o)
 .ARM.attributes
                0x000001ce       0x30 c:/ti/ccsv6/tools/compiler/gcc-arm-none-eabi-4_7-2013q3/bin/../lib/gcc/arm-none-eabi/4.7.4/../../../../arm-none-eabi/lib\libc.a(lib_a-impure.o)
 .ARM.attributes
                0x000001fe       0x30 c:/ti/ccsv6/tools/compiler/gcc-arm-none-eabi-4_7-2013q3/bin/../lib/gcc/arm-none-eabi/4.7.4/../../../../arm-none-eabi/lib\libc.a(lib_a-init.o)
 .ARM.attributes
                0x0000022e       0x30 c:/ti/ccsv6/tools/compiler/gcc-arm-none-eabi-4_7-2013q3/bin/../lib/gcc/arm-none-eabi/4.7.4/../../../../arm-none-eabi/lib\libc.a(lib_a-memset.o)
 .ARM.attributes
                0x0000025e       0x30 c:/ti/ccsv6/tools/compiler/gcc-arm-none-eabi-4_7-2013q3/bin/../lib/gcc/arm-none-eabi/4.7.4/../../../../arm-none-eabi/lib\libc.a(lib_a-__call_atexit.o)
 .ARM.attributes
                0x0000028e       0x30 c:/ti/ccsv6/tools/compiler/gcc-arm-none-eabi-4_7-2013q3/bin/../lib/gcc/arm-none-eabi/4.7.4/../../../../arm-none-eabi/lib\libc.a(lib_a-atexit.o)
 .ARM.attributes
                0x000002be       0x30 c:/ti/ccsv6/tools/compiler/gcc-arm-none-eabi-4_7-2013q3/bin/../lib/gcc/arm-none-eabi/4.7.4/../../../../arm-none-eabi/lib\libnosys.a(_exit.o)
 .ARM.attributes
                0x000002ee       0x37 D:/Portable/Programs/TivaDriver/driverlib/gcc\libdriver.a(adc.o)
 .ARM.attributes
                0x00000325       0x37 D:/Portable/Programs/TivaDriver/driverlib/gcc\libdriver.a(gpio.o)
 .ARM.attributes
                0x0000035c       0x37 D:/Portable/Programs/TivaDriver/driverlib/gcc\libdriver.a(interrupt.o)
 .ARM.attributes
                0x00000393       0x37 D:/Portable/Programs/TivaDriver/driverlib/gcc\libdriver.a(ssi.o)
 .ARM.attributes
                0x000003ca       0x37 D:/Portable/Programs/TivaDriver/driverlib/gcc\libdriver.a(sysctl.o)
 .ARM.attributes
                0x00000401       0x37 D:/Portable/Programs/TivaDriver/driverlib/gcc\libdriver.a(systick.o)
 .ARM.attributes
                0x00000438       0x37 D:/Portable/Programs/TivaDriver/driverlib/gcc\libdriver.a(timer.o)
 .ARM.attributes
                0x0000046f       0x37 D:/Portable/Programs/TivaDriver/driverlib/gcc\libdriver.a(udma.o)
 .ARM.attributes
                0x000004a6       0x37 D:/Portable/Programs/TivaDriver/driverlib/gcc\libdriver.a(cpu.o)
 .ARM.attributes
                0x000004dd       0x30 c:/ti/ccsv6/tools/compiler/gcc-arm-none-eabi-4_7-2013q3/bin/../lib/gcc/arm-none-eabi/4.7.4/crtend.o
 .ARM.attributes
                0x0000050d       0x18 c:/ti/ccsv6/tools/compiler/gcc-arm-none-eabi-4_7-2013q3/bin/../lib/gcc/arm-none-eabi/4.7.4/crtn.o

.comment        0x00000000       0x9b
 .comment       0x00000000       0x70 ./libnrf24l01/src/nRF24L01.o
                                 0x71 (size before relaxing)
 .comment       0x00000000       0x71 ./libnrf24l01/src/TM4C123_nRF24L01.o
 .comment       0x00000000       0x71 ./tm4c123gh6pm_startup_ccs_gcc.o
 .comment       0x00000000       0x71 ./main.o
 .comment       0x00000070       0x2b D:/Portable/Programs/TivaDriver/driverlib/gcc\libdriver.a(adc.o)
                                 0x2c (size before relaxing)
 .comment       0x00000000       0x2c D:/Portable/Programs/TivaDriver/driverlib/gcc\libdriver.a(gpio.o)
 .comment       0x00000000       0x2c D:/Portable/Programs/TivaDriver/driverlib/gcc\libdriver.a(interrupt.o)
 .comment       0x00000000       0x2c D:/Portable/Programs/TivaDriver/driverlib/gcc\libdriver.a(ssi.o)
 .comment       0x00000000       0x2c D:/Portable/Programs/TivaDriver/driverlib/gcc\libdriver.a(sysctl.o)
 .comment       0x00000000       0x2c D:/Portable/Programs/TivaDriver/driverlib/gcc\libdriver.a(systick.o)
 .comment       0x00000000       0x2c D:/Portable/Programs/TivaDriver/driverlib/gcc\libdriver.a(timer.o)
 .comment       0x00000000       0x2c D:/Portable/Programs/TivaDriver/driverlib/gcc\libdriver.a(udma.o)
 .comment       0x00000000       0x2c D:/Portable/Programs/TivaDriver/driverlib/gcc\libdriver.a(cpu.o)

.debug_info     0x00000000      0xf43
 .debug_info    0x00000000      0x899 ./libnrf24l01/src/nRF24L01.o
 .debug_info    0x00000899      0x18e ./libnrf24l01/src/TM4C123_nRF24L01.o
 .debug_info    0x00000a27      0x16b ./tm4c123gh6pm_startup_ccs_gcc.o
 .debug_info    0x00000b92      0x3b1 ./main.o

.debug_abbrev   0x00000000      0x473
 .debug_abbrev  0x00000000      0x1ca ./libnrf24l01/src/nRF24L01.o
 .debug_abbrev  0x000001ca       0xa9 ./libnrf24l01/src/TM4C123_nRF24L01.o
 .debug_abbrev  0x00000273       0xc6 ./tm4c123gh6pm_startup_ccs_gcc.o
 .debug_abbrev  0x00000339      0x13a ./main.o

.debug_loc      0x00000000      0xc94
 .debug_loc     0x00000000      0x83c ./libnrf24l01/src/nRF24L01.o
 .debug_loc     0x0000083c      0x184 ./libnrf24l01/src/TM4C123_nRF24L01.o
 .debug_loc     0x000009c0       0xbc ./tm4c123gh6pm_startup_ccs_gcc.o
 .debug_loc     0x00000a7c      0x218 ./main.o

.debug_aranges  0x00000000      0x250
 .debug_aranges
                0x00000000      0x158 ./libnrf24l01/src/nRF24L01.o
 .debug_aranges
                0x00000158       0x58 ./libnrf24l01/src/TM4C123_nRF24L01.o
 .debug_aranges
                0x000001b0       0x38 ./tm4c123gh6pm_startup_ccs_gcc.o
 .debug_aranges
                0x000001e8       0x68 ./main.o

.debug_line     0x00000000      0x8e1
 .debug_line    0x00000000      0x43b ./libnrf24l01/src/nRF24L01.o
 .debug_line    0x0000043b      0x179 ./libnrf24l01/src/TM4C123_nRF24L01.o
 .debug_line    0x000005b4      0x118 ./tm4c123gh6pm_startup_ccs_gcc.o
 .debug_line    0x000006cc      0x215 ./main.o

.debug_str      0x00000000      0x82e
 .debug_str     0x00000000      0x57f ./libnrf24l01/src/nRF24L01.o
                                0x5e2 (size before relaxing)
 .debug_str     0x0000057f       0xb2 ./libnrf24l01/src/TM4C123_nRF24L01.o
                                0x1d0 (size before relaxing)
 .debug_str     0x00000631       0xa4 ./tm4c123gh6pm_startup_ccs_gcc.o
                                0x1b2 (size before relaxing)
 .debug_str     0x000006d5      0x159 ./main.o
                                0x306 (size before relaxing)

.debug_frame    0x00000000      0x908
 .debug_frame   0x00000000      0x4e4 ./libnrf24l01/src/nRF24L01.o
 .debug_frame   0x000004e4       0xf8 ./libnrf24l01/src/TM4C123_nRF24L01.o
 .debug_frame   0x000005dc       0x78 ./tm4c123gh6pm_startup_ccs_gcc.o
 .debug_frame   0x00000654      0x140 ./main.o
 .debug_frame   0x00000794       0x34 c:/ti/ccsv6/tools/compiler/gcc-arm-none-eabi-4_7-2013q3/bin/../lib/gcc/arm-none-eabi/4.7.4/../../../../arm-none-eabi/lib\libc.a(lib_a-__atexit.o)
 .debug_frame   0x000007c8       0x28 c:/ti/ccsv6/tools/compiler/gcc-arm-none-eabi-4_7-2013q3/bin/../lib/gcc/arm-none-eabi/4.7.4/../../../../arm-none-eabi/lib\libc.a(lib_a-exit.o)
 .debug_frame   0x000007f0       0x2c c:/ti/ccsv6/tools/compiler/gcc-arm-none-eabi-4_7-2013q3/bin/../lib/gcc/arm-none-eabi/4.7.4/../../../../arm-none-eabi/lib\libc.a(lib_a-fini.o)
 .debug_frame   0x0000081c       0x2c c:/ti/ccsv6/tools/compiler/gcc-arm-none-eabi-4_7-2013q3/bin/../lib/gcc/arm-none-eabi/4.7.4/../../../../arm-none-eabi/lib\libc.a(lib_a-init.o)
 .debug_frame   0x00000848       0x28 c:/ti/ccsv6/tools/compiler/gcc-arm-none-eabi-4_7-2013q3/bin/../lib/gcc/arm-none-eabi/4.7.4/../../../../arm-none-eabi/lib\libc.a(lib_a-memset.o)
 .debug_frame   0x00000870       0x50 c:/ti/ccsv6/tools/compiler/gcc-arm-none-eabi-4_7-2013q3/bin/../lib/gcc/arm-none-eabi/4.7.4/../../../../arm-none-eabi/lib\libc.a(lib_a-__call_atexit.o)
 .debug_frame   0x000008c0       0x28 c:/ti/ccsv6/tools/compiler/gcc-arm-none-eabi-4_7-2013q3/bin/../lib/gcc/arm-none-eabi/4.7.4/../../../../arm-none-eabi/lib\libc.a(lib_a-atexit.o)
 .debug_frame   0x000008e8       0x20 c:/ti/ccsv6/tools/compiler/gcc-arm-none-eabi-4_7-2013q3/bin/../lib/gcc/arm-none-eabi/4.7.4/../../../../arm-none-eabi/lib\libnosys.a(_exit.o)
